[2021-04-15T18:12:25.894+0600][0.018s] Heap region size: 1M
[2021-04-15T18:12:26.273+0600][0.396s] Using G1
[2021-04-15T18:12:26.273+0600][0.396s] Heap address: 0x00000007e0000000, size: 512 MB, Compressed Oops mode: Zero based, Oop shift amount: 3
[2021-04-15T18:12:27.925+0600][2.048s] GC(0) Pause Young (Normal) (G1 Evacuation Pause)
[2021-04-15T18:12:27.925+0600][2.048s] GC(0) Using 4 workers of 4 for evacuation
[2021-04-15T18:12:27.929+0600][2.053s] GC(0)   Pre Evacuate Collection Set: 0.0ms
[2021-04-15T18:12:27.929+0600][2.053s] GC(0)   Evacuate Collection Set: 3.6ms
[2021-04-15T18:12:27.929+0600][2.053s] GC(0)   Post Evacuate Collection Set: 0.3ms
[2021-04-15T18:12:27.929+0600][2.053s] GC(0)   Other: 0.4ms
[2021-04-15T18:12:27.929+0600][2.053s] GC(0) Eden regions: 25->0(304)
[2021-04-15T18:12:27.929+0600][2.053s] GC(0) Survivor regions: 0->3(4)
[2021-04-15T18:12:27.929+0600][2.053s] GC(0) Old regions: 0->0
[2021-04-15T18:12:27.929+0600][2.053s] GC(0) Humongous regions: 0->0
[2021-04-15T18:12:27.929+0600][2.053s] GC(0) Metaspace: 11977K->11977K(1060864K)
[2021-04-15T18:12:27.929+0600][2.053s] GC(0) Pause Young (Normal) (G1 Evacuation Pause) 25M->2M(512M) 4.443ms
[2021-04-15T18:12:27.929+0600][2.053s] GC(0) User=0.02s Sys=0.00s Real=0.00s
[2021-04-15T18:12:29.467+0600][3.591s] GC(1) Pause Young (Concurrent Start) (Metadata GC Threshold)
[2021-04-15T18:12:29.467+0600][3.591s] GC(1) Using 4 workers of 4 for evacuation
[2021-04-15T18:12:29.487+0600][3.610s] GC(1)   Pre Evacuate Collection Set: 0.0ms
[2021-04-15T18:12:29.487+0600][3.610s] GC(1)   Evacuate Collection Set: 18.5ms
[2021-04-15T18:12:29.487+0600][3.610s] GC(1)   Post Evacuate Collection Set: 0.8ms
[2021-04-15T18:12:29.487+0600][3.610s] GC(1)   Other: 0.2ms
[2021-04-15T18:12:29.487+0600][3.610s] GC(1) Eden regions: 44->0(49)
[2021-04-15T18:12:29.487+0600][3.610s] GC(1) Survivor regions: 3->12(34)
[2021-04-15T18:12:29.487+0600][3.610s] GC(1) Old regions: 0->0
[2021-04-15T18:12:29.487+0600][3.610s] GC(1) Humongous regions: 4->4
[2021-04-15T18:12:29.487+0600][3.610s] GC(1) Metaspace: 20557K->20557K(1069056K)
[2021-04-15T18:12:29.487+0600][3.610s] GC(1) Pause Young (Concurrent Start) (Metadata GC Threshold) 50M->15M(512M) 19.695ms
[2021-04-15T18:12:29.487+0600][3.610s] GC(1) User=0.05s Sys=0.00s Real=0.02s
[2021-04-15T18:12:29.487+0600][3.610s] GC(2) Concurrent Cycle
[2021-04-15T18:12:29.487+0600][3.610s] GC(2) Concurrent Clear Claimed Marks
[2021-04-15T18:12:29.487+0600][3.610s] GC(2) Concurrent Clear Claimed Marks 0.036ms
[2021-04-15T18:12:29.487+0600][3.610s] GC(2) Concurrent Scan Root Regions
[2021-04-15T18:12:29.496+0600][3.619s] GC(2) Concurrent Scan Root Regions 8.681ms
[2021-04-15T18:12:29.496+0600][3.619s] GC(2) Concurrent Mark (3.619s)
[2021-04-15T18:12:29.496+0600][3.619s] GC(2) Concurrent Mark From Roots
[2021-04-15T18:12:29.496+0600][3.619s] GC(2) Using 1 workers of 1 for marking
[2021-04-15T18:12:29.499+0600][3.623s] GC(2) Concurrent Mark From Roots 3.497ms
[2021-04-15T18:12:29.499+0600][3.623s] GC(2) Concurrent Preclean
[2021-04-15T18:12:29.499+0600][3.623s] GC(2) Concurrent Preclean 0.113ms
[2021-04-15T18:12:29.500+0600][3.623s] GC(2) Concurrent Mark (3.619s, 3.623s) 3.771ms
[2021-04-15T18:12:29.500+0600][3.623s] GC(2) Pause Remark
[2021-04-15T18:12:29.504+0600][3.627s] GC(2) Cleaned string and symbol table, strings: 9484 processed, 0 removed, symbols: 67168 processed, 18 removed
[2021-04-15T18:12:29.504+0600][3.628s] GC(2) Pause Remark 16M->16M(512M) 4.476ms
[2021-04-15T18:12:29.504+0600][3.628s] GC(2) User=0.01s Sys=0.00s Real=0.00s
[2021-04-15T18:12:29.504+0600][3.628s] GC(2) Concurrent Rebuild Remembered Sets
[2021-04-15T18:12:29.507+0600][3.630s] GC(2) Concurrent Rebuild Remembered Sets 2.522ms
[2021-04-15T18:12:29.507+0600][3.630s] GC(2) Pause Cleanup
[2021-04-15T18:12:29.507+0600][3.630s] GC(2) Pause Cleanup 16M->16M(512M) 0.092ms
[2021-04-15T18:12:29.507+0600][3.630s] GC(2) User=0.01s Sys=0.00s Real=0.00s
[2021-04-15T18:12:29.507+0600][3.630s] GC(2) Concurrent Cleanup for Next Mark
[2021-04-15T18:12:29.508+0600][3.632s] GC(2) Concurrent Cleanup for Next Mark 1.329ms
[2021-04-15T18:12:29.509+0600][3.632s] GC(2) Concurrent Cycle 21.705ms
[2021-04-15T18:12:30.705+0600][4.828s] GC(3) Pause Young (Normal) (G1 Evacuation Pause)
[2021-04-15T18:12:30.705+0600][4.828s] GC(3) Using 4 workers of 4 for evacuation
[2021-04-15T18:12:30.723+0600][4.846s] GC(3)   Pre Evacuate Collection Set: 0.0ms
[2021-04-15T18:12:30.723+0600][4.846s] GC(3)   Evacuate Collection Set: 16.9ms
[2021-04-15T18:12:30.723+0600][4.846s] GC(3)   Post Evacuate Collection Set: 1.2ms
[2021-04-15T18:12:30.723+0600][4.846s] GC(3)   Other: 0.2ms
[2021-04-15T18:12:30.723+0600][4.847s] GC(3) Eden regions: 45->0(54)
[2021-04-15T18:12:30.723+0600][4.847s] GC(3) Survivor regions: 12->8(8)
[2021-04-15T18:12:30.723+0600][4.847s] GC(3) Old regions: 0->12
[2021-04-15T18:12:30.723+0600][4.847s] GC(3) Humongous regions: 4->4
[2021-04-15T18:12:30.723+0600][4.847s] GC(3) Metaspace: 26415K->26415K(1073152K)
[2021-04-15T18:12:30.723+0600][4.847s] GC(3) Pause Young (Normal) (G1 Evacuation Pause) 60M->23M(512M) 18.567ms
[2021-04-15T18:12:30.723+0600][4.847s] GC(3) User=0.06s Sys=0.00s Real=0.02s
[2021-04-15T18:12:32.668+0600][6.791s] GC(4) Pause Young (Normal) (G1 Evacuation Pause)
[2021-04-15T18:12:32.668+0600][6.791s] GC(4) Using 4 workers of 4 for evacuation
[2021-04-15T18:12:32.672+0600][6.795s] GC(4)   Pre Evacuate Collection Set: 0.0ms
[2021-04-15T18:12:32.672+0600][6.795s] GC(4)   Evacuate Collection Set: 3.5ms
[2021-04-15T18:12:32.672+0600][6.795s] GC(4)   Post Evacuate Collection Set: 0.3ms
[2021-04-15T18:12:32.672+0600][6.795s] GC(4)   Other: 0.2ms
[2021-04-15T18:12:32.672+0600][6.795s] GC(4) Eden regions: 54->0(77)
[2021-04-15T18:12:32.672+0600][6.795s] GC(4) Survivor regions: 8->2(8)
[2021-04-15T18:12:32.672+0600][6.795s] GC(4) Old regions: 12->19
[2021-04-15T18:12:32.672+0600][6.795s] GC(4) Humongous regions: 4->4
[2021-04-15T18:12:32.672+0600][6.795s] GC(4) Metaspace: 32358K->32358K(1079296K)
[2021-04-15T18:12:32.672+0600][6.795s] GC(4) Pause Young (Normal) (G1 Evacuation Pause) 77M->24M(512M) 4.276ms
[2021-04-15T18:12:32.672+0600][6.795s] GC(4) User=0.01s Sys=0.00s Real=0.01s
[2021-04-15T18:12:33.111+0600][7.235s] GC(5) Pause Young (Concurrent Start) (Metadata GC Threshold)
[2021-04-15T18:12:33.112+0600][7.235s] GC(5) Using 4 workers of 4 for evacuation
[2021-04-15T18:12:33.118+0600][7.242s] GC(5)   Pre Evacuate Collection Set: 0.4ms
[2021-04-15T18:12:33.119+0600][7.242s] GC(5)   Evacuate Collection Set: 5.7ms
[2021-04-15T18:12:33.119+0600][7.242s] GC(5)   Post Evacuate Collection Set: 0.3ms
[2021-04-15T18:12:33.119+0600][7.242s] GC(5)   Other: 0.7ms
[2021-04-15T18:12:33.119+0600][7.242s] GC(5) Eden regions: 11->0(92)
[2021-04-15T18:12:33.119+0600][7.242s] GC(5) Survivor regions: 2->2(10)
[2021-04-15T18:12:33.119+0600][7.242s] GC(5) Old regions: 19->19
[2021-04-15T18:12:33.119+0600][7.242s] GC(5) Humongous regions: 4->4
[2021-04-15T18:12:33.119+0600][7.242s] GC(5) Metaspace: 34931K->34931K(1081344K)
[2021-04-15T18:12:33.119+0600][7.242s] GC(5) Pause Young (Concurrent Start) (Metadata GC Threshold) 35M->24M(512M) 7.230ms
[2021-04-15T18:12:33.119+0600][7.242s] GC(5) User=0.02s Sys=0.00s Real=0.00s
[2021-04-15T18:12:33.119+0600][7.242s] GC(6) Concurrent Cycle
[2021-04-15T18:12:33.119+0600][7.242s] GC(6) Concurrent Clear Claimed Marks
[2021-04-15T18:12:33.119+0600][7.242s] GC(6) Concurrent Clear Claimed Marks 0.061ms
[2021-04-15T18:12:33.119+0600][7.242s] GC(6) Concurrent Scan Root Regions
[2021-04-15T18:12:33.122+0600][7.245s] GC(6) Concurrent Scan Root Regions 2.651ms
[2021-04-15T18:12:33.122+0600][7.245s] GC(6) Concurrent Mark (7.245s)
[2021-04-15T18:12:33.122+0600][7.245s] GC(6) Concurrent Mark From Roots
[2021-04-15T18:12:33.122+0600][7.245s] GC(6) Using 1 workers of 1 for marking
[2021-04-15T18:12:33.168+0600][7.291s] GC(6) Concurrent Mark From Roots 46.478ms
[2021-04-15T18:12:33.168+0600][7.292s] GC(6) Concurrent Preclean
[2021-04-15T18:12:33.168+0600][7.292s] GC(6) Concurrent Preclean 0.123ms
[2021-04-15T18:12:33.168+0600][7.292s] GC(6) Concurrent Mark (7.245s, 7.292s) 46.741ms
[2021-04-15T18:12:33.169+0600][7.292s] GC(6) Pause Remark
[2021-04-15T18:12:33.178+0600][7.301s] GC(6) Cleaned string and symbol table, strings: 15676 processed, 24 removed, symbols: 115205 processed, 46 removed
[2021-04-15T18:12:33.179+0600][7.302s] GC(6) Pause Remark 27M->27M(512M) 10.326ms
[2021-04-15T18:12:33.179+0600][7.302s] GC(6) User=0.02s Sys=0.00s Real=0.01s
[2021-04-15T18:12:33.179+0600][7.303s] GC(6) Concurrent Rebuild Remembered Sets
[2021-04-15T18:12:33.220+0600][7.344s] GC(6) Concurrent Rebuild Remembered Sets 40.998ms
[2021-04-15T18:12:33.221+0600][7.344s] GC(6) Pause Cleanup
[2021-04-15T18:12:33.221+0600][7.344s] GC(6) Pause Cleanup 28M->28M(512M) 0.132ms
[2021-04-15T18:12:33.221+0600][7.344s] GC(6) User=0.00s Sys=0.00s Real=0.00s
[2021-04-15T18:12:33.221+0600][7.344s] GC(6) Concurrent Cleanup for Next Mark
[2021-04-15T18:12:33.223+0600][7.346s] GC(6) Concurrent Cleanup for Next Mark 2.105ms
[2021-04-15T18:12:33.223+0600][7.346s] GC(6) Concurrent Cycle 104.156ms
[2021-04-15T18:12:35.425+0600][9.548s] GC(7) Pause Young (Concurrent Start) (G1 Evacuation Pause)
[2021-04-15T18:12:35.425+0600][9.548s] GC(7) Using 4 workers of 4 for evacuation
[2021-04-15T18:12:35.435+0600][9.558s] GC(7)   Pre Evacuate Collection Set: 0.1ms
[2021-04-15T18:12:35.435+0600][9.558s] GC(7)   Evacuate Collection Set: 9.0ms
[2021-04-15T18:12:35.435+0600][9.558s] GC(7)   Post Evacuate Collection Set: 0.7ms
[2021-04-15T18:12:35.435+0600][9.558s] GC(7)   Other: 0.3ms
[2021-04-15T18:12:35.435+0600][9.558s] GC(7) Eden regions: 92->0(139)
[2021-04-15T18:12:35.435+0600][9.558s] GC(7) Survivor regions: 2->8(12)
[2021-04-15T18:12:35.435+0600][9.558s] GC(7) Old regions: 19->19
[2021-04-15T18:12:35.435+0600][9.558s] GC(7) Humongous regions: 4->4
[2021-04-15T18:12:35.435+0600][9.558s] GC(7) Metaspace: 43529K->43529K(1089536K)
[2021-04-15T18:12:35.435+0600][9.558s] GC(7) Pause Young (Concurrent Start) (G1 Evacuation Pause) 116M->31M(512M) 10.199ms
[2021-04-15T18:12:35.435+0600][9.558s] GC(7) User=0.03s Sys=0.00s Real=0.01s
[2021-04-15T18:12:35.435+0600][9.558s] GC(8) Concurrent Cycle
[2021-04-15T18:12:35.435+0600][9.558s] GC(8) Concurrent Clear Claimed Marks
[2021-04-15T18:12:35.435+0600][9.559s] GC(8) Concurrent Clear Claimed Marks 0.111ms
[2021-04-15T18:12:35.435+0600][9.559s] GC(8) Concurrent Scan Root Regions
[2021-04-15T18:12:35.445+0600][9.568s] GC(8) Concurrent Scan Root Regions 9.538ms
[2021-04-15T18:12:35.445+0600][9.568s] GC(8) Concurrent Mark (9.568s)
[2021-04-15T18:12:35.445+0600][9.568s] GC(8) Concurrent Mark From Roots
[2021-04-15T18:12:35.445+0600][9.568s] GC(8) Using 1 workers of 1 for marking
[2021-04-15T18:12:35.490+0600][9.613s] GC(8) Concurrent Mark From Roots 44.996ms
[2021-04-15T18:12:35.490+0600][9.613s] GC(8) Concurrent Preclean
[2021-04-15T18:12:35.490+0600][9.613s] GC(8) Concurrent Preclean 0.157ms
[2021-04-15T18:12:35.490+0600][9.614s] GC(8) Concurrent Mark (9.568s, 9.614s) 45.318ms
[2021-04-15T18:12:35.491+0600][9.614s] GC(8) Pause Remark
[2021-04-15T18:12:35.496+0600][9.620s] GC(8) Cleaned string and symbol table, strings: 19105 processed, 1 removed, symbols: 137488 processed, 37 removed
[2021-04-15T18:12:35.497+0600][9.620s] GC(8) Pause Remark 35M->35M(512M) 6.140ms
[2021-04-15T18:12:35.497+0600][9.620s] GC(8) User=0.02s Sys=0.00s Real=0.00s
[2021-04-15T18:12:35.497+0600][9.620s] GC(8) Concurrent Rebuild Remembered Sets
[2021-04-15T18:12:35.537+0600][9.660s] GC(8) Concurrent Rebuild Remembered Sets 39.682ms
[2021-04-15T18:12:35.542+0600][9.665s] GC(8) Pause Cleanup
[2021-04-15T18:12:35.542+0600][9.666s] GC(8) Pause Cleanup 36M->36M(512M) 0.298ms
[2021-04-15T18:12:35.542+0600][9.666s] GC(8) User=0.00s Sys=0.00s Real=0.00s
[2021-04-15T18:12:35.543+0600][9.666s] GC(8) Concurrent Cleanup for Next Mark
[2021-04-15T18:12:35.547+0600][9.670s] GC(8) Concurrent Cleanup for Next Mark 4.069ms
[2021-04-15T18:12:35.547+0600][9.670s] GC(8) Concurrent Cycle 111.544ms
[2021-04-15T18:12:37.529+0600][11.652s] GC(9) Pause Young (Normal) (G1 Evacuation Pause)
[2021-04-15T18:12:37.529+0600][11.652s] GC(9) Using 4 workers of 4 for evacuation
[2021-04-15T18:12:37.556+0600][11.679s] GC(9)   Pre Evacuate Collection Set: 0.0ms
[2021-04-15T18:12:37.556+0600][11.679s] GC(9)   Evacuate Collection Set: 24.1ms
[2021-04-15T18:12:37.556+0600][11.679s] GC(9)   Post Evacuate Collection Set: 2.2ms
[2021-04-15T18:12:37.556+0600][11.679s] GC(9)   Other: 0.3ms
[2021-04-15T18:12:37.556+0600][11.679s] GC(9) Eden regions: 146->0(188)
[2021-04-15T18:12:37.556+0600][11.679s] GC(9) Survivor regions: 8->14(20)
[2021-04-15T18:12:37.556+0600][11.679s] GC(9) Old regions: 19->19
[2021-04-15T18:12:37.556+0600][11.679s] GC(9) Humongous regions: 5->4
[2021-04-15T18:12:37.556+0600][11.679s] GC(9) Metaspace: 49928K->49928K(1095680K)
[2021-04-15T18:12:37.556+0600][11.679s] GC(9) Pause Young (Normal) (G1 Evacuation Pause) 178M->36M(512M) 27.090ms
[2021-04-15T18:12:37.556+0600][11.679s] GC(9) User=0.05s Sys=0.00s Real=0.03s
[2021-04-15T18:12:38.881+0600][13.005s] GC(10) Pause Young (Normal) (G1 Evacuation Pause)
[2021-04-15T18:12:38.882+0600][13.005s] GC(10) Using 4 workers of 4 for evacuation
[2021-04-15T18:12:38.897+0600][13.020s] GC(10)   Pre Evacuate Collection Set: 0.0ms
[2021-04-15T18:12:38.897+0600][13.020s] GC(10)   Evacuate Collection Set: 14.3ms
[2021-04-15T18:12:38.897+0600][13.020s] GC(10)   Post Evacuate Collection Set: 0.6ms
[2021-04-15T18:12:38.897+0600][13.020s] GC(10)   Other: 0.2ms
[2021-04-15T18:12:38.897+0600][13.020s] GC(10) Eden regions: 188->0(276)
[2021-04-15T18:12:38.897+0600][13.020s] GC(10) Survivor regions: 14->17(26)
[2021-04-15T18:12:38.897+0600][13.020s] GC(10) Old regions: 19->19
[2021-04-15T18:12:38.897+0600][13.020s] GC(10) Humongous regions: 4->4
[2021-04-15T18:12:38.897+0600][13.020s] GC(10) Metaspace: 53956K->53956K(1097728K)
[2021-04-15T18:12:38.897+0600][13.020s] GC(10) Pause Young (Normal) (G1 Evacuation Pause) 224M->39M(512M) 15.311ms
[2021-04-15T18:12:38.897+0600][13.020s] GC(10) User=0.05s Sys=0.00s Real=0.01s
[2021-04-15T18:13:44.025+0600][78.146s] GC(11) Pause Young (Normal) (G1 Evacuation Pause)
[2021-04-15T18:13:44.026+0600][78.147s] GC(11) Using 4 workers of 4 for evacuation
[2021-04-15T18:13:44.101+0600][78.222s] GC(11)   Pre Evacuate Collection Set: 0.4ms
[2021-04-15T18:13:44.101+0600][78.222s] GC(11)   Evacuate Collection Set: 73.3ms
[2021-04-15T18:13:44.101+0600][78.222s] GC(11)   Post Evacuate Collection Set: 1.1ms
[2021-04-15T18:13:44.101+0600][78.222s] GC(11)   Other: 1.6ms
[2021-04-15T18:13:44.101+0600][78.222s] GC(11) Eden regions: 276->0(277)
[2021-04-15T18:13:44.101+0600][78.222s] GC(11) Survivor regions: 17->30(37)
[2021-04-15T18:13:44.101+0600][78.222s] GC(11) Old regions: 19->19
[2021-04-15T18:13:44.101+0600][78.222s] GC(11) Humongous regions: 4->4
[2021-04-15T18:13:44.101+0600][78.222s] GC(11) Metaspace: 64642K->64642K(1107968K)
[2021-04-15T18:13:44.101+0600][78.222s] GC(11) Pause Young (Normal) (G1 Evacuation Pause) 315M->52M(512M) 76.675ms
[2021-04-15T18:13:44.101+0600][78.222s] GC(11) User=0.11s Sys=0.05s Real=0.08s
[2021-04-15T18:14:03.171+0600][97.292s] GC(12) Pause Young (Normal) (G1 Evacuation Pause)
[2021-04-15T18:14:03.172+0600][97.293s] GC(12) Using 4 workers of 4 for evacuation
[2021-04-15T18:14:03.235+0600][97.355s] GC(12)   Pre Evacuate Collection Set: 0.0ms
[2021-04-15T18:14:03.235+0600][97.356s] GC(12)   Evacuate Collection Set: 61.6ms
[2021-04-15T18:14:03.235+0600][97.356s] GC(12)   Post Evacuate Collection Set: 0.9ms
[2021-04-15T18:14:03.235+0600][97.356s] GC(12)   Other: 1.4ms
[2021-04-15T18:14:03.235+0600][97.356s] GC(12) Eden regions: 277->0(273)
[2021-04-15T18:14:03.235+0600][97.356s] GC(12) Survivor regions: 30->34(39)
[2021-04-15T18:14:03.235+0600][97.356s] GC(12) Old regions: 19->29
[2021-04-15T18:14:03.235+0600][97.356s] GC(12) Humongous regions: 4->4
[2021-04-15T18:14:03.235+0600][97.356s] GC(12) Metaspace: 65492K->65492K(1107968K)
[2021-04-15T18:14:03.235+0600][97.356s] GC(12) Pause Young (Normal) (G1 Evacuation Pause) 329M->66M(512M) 64.114ms
[2021-04-15T18:14:03.235+0600][97.356s] GC(12) User=0.14s Sys=0.03s Real=0.06s
[2021-04-15T18:16:16.175+0600][230.292s] GC(13) Pause Young (Normal) (G1 Evacuation Pause)
[2021-04-15T18:16:16.175+0600][230.292s] GC(13) Using 4 workers of 4 for evacuation
[2021-04-15T18:16:16.229+0600][230.346s] GC(13)   Pre Evacuate Collection Set: 0.0ms
[2021-04-15T18:16:16.229+0600][230.346s] GC(13)   Evacuate Collection Set: 50.3ms
[2021-04-15T18:16:16.229+0600][230.346s] GC(13)   Post Evacuate Collection Set: 3.3ms
[2021-04-15T18:16:16.229+0600][230.346s] GC(13)   Other: 0.7ms
[2021-04-15T18:16:16.229+0600][230.346s] GC(13) Eden regions: 273->0(278)
[2021-04-15T18:16:16.230+0600][230.346s] GC(13) Survivor regions: 34->29(39)
[2021-04-15T18:16:16.230+0600][230.346s] GC(13) Old regions: 29->41
[2021-04-15T18:16:16.230+0600][230.346s] GC(13) Humongous regions: 4->4
[2021-04-15T18:16:16.230+0600][230.346s] GC(13) Metaspace: 66867K->66867K(1110016K)
[2021-04-15T18:16:16.230+0600][230.346s] GC(13) Pause Young (Normal) (G1 Evacuation Pause) 339M->73M(512M) 54.490ms
[2021-04-15T18:16:16.230+0600][230.346s] GC(13) User=0.14s Sys=0.01s Real=0.06s
[2021-04-15T18:16:21.722+0600][235.838s] GC(14) Pause Young (Normal) (G1 Evacuation Pause)
[2021-04-15T18:16:21.722+0600][235.838s] GC(14) Using 4 workers of 4 for evacuation
[2021-04-15T18:16:21.768+0600][235.885s] GC(14)   Pre Evacuate Collection Set: 0.0ms
[2021-04-15T18:16:21.768+0600][235.885s] GC(14)   Evacuate Collection Set: 34.6ms
[2021-04-15T18:16:21.769+0600][235.885s] GC(14)   Post Evacuate Collection Set: 11.4ms
[2021-04-15T18:16:21.769+0600][235.885s] GC(14)   Other: 0.4ms
[2021-04-15T18:16:21.769+0600][235.885s] GC(14) Eden regions: 278->0(283)
[2021-04-15T18:16:21.769+0600][235.885s] GC(14) Survivor regions: 29->24(39)
[2021-04-15T18:16:21.769+0600][235.885s] GC(14) Old regions: 41->51
[2021-04-15T18:16:21.769+0600][235.885s] GC(14) Humongous regions: 7->7
[2021-04-15T18:16:21.769+0600][235.885s] GC(14) Metaspace: 70350K->70350K(1114112K)
[2021-04-15T18:16:21.769+0600][235.885s] GC(14) Pause Young (Normal) (G1 Evacuation Pause) 354M->81M(512M) 46.896ms
[2021-04-15T18:16:21.769+0600][235.885s] GC(14) User=0.11s Sys=0.01s Real=0.04s
[2021-04-15T18:16:27.254+0600][241.370s] GC(15) Pause Young (Normal) (G1 Evacuation Pause)
[2021-04-15T18:16:27.254+0600][241.370s] GC(15) Using 4 workers of 4 for evacuation
[2021-04-15T18:16:27.283+0600][241.399s] GC(15)   Pre Evacuate Collection Set: 0.0ms
[2021-04-15T18:16:27.283+0600][241.399s] GC(15)   Evacuate Collection Set: 28.4ms
[2021-04-15T18:16:27.283+0600][241.399s] GC(15)   Post Evacuate Collection Set: 0.4ms
[2021-04-15T18:16:27.283+0600][241.399s] GC(15)   Other: 0.3ms
[2021-04-15T18:16:27.283+0600][241.399s] GC(15) Eden regions: 283->0(288)
[2021-04-15T18:16:27.283+0600][241.400s] GC(15) Survivor regions: 24->19(39)
[2021-04-15T18:16:27.283+0600][241.400s] GC(15) Old regions: 51->66
[2021-04-15T18:16:27.283+0600][241.400s] GC(15) Humongous regions: 7->7
[2021-04-15T18:16:27.283+0600][241.400s] GC(15) Metaspace: 70415K->70415K(1114112K)
[2021-04-15T18:16:27.283+0600][241.400s] GC(15) Pause Young (Normal) (G1 Evacuation Pause) 364M->91M(512M) 29.213ms
[2021-04-15T18:16:27.283+0600][241.400s] GC(15) User=0.09s Sys=0.02s Real=0.03s
[2021-04-15T18:16:31.201+0600][245.318s] GC(16) Pause Young (Normal) (G1 Evacuation Pause)
[2021-04-15T18:16:31.201+0600][245.318s] GC(16) Using 4 workers of 4 for evacuation
[2021-04-15T18:16:31.214+0600][245.331s] GC(16)   Pre Evacuate Collection Set: 0.0ms
[2021-04-15T18:16:31.214+0600][245.331s] GC(16)   Evacuate Collection Set: 12.4ms
[2021-04-15T18:16:31.214+0600][245.331s] GC(16)   Post Evacuate Collection Set: 0.4ms
[2021-04-15T18:16:31.215+0600][245.331s] GC(16)   Other: 0.3ms
[2021-04-15T18:16:31.215+0600][245.331s] GC(16) Eden regions: 288->0(281)
[2021-04-15T18:16:31.215+0600][245.331s] GC(16) Survivor regions: 19->26(39)
[2021-04-15T18:16:31.215+0600][245.331s] GC(16) Old regions: 66->66
[2021-04-15T18:16:31.215+0600][245.331s] GC(16) Humongous regions: 9->9
[2021-04-15T18:16:31.215+0600][245.331s] GC(16) Metaspace: 70417K->70417K(1114112K)
[2021-04-15T18:16:31.215+0600][245.331s] GC(16) Pause Young (Normal) (G1 Evacuation Pause) 381M->100M(512M) 13.217ms
[2021-04-15T18:16:31.215+0600][245.331s] GC(16) User=0.05s Sys=0.01s Real=0.01s
[2021-04-15T18:16:34.855+0600][248.971s] GC(17) Pause Young (Normal) (G1 Evacuation Pause)
[2021-04-15T18:16:34.856+0600][248.972s] GC(17) Using 4 workers of 4 for evacuation
[2021-04-15T18:16:34.878+0600][248.994s] GC(17)   Pre Evacuate Collection Set: 0.0ms
[2021-04-15T18:16:34.878+0600][248.994s] GC(17)   Evacuate Collection Set: 21.5ms
[2021-04-15T18:16:34.878+0600][248.994s] GC(17)   Post Evacuate Collection Set: 0.7ms
[2021-04-15T18:16:34.878+0600][248.994s] GC(17)   Other: 0.3ms
[2021-04-15T18:16:34.878+0600][248.994s] GC(17) Eden regions: 281->0(291)
[2021-04-15T18:16:34.878+0600][248.994s] GC(17) Survivor regions: 26->16(39)
[2021-04-15T18:16:34.878+0600][248.994s] GC(17) Old regions: 66->73
[2021-04-15T18:16:34.878+0600][248.994s] GC(17) Humongous regions: 9->8
[2021-04-15T18:16:34.878+0600][248.994s] GC(17) Metaspace: 71480K->71480K(1114112K)
[2021-04-15T18:16:34.878+0600][248.994s] GC(17) Pause Young (Normal) (G1 Evacuation Pause) 381M->96M(512M) 22.842ms
[2021-04-15T18:16:34.878+0600][248.994s] GC(17) User=0.05s Sys=0.00s Real=0.02s
[2021-04-15T18:16:58.670+0600][272.785s] GC(18) Pause Young (Normal) (G1 Evacuation Pause)
[2021-04-15T18:16:58.671+0600][272.786s] GC(18) Using 4 workers of 4 for evacuation
[2021-04-15T18:16:58.694+0600][272.809s] GC(18)   Pre Evacuate Collection Set: 0.0ms
[2021-04-15T18:16:58.694+0600][272.809s] GC(18)   Evacuate Collection Set: 11.3ms
[2021-04-15T18:16:58.694+0600][272.809s] GC(18)   Post Evacuate Collection Set: 10.9ms
[2021-04-15T18:16:58.694+0600][272.809s] GC(18)   Other: 1.5ms
[2021-04-15T18:16:58.694+0600][272.809s] GC(18) Eden regions: 291->0(289)
[2021-04-15T18:16:58.694+0600][272.809s] GC(18) Survivor regions: 16->18(39)
[2021-04-15T18:16:58.694+0600][272.809s] GC(18) Old regions: 73->73
[2021-04-15T18:16:58.694+0600][272.809s] GC(18) Humongous regions: 30->17
[2021-04-15T18:16:58.694+0600][272.809s] GC(18) Metaspace: 71835K->71835K(1114112K)
[2021-04-15T18:16:58.694+0600][272.809s] GC(18) Pause Young (Normal) (G1 Evacuation Pause) 409M->107M(512M) 23.982ms
[2021-04-15T18:16:58.694+0600][272.809s] GC(18) User=0.04s Sys=0.00s Real=0.02s
[2021-04-15T18:23:44.312+0600][678.415s] GC(19) Pause Young (Concurrent Start) (Metadata GC Threshold)
[2021-04-15T18:23:44.313+0600][678.416s] GC(19) Using 4 workers of 4 for evacuation
[2021-04-15T18:23:44.349+0600][678.452s] GC(19)   Pre Evacuate Collection Set: 1.0ms
[2021-04-15T18:23:44.349+0600][678.452s] GC(19)   Evacuate Collection Set: 33.7ms
[2021-04-15T18:23:44.349+0600][678.452s] GC(19)   Post Evacuate Collection Set: 1.0ms
[2021-04-15T18:23:44.349+0600][678.452s] GC(19)   Other: 0.9ms
[2021-04-15T18:23:44.349+0600][678.452s] GC(19) Eden regions: 213->0(290)
[2021-04-15T18:23:44.349+0600][678.452s] GC(19) Survivor regions: 18->17(39)
[2021-04-15T18:23:44.349+0600][678.452s] GC(19) Old regions: 73->73
[2021-04-15T18:23:44.349+0600][678.452s] GC(19) Humongous regions: 38->8
[2021-04-15T18:23:44.349+0600][678.452s] GC(19) Metaspace: 72843K->72843K(1116160K)
[2021-04-15T18:23:44.349+0600][678.452s] GC(19) Pause Young (Concurrent Start) (Metadata GC Threshold) 340M->97M(512M) 36.658ms
[2021-04-15T18:23:44.349+0600][678.452s] GC(19) User=0.05s Sys=0.05s Real=0.03s
[2021-04-15T18:23:44.349+0600][678.452s] GC(20) Concurrent Cycle
[2021-04-15T18:23:44.349+0600][678.452s] GC(20) Concurrent Clear Claimed Marks
[2021-04-15T18:23:44.349+0600][678.452s] GC(20) Concurrent Clear Claimed Marks 0.167ms
[2021-04-15T18:23:44.349+0600][678.452s] GC(20) Concurrent Scan Root Regions
[2021-04-15T18:23:44.358+0600][678.462s] GC(20) Concurrent Scan Root Regions 9.059ms
[2021-04-15T18:23:44.358+0600][678.462s] GC(20) Concurrent Mark (678.462s)
[2021-04-15T18:23:44.358+0600][678.462s] GC(20) Concurrent Mark From Roots
[2021-04-15T18:23:44.358+0600][678.462s] GC(20) Using 1 workers of 1 for marking
[2021-04-15T18:23:44.649+0600][678.752s] GC(20) Concurrent Mark From Roots 290.624ms
[2021-04-15T18:23:44.649+0600][678.752s] GC(20) Concurrent Preclean
[2021-04-15T18:23:44.650+0600][678.753s] GC(20) Concurrent Preclean 0.635ms
[2021-04-15T18:23:44.650+0600][678.753s] GC(20) Concurrent Mark (678.462s, 678.753s) 291.493ms
[2021-04-15T18:23:44.650+0600][678.753s] GC(20) Pause Remark
[2021-04-15T18:23:44.742+0600][678.845s] GC(20) Cleaned string and symbol table, strings: 33527 processed, 1389 removed, symbols: 193994 processed, 646 removed
[2021-04-15T18:23:44.745+0600][678.848s] GC(20) Pause Remark 102M->102M(512M) 94.506ms
[2021-04-15T18:23:44.745+0600][678.848s] GC(20) User=0.09s Sys=0.11s Real=0.09s
[2021-04-15T18:23:44.745+0600][678.848s] GC(20) Concurrent Rebuild Remembered Sets
[2021-04-15T18:23:44.820+0600][678.923s] GC(20) Concurrent Rebuild Remembered Sets 75.320ms
[2021-04-15T18:23:44.821+0600][678.924s] GC(20) Pause Cleanup
[2021-04-15T18:23:44.821+0600][678.924s] GC(20) Pause Cleanup 102M->102M(512M) 0.316ms
[2021-04-15T18:23:44.821+0600][678.924s] GC(20) User=0.00s Sys=0.00s Real=0.00s
[2021-04-15T18:23:44.821+0600][678.924s] GC(20) Concurrent Cleanup for Next Mark
[2021-04-15T18:23:44.826+0600][678.929s] GC(20) Concurrent Cleanup for Next Mark 5.352ms
[2021-04-15T18:23:44.826+0600][678.930s] GC(20) Concurrent Cycle 477.278ms
