[2021-04-15T11:57:54.999+0600][0.015s] Heap region size: 1M
[2021-04-15T11:57:55.330+0600][0.346s] Using G1
[2021-04-15T11:57:55.330+0600][0.346s] Heap address: 0x00000007e0000000, size: 512 MB, Compressed Oops mode: Zero based, Oop shift amount: 3
[2021-04-15T11:57:56.157+0600][1.173s] GC(0) Pause Young (Normal) (G1 Evacuation Pause)
[2021-04-15T11:57:56.157+0600][1.173s] GC(0) Using 4 workers of 4 for evacuation
[2021-04-15T11:57:56.164+0600][1.180s] GC(0)   Pre Evacuate Collection Set: 0.0ms
[2021-04-15T11:57:56.164+0600][1.180s] GC(0)   Evacuate Collection Set: 4.2ms
[2021-04-15T11:57:56.164+0600][1.180s] GC(0)   Post Evacuate Collection Set: 0.9ms
[2021-04-15T11:57:56.164+0600][1.180s] GC(0)   Other: 1.6ms
[2021-04-15T11:57:56.164+0600][1.180s] GC(0) Eden regions: 25->0(304)
[2021-04-15T11:57:56.164+0600][1.180s] GC(0) Survivor regions: 0->3(4)
[2021-04-15T11:57:56.164+0600][1.180s] GC(0) Old regions: 0->0
[2021-04-15T11:57:56.164+0600][1.180s] GC(0) Humongous regions: 0->0
[2021-04-15T11:57:56.164+0600][1.180s] GC(0) Metaspace: 11959K->11959K(1060864K)
[2021-04-15T11:57:56.164+0600][1.180s] GC(0) Pause Young (Normal) (G1 Evacuation Pause) 25M->2M(512M) 7.030ms
[2021-04-15T11:57:56.164+0600][1.180s] GC(0) User=0.02s Sys=0.00s Real=0.01s
[2021-04-15T11:57:57.035+0600][2.051s] GC(1) Pause Young (Concurrent Start) (Metadata GC Threshold)
[2021-04-15T11:57:57.035+0600][2.051s] GC(1) Using 4 workers of 4 for evacuation
[2021-04-15T11:57:57.052+0600][2.068s] GC(1)   Pre Evacuate Collection Set: 0.0ms
[2021-04-15T11:57:57.052+0600][2.068s] GC(1)   Evacuate Collection Set: 15.5ms
[2021-04-15T11:57:57.052+0600][2.068s] GC(1)   Post Evacuate Collection Set: 0.6ms
[2021-04-15T11:57:57.052+0600][2.068s] GC(1)   Other: 0.5ms
[2021-04-15T11:57:57.052+0600][2.068s] GC(1) Eden regions: 44->0(49)
[2021-04-15T11:57:57.052+0600][2.068s] GC(1) Survivor regions: 3->12(39)
[2021-04-15T11:57:57.052+0600][2.068s] GC(1) Old regions: 0->0
[2021-04-15T11:57:57.052+0600][2.068s] GC(1) Humongous regions: 4->4
[2021-04-15T11:57:57.052+0600][2.068s] GC(1) Metaspace: 20481K->20481K(1069056K)
[2021-04-15T11:57:57.052+0600][2.068s] GC(1) Pause Young (Concurrent Start) (Metadata GC Threshold) 50M->15M(512M) 16.725ms
[2021-04-15T11:57:57.052+0600][2.068s] GC(1) User=0.05s Sys=0.00s Real=0.02s
[2021-04-15T11:57:57.052+0600][2.068s] GC(2) Concurrent Cycle
[2021-04-15T11:57:57.052+0600][2.068s] GC(2) Concurrent Clear Claimed Marks
[2021-04-15T11:57:57.052+0600][2.068s] GC(2) Concurrent Clear Claimed Marks 0.042ms
[2021-04-15T11:57:57.052+0600][2.068s] GC(2) Concurrent Scan Root Regions
[2021-04-15T11:57:57.064+0600][2.080s] GC(2) Concurrent Scan Root Regions 11.710ms
[2021-04-15T11:57:57.064+0600][2.080s] GC(2) Concurrent Mark (2.080s)
[2021-04-15T11:57:57.064+0600][2.080s] GC(2) Concurrent Mark From Roots
[2021-04-15T11:57:57.064+0600][2.080s] GC(2) Using 1 workers of 1 for marking
[2021-04-15T11:57:57.069+0600][2.085s] GC(2) Concurrent Mark From Roots 4.357ms
[2021-04-15T11:57:57.069+0600][2.085s] GC(2) Concurrent Preclean
[2021-04-15T11:57:57.069+0600][2.085s] GC(2) Concurrent Preclean 0.281ms
[2021-04-15T11:57:57.069+0600][2.085s] GC(2) Concurrent Mark (2.080s, 2.085s) 4.783ms
[2021-04-15T11:57:57.069+0600][2.085s] GC(2) Pause Remark
[2021-04-15T11:57:57.072+0600][2.088s] GC(2) Cleaned string and symbol table, strings: 9470 processed, 0 removed, symbols: 67167 processed, 18 removed
[2021-04-15T11:57:57.072+0600][2.088s] GC(2) Pause Remark 16M->16M(512M) 3.334ms
[2021-04-15T11:57:57.072+0600][2.088s] GC(2) User=0.01s Sys=0.00s Real=0.01s
[2021-04-15T11:57:57.073+0600][2.088s] GC(2) Concurrent Rebuild Remembered Sets
[2021-04-15T11:57:57.076+0600][2.092s] GC(2) Concurrent Rebuild Remembered Sets 3.567ms
[2021-04-15T11:57:57.076+0600][2.092s] GC(2) Pause Cleanup
[2021-04-15T11:57:57.076+0600][2.092s] GC(2) Pause Cleanup 16M->16M(512M) 0.161ms
[2021-04-15T11:57:57.076+0600][2.092s] GC(2) User=0.00s Sys=0.00s Real=0.00s
[2021-04-15T11:57:57.077+0600][2.092s] GC(2) Concurrent Cleanup for Next Mark
[2021-04-15T11:57:57.078+0600][2.094s] GC(2) Concurrent Cleanup for Next Mark 1.695ms
[2021-04-15T11:57:57.078+0600][2.094s] GC(2) Concurrent Cycle 26.283ms
[2021-04-15T11:57:58.448+0600][3.464s] GC(3) Pause Young (Normal) (G1 Evacuation Pause)
[2021-04-15T11:57:58.448+0600][3.464s] GC(3) Using 4 workers of 4 for evacuation
[2021-04-15T11:57:58.466+0600][3.482s] GC(3)   Pre Evacuate Collection Set: 0.0ms
[2021-04-15T11:57:58.466+0600][3.482s] GC(3)   Evacuate Collection Set: 16.6ms
[2021-04-15T11:57:58.466+0600][3.482s] GC(3)   Post Evacuate Collection Set: 0.9ms
[2021-04-15T11:57:58.466+0600][3.482s] GC(3)   Other: 0.2ms
[2021-04-15T11:57:58.466+0600][3.482s] GC(3) Eden regions: 45->0(52)
[2021-04-15T11:57:58.466+0600][3.482s] GC(3) Survivor regions: 12->8(8)
[2021-04-15T11:57:58.466+0600][3.482s] GC(3) Old regions: 0->12
[2021-04-15T11:57:58.466+0600][3.482s] GC(3) Humongous regions: 4->4
[2021-04-15T11:57:58.466+0600][3.482s] GC(3) Metaspace: 26308K->26308K(1073152K)
[2021-04-15T11:57:58.466+0600][3.482s] GC(3) Pause Young (Normal) (G1 Evacuation Pause) 60M->23M(512M) 17.750ms
[2021-04-15T11:57:58.466+0600][3.482s] GC(3) User=0.06s Sys=0.00s Real=0.02s
[2021-04-15T11:57:59.493+0600][4.509s] GC(4) Pause Young (Normal) (G1 Evacuation Pause)
[2021-04-15T11:57:59.494+0600][4.509s] GC(4) Using 4 workers of 4 for evacuation
[2021-04-15T11:57:59.498+0600][4.514s] GC(4)   Pre Evacuate Collection Set: 0.0ms
[2021-04-15T11:57:59.498+0600][4.514s] GC(4)   Evacuate Collection Set: 4.0ms
[2021-04-15T11:57:59.498+0600][4.514s] GC(4)   Post Evacuate Collection Set: 0.3ms
[2021-04-15T11:57:59.498+0600][4.514s] GC(4)   Other: 0.2ms
[2021-04-15T11:57:59.498+0600][4.514s] GC(4) Eden regions: 52->0(85)
[2021-04-15T11:57:59.498+0600][4.514s] GC(4) Survivor regions: 8->2(8)
[2021-04-15T11:57:59.498+0600][4.514s] GC(4) Old regions: 12->19
[2021-04-15T11:57:59.498+0600][4.514s] GC(4) Humongous regions: 4->4
[2021-04-15T11:57:59.498+0600][4.514s] GC(4) Metaspace: 32039K->32039K(1079296K)
[2021-04-15T11:57:59.498+0600][4.514s] GC(4) Pause Young (Normal) (G1 Evacuation Pause) 75M->24M(512M) 4.533ms
[2021-04-15T11:57:59.498+0600][4.514s] GC(4) User=0.02s Sys=0.00s Real=0.00s
[2021-04-15T11:57:59.816+0600][4.832s] GC(5) Pause Young (Concurrent Start) (Metadata GC Threshold)
[2021-04-15T11:57:59.816+0600][4.832s] GC(5) Using 4 workers of 4 for evacuation
[2021-04-15T11:57:59.819+0600][4.835s] GC(5)   Pre Evacuate Collection Set: 0.1ms
[2021-04-15T11:57:59.819+0600][4.835s] GC(5)   Evacuate Collection Set: 2.9ms
[2021-04-15T11:57:59.819+0600][4.835s] GC(5)   Post Evacuate Collection Set: 0.3ms
[2021-04-15T11:57:59.819+0600][4.835s] GC(5)   Other: 0.2ms
[2021-04-15T11:57:59.819+0600][4.835s] GC(5) Eden regions: 13->0(118)
[2021-04-15T11:57:59.819+0600][4.835s] GC(5) Survivor regions: 2->2(11)
[2021-04-15T11:57:59.819+0600][4.835s] GC(5) Old regions: 19->19
[2021-04-15T11:57:59.819+0600][4.835s] GC(5) Humongous regions: 4->4
[2021-04-15T11:57:59.819+0600][4.835s] GC(5) Metaspace: 34809K->34809K(1081344K)
[2021-04-15T11:57:59.819+0600][4.835s] GC(5) Pause Young (Concurrent Start) (Metadata GC Threshold) 36M->24M(512M) 3.478ms
[2021-04-15T11:57:59.820+0600][4.835s] GC(5) User=0.01s Sys=0.00s Real=0.01s
[2021-04-15T11:57:59.820+0600][4.835s] GC(6) Concurrent Cycle
[2021-04-15T11:57:59.820+0600][4.835s] GC(6) Concurrent Clear Claimed Marks
[2021-04-15T11:57:59.820+0600][4.835s] GC(6) Concurrent Clear Claimed Marks 0.045ms
[2021-04-15T11:57:59.820+0600][4.835s] GC(6) Concurrent Scan Root Regions
[2021-04-15T11:57:59.822+0600][4.837s] GC(6) Concurrent Scan Root Regions 1.974ms
[2021-04-15T11:57:59.822+0600][4.838s] GC(6) Concurrent Mark (4.838s)
[2021-04-15T11:57:59.822+0600][4.838s] GC(6) Concurrent Mark From Roots
[2021-04-15T11:57:59.822+0600][4.838s] GC(6) Using 1 workers of 1 for marking
[2021-04-15T11:57:59.857+0600][4.873s] GC(6) Concurrent Mark From Roots 35.690ms
[2021-04-15T11:57:59.857+0600][4.873s] GC(6) Concurrent Preclean
[2021-04-15T11:57:59.858+0600][4.873s] GC(6) Concurrent Preclean 0.124ms
[2021-04-15T11:57:59.858+0600][4.873s] GC(6) Concurrent Mark (4.838s, 4.873s) 35.949ms
[2021-04-15T11:57:59.858+0600][4.874s] GC(6) Pause Remark
[2021-04-15T11:57:59.863+0600][4.878s] GC(6) Cleaned string and symbol table, strings: 15533 processed, 25 removed, symbols: 113630 processed, 47 removed
[2021-04-15T11:57:59.863+0600][4.879s] GC(6) Pause Remark 26M->26M(512M) 4.914ms
[2021-04-15T11:57:59.863+0600][4.879s] GC(6) User=0.01s Sys=0.00s Real=0.01s
[2021-04-15T11:57:59.863+0600][4.879s] GC(6) Concurrent Rebuild Remembered Sets
[2021-04-15T11:57:59.884+0600][4.900s] GC(6) Concurrent Rebuild Remembered Sets 21.297ms
[2021-04-15T11:57:59.884+0600][4.900s] GC(6) Pause Cleanup
[2021-04-15T11:57:59.885+0600][4.900s] GC(6) Pause Cleanup 26M->26M(512M) 0.115ms
[2021-04-15T11:57:59.885+0600][4.900s] GC(6) User=0.00s Sys=0.00s Real=0.00s
[2021-04-15T11:57:59.885+0600][4.901s] GC(6) Concurrent Cleanup for Next Mark
[2021-04-15T11:57:59.886+0600][4.902s] GC(6) Concurrent Cleanup for Next Mark 1.414ms
[2021-04-15T11:57:59.886+0600][4.902s] GC(6) Concurrent Cycle 66.593ms
[2021-04-15T11:58:46.081+0600][51.095s] GC(7) Pause Young (Normal) (G1 Evacuation Pause)
[2021-04-15T11:58:46.081+0600][51.096s] GC(7) Using 4 workers of 4 for evacuation
[2021-04-15T11:58:46.092+0600][51.107s] GC(7)   Pre Evacuate Collection Set: 0.2ms
[2021-04-15T11:58:46.092+0600][51.107s] GC(7)   Evacuate Collection Set: 9.9ms
[2021-04-15T11:58:46.092+0600][51.107s] GC(7)   Post Evacuate Collection Set: 0.6ms
[2021-04-15T11:58:46.092+0600][51.107s] GC(7)   Other: 0.6ms
[2021-04-15T11:58:46.092+0600][51.107s] GC(7) Eden regions: 118->0(177)
[2021-04-15T11:58:46.092+0600][51.107s] GC(7) Survivor regions: 2->9(15)
[2021-04-15T11:58:46.092+0600][51.107s] GC(7) Old regions: 19->19
[2021-04-15T11:58:46.092+0600][51.107s] GC(7) Humongous regions: 4->4
[2021-04-15T11:58:46.092+0600][51.107s] GC(7) Metaspace: 45845K->45845K(1091584K)
[2021-04-15T11:58:46.092+0600][51.107s] GC(7) Pause Young (Normal) (G1 Evacuation Pause) 142M->31M(512M) 11.393ms
[2021-04-15T11:58:46.092+0600][51.107s] GC(7) User=0.04s Sys=0.00s Real=0.01s
[2021-04-15T11:58:48.650+0600][53.665s] GC(8) Pause Young (Normal) (G1 Evacuation Pause)
[2021-04-15T11:58:48.650+0600][53.665s] GC(8) Using 4 workers of 4 for evacuation
[2021-04-15T11:58:48.662+0600][53.677s] GC(8)   Pre Evacuate Collection Set: 0.0ms
[2021-04-15T11:58:48.662+0600][53.677s] GC(8)   Evacuate Collection Set: 11.2ms
[2021-04-15T11:58:48.662+0600][53.677s] GC(8)   Post Evacuate Collection Set: 0.6ms
[2021-04-15T11:58:48.662+0600][53.677s] GC(8)   Other: 0.3ms
[2021-04-15T11:58:48.663+0600][53.677s] GC(8) Eden regions: 177->0(253)
[2021-04-15T11:58:48.663+0600][53.677s] GC(8) Survivor regions: 9->15(24)
[2021-04-15T11:58:48.663+0600][53.677s] GC(8) Old regions: 19->19
[2021-04-15T11:58:48.663+0600][53.677s] GC(8) Humongous regions: 5->4
[2021-04-15T11:58:48.663+0600][53.677s] GC(8) Metaspace: 53821K->53821K(1097728K)
[2021-04-15T11:58:48.663+0600][53.677s] GC(8) Pause Young (Normal) (G1 Evacuation Pause) 209M->37M(512M) 12.460ms
[2021-04-15T11:58:48.663+0600][53.677s] GC(8) User=0.05s Sys=0.00s Real=0.01s
[2021-04-15T11:58:50.174+0600][55.189s] GC(9) Pause Young (Concurrent Start) (Metadata GC Threshold)
[2021-04-15T11:58:50.174+0600][55.189s] GC(9) Using 4 workers of 4 for evacuation
[2021-04-15T11:58:50.195+0600][55.209s] GC(9)   Pre Evacuate Collection Set: 0.1ms
[2021-04-15T11:58:50.195+0600][55.209s] GC(9)   Evacuate Collection Set: 19.3ms
[2021-04-15T11:58:50.195+0600][55.209s] GC(9)   Post Evacuate Collection Set: 0.7ms
[2021-04-15T11:58:50.195+0600][55.209s] GC(9)   Other: 0.3ms
[2021-04-15T11:58:50.195+0600][55.209s] GC(9) Eden regions: 132->0(288)
[2021-04-15T11:58:50.195+0600][55.209s] GC(9) Survivor regions: 15->19(34)
[2021-04-15T11:58:50.195+0600][55.209s] GC(9) Old regions: 19->19
[2021-04-15T11:58:50.195+0600][55.209s] GC(9) Humongous regions: 4->4
[2021-04-15T11:58:50.195+0600][55.209s] GC(9) Metaspace: 58938K->58938K(1101824K)
[2021-04-15T11:58:50.195+0600][55.209s] GC(9) Pause Young (Concurrent Start) (Metadata GC Threshold) 169M->41M(512M) 20.756ms
[2021-04-15T11:58:50.195+0600][55.209s] GC(9) User=0.06s Sys=0.00s Real=0.02s
[2021-04-15T11:58:50.195+0600][55.209s] GC(10) Concurrent Cycle
[2021-04-15T11:58:50.195+0600][55.209s] GC(10) Concurrent Clear Claimed Marks
[2021-04-15T11:58:50.195+0600][55.210s] GC(10) Concurrent Clear Claimed Marks 0.101ms
[2021-04-15T11:58:50.195+0600][55.210s] GC(10) Concurrent Scan Root Regions
[2021-04-15T11:58:50.213+0600][55.227s] GC(10) Concurrent Scan Root Regions 17.757ms
[2021-04-15T11:58:50.213+0600][55.227s] GC(10) Concurrent Mark (55.227s)
[2021-04-15T11:58:50.213+0600][55.227s] GC(10) Concurrent Mark From Roots
[2021-04-15T11:58:50.213+0600][55.227s] GC(10) Using 1 workers of 1 for marking
[2021-04-15T11:58:50.258+0600][55.272s] GC(10) Concurrent Mark From Roots 45.047ms
[2021-04-15T11:58:50.258+0600][55.273s] GC(10) Concurrent Preclean
[2021-04-15T11:58:50.258+0600][55.273s] GC(10) Concurrent Preclean 0.191ms
[2021-04-15T11:58:50.258+0600][55.273s] GC(10) Concurrent Mark (55.227s, 55.273s) 45.349ms
[2021-04-15T11:58:50.259+0600][55.273s] GC(10) Pause Remark
[2021-04-15T11:58:50.268+0600][55.282s] GC(10) Cleaned string and symbol table, strings: 27859 processed, 0 removed, symbols: 178417 processed, 608 removed
[2021-04-15T11:58:50.268+0600][55.282s] GC(10) Pause Remark 48M->48M(512M) 9.203ms
[2021-04-15T11:58:50.268+0600][55.282s] GC(10) User=0.03s Sys=0.01s Real=0.01s
[2021-04-15T11:58:50.268+0600][55.282s] GC(10) Concurrent Rebuild Remembered Sets
[2021-04-15T11:58:50.296+0600][55.310s] GC(10) Concurrent Rebuild Remembered Sets 27.889ms
[2021-04-15T11:58:50.296+0600][55.311s] GC(10) Pause Cleanup
[2021-04-15T11:58:50.296+0600][55.311s] GC(10) Pause Cleanup 51M->51M(512M) 0.141ms
[2021-04-15T11:58:50.296+0600][55.311s] GC(10) User=0.00s Sys=0.00s Real=0.00s
[2021-04-15T11:58:50.297+0600][55.311s] GC(10) Concurrent Cleanup for Next Mark
[2021-04-15T11:58:50.298+0600][55.312s] GC(10) Concurrent Cleanup for Next Mark 1.523ms
[2021-04-15T11:58:50.298+0600][55.312s] GC(10) Concurrent Cycle 103.014ms
[2021-04-15T12:04:40.576+0600][405.570s] GC(11) Pause Young (Concurrent Start) (G1 Evacuation Pause)
[2021-04-15T12:04:40.577+0600][405.571s] GC(11) Using 4 workers of 4 for evacuation
[2021-04-15T12:04:40.618+0600][405.612s] GC(11)   Pre Evacuate Collection Set: 0.1ms
[2021-04-15T12:04:40.618+0600][405.612s] GC(11)   Evacuate Collection Set: 39.5ms
[2021-04-15T12:04:40.618+0600][405.612s] GC(11)   Post Evacuate Collection Set: 1.2ms
[2021-04-15T12:04:40.618+0600][405.612s] GC(11)   Other: 0.7ms
[2021-04-15T12:04:40.618+0600][405.612s] GC(11) Eden regions: 288->0(275)
[2021-04-15T12:04:40.618+0600][405.612s] GC(11) Survivor regions: 19->32(39)
[2021-04-15T12:04:40.618+0600][405.612s] GC(11) Old regions: 19->19
[2021-04-15T12:04:40.618+0600][405.612s] GC(11) Humongous regions: 4->4
[2021-04-15T12:04:40.618+0600][405.612s] GC(11) Metaspace: 64226K->64226K(1107968K)
[2021-04-15T12:04:40.618+0600][405.612s] GC(11) Pause Young (Concurrent Start) (G1 Evacuation Pause) 329M->54M(512M) 41.807ms
[2021-04-15T12:04:40.618+0600][405.612s] GC(11) User=0.13s Sys=0.00s Real=0.04s
[2021-04-15T12:04:40.618+0600][405.612s] GC(12) Concurrent Cycle
[2021-04-15T12:04:40.618+0600][405.612s] GC(12) Concurrent Clear Claimed Marks
[2021-04-15T12:04:40.619+0600][405.612s] GC(12) Concurrent Clear Claimed Marks 0.237ms
[2021-04-15T12:04:40.619+0600][405.613s] GC(12) Concurrent Scan Root Regions
[2021-04-15T12:04:40.651+0600][405.645s] GC(12) Concurrent Scan Root Regions 32.618ms
[2021-04-15T12:04:40.651+0600][405.645s] GC(12) Concurrent Mark (405.645s)
[2021-04-15T12:04:40.651+0600][405.645s] GC(12) Concurrent Mark From Roots
[2021-04-15T12:04:40.651+0600][405.645s] GC(12) Using 1 workers of 1 for marking
[2021-04-15T12:04:40.776+0600][405.770s] GC(12) Concurrent Mark From Roots 124.347ms
[2021-04-15T12:04:40.776+0600][405.770s] GC(12) Concurrent Preclean
[2021-04-15T12:04:40.776+0600][405.770s] GC(12) Concurrent Preclean 0.177ms
[2021-04-15T12:04:40.776+0600][405.770s] GC(12) Concurrent Mark (405.645s, 405.770s) 124.676ms
[2021-04-15T12:04:40.776+0600][405.770s] GC(12) Pause Remark
[2021-04-15T12:04:40.786+0600][405.780s] GC(12) Cleaned string and symbol table, strings: 30010 processed, 0 removed, symbols: 185816 processed, 71 removed
[2021-04-15T12:04:40.786+0600][405.780s] GC(12) Pause Remark 79M->79M(512M) 9.487ms
[2021-04-15T12:04:40.786+0600][405.780s] GC(12) User=0.04s Sys=0.00s Real=0.01s
[2021-04-15T12:04:40.786+0600][405.780s] GC(12) Concurrent Rebuild Remembered Sets
[2021-04-15T12:04:40.824+0600][405.818s] GC(12) Concurrent Rebuild Remembered Sets 37.956ms
[2021-04-15T12:04:40.824+0600][405.818s] GC(12) Pause Cleanup
[2021-04-15T12:04:40.825+0600][405.818s] GC(12) Pause Cleanup 83M->83M(512M) 0.374ms
[2021-04-15T12:04:40.825+0600][405.819s] GC(12) User=0.00s Sys=0.00s Real=0.00s
[2021-04-15T12:04:40.825+0600][405.819s] GC(12) Concurrent Cleanup for Next Mark
[2021-04-15T12:04:40.834+0600][405.828s] GC(12) Concurrent Cleanup for Next Mark 9.516ms
[2021-04-15T12:04:40.834+0600][405.828s] GC(12) Concurrent Cycle 215.967ms
[2021-04-15T12:04:44.461+0600][409.454s] GC(13) Pause Young (Normal) (G1 Evacuation Pause)
[2021-04-15T12:04:44.461+0600][409.454s] GC(13) Using 4 workers of 4 for evacuation
[2021-04-15T12:04:44.503+0600][409.496s] GC(13)   Pre Evacuate Collection Set: 0.0ms
[2021-04-15T12:04:44.503+0600][409.496s] GC(13)   Evacuate Collection Set: 30.0ms
[2021-04-15T12:04:44.503+0600][409.496s] GC(13)   Post Evacuate Collection Set: 11.7ms
[2021-04-15T12:04:44.503+0600][409.497s] GC(13)   Other: 0.3ms
[2021-04-15T12:04:44.503+0600][409.497s] GC(13) Eden regions: 275->0(281)
[2021-04-15T12:04:44.503+0600][409.497s] GC(13) Survivor regions: 32->26(39)
[2021-04-15T12:04:44.503+0600][409.497s] GC(13) Old regions: 19->33
[2021-04-15T12:04:44.503+0600][409.497s] GC(13) Humongous regions: 7->7
[2021-04-15T12:04:44.503+0600][409.497s] GC(13) Metaspace: 67859K->67859K(1112064K)
[2021-04-15T12:04:44.503+0600][409.497s] GC(13) Pause Young (Normal) (G1 Evacuation Pause) 332M->65M(512M) 42.283ms
[2021-04-15T12:04:44.503+0600][409.497s] GC(13) User=0.11s Sys=0.00s Real=0.04s
[2021-04-15T12:04:48.511+0600][413.505s] GC(14) Pause Young (Normal) (G1 Evacuation Pause)
[2021-04-15T12:04:48.511+0600][413.505s] GC(14) Using 4 workers of 4 for evacuation
[2021-04-15T12:04:48.534+0600][413.527s] GC(14)   Pre Evacuate Collection Set: 0.0ms
[2021-04-15T12:04:48.534+0600][413.527s] GC(14)   Evacuate Collection Set: 21.6ms
[2021-04-15T12:04:48.534+0600][413.527s] GC(14)   Post Evacuate Collection Set: 0.8ms
[2021-04-15T12:04:48.534+0600][413.527s] GC(14)   Other: 0.3ms
[2021-04-15T12:04:48.534+0600][413.527s] GC(14) Eden regions: 281->0(285)
[2021-04-15T12:04:48.534+0600][413.528s] GC(14) Survivor regions: 26->22(39)
[2021-04-15T12:04:48.534+0600][413.528s] GC(14) Old regions: 33->48
[2021-04-15T12:04:48.534+0600][413.528s] GC(14) Humongous regions: 7->7
[2021-04-15T12:04:48.534+0600][413.528s] GC(14) Metaspace: 67973K->67973K(1112064K)
[2021-04-15T12:04:48.534+0600][413.528s] GC(14) Pause Young (Normal) (G1 Evacuation Pause) 346M->76M(512M) 22.882ms
[2021-04-15T12:04:48.534+0600][413.528s] GC(14) User=0.08s Sys=0.00s Real=0.02s
[2021-04-15T12:04:52.239+0600][417.232s] GC(15) Pause Young (Normal) (G1 Evacuation Pause)
[2021-04-15T12:04:52.239+0600][417.232s] GC(15) Using 4 workers of 4 for evacuation
[2021-04-15T12:04:52.253+0600][417.246s] GC(15)   Pre Evacuate Collection Set: 0.0ms
[2021-04-15T12:04:52.253+0600][417.246s] GC(15)   Evacuate Collection Set: 12.8ms
[2021-04-15T12:04:52.253+0600][417.246s] GC(15)   Post Evacuate Collection Set: 0.6ms
[2021-04-15T12:04:52.253+0600][417.246s] GC(15)   Other: 0.3ms
[2021-04-15T12:04:52.253+0600][417.246s] GC(15) Eden regions: 285->0(285)
[2021-04-15T12:04:52.253+0600][417.246s] GC(15) Survivor regions: 22->22(39)
[2021-04-15T12:04:52.253+0600][417.246s] GC(15) Old regions: 48->58
[2021-04-15T12:04:52.253+0600][417.246s] GC(15) Humongous regions: 9->9
[2021-04-15T12:04:52.253+0600][417.246s] GC(15) Metaspace: 68022K->68022K(1112064K)
[2021-04-15T12:04:52.253+0600][417.246s] GC(15) Pause Young (Normal) (G1 Evacuation Pause) 363M->88M(512M) 13.919ms
[2021-04-15T12:04:52.253+0600][417.246s] GC(15) User=0.05s Sys=0.00s Real=0.02s
[2021-04-15T12:19:18.918+0600][1283.885s] GC(16) Pause Young (Normal) (G1 Evacuation Pause)
[2021-04-15T12:19:18.919+0600][1283.887s] GC(16) Using 4 workers of 4 for evacuation
[2021-04-15T12:19:18.932+0600][1283.899s] GC(16)   Pre Evacuate Collection Set: 0.0ms
[2021-04-15T12:19:18.932+0600][1283.899s] GC(16)   Evacuate Collection Set: 11.5ms
[2021-04-15T12:19:18.932+0600][1283.899s] GC(16)   Post Evacuate Collection Set: 0.6ms
[2021-04-15T12:19:18.932+0600][1283.899s] GC(16)   Other: 1.8ms
[2021-04-15T12:19:18.932+0600][1283.899s] GC(16) Eden regions: 285->0(289)
[2021-04-15T12:19:18.932+0600][1283.899s] GC(16) Survivor regions: 22->18(39)
[2021-04-15T12:19:18.932+0600][1283.899s] GC(16) Old regions: 58->65
[2021-04-15T12:19:18.932+0600][1283.899s] GC(16) Humongous regions: 9->9
[2021-04-15T12:19:18.932+0600][1283.899s] GC(16) Metaspace: 72122K->72122K(1114112K)
[2021-04-15T12:19:18.932+0600][1283.899s] GC(16) Pause Young (Normal) (G1 Evacuation Pause) 373M->91M(512M) 13.954ms
[2021-04-15T12:19:18.932+0600][1283.899s] GC(16) User=0.04s Sys=0.00s Real=0.02s
[2021-04-15T14:43:33.228+0600][4447.563s] Heap
[2021-04-15T14:43:33.228+0600][4447.563s]  garbage-first heap   total 524288K, used 216526K [0x00000007e0000000, 0x0000000800000000)
[2021-04-15T14:43:33.228+0600][4447.563s]   region size 1024K, 140 young (143360K), 18 survivors (18432K)
[2021-04-15T14:43:33.228+0600][4447.563s]  Metaspace       used 73382K, capacity 75363K, committed 75672K, reserved 1116160K
[2021-04-15T14:43:33.228+0600][4447.563s]   class space    used 8096K, capacity 8822K, committed 8932K, reserved 1048576K
