[2021-04-13T18:48:00.086+0600][0.015s] Heap region size: 1M
[2021-04-13T18:48:00.369+0600][0.299s] Using G1
[2021-04-13T18:48:00.369+0600][0.299s] Heap address: 0x00000007e0000000, size: 512 MB, Compressed Oops mode: Zero based, Oop shift amount: 3
[2021-04-13T18:48:01.082+0600][1.012s] GC(0) Pause Young (Normal) (G1 Evacuation Pause)
[2021-04-13T18:48:01.083+0600][1.012s] GC(0) Using 4 workers of 4 for evacuation
[2021-04-13T18:48:01.087+0600][1.016s] GC(0)   Pre Evacuate Collection Set: 0.0ms
[2021-04-13T18:48:01.087+0600][1.016s] GC(0)   Evacuate Collection Set: 3.5ms
[2021-04-13T18:48:01.087+0600][1.016s] GC(0)   Post Evacuate Collection Set: 0.4ms
[2021-04-13T18:48:01.087+0600][1.016s] GC(0)   Other: 0.5ms
[2021-04-13T18:48:01.087+0600][1.016s] GC(0) Eden regions: 25->0(304)
[2021-04-13T18:48:01.087+0600][1.016s] GC(0) Survivor regions: 0->3(4)
[2021-04-13T18:48:01.087+0600][1.016s] GC(0) Old regions: 0->0
[2021-04-13T18:48:01.087+0600][1.016s] GC(0) Humongous regions: 0->0
[2021-04-13T18:48:01.087+0600][1.016s] GC(0) Metaspace: 12038K->12038K(1060864K)
[2021-04-13T18:48:01.087+0600][1.017s] GC(0) Pause Young (Normal) (G1 Evacuation Pause) 25M->2M(512M) 4.729ms
[2021-04-13T18:48:01.087+0600][1.017s] GC(0) User=0.01s Sys=0.00s Real=0.00s
[2021-04-13T18:48:01.815+0600][1.744s] GC(1) Pause Young (Concurrent Start) (Metadata GC Threshold)
[2021-04-13T18:48:01.815+0600][1.744s] GC(1) Using 4 workers of 4 for evacuation
[2021-04-13T18:48:01.830+0600][1.760s] GC(1)   Pre Evacuate Collection Set: 0.0ms
[2021-04-13T18:48:01.830+0600][1.760s] GC(1)   Evacuate Collection Set: 14.8ms
[2021-04-13T18:48:01.830+0600][1.760s] GC(1)   Post Evacuate Collection Set: 0.6ms
[2021-04-13T18:48:01.830+0600][1.760s] GC(1)   Other: 0.3ms
[2021-04-13T18:48:01.830+0600][1.760s] GC(1) Eden regions: 44->0(49)
[2021-04-13T18:48:01.830+0600][1.760s] GC(1) Survivor regions: 3->12(34)
[2021-04-13T18:48:01.830+0600][1.760s] GC(1) Old regions: 0->0
[2021-04-13T18:48:01.830+0600][1.760s] GC(1) Humongous regions: 4->4
[2021-04-13T18:48:01.830+0600][1.760s] GC(1) Metaspace: 20563K->20563K(1069056K)
[2021-04-13T18:48:01.830+0600][1.760s] GC(1) Pause Young (Concurrent Start) (Metadata GC Threshold) 50M->15M(512M) 15.917ms
[2021-04-13T18:48:01.830+0600][1.760s] GC(1) User=0.04s Sys=0.00s Real=0.02s
[2021-04-13T18:48:01.831+0600][1.760s] GC(2) Concurrent Cycle
[2021-04-13T18:48:01.831+0600][1.760s] GC(2) Concurrent Clear Claimed Marks
[2021-04-13T18:48:01.831+0600][1.760s] GC(2) Concurrent Clear Claimed Marks 0.035ms
[2021-04-13T18:48:01.831+0600][1.760s] GC(2) Concurrent Scan Root Regions
[2021-04-13T18:48:01.841+0600][1.771s] GC(2) Concurrent Scan Root Regions 10.580ms
[2021-04-13T18:48:01.841+0600][1.771s] GC(2) Concurrent Mark (1.771s)
[2021-04-13T18:48:01.841+0600][1.771s] GC(2) Concurrent Mark From Roots
[2021-04-13T18:48:01.841+0600][1.771s] GC(2) Using 1 workers of 1 for marking
[2021-04-13T18:48:01.845+0600][1.775s] GC(2) Concurrent Mark From Roots 3.694ms
[2021-04-13T18:48:01.845+0600][1.775s] GC(2) Concurrent Preclean
[2021-04-13T18:48:01.845+0600][1.775s] GC(2) Concurrent Preclean 0.074ms
[2021-04-13T18:48:01.845+0600][1.775s] GC(2) Concurrent Mark (1.771s, 1.775s) 3.881ms
[2021-04-13T18:48:01.845+0600][1.775s] GC(2) Pause Remark
[2021-04-13T18:48:01.848+0600][1.777s] GC(2) Cleaned string and symbol table, strings: 9613 processed, 0 removed, symbols: 67445 processed, 18 removed
[2021-04-13T18:48:01.848+0600][1.778s] GC(2) Pause Remark 16M->16M(512M) 2.747ms
[2021-04-13T18:48:01.848+0600][1.778s] GC(2) User=0.01s Sys=0.00s Real=0.00s
[2021-04-13T18:48:01.848+0600][1.778s] GC(2) Concurrent Rebuild Remembered Sets
[2021-04-13T18:48:01.851+0600][1.781s] GC(2) Concurrent Rebuild Remembered Sets 3.153ms
[2021-04-13T18:48:01.852+0600][1.781s] GC(2) Pause Cleanup
[2021-04-13T18:48:01.852+0600][1.781s] GC(2) Pause Cleanup 16M->16M(512M) 0.130ms
[2021-04-13T18:48:01.852+0600][1.781s] GC(2) User=0.00s Sys=0.00s Real=0.00s
[2021-04-13T18:48:01.852+0600][1.781s] GC(2) Concurrent Cleanup for Next Mark
[2021-04-13T18:48:01.854+0600][1.783s] GC(2) Concurrent Cleanup for Next Mark 1.560ms
[2021-04-13T18:48:01.854+0600][1.783s] GC(2) Concurrent Cycle 23.122ms
[2021-04-13T18:48:02.913+0600][2.843s] GC(3) Pause Young (Normal) (G1 Evacuation Pause)
[2021-04-13T18:48:02.913+0600][2.843s] GC(3) Using 4 workers of 4 for evacuation
[2021-04-13T18:48:02.930+0600][2.859s] GC(3)   Pre Evacuate Collection Set: 0.0ms
[2021-04-13T18:48:02.930+0600][2.859s] GC(3)   Evacuate Collection Set: 15.5ms
[2021-04-13T18:48:02.930+0600][2.859s] GC(3)   Post Evacuate Collection Set: 0.6ms
[2021-04-13T18:48:02.930+0600][2.859s] GC(3)   Other: 0.1ms
[2021-04-13T18:48:02.930+0600][2.859s] GC(3) Eden regions: 45->0(114)
[2021-04-13T18:48:02.930+0600][2.859s] GC(3) Survivor regions: 12->8(8)
[2021-04-13T18:48:02.930+0600][2.859s] GC(3) Old regions: 0->12
[2021-04-13T18:48:02.930+0600][2.859s] GC(3) Humongous regions: 4->4
[2021-04-13T18:48:02.930+0600][2.859s] GC(3) Metaspace: 26267K->26267K(1073152K)
[2021-04-13T18:48:02.930+0600][2.859s] GC(3) Pause Young (Normal) (G1 Evacuation Pause) 60M->23M(512M) 16.443ms
[2021-04-13T18:48:02.930+0600][2.859s] GC(3) User=0.06s Sys=0.00s Real=0.02s
[2021-04-13T18:48:04.406+0600][4.336s] GC(4) Pause Young (Concurrent Start) (Metadata GC Threshold)
[2021-04-13T18:48:04.406+0600][4.336s] GC(4) Using 4 workers of 4 for evacuation
[2021-04-13T18:48:04.413+0600][4.343s] GC(4)   Pre Evacuate Collection Set: 0.0ms
[2021-04-13T18:48:04.413+0600][4.343s] GC(4)   Evacuate Collection Set: 6.4ms
[2021-04-13T18:48:04.413+0600][4.343s] GC(4)   Post Evacuate Collection Set: 0.4ms
[2021-04-13T18:48:04.413+0600][4.343s] GC(4)   Other: 0.2ms
[2021-04-13T18:48:04.413+0600][4.343s] GC(4) Eden regions: 66->0(79)
[2021-04-13T18:48:04.413+0600][4.343s] GC(4) Survivor regions: 8->9(16)
[2021-04-13T18:48:04.413+0600][4.343s] GC(4) Old regions: 12->12
[2021-04-13T18:48:04.413+0600][4.343s] GC(4) Humongous regions: 4->4
[2021-04-13T18:48:04.413+0600][4.343s] GC(4) Metaspace: 34939K->34939K(1081344K)
[2021-04-13T18:48:04.414+0600][4.343s] GC(4) Pause Young (Concurrent Start) (Metadata GC Threshold) 89M->24M(512M) 7.213ms
[2021-04-13T18:48:04.414+0600][4.343s] GC(4) User=0.03s Sys=0.00s Real=0.01s
[2021-04-13T18:48:04.414+0600][4.343s] GC(5) Concurrent Cycle
[2021-04-13T18:48:04.414+0600][4.343s] GC(5) Concurrent Clear Claimed Marks
[2021-04-13T18:48:04.414+0600][4.343s] GC(5) Concurrent Clear Claimed Marks 0.054ms
[2021-04-13T18:48:04.414+0600][4.343s] GC(5) Concurrent Scan Root Regions
[2021-04-13T18:48:04.418+0600][4.347s] GC(5) Concurrent Scan Root Regions 4.292ms
[2021-04-13T18:48:04.418+0600][4.347s] GC(5) Concurrent Mark (4.347s)
[2021-04-13T18:48:04.418+0600][4.347s] GC(5) Concurrent Mark From Roots
[2021-04-13T18:48:04.418+0600][4.347s] GC(5) Using 1 workers of 1 for marking
[2021-04-13T18:48:04.453+0600][4.383s] GC(5) Concurrent Mark From Roots 35.070ms
[2021-04-13T18:48:04.453+0600][4.383s] GC(5) Concurrent Preclean
[2021-04-13T18:48:04.453+0600][4.383s] GC(5) Concurrent Preclean 0.060ms
[2021-04-13T18:48:04.453+0600][4.383s] GC(5) Concurrent Mark (4.347s, 4.383s) 35.215ms
[2021-04-13T18:48:04.454+0600][4.383s] GC(5) Pause Remark
[2021-04-13T18:48:04.458+0600][4.387s] GC(5) Cleaned string and symbol table, strings: 15619 processed, 20 removed, symbols: 115210 processed, 46 removed
[2021-04-13T18:48:04.458+0600][4.388s] GC(5) Pause Remark 25M->25M(512M) 4.482ms
[2021-04-13T18:48:04.458+0600][4.388s] GC(5) User=0.01s Sys=0.00s Real=0.00s
[2021-04-13T18:48:04.458+0600][4.388s] GC(5) Concurrent Rebuild Remembered Sets
[2021-04-13T18:48:04.479+0600][4.409s] GC(5) Concurrent Rebuild Remembered Sets 20.800ms
[2021-04-13T18:48:04.479+0600][4.409s] GC(5) Pause Cleanup
[2021-04-13T18:48:04.479+0600][4.409s] GC(5) Pause Cleanup 26M->26M(512M) 0.082ms
[2021-04-13T18:48:04.479+0600][4.409s] GC(5) User=0.00s Sys=0.00s Real=0.00s
[2021-04-13T18:48:04.479+0600][4.409s] GC(5) Concurrent Cleanup for Next Mark
[2021-04-13T18:48:04.481+0600][4.411s] GC(5) Concurrent Cleanup for Next Mark 1.649ms
[2021-04-13T18:48:04.481+0600][4.411s] GC(5) Concurrent Cycle 67.667ms
[2021-04-13T18:48:09.004+0600][8.933s] GC(6) Pause Young (Concurrent Start) (G1 Evacuation Pause)
[2021-04-13T18:48:09.004+0600][8.933s] GC(6) Using 4 workers of 4 for evacuation
[2021-04-13T18:48:09.013+0600][8.943s] GC(6)   Pre Evacuate Collection Set: 0.1ms
[2021-04-13T18:48:09.013+0600][8.943s] GC(6)   Evacuate Collection Set: 8.9ms
[2021-04-13T18:48:09.013+0600][8.943s] GC(6)   Post Evacuate Collection Set: 0.6ms
[2021-04-13T18:48:09.013+0600][8.943s] GC(6)   Other: 0.2ms
[2021-04-13T18:48:09.013+0600][8.943s] GC(6) Eden regions: 79->0(148)
[2021-04-13T18:48:09.013+0600][8.943s] GC(6) Survivor regions: 9->8(11)
[2021-04-13T18:48:09.013+0600][8.943s] GC(6) Old regions: 12->19
[2021-04-13T18:48:09.013+0600][8.943s] GC(6) Humongous regions: 4->4
[2021-04-13T18:48:09.013+0600][8.943s] GC(6) Metaspace: 43000K->43000K(1087488K)
[2021-04-13T18:48:09.013+0600][8.943s] GC(6) Pause Young (Concurrent Start) (G1 Evacuation Pause) 103M->29M(512M) 9.952ms
[2021-04-13T18:48:09.014+0600][8.943s] GC(6) User=0.03s Sys=0.00s Real=0.01s
[2021-04-13T18:48:09.014+0600][8.943s] GC(7) Concurrent Cycle
[2021-04-13T18:48:09.014+0600][8.943s] GC(7) Concurrent Clear Claimed Marks
[2021-04-13T18:48:09.014+0600][8.943s] GC(7) Concurrent Clear Claimed Marks 0.076ms
[2021-04-13T18:48:09.014+0600][8.943s] GC(7) Concurrent Scan Root Regions
[2021-04-13T18:48:09.020+0600][8.949s] GC(7) Concurrent Scan Root Regions 6.481ms
[2021-04-13T18:48:09.020+0600][8.950s] GC(7) Concurrent Mark (8.949s)
[2021-04-13T18:48:09.020+0600][8.950s] GC(7) Concurrent Mark From Roots
[2021-04-13T18:48:09.020+0600][8.950s] GC(7) Using 1 workers of 1 for marking
[2021-04-13T18:48:09.077+0600][9.006s] GC(7) Concurrent Mark From Roots 56.441ms
[2021-04-13T18:48:09.077+0600][9.006s] GC(7) Concurrent Preclean
[2021-04-13T18:48:09.077+0600][9.006s] GC(7) Concurrent Preclean 0.115ms
[2021-04-13T18:48:09.077+0600][9.006s] GC(7) Concurrent Mark (8.949s, 9.006s) 56.655ms
[2021-04-13T18:48:09.080+0600][9.009s] GC(7) Pause Remark
[2021-04-13T18:48:09.086+0600][9.015s] GC(7) Cleaned string and symbol table, strings: 18544 processed, 1 removed, symbols: 137169 processed, 127 removed
[2021-04-13T18:48:09.086+0600][9.015s] GC(7) Pause Remark 37M->37M(512M) 6.143ms
[2021-04-13T18:48:09.086+0600][9.015s] GC(7) User=0.02s Sys=0.00s Real=0.00s
[2021-04-13T18:48:09.086+0600][9.015s] GC(7) Concurrent Rebuild Remembered Sets
[2021-04-13T18:48:09.121+0600][9.050s] GC(7) Concurrent Rebuild Remembered Sets 35.007ms
[2021-04-13T18:48:09.121+0600][9.050s] GC(7) Pause Cleanup
[2021-04-13T18:48:09.122+0600][9.051s] GC(7) Pause Cleanup 40M->40M(512M) 0.560ms
[2021-04-13T18:48:09.122+0600][9.051s] GC(7) User=0.00s Sys=0.00s Real=0.00s
[2021-04-13T18:48:09.122+0600][9.051s] GC(7) Concurrent Cleanup for Next Mark
[2021-04-13T18:48:09.125+0600][9.054s] GC(7) Concurrent Cleanup for Next Mark 2.941ms
[2021-04-13T18:48:09.125+0600][9.054s] GC(7) Concurrent Cycle 111.335ms
[2021-04-14T04:29:15.131+0600][4707.098s] GC(8) Pause Young (Normal) (G1 Evacuation Pause)
[2021-04-14T04:29:15.131+0600][4707.098s] GC(8) Using 4 workers of 4 for evacuation
[2021-04-14T04:29:15.465+0600][4707.432s] GC(8) MMU target violated: 251.0ms (250.0ms/251.0ms)
[2021-04-14T04:29:15.465+0600][4707.433s] GC(8)   Pre Evacuate Collection Set: 1.1ms
[2021-04-14T04:29:15.466+0600][4707.433s] GC(8)   Evacuate Collection Set: 308.8ms
[2021-04-14T04:29:15.466+0600][4707.433s] GC(8)   Post Evacuate Collection Set: 18.3ms
[2021-04-14T04:29:15.466+0600][4707.433s] GC(8)   Other: 7.1ms
[2021-04-14T04:29:15.466+0600][4707.433s] GC(8) Eden regions: 157->0(239)
[2021-04-14T04:29:15.466+0600][4707.433s] GC(8) Survivor regions: 8->12(21)
[2021-04-14T04:29:15.466+0600][4707.433s] GC(8) Old regions: 19->19
[2021-04-14T04:29:15.466+0600][4707.433s] GC(8) Humongous regions: 4->4
[2021-04-14T04:29:15.466+0600][4707.433s] GC(8) Metaspace: 50511K->50511K(1095680K)
[2021-04-14T04:29:15.466+0600][4707.433s] GC(8) Pause Young (Normal) (G1 Evacuation Pause) 186M->33M(512M) 335.262ms
[2021-04-14T04:29:15.466+0600][4707.433s] GC(8) User=0.06s Sys=0.18s Real=0.33s
[2021-04-14T16:37:02.041+0600][17132.788s] GC(9) Pause Young (Normal) (G1 Evacuation Pause)
[2021-04-14T16:37:02.043+0600][17132.789s] GC(9) Using 4 workers of 4 for evacuation
[2021-04-14T16:37:02.074+0600][17132.820s] GC(9)   Pre Evacuate Collection Set: 0.3ms
[2021-04-14T16:37:02.074+0600][17132.820s] GC(9)   Evacuate Collection Set: 29.1ms
[2021-04-14T16:37:02.074+0600][17132.820s] GC(9)   Post Evacuate Collection Set: 1.3ms
[2021-04-14T16:37:02.074+0600][17132.820s] GC(9)   Other: 2.2ms
[2021-04-14T16:37:02.075+0600][17132.820s] GC(9) Eden regions: 239->0(295)
[2021-04-14T16:37:02.075+0600][17132.820s] GC(9) Survivor regions: 12->12(32)
[2021-04-14T16:37:02.075+0600][17132.820s] GC(9) Old regions: 19->19
[2021-04-14T16:37:02.075+0600][17132.820s] GC(9) Humongous regions: 4->4
[2021-04-14T16:37:02.075+0600][17132.821s] GC(9) Metaspace: 51393K->51393K(1095680K)
[2021-04-14T16:37:02.075+0600][17132.821s] GC(9) Pause Young (Normal) (G1 Evacuation Pause) 272M->34M(512M) 33.818ms
[2021-04-14T16:37:02.075+0600][17132.821s] GC(9) User=0.04s Sys=0.06s Real=0.03s
[2021-04-15T11:57:39.957+0600][30551.638s] Heap
[2021-04-15T11:57:39.957+0600][30551.638s]  garbage-first heap   total 524288K, used 302218K [0x00000007e0000000, 0x0000000800000000)
[2021-04-15T11:57:39.957+0600][30551.638s]   region size 1024K, 274 young (280576K), 12 survivors (12288K)
[2021-04-15T11:57:39.957+0600][30551.639s]  Metaspace       used 52025K, capacity 53110K, committed 53324K, reserved 1097728K
[2021-04-15T11:57:39.957+0600][30551.639s]   class space    used 5487K, capacity 5916K, committed 5964K, reserved 1048576K
