Java HotSpot(TM) 64-Bit Server VM (25.241-b07) for windows-amd64 JRE (1.8.0_241-b07), built on Dec 11 2019 10:21:40 by "rejava" with MS VC++ 10.0 (VS2010)
Memory: 4k page, physical 8109396k(282884k free), swap 23221836k(6298748k free)
CommandLine flags: -XX:+AlwaysPreTouch -XX:+ExplicitGCInvokesConcurrent -XX:GCLogFileSize=20971520 -XX:InitialHeapSize=536870912 -XX:MaxGCPauseMillis=250 -XX:MaxHeapSize=536870912 -XX:NumberOfGCLogFiles=9 -XX:-OmitStackTraceInFastThrow -XX:+ParallelRefProcEnabled -XX:+PerfDisableSharedMem -XX:+PrintGC -XX:+PrintGCApplicationStoppedTime -XX:+PrintGCDateStamps -XX:+PrintGCDetails -XX:+PrintGCTimeStamps -XX:+PrintHeapAtGC -XX:+PrintTenuringDistribution -XX:ThreadStackSize=256 -XX:+UseCompressedClassPointers -XX:+UseCompressedOops -XX:+UseG1GC -XX:+UseGCLogFileRotation -XX:-UseLargePages -XX:-UseLargePagesIndividualAllocation 
2021-04-20T14:44:35.607-0700: 1.375: Total time for which application threads were stopped: 0.0003058 seconds, Stopping threads took: 0.0000422 seconds
2021-04-20T14:44:35.816-0700: 1.584: Total time for which application threads were stopped: 0.0001352 seconds, Stopping threads took: 0.0000195 seconds
2021-04-20T14:44:36.055-0700: 1.823: Total time for which application threads were stopped: 0.0001644 seconds, Stopping threads took: 0.0000193 seconds
2021-04-20T14:44:36.157-0700: 1.925: Total time for which application threads were stopped: 0.0001869 seconds, Stopping threads took: 0.0000274 seconds
{Heap before GC invocations=0 (full 0):
 garbage-first heap   total 524288K, used 30720K [0x00000000e0000000, 0x00000000e0101000, 0x0000000100000000)
  region size 1024K, 30 young (30720K), 0 survivors (0K)
 Metaspace       used 9989K, capacity 10256K, committed 10368K, reserved 1058816K
  class space    used 1256K, capacity 1360K, committed 1408K, reserved 1048576K
2021-04-20T14:44:36.344-0700: 2.112: [GC pause (G1 Evacuation Pause) (young)
Desired survivor size 2097152 bytes, new threshold 15 (max 15)
, 0.0096014 secs]
   [Parallel Time: 2.5 ms, GC Workers: 10]
      [GC Worker Start (ms): Min: 2111.9, Avg: 2112.0, Max: 2112.2, Diff: 0.3]
      [Ext Root Scanning (ms): Min: 0.0, Avg: 0.2, Max: 0.9, Diff: 0.9, Sum: 2.4]
      [Update RS (ms): Min: 0.0, Avg: 0.0, Max: 0.0, Diff: 0.0, Sum: 0.0]
         [Processed Buffers: Min: 0, Avg: 0.0, Max: 0, Diff: 0, Sum: 0]
      [Scan RS (ms): Min: 0.0, Avg: 0.0, Max: 0.0, Diff: 0.0, Sum: 0.0]
      [Code Root Scanning (ms): Min: 0.0, Avg: 0.1, Max: 0.5, Diff: 0.5, Sum: 0.8]
      [Object Copy (ms): Min: 1.2, Avg: 1.6, Max: 1.9, Diff: 0.6, Sum: 16.4]
      [Termination (ms): Min: 0.0, Avg: 0.0, Max: 0.0, Diff: 0.0, Sum: 0.1]
         [Termination Attempts: Min: 2, Avg: 47.1, Max: 62, Diff: 60, Sum: 471]
      [GC Worker Other (ms): Min: 0.0, Avg: 0.0, Max: 0.1, Diff: 0.0, Sum: 0.4]
      [GC Worker Total (ms): Min: 1.8, Avg: 2.0, Max: 2.2, Diff: 0.3, Sum: 20.3]
      [GC Worker End (ms): Min: 2114.0, Avg: 2114.0, Max: 2114.0, Diff: 0.0]
   [Code Root Fixup: 0.0 ms]
   [Code Root Purge: 0.0 ms]
   [Clear CT: 0.4 ms]
   [Other: 6.7 ms]
      [Choose CSet: 0.0 ms]
      [Ref Proc: 5.7 ms]
      [Ref Enq: 0.4 ms]
      [Redirty Cards: 0.5 ms]
      [Humongous Register: 0.0 ms]
      [Humongous Reclaim: 0.0 ms]
      [Free CSet: 0.1 ms]
   [Eden: 30.0M(30.0M)->0.0B(49.0M) Survivors: 0.0B->4096.0K Heap: 30.0M(512.0M)->5429.5K(512.0M)]
Heap after GC invocations=1 (full 0):
 garbage-first heap   total 524288K, used 5429K [0x00000000e0000000, 0x00000000e0101000, 0x0000000100000000)
  region size 1024K, 4 young (4096K), 4 survivors (4096K)
 Metaspace       used 9989K, capacity 10256K, committed 10368K, reserved 1058816K
  class space    used 1256K, capacity 1360K, committed 1408K, reserved 1048576K
}
 [Times: user=0.00 sys=0.00, real=0.01 secs] 
2021-04-20T14:44:36.354-0700: 2.122: Total time for which application threads were stopped: 0.0100208 seconds, Stopping threads took: 0.0000193 seconds
2021-04-20T14:44:36.383-0700: 2.151: Total time for which application threads were stopped: 0.0001960 seconds, Stopping threads took: 0.0000232 seconds
2021-04-20T14:44:36.511-0700: 2.279: Total time for which application threads were stopped: 0.0002631 seconds, Stopping threads took: 0.0000312 seconds
2021-04-20T14:44:36.986-0700: 2.754: Total time for which application threads were stopped: 0.0005198 seconds, Stopping threads took: 0.0000476 seconds
2021-04-20T14:44:37.002-0700: 2.770: Total time for which application threads were stopped: 0.0002524 seconds, Stopping threads took: 0.0000327 seconds
2021-04-20T14:44:37.236-0700: 3.005: Total time for which application threads were stopped: 0.0005439 seconds, Stopping threads took: 0.0000625 seconds
{Heap before GC invocations=1 (full 0):
 garbage-first heap   total 524288K, used 56629K [0x00000000e0000000, 0x00000000e0101000, 0x0000000100000000)
  region size 1024K, 52 young (53248K), 4 survivors (4096K)
 Metaspace       used 18427K, capacity 18822K, committed 19072K, reserved 1067008K
  class space    used 2300K, capacity 2404K, committed 2432K, reserved 1048576K
2021-04-20T14:44:38.148-0700: 3.917: [GC pause (G1 Evacuation Pause) (young)
Desired survivor size 3670016 bytes, new threshold 15 (max 15)
- age   1:    2480576 bytes,    2480576 total
, 0.0218150 secs]
   [Parallel Time: 11.0 ms, GC Workers: 10]
      [GC Worker Start (ms): Min: 3916.9, Avg: 3917.0, Max: 3917.2, Diff: 0.3]
      [Ext Root Scanning (ms): Min: 0.3, Avg: 0.6, Max: 1.9, Diff: 1.6, Sum: 6.5]
      [Update RS (ms): Min: 0.0, Avg: 1.2, Max: 1.7, Diff: 1.7, Sum: 12.2]
         [Processed Buffers: Min: 0, Avg: 1.4, Max: 2, Diff: 2, Sum: 14]
      [Scan RS (ms): Min: 0.0, Avg: 0.0, Max: 0.1, Diff: 0.1, Sum: 0.3]
      [Code Root Scanning (ms): Min: 0.0, Avg: 0.2, Max: 1.3, Diff: 1.3, Sum: 1.8]
      [Object Copy (ms): Min: 7.3, Avg: 8.3, Max: 8.6, Diff: 1.3, Sum: 82.9]
      [Termination (ms): Min: 0.0, Avg: 0.0, Max: 0.0, Diff: 0.0, Sum: 0.3]
         [Termination Attempts: Min: 1, Avg: 129.8, Max: 168, Diff: 167, Sum: 1298]
      [GC Worker Other (ms): Min: 0.0, Avg: 0.0, Max: 0.1, Diff: 0.0, Sum: 0.2]
      [GC Worker Total (ms): Min: 10.3, Avg: 10.4, Max: 10.6, Diff: 0.3, Sum: 104.3]
      [GC Worker End (ms): Min: 3927.4, Avg: 3927.4, Max: 3927.5, Diff: 0.0]
   [Code Root Fixup: 0.0 ms]
   [Code Root Purge: 0.0 ms]
   [Clear CT: 0.7 ms]
   [Other: 10.0 ms]
      [Choose CSet: 0.0 ms]
      [Ref Proc: 8.9 ms]
      [Ref Enq: 0.4 ms]
      [Redirty Cards: 0.5 ms]
      [Humongous Register: 0.0 ms]
      [Humongous Reclaim: 0.0 ms]
      [Free CSet: 0.1 ms]
   [Eden: 48.0M(48.0M)->0.0B(300.0M) Survivors: 4096.0K->7168.0K Heap: 55.3M(512.0M)->18.8M(512.0M)]
Heap after GC invocations=2 (full 0):
 garbage-first heap   total 524288K, used 19272K [0x00000000e0000000, 0x00000000e0101000, 0x0000000100000000)
  region size 1024K, 7 young (7168K), 7 survivors (7168K)
 Metaspace       used 18427K, capacity 18822K, committed 19072K, reserved 1067008K
  class space    used 2300K, capacity 2404K, committed 2432K, reserved 1048576K
}
 [Times: user=0.17 sys=0.00, real=0.02 secs] 
2021-04-20T14:44:38.170-0700: 3.939: Total time for which application threads were stopped: 0.0222268 seconds, Stopping threads took: 0.0000348 seconds
{Heap before GC invocations=2 (full 0):
 garbage-first heap   total 524288K, used 45896K [0x00000000e0000000, 0x00000000e0101000, 0x0000000100000000)
  region size 1024K, 33 young (33792K), 7 survivors (7168K)
 Metaspace       used 18630K, capacity 19064K, committed 19456K, reserved 1067008K
  class space    used 2317K, capacity 2441K, committed 2560K, reserved 1048576K
2021-04-20T14:44:38.430-0700: 4.199: [GC pause (G1 Evacuation Pause) (young)
Desired survivor size 2097152 bytes, new threshold 1 (max 15)
- age   1:    6250192 bytes,    6250192 total
- age   2:     900336 bytes,    7150528 total
, 0.0176799 secs]
   [Parallel Time: 8.7 ms, GC Workers: 10]
      [GC Worker Start (ms): Min: 4199.1, Avg: 4199.2, Max: 4199.3, Diff: 0.2]
      [Ext Root Scanning (ms): Min: 0.1, Avg: 0.4, Max: 1.8, Diff: 1.7, Sum: 3.6]
      [Update RS (ms): Min: 0.0, Avg: 0.2, Max: 0.5, Diff: 0.5, Sum: 1.6]
         [Processed Buffers: Min: 0, Avg: 1.5, Max: 4, Diff: 4, Sum: 15]
      [Scan RS (ms): Min: 0.2, Avg: 1.0, Max: 1.4, Diff: 1.1, Sum: 10.4]
      [Code Root Scanning (ms): Min: 0.0, Avg: 0.3, Max: 0.8, Diff: 0.8, Sum: 2.7]
      [Object Copy (ms): Min: 6.2, Avg: 6.6, Max: 6.8, Diff: 0.6, Sum: 65.6]
      [Termination (ms): Min: 0.0, Avg: 0.0, Max: 0.0, Diff: 0.0, Sum: 0.3]
         [Termination Attempts: Min: 1, Avg: 127.5, Max: 169, Diff: 168, Sum: 1275]
      [GC Worker Other (ms): Min: 0.0, Avg: 0.0, Max: 0.0, Diff: 0.0, Sum: 0.1]
      [GC Worker Total (ms): Min: 8.3, Avg: 8.4, Max: 8.5, Diff: 0.2, Sum: 84.4]
      [GC Worker End (ms): Min: 4207.7, Avg: 4207.7, Max: 4207.7, Diff: 0.0]
   [Code Root Fixup: 0.1 ms]
   [Code Root Purge: 0.0 ms]
   [Clear CT: 0.7 ms]
   [Other: 8.1 ms]
      [Choose CSet: 0.0 ms]
      [Ref Proc: 7.2 ms]
      [Ref Enq: 0.3 ms]
      [Redirty Cards: 0.4 ms]
      [Humongous Register: 0.0 ms]
      [Humongous Reclaim: 0.0 ms]
      [Free CSet: 0.1 ms]
   [Eden: 26.0M(23.0M)->0.0B(303.0M) Survivors: 7168.0K->4096.0K Heap: 44.8M(512.0M)->31.0M(512.0M)]
Heap after GC invocations=3 (full 0):
 garbage-first heap   total 524288K, used 31722K [0x00000000e0000000, 0x00000000e0101000, 0x0000000100000000)
  region size 1024K, 4 young (4096K), 4 survivors (4096K)
 Metaspace       used 18630K, capacity 19064K, committed 19456K, reserved 1067008K
  class space    used 2317K, capacity 2441K, committed 2560K, reserved 1048576K
}
 [Times: user=0.09 sys=0.02, real=0.02 secs] 
2021-04-20T14:44:38.448-0700: 4.217: Total time for which application threads were stopped: 0.0179503 seconds, Stopping threads took: 0.0000316 seconds
2021-04-20T14:44:38.601-0700: 4.370: Total time for which application threads were stopped: 0.0003407 seconds, Stopping threads took: 0.0000334 seconds
{Heap before GC invocations=3 (full 0):
 garbage-first heap   total 524288K, used 58346K [0x00000000e0000000, 0x00000000e0101000, 0x0000000100000000)
  region size 1024K, 31 young (31744K), 4 survivors (4096K)
 Metaspace       used 20624K, capacity 21088K, committed 21248K, reserved 1067008K
  class space    used 2558K, capacity 2725K, committed 2816K, reserved 1048576K
2021-04-20T14:44:38.930-0700: 4.698: [GC pause (Metadata GC Threshold) (young) (initial-mark)
Desired survivor size 20447232 bytes, new threshold 15 (max 15)
- age   1:     409976 bytes,     409976 total
, 0.0288415 secs]
   [Parallel Time: 6.9 ms, GC Workers: 10]
      [GC Worker Start (ms): Min: 4698.5, Avg: 4698.9, Max: 4699.2, Diff: 0.7]
      [Ext Root Scanning (ms): Min: 1.5, Avg: 1.8, Max: 2.4, Diff: 0.9, Sum: 18.1]
      [Update RS (ms): Min: 0.0, Avg: 0.5, Max: 2.6, Diff: 2.6, Sum: 5.2]
         [Processed Buffers: Min: 0, Avg: 1.8, Max: 6, Diff: 6, Sum: 18]
      [Scan RS (ms): Min: 0.0, Avg: 0.1, Max: 0.6, Diff: 0.6, Sum: 1.3]
      [Code Root Scanning (ms): Min: 0.0, Avg: 0.0, Max: 0.1, Diff: 0.1, Sum: 0.3]
      [Object Copy (ms): Min: 0.8, Avg: 2.6, Max: 3.0, Diff: 2.2, Sum: 25.6]
      [Termination (ms): Min: 0.0, Avg: 0.2, Max: 0.3, Diff: 0.3, Sum: 2.1]
         [Termination Attempts: Min: 1, Avg: 112.8, Max: 135, Diff: 134, Sum: 1128]
      [GC Worker Other (ms): Min: 0.0, Avg: 0.1, Max: 0.2, Diff: 0.1, Sum: 0.6]
      [GC Worker Total (ms): Min: 5.0, Avg: 5.3, Max: 5.7, Diff: 0.7, Sum: 53.1]
      [GC Worker End (ms): Min: 4704.2, Avg: 4704.2, Max: 4704.3, Diff: 0.1]
   [Code Root Fixup: 0.0 ms]
   [Code Root Purge: 0.0 ms]
   [Clear CT: 1.5 ms]
   [Other: 20.4 ms]
      [Choose CSet: 0.0 ms]
      [Ref Proc: 16.5 ms]
      [Ref Enq: 1.8 ms]
      [Redirty Cards: 1.6 ms]
      [Humongous Register: 0.0 ms]
      [Humongous Reclaim: 0.0 ms]
      [Free CSet: 0.1 ms]
   [Eden: 27.0M(303.0M)->0.0B(302.0M) Survivors: 4096.0K->5120.0K Heap: 57.5M(512.0M)->31.3M(512.0M)]
Heap after GC invocations=4 (full 0):
 garbage-first heap   total 524288K, used 32041K [0x00000000e0000000, 0x00000000e0101000, 0x0000000100000000)
  region size 1024K, 5 young (5120K), 5 survivors (5120K)
 Metaspace       used 20624K, capacity 21088K, committed 21248K, reserved 1067008K
  class space    used 2558K, capacity 2725K, committed 2816K, reserved 1048576K
}
 [Times: user=0.02 sys=0.02, real=0.03 secs] 
2021-04-20T14:44:38.959-0700: 4.728: [GC concurrent-root-region-scan-start]
2021-04-20T14:44:38.960-0700: 4.728: Total time for which application threads were stopped: 0.0299602 seconds, Stopping threads took: 0.0000583 seconds
2021-04-20T14:44:38.963-0700: 4.731: [GC concurrent-root-region-scan-end, 0.0038607 secs]
2021-04-20T14:44:38.963-0700: 4.731: [GC concurrent-mark-start]
2021-04-20T14:44:39.071-0700: 4.839: [GC concurrent-mark-end, 0.1077946 secs]
2021-04-20T14:44:39.074-0700: 4.842: [GC remark 2021-04-20T14:44:39.074-0700: 4.842: [Finalize Marking, 0.0009415 secs] 2021-04-20T14:44:39.075-0700: 4.843: [GC ref-proc, 0.0092814 secs] 2021-04-20T14:44:39.084-0700: 4.853: [Unloading, 0.0061570 secs], 0.0179309 secs]
 [Times: user=0.01 sys=0.14, real=0.02 secs] 
2021-04-20T14:44:39.092-0700: 4.860: Total time for which application threads were stopped: 0.0207147 seconds, Stopping threads took: 0.0024772 seconds
2021-04-20T14:44:39.095-0700: 4.863: [GC cleanup 36M->27M(512M), 0.0031785 secs]
 [Times: user=0.00 sys=0.00, real=0.00 secs] 
2021-04-20T14:44:39.098-0700: 4.866: Total time for which application threads were stopped: 0.0036284 seconds, Stopping threads took: 0.0001688 seconds
2021-04-20T14:44:39.098-0700: 4.866: [GC concurrent-cleanup-start]
2021-04-20T14:44:39.098-0700: 4.866: [GC concurrent-cleanup-end, 0.0000529 secs]
2021-04-20T14:44:39.263-0700: 5.032: Total time for which application threads were stopped: 0.0005032 seconds, Stopping threads took: 0.0000750 seconds
2021-04-20T14:44:40.267-0700: 6.035: Total time for which application threads were stopped: 0.0002483 seconds, Stopping threads took: 0.0001128 seconds
2021-04-20T14:44:40.331-0700: 6.099: Total time for which application threads were stopped: 0.0004168 seconds, Stopping threads took: 0.0000318 seconds
2021-04-20T14:44:40.338-0700: 6.107: Total time for which application threads were stopped: 0.0004121 seconds, Stopping threads took: 0.0000475 seconds
2021-04-20T14:44:40.340-0700: 6.108: Total time for which application threads were stopped: 0.0003527 seconds, Stopping threads took: 0.0000243 seconds
2021-04-20T14:44:40.372-0700: 6.140: Total time for which application threads were stopped: 0.0003357 seconds, Stopping threads took: 0.0000226 seconds
2021-04-20T14:44:40.391-0700: 6.159: Total time for which application threads were stopped: 0.0002695 seconds, Stopping threads took: 0.0001970 seconds
2021-04-20T14:44:40.391-0700: 6.159: Total time for which application threads were stopped: 0.0000851 seconds, Stopping threads took: 0.0000230 seconds
2021-04-20T14:44:40.437-0700: 6.206: Total time for which application threads were stopped: 0.0006204 seconds, Stopping threads took: 0.0000456 seconds
2021-04-20T14:44:40.541-0700: 6.309: Total time for which application threads were stopped: 0.0001336 seconds, Stopping threads took: 0.0000244 seconds
2021-04-20T14:44:40.541-0700: 6.309: Total time for which application threads were stopped: 0.0000868 seconds, Stopping threads took: 0.0000173 seconds
2021-04-20T14:44:40.542-0700: 6.310: Total time for which application threads were stopped: 0.0001275 seconds, Stopping threads took: 0.0000409 seconds
2021-04-20T14:44:40.543-0700: 6.311: Total time for which application threads were stopped: 0.0000953 seconds, Stopping threads took: 0.0000210 seconds
2021-04-20T14:44:40.594-0700: 6.362: Total time for which application threads were stopped: 0.0001920 seconds, Stopping threads took: 0.0000431 seconds
2021-04-20T14:44:40.760-0700: 6.529: Total time for which application threads were stopped: 0.0004963 seconds, Stopping threads took: 0.0000395 seconds
2021-04-20T14:44:40.869-0700: 6.637: Total time for which application threads were stopped: 0.0005306 seconds, Stopping threads took: 0.0000445 seconds
2021-04-20T14:44:40.934-0700: 6.703: Total time for which application threads were stopped: 0.0001094 seconds, Stopping threads took: 0.0000319 seconds
2021-04-20T14:44:40.938-0700: 6.706: Total time for which application threads were stopped: 0.0001417 seconds, Stopping threads took: 0.0000400 seconds
2021-04-20T14:44:40.939-0700: 6.707: Total time for which application threads were stopped: 0.0001617 seconds, Stopping threads took: 0.0000640 seconds
2021-04-20T14:44:40.989-0700: 6.757: Total time for which application threads were stopped: 0.0001112 seconds, Stopping threads took: 0.0000298 seconds
2021-04-20T14:44:41.072-0700: 6.840: Total time for which application threads were stopped: 0.0004605 seconds, Stopping threads took: 0.0003128 seconds
2021-04-20T14:44:41.079-0700: 6.847: Total time for which application threads were stopped: 0.0000881 seconds, Stopping threads took: 0.0000295 seconds
2021-04-20T14:44:41.091-0700: 6.859: Total time for which application threads were stopped: 0.0000854 seconds, Stopping threads took: 0.0000345 seconds
2021-04-20T14:44:41.091-0700: 6.859: Total time for which application threads were stopped: 0.0001306 seconds, Stopping threads took: 0.0000868 seconds
2021-04-20T14:44:41.115-0700: 6.883: Total time for which application threads were stopped: 0.0001013 seconds, Stopping threads took: 0.0000238 seconds
2021-04-20T14:44:41.129-0700: 6.898: Total time for which application threads were stopped: 0.0001818 seconds, Stopping threads took: 0.0000302 seconds
2021-04-20T14:44:41.218-0700: 6.986: Total time for which application threads were stopped: 0.0003072 seconds, Stopping threads took: 0.0000496 seconds
2021-04-20T14:44:41.225-0700: 6.993: Total time for which application threads were stopped: 0.0001248 seconds, Stopping threads took: 0.0000372 seconds
2021-04-20T14:44:41.227-0700: 6.995: Total time for which application threads were stopped: 0.0002306 seconds, Stopping threads took: 0.0001364 seconds
2021-04-20T14:44:41.228-0700: 6.996: Total time for which application threads were stopped: 0.0003695 seconds, Stopping threads took: 0.0002920 seconds
2021-04-20T14:44:41.228-0700: 6.996: Total time for which application threads were stopped: 0.0002175 seconds, Stopping threads took: 0.0001343 seconds
2021-04-20T14:44:41.230-0700: 6.998: Total time for which application threads were stopped: 0.0001766 seconds, Stopping threads took: 0.0000508 seconds
2021-04-20T14:44:41.230-0700: 6.998: Total time for which application threads were stopped: 0.0000960 seconds, Stopping threads took: 0.0000415 seconds
2021-04-20T14:44:41.242-0700: 7.010: Total time for which application threads were stopped: 0.0006144 seconds, Stopping threads took: 0.0001226 seconds
2021-04-20T14:44:41.455-0700: 7.223: Total time for which application threads were stopped: 0.0003245 seconds, Stopping threads took: 0.0001006 seconds
2021-04-20T14:44:41.525-0700: 7.293: Total time for which application threads were stopped: 0.0001676 seconds, Stopping threads took: 0.0000385 seconds
2021-04-20T14:44:41.526-0700: 7.294: Total time for which application threads were stopped: 0.0002303 seconds, Stopping threads took: 0.0001018 seconds
2021-04-20T14:44:41.526-0700: 7.295: Total time for which application threads were stopped: 0.0001463 seconds, Stopping threads took: 0.0000415 seconds
2021-04-20T14:44:41.527-0700: 7.295: Total time for which application threads were stopped: 0.0001247 seconds, Stopping threads took: 0.0000323 seconds
2021-04-20T14:44:41.632-0700: 7.400: Total time for which application threads were stopped: 0.0003894 seconds, Stopping threads took: 0.0002719 seconds
2021-04-20T14:44:41.632-0700: 7.400: Total time for which application threads were stopped: 0.0001669 seconds, Stopping threads took: 0.0000404 seconds
2021-04-20T14:44:41.633-0700: 7.401: Total time for which application threads were stopped: 0.0002126 seconds, Stopping threads took: 0.0001092 seconds
2021-04-20T14:44:41.633-0700: 7.401: Total time for which application threads were stopped: 0.0002021 seconds, Stopping threads took: 0.0001121 seconds
2021-04-20T14:44:41.633-0700: 7.401: Total time for which application threads were stopped: 0.0001586 seconds, Stopping threads took: 0.0000663 seconds
2021-04-20T14:44:41.635-0700: 7.403: Total time for which application threads were stopped: 0.0003237 seconds, Stopping threads took: 0.0001984 seconds
2021-04-20T14:44:41.638-0700: 7.406: Total time for which application threads were stopped: 0.0003359 seconds, Stopping threads took: 0.0002106 seconds
2021-04-20T14:44:41.638-0700: 7.406: Total time for which application threads were stopped: 0.0001824 seconds, Stopping threads took: 0.0000398 seconds
2021-04-20T14:44:41.639-0700: 7.408: Total time for which application threads were stopped: 0.0006759 seconds, Stopping threads took: 0.0004474 seconds
2021-04-20T14:44:41.641-0700: 7.409: Total time for which application threads were stopped: 0.0002979 seconds, Stopping threads took: 0.0001403 seconds
2021-04-20T14:44:41.642-0700: 7.410: Total time for which application threads were stopped: 0.0002449 seconds, Stopping threads took: 0.0001555 seconds
2021-04-20T14:44:41.642-0700: 7.410: Total time for which application threads were stopped: 0.0001531 seconds, Stopping threads took: 0.0000627 seconds
2021-04-20T14:44:41.644-0700: 7.413: Total time for which application threads were stopped: 0.0002514 seconds, Stopping threads took: 0.0001761 seconds
2021-04-20T14:44:41.648-0700: 7.416: Total time for which application threads were stopped: 0.0001843 seconds, Stopping threads took: 0.0000464 seconds
2021-04-20T14:44:41.652-0700: 7.420: Total time for which application threads were stopped: 0.0004913 seconds, Stopping threads took: 0.0002783 seconds
2021-04-20T14:44:41.653-0700: 7.421: Total time for which application threads were stopped: 0.0001921 seconds, Stopping threads took: 0.0000809 seconds
2021-04-20T14:44:41.657-0700: 7.425: Total time for which application threads were stopped: 0.0001992 seconds, Stopping threads took: 0.0000722 seconds
2021-04-20T14:44:41.679-0700: 7.447: Total time for which application threads were stopped: 0.0005066 seconds, Stopping threads took: 0.0003556 seconds
2021-04-20T14:44:41.679-0700: 7.447: Total time for which application threads were stopped: 0.0001432 seconds, Stopping threads took: 0.0000428 seconds
2021-04-20T14:44:41.680-0700: 7.449: Total time for which application threads were stopped: 0.0003290 seconds, Stopping threads took: 0.0001433 seconds
2021-04-20T14:44:41.681-0700: 7.449: Total time for which application threads were stopped: 0.0001343 seconds, Stopping threads took: 0.0000391 seconds
2021-04-20T14:44:41.682-0700: 7.450: Total time for which application threads were stopped: 0.0002185 seconds, Stopping threads took: 0.0000807 seconds
2021-04-20T14:44:41.683-0700: 7.451: Total time for which application threads were stopped: 0.0002463 seconds, Stopping threads took: 0.0001098 seconds
2021-04-20T14:44:41.684-0700: 7.452: Total time for which application threads were stopped: 0.0001723 seconds, Stopping threads took: 0.0000478 seconds
2021-04-20T14:44:41.694-0700: 7.462: Total time for which application threads were stopped: 0.0002020 seconds, Stopping threads took: 0.0000630 seconds
2021-04-20T14:44:41.695-0700: 7.463: Total time for which application threads were stopped: 0.0004440 seconds, Stopping threads took: 0.0000406 seconds
2021-04-20T14:44:41.706-0700: 7.474: Total time for which application threads were stopped: 0.0002619 seconds, Stopping threads took: 0.0001036 seconds
2021-04-20T14:44:41.706-0700: 7.474: Total time for which application threads were stopped: 0.0002020 seconds, Stopping threads took: 0.0001242 seconds
2021-04-20T14:44:41.718-0700: 7.486: Total time for which application threads were stopped: 0.0002946 seconds, Stopping threads took: 0.0001264 seconds
{Heap before GC invocations=5 (full 0):
 garbage-first heap   total 524288K, used 233790K [0x00000000e0000000, 0x00000000e0101000, 0x0000000100000000)
  region size 1024K, 212 young (217088K), 5 survivors (5120K)
 Metaspace       used 34869K, capacity 35960K, committed 36048K, reserved 1081344K
  class space    used 4268K, capacity 4564K, committed 4608K, reserved 1048576K
2021-04-20T14:44:41.746-0700: 7.514: [GC pause (Metadata GC Threshold) (young) (initial-mark)
Desired survivor size 20447232 bytes, new threshold 15 (max 15)
- age   1:     675224 bytes,     675224 total
- age   2:     396768 bytes,    1071992 total
, 0.0145939 secs]
   [Parallel Time: 6.9 ms, GC Workers: 10]
      [GC Worker Start (ms): Min: 7514.0, Avg: 7514.2, Max: 7514.9, Diff: 0.8]
      [Ext Root Scanning (ms): Min: 0.7, Avg: 1.4, Max: 2.0, Diff: 1.3, Sum: 13.9]
      [Update RS (ms): Min: 0.0, Avg: 0.3, Max: 0.8, Diff: 0.8, Sum: 2.8]
         [Processed Buffers: Min: 0, Avg: 2.1, Max: 6, Diff: 6, Sum: 21]
      [Scan RS (ms): Min: 0.0, Avg: 0.0, Max: 0.1, Diff: 0.0, Sum: 0.3]
      [Code Root Scanning (ms): Min: 0.0, Avg: 0.4, Max: 2.7, Diff: 2.7, Sum: 4.0]
      [Object Copy (ms): Min: 2.1, Avg: 4.3, Max: 4.8, Diff: 2.7, Sum: 42.7]
      [Termination (ms): Min: 0.0, Avg: 0.0, Max: 0.0, Diff: 0.0, Sum: 0.0]
         [Termination Attempts: Min: 1, Avg: 1.0, Max: 1, Diff: 0, Sum: 10]
      [GC Worker Other (ms): Min: 0.0, Avg: 0.1, Max: 0.1, Diff: 0.1, Sum: 0.7]
      [GC Worker Total (ms): Min: 5.8, Avg: 6.4, Max: 6.7, Diff: 0.9, Sum: 64.4]
      [GC Worker End (ms): Min: 7520.6, Avg: 7520.7, Max: 7520.8, Diff: 0.1]
   [Code Root Fixup: 0.1 ms]
   [Code Root Purge: 0.0 ms]
   [Clear CT: 0.3 ms]
   [Other: 7.3 ms]
      [Choose CSet: 0.0 ms]
      [Ref Proc: 6.3 ms]
      [Ref Enq: 0.3 ms]
      [Redirty Cards: 0.3 ms]
      [Humongous Register: 0.0 ms]
      [Humongous Reclaim: 0.0 ms]
      [Free CSet: 0.2 ms]
   [Eden: 207.0M(302.0M)->0.0B(286.0M) Survivors: 5120.0K->21.0M Heap: 229.3M(512.0M)->38.2M(512.0M)]
Heap after GC invocations=6 (full 0):
 garbage-first heap   total 524288K, used 39145K [0x00000000e0000000, 0x00000000e0101000, 0x0000000100000000)
  region size 1024K, 21 young (21504K), 21 survivors (21504K)
 Metaspace       used 34869K, capacity 35960K, committed 36048K, reserved 1081344K
  class space    used 4268K, capacity 4564K, committed 4608K, reserved 1048576K
}
 [Times: user=0.00 sys=0.02, real=0.01 secs] 
2021-04-20T14:44:41.760-0700: 7.529: [GC concurrent-root-region-scan-start]
2021-04-20T14:44:41.761-0700: 7.529: Total time for which application threads were stopped: 0.0152856 seconds, Stopping threads took: 0.0001031 seconds
2021-04-20T14:44:41.763-0700: 7.531: Total time for which application threads were stopped: 0.0007534 seconds, Stopping threads took: 0.0005954 seconds
2021-04-20T14:44:41.763-0700: 7.532: Total time for which application threads were stopped: 0.0002344 seconds, Stopping threads took: 0.0000711 seconds
2021-04-20T14:44:41.768-0700: 7.536: Total time for which application threads were stopped: 0.0002974 seconds, Stopping threads took: 0.0001461 seconds
2021-04-20T14:44:41.768-0700: 7.536: [GC concurrent-root-region-scan-end, 0.0076235 secs]
2021-04-20T14:44:41.768-0700: 7.536: [GC concurrent-mark-start]
2021-04-20T14:44:41.770-0700: 7.538: Total time for which application threads were stopped: 0.0002143 seconds, Stopping threads took: 0.0001058 seconds
2021-04-20T14:44:41.770-0700: 7.538: Total time for which application threads were stopped: 0.0002196 seconds, Stopping threads took: 0.0001139 seconds
2021-04-20T14:44:41.772-0700: 7.540: Total time for which application threads were stopped: 0.0011548 seconds, Stopping threads took: 0.0009978 seconds
2021-04-20T14:44:41.772-0700: 7.540: Total time for which application threads were stopped: 0.0002702 seconds, Stopping threads took: 0.0001245 seconds
2021-04-20T14:44:41.772-0700: 7.540: Total time for which application threads were stopped: 0.0002454 seconds, Stopping threads took: 0.0001132 seconds
2021-04-20T14:44:41.809-0700: 7.577: [GC concurrent-mark-end, 0.0407473 secs]
2021-04-20T14:44:41.809-0700: 7.577: [GC remark 2021-04-20T14:44:41.809-0700: 7.577: [Finalize Marking, 0.0002879 secs] 2021-04-20T14:44:41.809-0700: 7.578: [GC ref-proc, 0.0030378 secs] 2021-04-20T14:44:41.812-0700: 7.581: [Unloading, 0.0038801 secs], 0.0076192 secs]
 [Times: user=0.00 sys=0.00, real=0.01 secs] 
2021-04-20T14:44:41.817-0700: 7.585: Total time for which application threads were stopped: 0.0078773 seconds, Stopping threads took: 0.0000900 seconds
2021-04-20T14:44:41.817-0700: 7.585: [GC cleanup 60M->60M(512M), 0.0010808 secs]
 [Times: user=0.00 sys=0.00, real=0.00 secs] 
2021-04-20T14:44:41.818-0700: 7.586: Total time for which application threads were stopped: 0.0014808 seconds, Stopping threads took: 0.0002879 seconds
2021-04-20T14:44:41.819-0700: 7.587: Total time for which application threads were stopped: 0.0001149 seconds, Stopping threads took: 0.0000279 seconds
2021-04-20T14:44:41.822-0700: 7.590: Total time for which application threads were stopped: 0.0003019 seconds, Stopping threads took: 0.0000628 seconds
2021-04-20T14:44:41.823-0700: 7.591: Total time for which application threads were stopped: 0.0001140 seconds, Stopping threads took: 0.0000542 seconds
2021-04-20T14:44:41.827-0700: 7.595: Total time for which application threads were stopped: 0.0002401 seconds, Stopping threads took: 0.0000932 seconds
2021-04-20T14:44:41.827-0700: 7.595: Total time for which application threads were stopped: 0.0001682 seconds, Stopping threads took: 0.0000781 seconds
2021-04-20T14:44:41.830-0700: 7.598: Total time for which application threads were stopped: 0.0001775 seconds, Stopping threads took: 0.0000839 seconds
2021-04-20T14:44:41.830-0700: 7.598: Total time for which application threads were stopped: 0.0001502 seconds, Stopping threads took: 0.0000611 seconds
2021-04-20T14:44:41.830-0700: 7.598: Total time for which application threads were stopped: 0.0001707 seconds, Stopping threads took: 0.0000947 seconds
2021-04-20T14:44:41.834-0700: 7.602: Total time for which application threads were stopped: 0.0002068 seconds, Stopping threads took: 0.0000707 seconds
2021-04-20T14:44:41.842-0700: 7.610: Total time for which application threads were stopped: 0.0001514 seconds, Stopping threads took: 0.0000530 seconds
2021-04-20T14:44:41.845-0700: 7.613: Total time for which application threads were stopped: 0.0001260 seconds, Stopping threads took: 0.0000422 seconds
2021-04-20T14:44:41.865-0700: 7.633: Total time for which application threads were stopped: 0.0001042 seconds, Stopping threads took: 0.0000354 seconds
2021-04-20T14:44:41.865-0700: 7.633: Total time for which application threads were stopped: 0.0000962 seconds, Stopping threads took: 0.0000230 seconds
2021-04-20T14:44:41.865-0700: 7.634: Total time for which application threads were stopped: 0.0000949 seconds, Stopping threads took: 0.0000296 seconds
2021-04-20T14:44:41.866-0700: 7.634: Total time for which application threads were stopped: 0.0001145 seconds, Stopping threads took: 0.0000554 seconds
2021-04-20T14:44:41.866-0700: 7.634: Total time for which application threads were stopped: 0.0001154 seconds, Stopping threads took: 0.0000264 seconds
2021-04-20T14:44:41.868-0700: 7.637: Total time for which application threads were stopped: 0.0001524 seconds, Stopping threads took: 0.0000647 seconds
2021-04-20T14:44:41.869-0700: 7.637: Total time for which application threads were stopped: 0.0000836 seconds, Stopping threads took: 0.0000293 seconds
2021-04-20T14:44:41.874-0700: 7.642: Total time for which application threads were stopped: 0.0002976 seconds, Stopping threads took: 0.0001242 seconds
2021-04-20T14:44:41.874-0700: 7.642: Total time for which application threads were stopped: 0.0001633 seconds, Stopping threads took: 0.0000631 seconds
2021-04-20T14:44:41.912-0700: 7.680: Total time for which application threads were stopped: 0.0002133 seconds, Stopping threads took: 0.0000737 seconds
2021-04-20T14:44:41.913-0700: 7.681: Total time for which application threads were stopped: 0.0003701 seconds, Stopping threads took: 0.0000328 seconds
2021-04-20T14:44:41.913-0700: 7.681: Total time for which application threads were stopped: 0.0001179 seconds, Stopping threads took: 0.0000563 seconds
2021-04-20T14:44:41.913-0700: 7.681: Total time for which application threads were stopped: 0.0001323 seconds, Stopping threads took: 0.0000574 seconds
2021-04-20T14:44:41.913-0700: 7.682: Total time for which application threads were stopped: 0.0001162 seconds, Stopping threads took: 0.0000479 seconds
2021-04-20T14:44:41.914-0700: 7.682: Total time for which application threads were stopped: 0.0001131 seconds, Stopping threads took: 0.0000490 seconds
2021-04-20T14:44:41.914-0700: 7.682: Total time for which application threads were stopped: 0.0001041 seconds, Stopping threads took: 0.0000317 seconds
2021-04-20T14:44:41.914-0700: 7.683: Total time for which application threads were stopped: 0.0000943 seconds, Stopping threads took: 0.0000294 seconds
2021-04-20T14:44:41.915-0700: 7.683: Total time for which application threads were stopped: 0.0001585 seconds, Stopping threads took: 0.0000780 seconds
2021-04-20T14:44:41.915-0700: 7.683: Total time for which application threads were stopped: 0.0001102 seconds, Stopping threads took: 0.0000548 seconds
2021-04-20T14:44:41.915-0700: 7.683: Total time for which application threads were stopped: 0.0001046 seconds, Stopping threads took: 0.0000433 seconds
2021-04-20T14:44:41.916-0700: 7.684: Total time for which application threads were stopped: 0.0001188 seconds, Stopping threads took: 0.0000352 seconds
2021-04-20T14:44:41.916-0700: 7.684: Total time for which application threads were stopped: 0.0003222 seconds, Stopping threads took: 0.0000664 seconds
2021-04-20T14:44:41.939-0700: 7.707: Total time for which application threads were stopped: 0.0001904 seconds, Stopping threads took: 0.0000456 seconds
2021-04-20T14:44:41.944-0700: 7.712: Total time for which application threads were stopped: 0.0001421 seconds, Stopping threads took: 0.0000741 seconds
2021-04-20T14:44:42.064-0700: 7.832: Total time for which application threads were stopped: 0.0002929 seconds, Stopping threads took: 0.0000837 seconds
2021-04-20T14:44:42.137-0700: 7.905: Total time for which application threads were stopped: 0.0001112 seconds, Stopping threads took: 0.0000320 seconds
2021-04-20T14:44:42.138-0700: 7.906: Total time for which application threads were stopped: 0.0000892 seconds, Stopping threads took: 0.0000242 seconds
2021-04-20T14:44:42.141-0700: 7.909: Total time for which application threads were stopped: 0.0000868 seconds, Stopping threads took: 0.0000278 seconds
2021-04-20T14:44:42.141-0700: 7.909: Total time for which application threads were stopped: 0.0001036 seconds, Stopping threads took: 0.0000299 seconds
2021-04-20T14:44:42.158-0700: 7.926: Total time for which application threads were stopped: 0.0001338 seconds, Stopping threads took: 0.0000322 seconds
2021-04-20T14:44:42.158-0700: 7.926: Total time for which application threads were stopped: 0.0000806 seconds, Stopping threads took: 0.0000203 seconds
2021-04-20T14:44:42.158-0700: 7.926: Total time for which application threads were stopped: 0.0000796 seconds, Stopping threads took: 0.0000200 seconds
2021-04-20T14:44:42.160-0700: 7.928: Total time for which application threads were stopped: 0.0001016 seconds, Stopping threads took: 0.0000265 seconds
2021-04-20T14:44:42.161-0700: 7.929: Total time for which application threads were stopped: 0.0001401 seconds, Stopping threads took: 0.0000534 seconds
2021-04-20T14:44:42.164-0700: 7.932: Total time for which application threads were stopped: 0.0000973 seconds, Stopping threads took: 0.0000230 seconds
2021-04-20T14:44:42.165-0700: 7.933: Total time for which application threads were stopped: 0.0000884 seconds, Stopping threads took: 0.0000194 seconds
2021-04-20T14:44:42.165-0700: 7.933: Total time for which application threads were stopped: 0.0000855 seconds, Stopping threads took: 0.0000192 seconds
2021-04-20T14:44:42.165-0700: 7.933: Total time for which application threads were stopped: 0.0000847 seconds, Stopping threads took: 0.0000202 seconds
2021-04-20T14:44:42.165-0700: 7.933: Total time for which application threads were stopped: 0.0000807 seconds, Stopping threads took: 0.0000190 seconds
2021-04-20T14:44:42.165-0700: 7.933: Total time for which application threads were stopped: 0.0000813 seconds, Stopping threads took: 0.0000191 seconds
2021-04-20T14:44:42.165-0700: 7.933: Total time for which application threads were stopped: 0.0000812 seconds, Stopping threads took: 0.0000189 seconds
2021-04-20T14:44:42.165-0700: 7.934: Total time for which application threads were stopped: 0.0000794 seconds, Stopping threads took: 0.0000192 seconds
2021-04-20T14:44:42.167-0700: 7.935: Total time for which application threads were stopped: 0.0001761 seconds, Stopping threads took: 0.0000762 seconds
2021-04-20T14:44:42.168-0700: 7.937: Total time for which application threads were stopped: 0.0001142 seconds, Stopping threads took: 0.0000305 seconds
2021-04-20T14:44:42.195-0700: 7.963: Total time for which application threads were stopped: 0.0001483 seconds, Stopping threads took: 0.0000428 seconds
2021-04-20T14:44:42.326-0700: 8.094: Total time for which application threads were stopped: 0.0003869 seconds, Stopping threads took: 0.0002380 seconds
2021-04-20T14:44:42.327-0700: 8.095: Total time for which application threads were stopped: 0.0002554 seconds, Stopping threads took: 0.0001800 seconds
2021-04-20T14:44:42.329-0700: 8.097: Total time for which application threads were stopped: 0.0003025 seconds, Stopping threads took: 0.0002314 seconds
2021-04-20T14:44:42.330-0700: 8.098: Total time for which application threads were stopped: 0.0001244 seconds, Stopping threads took: 0.0000576 seconds
2021-04-20T14:44:42.331-0700: 8.099: Total time for which application threads were stopped: 0.0001122 seconds, Stopping threads took: 0.0000299 seconds
2021-04-20T14:44:42.332-0700: 8.100: Total time for which application threads were stopped: 0.0001519 seconds, Stopping threads took: 0.0000889 seconds
2021-04-20T14:44:42.333-0700: 8.101: Total time for which application threads were stopped: 0.0001510 seconds, Stopping threads took: 0.0000890 seconds
2021-04-20T14:44:42.334-0700: 8.102: Total time for which application threads were stopped: 0.0000909 seconds, Stopping threads took: 0.0000307 seconds
2021-04-20T14:44:42.358-0700: 8.126: Total time for which application threads were stopped: 0.0004888 seconds, Stopping threads took: 0.0000324 seconds
2021-04-20T14:44:42.367-0700: 8.135: Total time for which application threads were stopped: 0.0001233 seconds, Stopping threads took: 0.0000372 seconds
2021-04-20T14:44:42.478-0700: 8.246: Total time for which application threads were stopped: 0.0006774 seconds, Stopping threads took: 0.0000398 seconds
2021-04-20T14:44:42.719-0700: 8.487: Total time for which application threads were stopped: 0.0002690 seconds, Stopping threads took: 0.0000610 seconds
2021-04-20T14:44:42.726-0700: 8.494: Total time for which application threads were stopped: 0.0002731 seconds, Stopping threads took: 0.0001539 seconds
2021-04-20T14:44:42.726-0700: 8.494: Total time for which application threads were stopped: 0.0001555 seconds, Stopping threads took: 0.0000674 seconds
2021-04-20T14:44:42.746-0700: 8.514: Total time for which application threads were stopped: 0.0002026 seconds, Stopping threads took: 0.0000454 seconds
2021-04-20T14:44:42.752-0700: 8.520: Total time for which application threads were stopped: 0.0001790 seconds, Stopping threads took: 0.0000813 seconds
2021-04-20T14:44:42.757-0700: 8.525: Total time for which application threads were stopped: 0.0001593 seconds, Stopping threads took: 0.0000711 seconds
2021-04-20T14:44:42.762-0700: 8.530: Total time for which application threads were stopped: 0.0001691 seconds, Stopping threads took: 0.0000672 seconds
2021-04-20T14:44:42.767-0700: 8.535: Total time for which application threads were stopped: 0.0001684 seconds, Stopping threads took: 0.0000650 seconds
2021-04-20T14:44:42.778-0700: 8.546: Total time for which application threads were stopped: 0.0001930 seconds, Stopping threads took: 0.0000819 seconds
{Heap before GC invocations=7 (full 0):
 garbage-first heap   total 524288K, used 332906K [0x00000000e0000000, 0x00000000e0101000, 0x0000000100000000)
  region size 1024K, 307 young (314368K), 21 survivors (21504K)
 Metaspace       used 40367K, capacity 41874K, committed 42192K, reserved 1085440K
  class space    used 4972K, capacity 5309K, committed 5376K, reserved 1048576K
2021-04-20T14:44:42.874-0700: 8.643: [GC pause (G1 Evacuation Pause) (young)
Desired survivor size 20447232 bytes, new threshold 15 (max 15)
- age   1:    6388280 bytes,    6388280 total
- age   2:     597640 bytes,    6985920 total
- age   3:     395304 bytes,    7381224 total
, 0.0129172 secs]
   [Parallel Time: 7.3 ms, GC Workers: 10]
      [GC Worker Start (ms): Min: 8643.2, Avg: 8643.3, Max: 8643.3, Diff: 0.2]
      [Ext Root Scanning (ms): Min: 0.6, Avg: 1.0, Max: 2.4, Diff: 1.7, Sum: 10.3]
      [Update RS (ms): Min: 0.0, Avg: 0.3, Max: 0.6, Diff: 0.6, Sum: 2.6]
         [Processed Buffers: Min: 0, Avg: 2.5, Max: 8, Diff: 8, Sum: 25]
      [Scan RS (ms): Min: 0.0, Avg: 0.0, Max: 0.1, Diff: 0.1, Sum: 0.3]
      [Code Root Scanning (ms): Min: 0.0, Avg: 0.4, Max: 0.8, Diff: 0.8, Sum: 3.6]
      [Object Copy (ms): Min: 4.1, Avg: 4.8, Max: 5.1, Diff: 1.0, Sum: 47.7]
      [Termination (ms): Min: 0.0, Avg: 0.1, Max: 0.2, Diff: 0.2, Sum: 0.9]
         [Termination Attempts: Min: 1, Avg: 30.7, Max: 45, Diff: 44, Sum: 307]
      [GC Worker Other (ms): Min: 0.0, Avg: 0.0, Max: 0.0, Diff: 0.0, Sum: 0.2]
      [GC Worker Total (ms): Min: 6.4, Avg: 6.6, Max: 6.7, Diff: 0.2, Sum: 65.6]
      [GC Worker End (ms): Min: 8649.8, Avg: 8649.8, Max: 8649.9, Diff: 0.1]
   [Code Root Fixup: 0.1 ms]
   [Code Root Purge: 0.1 ms]
   [Clear CT: 0.2 ms]
   [Other: 5.3 ms]
      [Choose CSet: 0.0 ms]
      [Ref Proc: 3.9 ms]
      [Ref Enq: 0.3 ms]
      [Redirty Cards: 0.2 ms]
      [Humongous Register: 0.0 ms]
      [Humongous Reclaim: 0.0 ms]
      [Free CSet: 0.2 ms]
   [Eden: 286.0M(286.0M)->0.0B(288.0M) Survivors: 21.0M->19.0M Heap: 325.1M(512.0M)->37.0M(512.0M)]
Heap after GC invocations=8 (full 0):
 garbage-first heap   total 524288K, used 37888K [0x00000000e0000000, 0x00000000e0101000, 0x0000000100000000)
  region size 1024K, 19 young (19456K), 19 survivors (19456K)
 Metaspace       used 40367K, capacity 41874K, committed 42192K, reserved 1085440K
  class space    used 4972K, capacity 5309K, committed 5376K, reserved 1048576K
}
 [Times: user=0.14 sys=0.00, real=0.01 secs] 
2021-04-20T14:44:42.888-0700: 8.656: Total time for which application threads were stopped: 0.0133091 seconds, Stopping threads took: 0.0000657 seconds
2021-04-20T14:44:42.889-0700: 8.658: Total time for which application threads were stopped: 0.0001771 seconds, Stopping threads took: 0.0000748 seconds
2021-04-20T14:44:42.890-0700: 8.658: Total time for which application threads were stopped: 0.0001550 seconds, Stopping threads took: 0.0000677 seconds
2021-04-20T14:44:42.890-0700: 8.658: Total time for which application threads were stopped: 0.0001508 seconds, Stopping threads took: 0.0000923 seconds
2021-04-20T14:44:42.890-0700: 8.658: Total time for which application threads were stopped: 0.0001297 seconds, Stopping threads took: 0.0000569 seconds
2021-04-20T14:44:42.891-0700: 8.659: Total time for which application threads were stopped: 0.0001321 seconds, Stopping threads took: 0.0000564 seconds
2021-04-20T14:44:43.038-0700: 8.806: Total time for which application threads were stopped: 0.0001443 seconds, Stopping threads took: 0.0000268 seconds
2021-04-20T14:44:43.039-0700: 8.807: Total time for which application threads were stopped: 0.0001185 seconds, Stopping threads took: 0.0000483 seconds
2021-04-20T14:44:43.063-0700: 8.831: Total time for which application threads were stopped: 0.0001094 seconds, Stopping threads took: 0.0000339 seconds
2021-04-20T14:44:43.064-0700: 8.832: Total time for which application threads were stopped: 0.0001173 seconds, Stopping threads took: 0.0000593 seconds
2021-04-20T14:44:43.064-0700: 8.832: Total time for which application threads were stopped: 0.0000604 seconds, Stopping threads took: 0.0000206 seconds
2021-04-20T14:44:43.064-0700: 8.832: Total time for which application threads were stopped: 0.0000586 seconds, Stopping threads took: 0.0000195 seconds
2021-04-20T14:44:43.064-0700: 8.832: Total time for which application threads were stopped: 0.0000594 seconds, Stopping threads took: 0.0000207 seconds
2021-04-20T14:44:43.064-0700: 8.832: Total time for which application threads were stopped: 0.0000589 seconds, Stopping threads took: 0.0000199 seconds
2021-04-20T14:44:43.086-0700: 8.854: Total time for which application threads were stopped: 0.0007395 seconds, Stopping threads took: 0.0000314 seconds
2021-04-20T14:44:43.162-0700: 8.930: Total time for which application threads were stopped: 0.0002142 seconds, Stopping threads took: 0.0001059 seconds
2021-04-20T14:44:43.164-0700: 8.932: Total time for which application threads were stopped: 0.0001523 seconds, Stopping threads took: 0.0000674 seconds
2021-04-20T14:44:43.165-0700: 8.933: Total time for which application threads were stopped: 0.0001362 seconds, Stopping threads took: 0.0000554 seconds
2021-04-20T14:44:43.165-0700: 8.933: Total time for which application threads were stopped: 0.0000814 seconds, Stopping threads took: 0.0000233 seconds
2021-04-20T14:44:43.165-0700: 8.933: Total time for which application threads were stopped: 0.0001076 seconds, Stopping threads took: 0.0000472 seconds
2021-04-20T14:44:43.167-0700: 8.935: Total time for which application threads were stopped: 0.0002073 seconds, Stopping threads took: 0.0000748 seconds
2021-04-20T14:44:43.247-0700: 9.015: Total time for which application threads were stopped: 0.0003119 seconds, Stopping threads took: 0.0000352 seconds
2021-04-20T14:44:43.484-0700: 9.252: Total time for which application threads were stopped: 0.0001342 seconds, Stopping threads took: 0.0000377 seconds
2021-04-20T14:44:43.484-0700: 9.252: Total time for which application threads were stopped: 0.0001055 seconds, Stopping threads took: 0.0000282 seconds
2021-04-20T14:44:43.514-0700: 9.282: Total time for which application threads were stopped: 0.0001435 seconds, Stopping threads took: 0.0000362 seconds
2021-04-20T14:44:43.515-0700: 9.283: Total time for which application threads were stopped: 0.0002246 seconds, Stopping threads took: 0.0001316 seconds
2021-04-20T14:44:43.516-0700: 9.284: Total time for which application threads were stopped: 0.0002179 seconds, Stopping threads took: 0.0001474 seconds
2021-04-20T14:44:43.516-0700: 9.284: Total time for which application threads were stopped: 0.0001048 seconds, Stopping threads took: 0.0000377 seconds
2021-04-20T14:44:43.597-0700: 9.365: Total time for which application threads were stopped: 0.0001563 seconds, Stopping threads took: 0.0000423 seconds
2021-04-20T14:44:43.601-0700: 9.369: Total time for which application threads were stopped: 0.0001871 seconds, Stopping threads took: 0.0000694 seconds
2021-04-20T14:44:43.601-0700: 9.369: Total time for which application threads were stopped: 0.0001498 seconds, Stopping threads took: 0.0000547 seconds
2021-04-20T14:44:43.613-0700: 9.381: Total time for which application threads were stopped: 0.0002411 seconds, Stopping threads took: 0.0000522 seconds
2021-04-20T14:44:43.613-0700: 9.381: Total time for which application threads were stopped: 0.0001746 seconds, Stopping threads took: 0.0000572 seconds
2021-04-20T14:44:43.619-0700: 9.387: Total time for which application threads were stopped: 0.0002376 seconds, Stopping threads took: 0.0000917 seconds
2021-04-20T14:44:43.623-0700: 9.391: Total time for which application threads were stopped: 0.0002516 seconds, Stopping threads took: 0.0001196 seconds
2021-04-20T14:44:43.632-0700: 9.400: Total time for which application threads were stopped: 0.0003751 seconds, Stopping threads took: 0.0001175 seconds
2021-04-20T14:44:43.633-0700: 9.401: Total time for which application threads were stopped: 0.0002761 seconds, Stopping threads took: 0.0000464 seconds
2021-04-20T14:44:43.937-0700: 9.705: Total time for which application threads were stopped: 0.0008475 seconds, Stopping threads took: 0.0000432 seconds
2021-04-20T14:44:43.942-0700: 9.710: Total time for which application threads were stopped: 0.0007380 seconds, Stopping threads took: 0.0000540 seconds
2021-04-20T14:44:43.943-0700: 9.712: Total time for which application threads were stopped: 0.0002096 seconds, Stopping threads took: 0.0000821 seconds
2021-04-20T14:44:43.945-0700: 9.713: Total time for which application threads were stopped: 0.0002358 seconds, Stopping threads took: 0.0001256 seconds
2021-04-20T14:44:43.951-0700: 9.719: Total time for which application threads were stopped: 0.0003436 seconds, Stopping threads took: 0.0002172 seconds
{Heap before GC invocations=8 (full 0):
 garbage-first heap   total 524288K, used 332800K [0x00000000e0000000, 0x00000000e0101000, 0x0000000100000000)
  region size 1024K, 307 young (314368K), 19 survivors (19456K)
 Metaspace       used 45735K, capacity 47598K, committed 47824K, reserved 1091584K
  class space    used 5735K, capacity 6129K, committed 6144K, reserved 1048576K
2021-04-20T14:44:43.990-0700: 9.759: [GC pause (G1 Evacuation Pause) (young)
Desired survivor size 20447232 bytes, new threshold 15 (max 15)
- age   1:    5271456 bytes,    5271456 total
- age   2:    5038776 bytes,   10310232 total
- age   3:     573120 bytes,   10883352 total
- age   4:     395272 bytes,   11278624 total
, 0.0163209 secs]
   [Parallel Time: 11.3 ms, GC Workers: 10]
      [GC Worker Start (ms): Min: 9758.6, Avg: 9758.7, Max: 9758.7, Diff: 0.1]
      [Ext Root Scanning (ms): Min: 0.2, Avg: 0.8, Max: 3.2, Diff: 2.9, Sum: 8.1]
      [Update RS (ms): Min: 0.0, Avg: 0.3, Max: 0.7, Diff: 0.7, Sum: 3.0]
         [Processed Buffers: Min: 0, Avg: 1.8, Max: 5, Diff: 5, Sum: 18]
      [Scan RS (ms): Min: 0.0, Avg: 0.0, Max: 0.1, Diff: 0.1, Sum: 0.3]
      [Code Root Scanning (ms): Min: 0.0, Avg: 1.1, Max: 7.2, Diff: 7.2, Sum: 10.6]
      [Object Copy (ms): Min: 2.8, Avg: 8.8, Max: 10.1, Diff: 7.2, Sum: 87.7]
      [Termination (ms): Min: 0.0, Avg: 0.0, Max: 0.0, Diff: 0.0, Sum: 0.2]
         [Termination Attempts: Min: 1, Avg: 1.0, Max: 1, Diff: 0, Sum: 10]
      [GC Worker Other (ms): Min: 0.0, Avg: 0.0, Max: 0.1, Diff: 0.1, Sum: 0.4]
      [GC Worker Total (ms): Min: 11.0, Avg: 11.0, Max: 11.2, Diff: 0.2, Sum: 110.4]
      [GC Worker End (ms): Min: 9769.7, Avg: 9769.7, Max: 9769.8, Diff: 0.1]
   [Code Root Fixup: 0.1 ms]
   [Code Root Purge: 0.0 ms]
   [Clear CT: 0.2 ms]
   [Other: 4.7 ms]
      [Choose CSet: 0.0 ms]
      [Ref Proc: 4.0 ms]
      [Ref Enq: 0.2 ms]
      [Redirty Cards: 0.2 ms]
      [Humongous Register: 0.0 ms]
      [Humongous Reclaim: 0.0 ms]
      [Free CSet: 0.2 ms]
   [Eden: 288.0M(288.0M)->0.0B(275.0M) Survivors: 19.0M->32.0M Heap: 325.0M(512.0M)->49.1M(512.0M)]
Heap after GC invocations=9 (full 0):
 garbage-first heap   total 524288K, used 50236K [0x00000000e0000000, 0x00000000e0101000, 0x0000000100000000)
  region size 1024K, 32 young (32768K), 32 survivors (32768K)
 Metaspace       used 45735K, capacity 47598K, committed 47824K, reserved 1091584K
  class space    used 5735K, capacity 6129K, committed 6144K, reserved 1048576K
}
 [Times: user=0.17 sys=0.00, real=0.02 secs] 
2021-04-20T14:44:44.007-0700: 9.775: Total time for which application threads were stopped: 0.0170887 seconds, Stopping threads took: 0.0003945 seconds
2021-04-20T14:44:44.029-0700: 9.797: Total time for which application threads were stopped: 0.0006671 seconds, Stopping threads took: 0.0005494 seconds
2021-04-20T14:44:44.066-0700: 9.834: Total time for which application threads were stopped: 0.0007544 seconds, Stopping threads took: 0.0000383 seconds
2021-04-20T14:44:44.076-0700: 9.844: Total time for which application threads were stopped: 0.0002615 seconds, Stopping threads took: 0.0000793 seconds
2021-04-20T14:44:44.096-0700: 9.865: Total time for which application threads were stopped: 0.0002455 seconds, Stopping threads took: 0.0000834 seconds
2021-04-20T14:44:44.119-0700: 9.887: Total time for which application threads were stopped: 0.0001756 seconds, Stopping threads took: 0.0000450 seconds
2021-04-20T14:44:44.126-0700: 9.894: Total time for which application threads were stopped: 0.0002095 seconds, Stopping threads took: 0.0000774 seconds
2021-04-20T14:44:44.128-0700: 9.896: Total time for which application threads were stopped: 0.0002204 seconds, Stopping threads took: 0.0000975 seconds
2021-04-20T14:44:44.128-0700: 9.896: Total time for which application threads were stopped: 0.0001789 seconds, Stopping threads took: 0.0000783 seconds
2021-04-20T14:44:44.142-0700: 9.910: Total time for which application threads were stopped: 0.0002107 seconds, Stopping threads took: 0.0000763 seconds
2021-04-20T14:44:44.142-0700: 9.910: Total time for which application threads were stopped: 0.0001658 seconds, Stopping threads took: 0.0000634 seconds
2021-04-20T14:44:44.144-0700: 9.912: Total time for which application threads were stopped: 0.0007495 seconds, Stopping threads took: 0.0006413 seconds
2021-04-20T14:44:44.146-0700: 9.914: Total time for which application threads were stopped: 0.0001861 seconds, Stopping threads took: 0.0000721 seconds
2021-04-20T14:44:44.147-0700: 9.915: Total time for which application threads were stopped: 0.0002028 seconds, Stopping threads took: 0.0000975 seconds
2021-04-20T14:44:44.148-0700: 9.916: Total time for which application threads were stopped: 0.0003795 seconds, Stopping threads took: 0.0000669 seconds
2021-04-20T14:44:44.148-0700: 9.916: Total time for which application threads were stopped: 0.0000995 seconds, Stopping threads took: 0.0000240 seconds
2021-04-20T14:44:44.157-0700: 9.925: Total time for which application threads were stopped: 0.0006067 seconds, Stopping threads took: 0.0000315 seconds
2021-04-20T14:44:44.171-0700: 9.939: Total time for which application threads were stopped: 0.0006314 seconds, Stopping threads took: 0.0000275 seconds
2021-04-20T14:44:44.177-0700: 9.945: Total time for which application threads were stopped: 0.0001133 seconds, Stopping threads took: 0.0000237 seconds
2021-04-20T14:44:44.382-0700: 10.150: Total time for which application threads were stopped: 0.0013447 seconds, Stopping threads took: 0.0000833 seconds
2021-04-20T14:44:44.417-0700: 10.186: Total time for which application threads were stopped: 0.0004959 seconds, Stopping threads took: 0.0002381 seconds
2021-04-20T14:44:44.447-0700: 10.215: Total time for which application threads were stopped: 0.0003623 seconds, Stopping threads took: 0.0001011 seconds
2021-04-20T14:44:44.550-0700: 10.318: Total time for which application threads were stopped: 0.0002619 seconds, Stopping threads took: 0.0001308 seconds
2021-04-20T14:44:44.553-0700: 10.321: Total time for which application threads were stopped: 0.0002565 seconds, Stopping threads took: 0.0001180 seconds
2021-04-20T14:44:44.554-0700: 10.322: Total time for which application threads were stopped: 0.0001885 seconds, Stopping threads took: 0.0000802 seconds
2021-04-20T14:44:44.557-0700: 10.325: Total time for which application threads were stopped: 0.0010916 seconds, Stopping threads took: 0.0009512 seconds
2021-04-20T14:44:44.587-0700: 10.355: Total time for which application threads were stopped: 0.0001680 seconds, Stopping threads took: 0.0000444 seconds
2021-04-20T14:44:44.588-0700: 10.356: Total time for which application threads were stopped: 0.0003862 seconds, Stopping threads took: 0.0002819 seconds
2021-04-20T14:44:44.589-0700: 10.357: Total time for which application threads were stopped: 0.0001761 seconds, Stopping threads took: 0.0000629 seconds
2021-04-20T14:44:44.589-0700: 10.357: Total time for which application threads were stopped: 0.0002331 seconds, Stopping threads took: 0.0001469 seconds
2021-04-20T14:44:44.590-0700: 10.358: Total time for which application threads were stopped: 0.0001585 seconds, Stopping threads took: 0.0000762 seconds
2021-04-20T14:44:44.592-0700: 10.360: Total time for which application threads were stopped: 0.0002320 seconds, Stopping threads took: 0.0001330 seconds
2021-04-20T14:44:44.592-0700: 10.360: Total time for which application threads were stopped: 0.0002097 seconds, Stopping threads took: 0.0001258 seconds
2021-04-20T14:44:44.595-0700: 10.363: Total time for which application threads were stopped: 0.0001856 seconds, Stopping threads took: 0.0000751 seconds
2021-04-20T14:44:44.595-0700: 10.363: Total time for which application threads were stopped: 0.0001061 seconds, Stopping threads took: 0.0000349 seconds
2021-04-20T14:44:44.598-0700: 10.366: Total time for which application threads were stopped: 0.0008833 seconds, Stopping threads took: 0.0007701 seconds
2021-04-20T14:44:44.603-0700: 10.371: Total time for which application threads were stopped: 0.0001894 seconds, Stopping threads took: 0.0000730 seconds
2021-04-20T14:44:44.633-0700: 10.401: Total time for which application threads were stopped: 0.0003025 seconds, Stopping threads took: 0.0001503 seconds
2021-04-20T14:44:44.897-0700: 10.665: Total time for which application threads were stopped: 0.0006883 seconds, Stopping threads took: 0.0000372 seconds
2021-04-20T14:44:44.922-0700: 10.690: Total time for which application threads were stopped: 0.0001935 seconds, Stopping threads took: 0.0000448 seconds
2021-04-20T14:44:44.930-0700: 10.698: Total time for which application threads were stopped: 0.0002684 seconds, Stopping threads took: 0.0000918 seconds
2021-04-20T14:44:44.934-0700: 10.702: Total time for which application threads were stopped: 0.0001949 seconds, Stopping threads took: 0.0000452 seconds
2021-04-20T14:44:44.959-0700: 10.727: Total time for which application threads were stopped: 0.0007135 seconds, Stopping threads took: 0.0000416 seconds
2021-04-20T14:44:44.973-0700: 10.741: Total time for which application threads were stopped: 0.0001733 seconds, Stopping threads took: 0.0000428 seconds
2021-04-20T14:44:44.973-0700: 10.742: Total time for which application threads were stopped: 0.0001349 seconds, Stopping threads took: 0.0000285 seconds
2021-04-20T14:44:44.974-0700: 10.742: Total time for which application threads were stopped: 0.0001191 seconds, Stopping threads took: 0.0000253 seconds
2021-04-20T14:44:45.042-0700: 10.810: Total time for which application threads were stopped: 0.0002031 seconds, Stopping threads took: 0.0000476 seconds
2021-04-20T14:44:45.042-0700: 10.810: Total time for which application threads were stopped: 0.0001783 seconds, Stopping threads took: 0.0000486 seconds
2021-04-20T14:44:45.043-0700: 10.811: Total time for which application threads were stopped: 0.0001991 seconds, Stopping threads took: 0.0000711 seconds
2021-04-20T14:44:45.044-0700: 10.812: Total time for which application threads were stopped: 0.0001929 seconds, Stopping threads took: 0.0000551 seconds
2021-04-20T14:44:45.044-0700: 10.812: Total time for which application threads were stopped: 0.0001671 seconds, Stopping threads took: 0.0000441 seconds
2021-04-20T14:44:45.044-0700: 10.812: Total time for which application threads were stopped: 0.0001635 seconds, Stopping threads took: 0.0000307 seconds
2021-04-20T14:44:45.045-0700: 10.813: Total time for which application threads were stopped: 0.0001794 seconds, Stopping threads took: 0.0000679 seconds
2021-04-20T14:44:45.048-0700: 10.816: Total time for which application threads were stopped: 0.0002403 seconds, Stopping threads took: 0.0000739 seconds
2021-04-20T14:44:45.050-0700: 10.818: Total time for which application threads were stopped: 0.0002745 seconds, Stopping threads took: 0.0000917 seconds
2021-04-20T14:44:45.050-0700: 10.819: Total time for which application threads were stopped: 0.0002425 seconds, Stopping threads took: 0.0000625 seconds
2021-04-20T14:44:45.051-0700: 10.819: Total time for which application threads were stopped: 0.0001748 seconds, Stopping threads took: 0.0000325 seconds
2021-04-20T14:44:45.051-0700: 10.819: Total time for which application threads were stopped: 0.0002263 seconds, Stopping threads took: 0.0000788 seconds
2021-04-20T14:44:45.064-0700: 10.832: Total time for which application threads were stopped: 0.0068239 seconds, Stopping threads took: 0.0062468 seconds
2021-04-20T14:44:45.064-0700: 10.832: Total time for which application threads were stopped: 0.0001840 seconds, Stopping threads took: 0.0000539 seconds
2021-04-20T14:44:45.065-0700: 10.833: Total time for which application threads were stopped: 0.0004130 seconds, Stopping threads took: 0.0002877 seconds
2021-04-20T14:44:45.066-0700: 10.834: Total time for which application threads were stopped: 0.0002276 seconds, Stopping threads took: 0.0001166 seconds
2021-04-20T14:44:45.066-0700: 10.834: Total time for which application threads were stopped: 0.0001555 seconds, Stopping threads took: 0.0000556 seconds
2021-04-20T14:44:45.078-0700: 10.846: Total time for which application threads were stopped: 0.0002500 seconds, Stopping threads took: 0.0000570 seconds
2021-04-20T14:44:45.081-0700: 10.849: Total time for which application threads were stopped: 0.0001953 seconds, Stopping threads took: 0.0000515 seconds
2021-04-20T14:44:45.088-0700: 10.856: Total time for which application threads were stopped: 0.0012068 seconds, Stopping threads took: 0.0000825 seconds
2021-04-20T14:44:45.104-0700: 10.872: Total time for which application threads were stopped: 0.0002137 seconds, Stopping threads took: 0.0000724 seconds
2021-04-20T14:44:45.134-0700: 10.903: Total time for which application threads were stopped: 0.0001726 seconds, Stopping threads took: 0.0000445 seconds
2021-04-20T14:44:45.437-0700: 11.205: Total time for which application threads were stopped: 0.0005005 seconds, Stopping threads took: 0.0002284 seconds
2021-04-20T14:44:45.438-0700: 11.206: Total time for which application threads were stopped: 0.0002618 seconds, Stopping threads took: 0.0000741 seconds
2021-04-20T14:44:45.439-0700: 11.207: Total time for which application threads were stopped: 0.0004618 seconds, Stopping threads took: 0.0002462 seconds
2021-04-20T14:44:45.451-0700: 11.220: Total time for which application threads were stopped: 0.0005066 seconds, Stopping threads took: 0.0002602 seconds
2021-04-20T14:44:45.454-0700: 11.222: Total time for which application threads were stopped: 0.0003400 seconds, Stopping threads took: 0.0000802 seconds
2021-04-20T14:44:45.455-0700: 11.223: Total time for which application threads were stopped: 0.0004789 seconds, Stopping threads took: 0.0002100 seconds
2021-04-20T14:44:45.456-0700: 11.224: Total time for which application threads were stopped: 0.0005154 seconds, Stopping threads took: 0.0002025 seconds
2021-04-20T14:44:45.485-0700: 11.253: Total time for which application threads were stopped: 0.0013660 seconds, Stopping threads took: 0.0000642 seconds
2021-04-20T14:44:45.503-0700: 11.271: Total time for which application threads were stopped: 0.0003635 seconds, Stopping threads took: 0.0000916 seconds
2021-04-20T14:44:45.662-0700: 11.431: Total time for which application threads were stopped: 0.0005208 seconds, Stopping threads took: 0.0002554 seconds
2021-04-20T14:44:45.666-0700: 11.434: Total time for which application threads were stopped: 0.0006650 seconds, Stopping threads took: 0.0003140 seconds
2021-04-20T14:44:45.671-0700: 11.439: Total time for which application threads were stopped: 0.0005348 seconds, Stopping threads took: 0.0002740 seconds
2021-04-20T14:44:45.683-0700: 11.451: Total time for which application threads were stopped: 0.0005070 seconds, Stopping threads took: 0.0001411 seconds
2021-04-20T14:44:45.692-0700: 11.460: Total time for which application threads were stopped: 0.0006361 seconds, Stopping threads took: 0.0003349 seconds
2021-04-20T14:44:45.711-0700: 11.480: Total time for which application threads were stopped: 0.0005857 seconds, Stopping threads took: 0.0002579 seconds
2021-04-20T14:44:45.718-0700: 11.486: Total time for which application threads were stopped: 0.0005865 seconds, Stopping threads took: 0.0002650 seconds
2021-04-20T14:44:45.719-0700: 11.487: Total time for which application threads were stopped: 0.0005683 seconds, Stopping threads took: 0.0002609 seconds
2021-04-20T14:44:45.720-0700: 11.488: Total time for which application threads were stopped: 0.0006176 seconds, Stopping threads took: 0.0003369 seconds
2021-04-20T14:44:45.722-0700: 11.490: Total time for which application threads were stopped: 0.0004115 seconds, Stopping threads took: 0.0001793 seconds
2021-04-20T14:44:45.769-0700: 11.537: Total time for which application threads were stopped: 0.0034794 seconds, Stopping threads took: 0.0032626 seconds
2021-04-20T14:44:45.770-0700: 11.538: Total time for which application threads were stopped: 0.0003159 seconds, Stopping threads took: 0.0001202 seconds
2021-04-20T14:44:45.771-0700: 11.539: Total time for which application threads were stopped: 0.0002418 seconds, Stopping threads took: 0.0000902 seconds
2021-04-20T14:44:45.773-0700: 11.542: Total time for which application threads were stopped: 0.0003156 seconds, Stopping threads took: 0.0000853 seconds
2021-04-20T14:44:45.774-0700: 11.542: Total time for which application threads were stopped: 0.0002897 seconds, Stopping threads took: 0.0001057 seconds
2021-04-20T14:44:45.774-0700: 11.542: Total time for which application threads were stopped: 0.0001996 seconds, Stopping threads took: 0.0000943 seconds
2021-04-20T14:44:45.774-0700: 11.542: Total time for which application threads were stopped: 0.0001885 seconds, Stopping threads took: 0.0000665 seconds
2021-04-20T14:44:45.775-0700: 11.543: Total time for which application threads were stopped: 0.0001705 seconds, Stopping threads took: 0.0000792 seconds
2021-04-20T14:44:45.780-0700: 11.548: Total time for which application threads were stopped: 0.0007767 seconds, Stopping threads took: 0.0000520 seconds
2021-04-20T14:44:45.784-0700: 11.552: Total time for which application threads were stopped: 0.0001511 seconds, Stopping threads took: 0.0000416 seconds
2021-04-20T14:44:45.887-0700: 11.655: Total time for which application threads were stopped: 0.0003087 seconds, Stopping threads took: 0.0000606 seconds
2021-04-20T14:44:46.179-0700: 11.948: Total time for which application threads were stopped: 0.0004121 seconds, Stopping threads took: 0.0000590 seconds
2021-04-20T14:44:46.185-0700: 11.954: Total time for which application threads were stopped: 0.0002363 seconds, Stopping threads took: 0.0001021 seconds
{Heap before GC invocations=9 (full 0):
 garbage-first heap   total 524288K, used 331836K [0x00000000e0000000, 0x00000000e0101000, 0x0000000100000000)
  region size 1024K, 307 young (314368K), 32 survivors (32768K)
 Metaspace       used 51373K, capacity 53992K, committed 54096K, reserved 1095680K
  class space    used 6505K, capacity 6998K, committed 7040K, reserved 1048576K
2021-04-20T14:44:46.197-0700: 11.965: [GC pause (G1 Evacuation Pause) (young)
Desired survivor size 20447232 bytes, new threshold 4 (max 15)
- age   1:   11252152 bytes,   11252152 total
- age   2:    4017080 bytes,   15269232 total
- age   3:    5009808 bytes,   20279040 total
- age   4:     571712 bytes,   20850752 total
- age   5:     395272 bytes,   21246024 total
, 0.0195067 secs]
   [Parallel Time: 14.2 ms, GC Workers: 10]
      [GC Worker Start (ms): Min: 11965.2, Avg: 11965.2, Max: 11965.3, Diff: 0.1]
      [Ext Root Scanning (ms): Min: 0.6, Avg: 1.2, Max: 4.4, Diff: 3.8, Sum: 12.2]
      [Update RS (ms): Min: 0.0, Avg: 0.4, Max: 0.7, Diff: 0.7, Sum: 3.7]
         [Processed Buffers: Min: 0, Avg: 3.0, Max: 14, Diff: 14, Sum: 30]
      [Scan RS (ms): Min: 0.0, Avg: 0.0, Max: 0.1, Diff: 0.1, Sum: 0.3]
      [Code Root Scanning (ms): Min: 0.0, Avg: 0.7, Max: 1.7, Diff: 1.7, Sum: 6.6]
      [Object Copy (ms): Min: 9.5, Avg: 11.5, Max: 12.6, Diff: 3.1, Sum: 115.5]
      [Termination (ms): Min: 0.0, Avg: 0.0, Max: 0.0, Diff: 0.0, Sum: 0.0]
         [Termination Attempts: Min: 1, Avg: 1.7, Max: 3, Diff: 2, Sum: 17]
      [GC Worker Other (ms): Min: 0.0, Avg: 0.1, Max: 0.1, Diff: 0.1, Sum: 0.5]
      [GC Worker Total (ms): Min: 13.8, Avg: 13.9, Max: 13.9, Diff: 0.2, Sum: 138.7]
      [GC Worker End (ms): Min: 11979.1, Avg: 11979.1, Max: 11979.2, Diff: 0.1]
   [Code Root Fixup: 0.1 ms]
   [Code Root Purge: 0.0 ms]
   [Clear CT: 0.2 ms]
   [Other: 4.9 ms]
      [Choose CSet: 0.0 ms]
      [Ref Proc: 4.0 ms]
      [Ref Enq: 0.2 ms]
      [Redirty Cards: 0.2 ms]
      [Humongous Register: 0.0 ms]
      [Humongous Reclaim: 0.0 ms]
      [Free CSet: 0.3 ms]
   [Eden: 275.0M(275.0M)->0.0B(271.0M) Survivors: 32.0M->36.0M Heap: 324.1M(512.0M)->54.4M(512.0M)]
Heap after GC invocations=10 (full 0):
 garbage-first heap   total 524288K, used 55751K [0x00000000e0000000, 0x00000000e0101000, 0x0000000100000000)
  region size 1024K, 36 young (36864K), 36 survivors (36864K)
 Metaspace       used 51373K, capacity 53992K, committed 54096K, reserved 1095680K
  class space    used 6505K, capacity 6998K, committed 7040K, reserved 1048576K
}
 [Times: user=0.03 sys=0.00, real=0.02 secs] 
2021-04-20T14:44:46.216-0700: 11.985: Total time for which application threads were stopped: 0.0200449 seconds, Stopping threads took: 0.0000812 seconds
2021-04-20T14:44:46.217-0700: 11.986: Total time for which application threads were stopped: 0.0002393 seconds, Stopping threads took: 0.0001068 seconds
2021-04-20T14:44:46.309-0700: 12.077: Total time for which application threads were stopped: 0.0008157 seconds, Stopping threads took: 0.0001909 seconds
2021-04-20T14:44:46.321-0700: 12.090: Total time for which application threads were stopped: 0.0003621 seconds, Stopping threads took: 0.0001032 seconds
2021-04-20T14:44:46.416-0700: 12.184: Total time for which application threads were stopped: 0.0005705 seconds, Stopping threads took: 0.0002244 seconds
2021-04-20T14:44:46.426-0700: 12.194: Total time for which application threads were stopped: 0.0005964 seconds, Stopping threads took: 0.0002220 seconds
2021-04-20T14:44:47.435-0700: 13.204: Total time for which application threads were stopped: 0.0004910 seconds, Stopping threads took: 0.0001142 seconds
2021-04-20T14:44:48.361-0700: 14.129: Total time for which application threads were stopped: 0.0008860 seconds, Stopping threads took: 0.0003373 seconds
2021-04-20T14:44:48.398-0700: 14.166: Total time for which application threads were stopped: 0.0002462 seconds, Stopping threads took: 0.0000655 seconds
2021-04-20T14:44:48.398-0700: 14.167: Total time for which application threads were stopped: 0.0003404 seconds, Stopping threads took: 0.0000907 seconds
2021-04-20T14:44:48.411-0700: 14.179: Total time for which application threads were stopped: 0.0003597 seconds, Stopping threads took: 0.0001054 seconds
2021-04-20T14:44:48.411-0700: 14.179: Total time for which application threads were stopped: 0.0003260 seconds, Stopping threads took: 0.0000960 seconds
2021-04-20T14:44:48.431-0700: 14.200: Total time for which application threads were stopped: 0.0002478 seconds, Stopping threads took: 0.0001042 seconds
2021-04-20T14:44:48.432-0700: 14.200: Total time for which application threads were stopped: 0.0002705 seconds, Stopping threads took: 0.0001273 seconds
2021-04-20T14:44:48.432-0700: 14.200: Total time for which application threads were stopped: 0.0001994 seconds, Stopping threads took: 0.0000496 seconds
2021-04-20T14:44:48.432-0700: 14.201: Total time for which application threads were stopped: 0.0002149 seconds, Stopping threads took: 0.0000853 seconds
2021-04-20T14:44:48.433-0700: 14.201: Total time for which application threads were stopped: 0.0002297 seconds, Stopping threads took: 0.0000993 seconds
2021-04-20T14:44:48.433-0700: 14.201: Total time for which application threads were stopped: 0.0002099 seconds, Stopping threads took: 0.0000682 seconds
2021-04-20T14:44:48.433-0700: 14.202: Total time for which application threads were stopped: 0.0002662 seconds, Stopping threads took: 0.0001442 seconds
2021-04-20T14:44:48.434-0700: 14.202: Total time for which application threads were stopped: 0.0002801 seconds, Stopping threads took: 0.0001014 seconds
2021-04-20T14:44:48.434-0700: 14.202: Total time for which application threads were stopped: 0.0002162 seconds, Stopping threads took: 0.0000736 seconds
2021-04-20T14:44:48.434-0700: 14.203: Total time for which application threads were stopped: 0.0002319 seconds, Stopping threads took: 0.0000814 seconds
2021-04-20T14:44:48.434-0700: 14.203: Total time for which application threads were stopped: 0.0001897 seconds, Stopping threads took: 0.0000546 seconds
2021-04-20T14:44:48.435-0700: 14.203: Total time for which application threads were stopped: 0.0002361 seconds, Stopping threads took: 0.0001133 seconds
2021-04-20T14:44:48.435-0700: 14.203: Total time for which application threads were stopped: 0.0001844 seconds, Stopping threads took: 0.0000639 seconds
2021-04-20T14:44:48.435-0700: 14.204: Total time for which application threads were stopped: 0.0002476 seconds, Stopping threads took: 0.0000833 seconds
2021-04-20T14:44:48.436-0700: 14.204: Total time for which application threads were stopped: 0.0002331 seconds, Stopping threads took: 0.0000789 seconds
2021-04-20T14:44:48.436-0700: 14.204: Total time for which application threads were stopped: 0.0001984 seconds, Stopping threads took: 0.0000854 seconds
2021-04-20T14:44:48.436-0700: 14.205: Total time for which application threads were stopped: 0.0002276 seconds, Stopping threads took: 0.0001252 seconds
2021-04-20T14:44:48.436-0700: 14.205: Total time for which application threads were stopped: 0.0001568 seconds, Stopping threads took: 0.0000344 seconds
2021-04-20T14:44:48.437-0700: 14.205: Total time for which application threads were stopped: 0.0001586 seconds, Stopping threads took: 0.0000346 seconds
2021-04-20T14:44:48.437-0700: 14.206: Total time for which application threads were stopped: 0.0006391 seconds, Stopping threads took: 0.0000832 seconds
2021-04-20T14:44:48.438-0700: 14.206: Total time for which application threads were stopped: 0.0002121 seconds, Stopping threads took: 0.0000804 seconds
2021-04-20T14:44:48.450-0700: 14.219: Total time for which application threads were stopped: 0.0004250 seconds, Stopping threads took: 0.0001339 seconds
2021-04-20T14:44:48.580-0700: 14.348: Total time for which application threads were stopped: 0.0004765 seconds, Stopping threads took: 0.0001592 seconds
2021-04-20T14:44:50.879-0700: 16.647: Total time for which application threads were stopped: 0.0002154 seconds, Stopping threads took: 0.0000617 seconds
2021-04-20T14:44:50.882-0700: 16.650: Total time for which application threads were stopped: 0.0002376 seconds, Stopping threads took: 0.0000698 seconds
2021-04-20T14:44:50.882-0700: 16.650: Total time for which application threads were stopped: 0.0001741 seconds, Stopping threads took: 0.0000575 seconds
2021-04-20T14:44:50.882-0700: 16.651: Total time for which application threads were stopped: 0.0001692 seconds, Stopping threads took: 0.0000563 seconds
2021-04-20T14:44:50.882-0700: 16.651: Total time for which application threads were stopped: 0.0001274 seconds, Stopping threads took: 0.0000587 seconds
2021-04-20T14:44:50.883-0700: 16.651: Total time for which application threads were stopped: 0.0001516 seconds, Stopping threads took: 0.0000774 seconds
2021-04-20T14:44:50.884-0700: 16.653: Total time for which application threads were stopped: 0.0001789 seconds, Stopping threads took: 0.0000573 seconds
2021-04-20T14:44:50.885-0700: 16.653: Total time for which application threads were stopped: 0.0001184 seconds, Stopping threads took: 0.0000274 seconds
2021-04-20T14:44:50.885-0700: 16.653: Total time for which application threads were stopped: 0.0001162 seconds, Stopping threads took: 0.0000288 seconds
2021-04-20T14:44:50.970-0700: 16.738: Total time for which application threads were stopped: 0.0002092 seconds, Stopping threads took: 0.0000374 seconds
2021-04-20T14:44:50.970-0700: 16.738: Total time for which application threads were stopped: 0.0001220 seconds, Stopping threads took: 0.0000268 seconds
2021-04-20T14:44:50.970-0700: 16.738: Total time for which application threads were stopped: 0.0001174 seconds, Stopping threads took: 0.0000234 seconds
2021-04-20T14:44:50.977-0700: 16.746: Total time for which application threads were stopped: 0.0002080 seconds, Stopping threads took: 0.0000762 seconds
2021-04-20T14:44:50.979-0700: 16.747: Total time for which application threads were stopped: 0.0002259 seconds, Stopping threads took: 0.0000855 seconds
2021-04-20T14:44:50.979-0700: 16.747: Total time for which application threads were stopped: 0.0001688 seconds, Stopping threads took: 0.0000578 seconds
2021-04-20T14:44:50.979-0700: 16.748: Total time for which application threads were stopped: 0.0001580 seconds, Stopping threads took: 0.0000540 seconds
2021-04-20T14:44:51.983-0700: 17.752: Total time for which application threads were stopped: 0.0009744 seconds, Stopping threads took: 0.0003146 seconds
2021-04-20T14:44:52.532-0700: 18.300: Total time for which application threads were stopped: 0.0005720 seconds, Stopping threads took: 0.0003058 seconds
2021-04-20T14:44:53.423-0700: 19.191: Total time for which application threads were stopped: 0.0005557 seconds, Stopping threads took: 0.0002005 seconds
2021-04-20T14:44:53.444-0700: 19.212: Total time for which application threads were stopped: 0.0004986 seconds, Stopping threads took: 0.0001005 seconds
2021-04-20T14:44:53.450-0700: 19.218: Total time for which application threads were stopped: 0.0004663 seconds, Stopping threads took: 0.0001612 seconds
2021-04-20T14:44:53.451-0700: 19.219: Total time for which application threads were stopped: 0.0005626 seconds, Stopping threads took: 0.0001982 seconds
2021-04-20T14:44:53.451-0700: 19.219: Total time for which application threads were stopped: 0.0005104 seconds, Stopping threads took: 0.0001806 seconds
2021-04-20T14:44:53.452-0700: 19.220: Total time for which application threads were stopped: 0.0005047 seconds, Stopping threads took: 0.0001851 seconds
2021-04-20T14:44:53.453-0700: 19.221: Total time for which application threads were stopped: 0.0004772 seconds, Stopping threads took: 0.0002304 seconds
2021-04-20T14:44:53.456-0700: 19.224: Total time for which application threads were stopped: 0.0003983 seconds, Stopping threads took: 0.0000981 seconds
2021-04-20T14:44:53.457-0700: 19.225: Total time for which application threads were stopped: 0.0003566 seconds, Stopping threads took: 0.0000780 seconds
2021-04-20T14:44:53.458-0700: 19.226: Total time for which application threads were stopped: 0.0006261 seconds, Stopping threads took: 0.0000647 seconds
2021-04-20T14:44:53.459-0700: 19.227: Total time for which application threads were stopped: 0.0005239 seconds, Stopping threads took: 0.0001007 seconds
2021-04-20T14:44:53.524-0700: 19.293: Total time for which application threads were stopped: 0.0006666 seconds, Stopping threads took: 0.0002571 seconds
2021-04-20T14:44:53.525-0700: 19.294: Total time for which application threads were stopped: 0.0006045 seconds, Stopping threads took: 0.0002808 seconds
2021-04-20T14:44:53.526-0700: 19.294: Total time for which application threads were stopped: 0.0004994 seconds, Stopping threads took: 0.0001796 seconds
2021-04-20T14:44:53.527-0700: 19.295: Total time for which application threads were stopped: 0.0004634 seconds, Stopping threads took: 0.0000935 seconds
2021-04-20T14:44:53.527-0700: 19.296: Total time for which application threads were stopped: 0.0004482 seconds, Stopping threads took: 0.0001755 seconds
2021-04-20T14:44:53.721-0700: 19.490: Total time for which application threads were stopped: 0.0004338 seconds, Stopping threads took: 0.0000853 seconds
2021-04-20T14:44:53.747-0700: 19.515: Total time for which application threads were stopped: 0.0007799 seconds, Stopping threads took: 0.0003245 seconds
2021-04-20T14:44:53.750-0700: 19.518: Total time for which application threads were stopped: 0.0004513 seconds, Stopping threads took: 0.0001821 seconds
2021-04-20T14:44:53.752-0700: 19.520: Total time for which application threads were stopped: 0.0004564 seconds, Stopping threads took: 0.0002042 seconds
2021-04-20T14:44:54.532-0700: 20.300: Total time for which application threads were stopped: 0.0005507 seconds, Stopping threads took: 0.0001061 seconds
2021-04-20T14:44:54.538-0700: 20.306: Total time for which application threads were stopped: 0.0006143 seconds, Stopping threads took: 0.0002131 seconds
2021-04-20T14:44:54.541-0700: 20.309: Total time for which application threads were stopped: 0.0003439 seconds, Stopping threads took: 0.0000966 seconds
2021-04-20T14:44:56.377-0700: 22.146: Total time for which application threads were stopped: 0.0002692 seconds, Stopping threads took: 0.0000688 seconds
2021-04-20T14:44:56.384-0700: 22.152: Total time for which application threads were stopped: 0.0004119 seconds, Stopping threads took: 0.0000843 seconds
2021-04-20T14:44:57.399-0700: 23.168: Total time for which application threads were stopped: 0.0005489 seconds, Stopping threads took: 0.0001426 seconds
2021-04-20T14:44:58.845-0700: 24.614: Total time for which application threads were stopped: 0.0002448 seconds, Stopping threads took: 0.0000455 seconds
2021-04-20T14:44:58.846-0700: 24.614: Total time for which application threads were stopped: 0.0001914 seconds, Stopping threads took: 0.0000328 seconds
2021-04-20T14:44:58.890-0700: 24.659: Total time for which application threads were stopped: 0.0004542 seconds, Stopping threads took: 0.0001337 seconds
2021-04-20T14:44:58.893-0700: 24.661: Total time for which application threads were stopped: 0.0019106 seconds, Stopping threads took: 0.0000484 seconds
2021-04-20T14:44:58.894-0700: 24.663: Total time for which application threads were stopped: 0.0004105 seconds, Stopping threads took: 0.0001516 seconds
2021-04-20T14:44:58.948-0700: 24.716: Total time for which application threads were stopped: 0.0011034 seconds, Stopping threads took: 0.0000527 seconds
2021-04-20T14:44:58.982-0700: 24.751: Total time for which application threads were stopped: 0.0012608 seconds, Stopping threads took: 0.0001704 seconds
2021-04-20T14:44:59.050-0700: 24.819: Total time for which application threads were stopped: 0.0003796 seconds, Stopping threads took: 0.0001288 seconds
2021-04-20T14:44:59.054-0700: 24.822: Total time for which application threads were stopped: 0.0004124 seconds, Stopping threads took: 0.0001811 seconds
2021-04-20T14:44:59.054-0700: 24.823: Total time for which application threads were stopped: 0.0003490 seconds, Stopping threads took: 0.0001664 seconds
2021-04-20T14:44:59.128-0700: 24.896: Total time for which application threads were stopped: 0.0003712 seconds, Stopping threads took: 0.0001333 seconds
2021-04-20T14:44:59.131-0700: 24.900: Total time for which application threads were stopped: 0.0003653 seconds, Stopping threads took: 0.0001369 seconds
2021-04-20T14:44:59.134-0700: 24.902: Total time for which application threads were stopped: 0.0009864 seconds, Stopping threads took: 0.0007764 seconds
2021-04-20T14:44:59.260-0700: 25.028: Total time for which application threads were stopped: 0.0004515 seconds, Stopping threads took: 0.0001377 seconds
2021-04-20T14:44:59.780-0700: 25.548: Total time for which application threads were stopped: 0.0003818 seconds, Stopping threads took: 0.0000857 seconds
2021-04-20T14:45:00.195-0700: 25.963: Total time for which application threads were stopped: 0.0006074 seconds, Stopping threads took: 0.0001506 seconds
2021-04-20T14:45:00.734-0700: 26.502: Total time for which application threads were stopped: 0.0005072 seconds, Stopping threads took: 0.0001194 seconds
2021-04-20T14:45:00.735-0700: 26.504: Total time for which application threads were stopped: 0.0002505 seconds, Stopping threads took: 0.0000745 seconds
2021-04-20T14:45:00.736-0700: 26.504: Total time for which application threads were stopped: 0.0002106 seconds, Stopping threads took: 0.0000544 seconds
2021-04-20T14:45:00.736-0700: 26.505: Total time for which application threads were stopped: 0.0002362 seconds, Stopping threads took: 0.0000552 seconds
2021-04-20T14:45:00.915-0700: 26.684: Total time for which application threads were stopped: 0.0003442 seconds, Stopping threads took: 0.0000759 seconds
2021-04-20T14:45:00.966-0700: 26.735: Total time for which application threads were stopped: 0.0004967 seconds, Stopping threads took: 0.0001433 seconds
2021-04-20T14:45:00.969-0700: 26.738: Total time for which application threads were stopped: 0.0002531 seconds, Stopping threads took: 0.0000642 seconds
2021-04-20T14:45:01.070-0700: 26.838: Total time for which application threads were stopped: 0.0003977 seconds, Stopping threads took: 0.0001216 seconds
2021-04-20T14:45:01.070-0700: 26.839: Total time for which application threads were stopped: 0.0003699 seconds, Stopping threads took: 0.0001323 seconds
2021-04-20T14:45:01.071-0700: 26.840: Total time for which application threads were stopped: 0.0004444 seconds, Stopping threads took: 0.0001175 seconds
2021-04-20T14:45:01.072-0700: 26.841: Total time for which application threads were stopped: 0.0003734 seconds, Stopping threads took: 0.0001108 seconds
2021-04-20T14:45:01.073-0700: 26.841: Total time for which application threads were stopped: 0.0005784 seconds, Stopping threads took: 0.0001138 seconds
2021-04-20T14:45:01.074-0700: 26.842: Total time for which application threads were stopped: 0.0005741 seconds, Stopping threads took: 0.0001408 seconds
2021-04-20T14:45:01.254-0700: 27.022: Total time for which application threads were stopped: 0.0005505 seconds, Stopping threads took: 0.0001164 seconds
2021-04-20T14:45:01.254-0700: 27.023: Total time for which application threads were stopped: 0.0003685 seconds, Stopping threads took: 0.0001217 seconds
2021-04-20T14:45:01.255-0700: 27.023: Total time for which application threads were stopped: 0.0004529 seconds, Stopping threads took: 0.0000361 seconds
2021-04-20T14:45:01.256-0700: 27.024: Total time for which application threads were stopped: 0.0005025 seconds, Stopping threads took: 0.0001149 seconds
2021-04-20T14:45:01.257-0700: 27.026: Total time for which application threads were stopped: 0.0011277 seconds, Stopping threads took: 0.0001124 seconds
2021-04-20T14:45:01.305-0700: 27.074: Total time for which application threads were stopped: 0.0003292 seconds, Stopping threads took: 0.0000927 seconds
2021-04-20T14:45:01.305-0700: 27.074: Total time for which application threads were stopped: 0.0001924 seconds, Stopping threads took: 0.0000465 seconds
2021-04-20T14:45:01.306-0700: 27.075: Total time for which application threads were stopped: 0.0002590 seconds, Stopping threads took: 0.0000739 seconds
2021-04-20T14:45:01.306-0700: 27.075: Total time for which application threads were stopped: 0.0001826 seconds, Stopping threads took: 0.0000384 seconds
2021-04-20T14:45:01.307-0700: 27.075: Total time for which application threads were stopped: 0.0001273 seconds, Stopping threads took: 0.0000309 seconds
2021-04-20T14:45:01.308-0700: 27.076: Total time for which application threads were stopped: 0.0001963 seconds, Stopping threads took: 0.0000341 seconds
2021-04-20T14:45:01.360-0700: 27.128: Total time for which application threads were stopped: 0.0003780 seconds, Stopping threads took: 0.0001125 seconds
2021-04-20T14:45:01.360-0700: 27.129: Total time for which application threads were stopped: 0.0002896 seconds, Stopping threads took: 0.0000851 seconds
2021-04-20T14:45:01.361-0700: 27.129: Total time for which application threads were stopped: 0.0002567 seconds, Stopping threads took: 0.0000636 seconds
2021-04-20T14:45:01.361-0700: 27.130: Total time for which application threads were stopped: 0.0002466 seconds, Stopping threads took: 0.0000787 seconds
2021-04-20T14:45:01.374-0700: 27.143: Total time for which application threads were stopped: 0.0002900 seconds, Stopping threads took: 0.0000968 seconds
2021-04-20T14:45:01.375-0700: 27.143: Total time for which application threads were stopped: 0.0002725 seconds, Stopping threads took: 0.0000897 seconds
2021-04-20T14:45:01.375-0700: 27.143: Total time for which application threads were stopped: 0.0002533 seconds, Stopping threads took: 0.0000829 seconds
2021-04-20T14:45:01.375-0700: 27.144: Total time for which application threads were stopped: 0.0002098 seconds, Stopping threads took: 0.0000790 seconds
2021-04-20T14:45:01.375-0700: 27.144: Total time for which application threads were stopped: 0.0001713 seconds, Stopping threads took: 0.0000754 seconds
2021-04-20T14:45:01.376-0700: 27.144: Total time for which application threads were stopped: 0.0001964 seconds, Stopping threads took: 0.0000663 seconds
2021-04-20T14:45:01.400-0700: 27.169: Total time for which application threads were stopped: 0.0002956 seconds, Stopping threads took: 0.0001028 seconds
2021-04-20T14:45:01.401-0700: 27.170: Total time for which application threads were stopped: 0.0003026 seconds, Stopping threads took: 0.0000719 seconds
2021-04-20T14:45:01.402-0700: 27.170: Total time for which application threads were stopped: 0.0005425 seconds, Stopping threads took: 0.0000573 seconds
2021-04-20T14:45:01.618-0700: 27.387: Total time for which application threads were stopped: 0.0013332 seconds, Stopping threads took: 0.0000553 seconds
2021-04-20T14:45:01.627-0700: 27.396: Total time for which application threads were stopped: 0.0009572 seconds, Stopping threads took: 0.0000530 seconds
2021-04-20T14:45:01.649-0700: 27.417: Total time for which application threads were stopped: 0.0010243 seconds, Stopping threads took: 0.0000507 seconds
2021-04-20T14:45:01.655-0700: 27.424: Total time for which application threads were stopped: 0.0002037 seconds, Stopping threads took: 0.0000459 seconds
2021-04-20T14:45:01.771-0700: 27.540: Total time for which application threads were stopped: 0.0002560 seconds, Stopping threads took: 0.0000537 seconds
2021-04-20T14:45:02.557-0700: 28.325: Total time for which application threads were stopped: 0.0005753 seconds, Stopping threads took: 0.0001335 seconds
2021-04-20T14:45:03.563-0700: 29.331: Total time for which application threads were stopped: 0.0007079 seconds, Stopping threads took: 0.0001478 seconds
2021-04-20T14:45:03.596-0700: 29.364: Total time for which application threads were stopped: 0.0004638 seconds, Stopping threads took: 0.0001577 seconds
2021-04-20T14:45:04.609-0700: 30.377: Total time for which application threads were stopped: 0.0004740 seconds, Stopping threads took: 0.0001546 seconds
2021-04-20T14:45:05.624-0700: 31.392: Total time for which application threads were stopped: 0.0003539 seconds, Stopping threads took: 0.0001075 seconds
2021-04-20T14:45:13.671-0700: 39.440: Total time for which application threads were stopped: 0.0005288 seconds, Stopping threads took: 0.0002610 seconds
2021-04-20T14:45:28.812-0700: 54.580: Total time for which application threads were stopped: 0.0006581 seconds, Stopping threads took: 0.0001761 seconds
2021-04-20T14:45:28.846-0700: 54.614: Total time for which application threads were stopped: 0.0004353 seconds, Stopping threads took: 0.0001106 seconds
2021-04-20T14:45:28.895-0700: 54.663: Total time for which application threads were stopped: 0.0004995 seconds, Stopping threads took: 0.0001072 seconds
2021-04-20T14:45:29.903-0700: 55.672: Total time for which application threads were stopped: 0.0006361 seconds, Stopping threads took: 0.0002508 seconds
2021-04-20T14:45:31.911-0700: 57.679: Total time for which application threads were stopped: 0.0005022 seconds, Stopping threads took: 0.0001167 seconds
{Heap before GC invocations=10 (full 0):
 garbage-first heap   total 524288K, used 335431K [0x00000000e0000000, 0x00000000e0101000, 0x0000000100000000)
  region size 1024K, 307 young (314368K), 36 survivors (36864K)
 Metaspace       used 55574K, capacity 58344K, committed 58576K, reserved 1099776K
  class space    used 6824K, capacity 7376K, committed 7424K, reserved 1048576K
2021-04-20T14:45:51.031-0700: 76.800: [GC pause (G1 Evacuation Pause) (young)
Desired survivor size 20447232 bytes, new threshold 3 (max 15)
- age   1:    8160968 bytes,    8160968 total
- age   2:   10877888 bytes,   19038856 total
- age   3:    3998944 bytes,   23037800 total
- age   4:    4991088 bytes,   28028888 total
, 0.0464278 secs]
   [Parallel Time: 35.7 ms, GC Workers: 10]
      [GC Worker Start (ms): Min: 76800.2, Avg: 76800.3, Max: 76800.5, Diff: 0.3]
      [Ext Root Scanning (ms): Min: 0.4, Avg: 1.5, Max: 7.0, Diff: 6.6, Sum: 15.1]
      [Update RS (ms): Min: 0.0, Avg: 1.1, Max: 1.6, Diff: 1.6, Sum: 11.1]
         [Processed Buffers: Min: 0, Avg: 3.4, Max: 14, Diff: 14, Sum: 34]
      [Scan RS (ms): Min: 0.0, Avg: 0.1, Max: 0.1, Diff: 0.1, Sum: 0.6]
      [Code Root Scanning (ms): Min: 0.0, Avg: 1.5, Max: 2.3, Diff: 2.3, Sum: 14.7]
      [Object Copy (ms): Min: 28.2, Avg: 30.9, Max: 32.6, Diff: 4.4, Sum: 309.1]
      [Termination (ms): Min: 0.0, Avg: 0.1, Max: 0.1, Diff: 0.1, Sum: 0.9]
         [Termination Attempts: Min: 1, Avg: 1.4, Max: 3, Diff: 2, Sum: 14]
      [GC Worker Other (ms): Min: 0.0, Avg: 0.0, Max: 0.1, Diff: 0.1, Sum: 0.5]
      [GC Worker Total (ms): Min: 35.0, Avg: 35.2, Max: 35.3, Diff: 0.3, Sum: 351.9]
      [GC Worker End (ms): Min: 76835.5, Avg: 76835.5, Max: 76835.6, Diff: 0.1]
   [Code Root Fixup: 0.2 ms]
   [Code Root Purge: 0.1 ms]
   [Clear CT: 0.5 ms]
   [Other: 9.9 ms]
      [Choose CSet: 0.0 ms]
      [Ref Proc: 7.0 ms]
      [Ref Enq: 0.7 ms]
      [Redirty Cards: 0.6 ms]
      [Humongous Register: 0.1 ms]
      [Humongous Reclaim: 0.0 ms]
      [Free CSet: 1.0 ms]
   [Eden: 271.0M(271.0M)->0.0B(272.0M) Survivors: 36.0M->35.0M Heap: 327.6M(512.0M)->65.2M(512.0M)]
Heap after GC invocations=11 (full 0):
 garbage-first heap   total 524288K, used 66743K [0x00000000e0000000, 0x00000000e0101000, 0x0000000100000000)
  region size 1024K, 35 young (35840K), 35 survivors (35840K)
 Metaspace       used 55574K, capacity 58344K, committed 58576K, reserved 1099776K
  class space    used 6824K, capacity 7376K, committed 7424K, reserved 1048576K
}
 [Times: user=0.30 sys=0.03, real=0.05 secs] 
2021-04-20T14:45:51.079-0700: 76.847: Total time for which application threads were stopped: 0.0478010 seconds, Stopping threads took: 0.0001397 seconds
2021-04-20T14:45:51.092-0700: 76.861: Total time for which application threads were stopped: 0.0065181 seconds, Stopping threads took: 0.0056951 seconds
2021-04-20T14:45:51.093-0700: 76.862: Total time for which application threads were stopped: 0.0005688 seconds, Stopping threads took: 0.0000704 seconds
2021-04-20T14:45:51.094-0700: 76.862: Total time for which application threads were stopped: 0.0004312 seconds, Stopping threads took: 0.0000706 seconds
2021-04-20T14:45:51.095-0700: 76.863: Total time for which application threads were stopped: 0.0005470 seconds, Stopping threads took: 0.0001077 seconds
2021-04-20T14:45:51.095-0700: 76.864: Total time for which application threads were stopped: 0.0004193 seconds, Stopping threads took: 0.0000859 seconds
2021-04-20T14:45:51.096-0700: 76.864: Total time for which application threads were stopped: 0.0004167 seconds, Stopping threads took: 0.0000581 seconds
2021-04-20T14:45:51.097-0700: 76.865: Total time for which application threads were stopped: 0.0003217 seconds, Stopping threads took: 0.0000485 seconds
2021-04-20T14:45:51.097-0700: 76.866: Total time for which application threads were stopped: 0.0004796 seconds, Stopping threads took: 0.0000491 seconds
2021-04-20T14:45:51.098-0700: 76.867: Total time for which application threads were stopped: 0.0005695 seconds, Stopping threads took: 0.0000566 seconds
2021-04-20T14:45:51.099-0700: 76.867: Total time for which application threads were stopped: 0.0003750 seconds, Stopping threads took: 0.0001584 seconds
2021-04-20T14:45:51.099-0700: 76.867: Total time for which application threads were stopped: 0.0002431 seconds, Stopping threads took: 0.0000450 seconds
2021-04-20T14:45:51.782-0700: 77.550: Total time for which application threads were stopped: 0.0002506 seconds, Stopping threads took: 0.0000435 seconds
2021-04-20T14:45:52.784-0700: 78.553: Total time for which application threads were stopped: 0.0006031 seconds, Stopping threads took: 0.0001539 seconds
2021-04-20T14:45:53.796-0700: 79.565: Total time for which application threads were stopped: 0.0004086 seconds, Stopping threads took: 0.0000739 seconds
2021-04-20T14:45:54.807-0700: 80.575: Total time for which application threads were stopped: 0.0003335 seconds, Stopping threads took: 0.0000795 seconds
2021-04-20T14:45:55.822-0700: 81.590: Total time for which application threads were stopped: 0.0004690 seconds, Stopping threads took: 0.0001266 seconds
2021-04-20T14:46:07.911-0700: 93.679: Total time for which application threads were stopped: 0.0005717 seconds, Stopping threads took: 0.0001793 seconds
2021-04-20T14:46:21.019-0700: 106.787: Total time for which application threads were stopped: 0.0008124 seconds, Stopping threads took: 0.0004216 seconds
2021-04-20T14:46:21.020-0700: 106.788: Total time for which application threads were stopped: 0.0006881 seconds, Stopping threads took: 0.0002560 seconds
2021-04-20T14:46:22.024-0700: 107.792: Total time for which application threads were stopped: 0.0003772 seconds, Stopping threads took: 0.0000775 seconds
{Heap before GC invocations=11 (full 0):
 garbage-first heap   total 524288K, used 348541K [0x00000000e0000000, 0x00000000e0101000, 0x0000000100000000)
  region size 1024K, 307 young (314368K), 35 survivors (35840K)
 Metaspace       used 55833K, capacity 58684K, committed 58832K, reserved 1101824K
  class space    used 6824K, capacity 7376K, committed 7424K, reserved 1048576K
2021-04-20T14:46:22.302-0700: 108.071: [GC pause (G1 Evacuation Pause) (young)
Desired survivor size 20447232 bytes, new threshold 2 (max 15)
- age   1:   14168456 bytes,   14168456 total
- age   2:    6382208 bytes,   20550664 total
- age   3:    7727008 bytes,   28277672 total
, 0.0335187 secs]
   [Parallel Time: 26.3 ms, GC Workers: 10]
      [GC Worker Start (ms): Min: 108070.8, Avg: 108070.9, Max: 108071.2, Diff: 0.4]
      [Ext Root Scanning (ms): Min: 0.2, Avg: 0.7, Max: 3.2, Diff: 3.0, Sum: 6.9]
      [Update RS (ms): Min: 0.0, Avg: 0.5, Max: 1.8, Diff: 1.8, Sum: 5.4]
         [Processed Buffers: Min: 0, Avg: 4.1, Max: 18, Diff: 18, Sum: 41]
      [Scan RS (ms): Min: 0.1, Avg: 0.7, Max: 1.2, Diff: 1.1, Sum: 7.0]
      [Code Root Scanning (ms): Min: 0.0, Avg: 0.6, Max: 1.2, Diff: 1.2, Sum: 5.6]
      [Object Copy (ms): Min: 21.6, Avg: 23.4, Max: 25.4, Diff: 3.8, Sum: 234.3]
      [Termination (ms): Min: 0.0, Avg: 0.0, Max: 0.0, Diff: 0.0, Sum: 0.3]
         [Termination Attempts: Min: 1, Avg: 62.7, Max: 91, Diff: 90, Sum: 627]
      [GC Worker Other (ms): Min: 0.0, Avg: 0.1, Max: 0.3, Diff: 0.2, Sum: 1.2]
      [GC Worker Total (ms): Min: 25.8, Avg: 26.1, Max: 26.2, Diff: 0.4, Sum: 260.6]
      [GC Worker End (ms): Min: 108096.9, Avg: 108097.0, Max: 108097.1, Diff: 0.2]
   [Code Root Fixup: 0.2 ms]
   [Code Root Purge: 0.1 ms]
   [Clear CT: 0.3 ms]
   [Other: 6.6 ms]
      [Choose CSet: 0.0 ms]
      [Ref Proc: 5.0 ms]
      [Ref Enq: 0.4 ms]
      [Redirty Cards: 0.3 ms]
      [Humongous Register: 0.0 ms]
      [Humongous Reclaim: 0.1 ms]
      [Free CSet: 0.6 ms]
   [Eden: 272.0M(272.0M)->0.0B(288.0M) Survivors: 35.0M->19.0M Heap: 340.4M(512.0M)->71.6M(512.0M)]
Heap after GC invocations=12 (full 0):
 garbage-first heap   total 524288K, used 73349K [0x00000000e0000000, 0x00000000e0101000, 0x0000000100000000)
  region size 1024K, 19 young (19456K), 19 survivors (19456K)
 Metaspace       used 55833K, capacity 58684K, committed 58832K, reserved 1101824K
  class space    used 6824K, capacity 7376K, committed 7424K, reserved 1048576K
}
 [Times: user=0.31 sys=0.00, real=0.03 secs] 
2021-04-20T14:46:22.336-0700: 108.105: Total time for which application threads were stopped: 0.0340762 seconds, Stopping threads took: 0.0000538 seconds
2021-04-20T14:46:22.337-0700: 108.105: Total time for which application threads were stopped: 0.0004786 seconds, Stopping threads took: 0.0001298 seconds
2021-04-20T14:46:22.338-0700: 108.106: Total time for which application threads were stopped: 0.0002601 seconds, Stopping threads took: 0.0000632 seconds
2021-04-20T14:46:22.339-0700: 108.107: Total time for which application threads were stopped: 0.0004171 seconds, Stopping threads took: 0.0000687 seconds
2021-04-20T14:46:22.340-0700: 108.108: Total time for which application threads were stopped: 0.0002726 seconds, Stopping threads took: 0.0000738 seconds
2021-04-20T14:46:22.340-0700: 108.109: Total time for which application threads were stopped: 0.0003266 seconds, Stopping threads took: 0.0000448 seconds
2021-04-20T14:46:23.342-0700: 109.110: Total time for which application threads were stopped: 0.0003381 seconds, Stopping threads took: 0.0000584 seconds
2021-04-20T14:46:24.357-0700: 110.125: Total time for which application threads were stopped: 0.0003713 seconds, Stopping threads took: 0.0000984 seconds
2021-04-20T14:46:29.396-0700: 115.164: Total time for which application threads were stopped: 0.0007534 seconds, Stopping threads took: 0.0002268 seconds
2021-04-20T14:46:45.536-0700: 131.304: Total time for which application threads were stopped: 0.0004075 seconds, Stopping threads took: 0.0001073 seconds
2021-04-20T14:46:53.618-0700: 139.387: Total time for which application threads were stopped: 0.0005073 seconds, Stopping threads took: 0.0001503 seconds
2021-04-20T14:46:55.619-0700: 141.387: Total time for which application threads were stopped: 0.0003299 seconds, Stopping threads took: 0.0001116 seconds
2021-04-20T14:46:56.630-0700: 142.398: Total time for which application threads were stopped: 0.0003610 seconds, Stopping threads took: 0.0000894 seconds
2021-04-20T14:46:57.630-0700: 143.398: Total time for which application threads were stopped: 0.0004782 seconds, Stopping threads took: 0.0001295 seconds
2021-04-20T14:47:29.883-0700: 175.652: Total time for which application threads were stopped: 0.0007904 seconds, Stopping threads took: 0.0003099 seconds
2021-04-20T14:48:23.351-0700: 229.119: Total time for which application threads were stopped: 0.0004403 seconds, Stopping threads took: 0.0001300 seconds
2021-04-20T14:48:30.393-0700: 236.161: Total time for which application threads were stopped: 0.0004434 seconds, Stopping threads took: 0.0001207 seconds
2021-04-20T14:48:41.470-0700: 247.239: Total time for which application threads were stopped: 0.0003273 seconds, Stopping threads took: 0.0000716 seconds
2021-04-20T14:49:27.858-0700: 293.627: Total time for which application threads were stopped: 0.0004206 seconds, Stopping threads took: 0.0001225 seconds
2021-04-20T14:49:29.625-0700: 295.394: Total time for which application threads were stopped: 0.0003204 seconds, Stopping threads took: 0.0000597 seconds
2021-04-20T14:49:30.627-0700: 296.396: Total time for which application threads were stopped: 0.0004022 seconds, Stopping threads took: 0.0001095 seconds
2021-04-20T14:49:54.834-0700: 320.603: Total time for which application threads were stopped: 0.0005307 seconds, Stopping threads took: 0.0001317 seconds
2021-04-20T14:50:23.109-0700: 348.877: Total time for which application threads were stopped: 0.0007716 seconds, Stopping threads took: 0.0003023 seconds
2021-04-20T14:50:30.192-0700: 355.961: Total time for which application threads were stopped: 0.0005237 seconds, Stopping threads took: 0.0001107 seconds
2021-04-20T14:50:54.429-0700: 380.198: Total time for which application threads were stopped: 0.0002316 seconds, Stopping threads took: 0.0000573 seconds
2021-04-20T14:51:54.973-0700: 440.741: Total time for which application threads were stopped: 0.0008678 seconds, Stopping threads took: 0.0002803 seconds
2021-04-20T14:53:51.091-0700: 556.860: Total time for which application threads were stopped: 0.0009237 seconds, Stopping threads took: 0.0003178 seconds
2021-04-20T14:54:30.511-0700: 596.279: Total time for which application threads were stopped: 0.0006884 seconds, Stopping threads took: 0.0001294 seconds
2021-04-20T14:56:31.515-0700: 717.283: Total time for which application threads were stopped: 0.0003139 seconds, Stopping threads took: 0.0001215 seconds
2021-04-20T14:57:31.051-0700: 776.820: Total time for which application threads were stopped: 0.0007157 seconds, Stopping threads took: 0.0001473 seconds
2021-04-20T14:58:51.123-0700: 856.891: Total time for which application threads were stopped: 0.0004953 seconds, Stopping threads took: 0.0000951 seconds
2021-04-20T14:59:31.307-0700: 897.075: Total time for which application threads were stopped: 0.0003453 seconds, Stopping threads took: 0.0000686 seconds
2021-04-20T14:59:57.552-0700: 923.320: Total time for which application threads were stopped: 0.0003488 seconds, Stopping threads took: 0.0000977 seconds
2021-04-20T15:00:31.869-0700: 957.638: Total time for which application threads were stopped: 0.0001815 seconds, Stopping threads took: 0.0000432 seconds
2021-04-20T15:00:56.943-0700: 982.711: Total time for which application threads were stopped: 0.0017394 seconds, Stopping threads took: 0.0001442 seconds
2021-04-20T15:01:32.265-0700: 1018.033: Total time for which application threads were stopped: 0.0007989 seconds, Stopping threads took: 0.0002432 seconds
2021-04-20T15:01:57.499-0700: 1043.267: Total time for which application threads were stopped: 0.0007273 seconds, Stopping threads took: 0.0002212 seconds
2021-04-20T15:02:31.859-0700: 1077.627: Total time for which application threads were stopped: 0.0004333 seconds, Stopping threads took: 0.0001012 seconds
2021-04-20T15:03:51.183-0700: 1156.952: Total time for which application threads were stopped: 0.0008544 seconds, Stopping threads took: 0.0002099 seconds
2021-04-20T15:03:58.235-0700: 1164.003: Total time for which application threads were stopped: 0.0005369 seconds, Stopping threads took: 0.0001407 seconds
2021-04-20T15:04:32.049-0700: 1197.817: Total time for which application threads were stopped: 0.0002994 seconds, Stopping threads took: 0.0001481 seconds
2021-04-20T15:04:58.275-0700: 1224.044: Total time for which application threads were stopped: 0.0005944 seconds, Stopping threads took: 0.0003204 seconds
2021-04-20T15:05:32.518-0700: 1258.286: Total time for which application threads were stopped: 0.0010711 seconds, Stopping threads took: 0.0001247 seconds
2021-04-20T15:06:33.065-0700: 1318.833: Total time for which application threads were stopped: 0.0012254 seconds, Stopping threads took: 0.0001674 seconds
2021-04-20T15:07:33.521-0700: 1379.289: Total time for which application threads were stopped: 0.0017524 seconds, Stopping threads took: 0.0002997 seconds
2021-04-20T15:07:58.759-0700: 1404.528: Total time for which application threads were stopped: 0.0052830 seconds, Stopping threads took: 0.0048895 seconds
2021-04-20T15:08:33.009-0700: 1438.777: Total time for which application threads were stopped: 0.0018130 seconds, Stopping threads took: 0.0001493 seconds
2021-04-20T15:08:51.201-0700: 1456.970: Total time for which application threads were stopped: 0.0005089 seconds, Stopping threads took: 0.0000949 seconds
2021-04-20T15:09:32.540-0700: 1498.308: Total time for which application threads were stopped: 0.0004377 seconds, Stopping threads took: 0.0001355 seconds
2021-04-20T15:09:32.938-0700: 1498.707: Total time for which application threads were stopped: 0.0004280 seconds, Stopping threads took: 0.0000775 seconds
2021-04-20T15:09:42.013-0700: 1507.781: Total time for which application threads were stopped: 0.0004897 seconds, Stopping threads took: 0.0000921 seconds
2021-04-20T15:10:33.437-0700: 1559.205: Total time for which application threads were stopped: 0.0009131 seconds, Stopping threads took: 0.0003039 seconds
2021-04-20T15:10:59.666-0700: 1585.434: Total time for which application threads were stopped: 0.0006730 seconds, Stopping threads took: 0.0001908 seconds
2021-04-20T15:13:51.249-0700: 1757.020: Total time for which application threads were stopped: 0.0032706 seconds, Stopping threads took: 0.0001444 seconds
2021-04-20T15:14:01.327-0700: 1767.096: Total time for which application threads were stopped: 0.0004544 seconds, Stopping threads took: 0.0001311 seconds
2021-04-20T15:14:33.948-0700: 1799.716: Total time for which application threads were stopped: 0.0013991 seconds, Stopping threads took: 0.0007562 seconds
2021-04-20T15:14:34.952-0700: 1800.720: Total time for which application threads were stopped: 0.0004861 seconds, Stopping threads took: 0.0001002 seconds
2021-04-20T15:18:01.295-0700: 2007.063: Total time for which application threads were stopped: 0.0003193 seconds, Stopping threads took: 0.0000646 seconds
2021-04-20T15:19:35.230-0700: 2100.998: Total time for which application threads were stopped: 0.0007170 seconds, Stopping threads took: 0.0001521 seconds
2021-04-20T15:20:35.788-0700: 2161.557: Total time for which application threads were stopped: 0.0004427 seconds, Stopping threads took: 0.0001120 seconds
2021-04-20T15:21:02.192-0700: 2187.961: Total time for which application threads were stopped: 0.0023222 seconds, Stopping threads took: 0.0000687 seconds
2021-04-20T15:21:22.339-0700: 2208.107: Total time for which application threads were stopped: 0.0003285 seconds, Stopping threads took: 0.0000767 seconds
2021-04-20T15:21:36.469-0700: 2222.237: Total time for which application threads were stopped: 0.0007566 seconds, Stopping threads took: 0.0001601 seconds
2021-04-20T15:23:01.361-0700: 2307.129: Total time for which application threads were stopped: 0.0035348 seconds, Stopping threads took: 0.0032179 seconds
2021-04-20T15:23:03.373-0700: 2309.141: Total time for which application threads were stopped: 0.0002935 seconds, Stopping threads took: 0.0000563 seconds
2021-04-20T15:24:36.223-0700: 2401.991: Total time for which application threads were stopped: 0.0005713 seconds, Stopping threads took: 0.0002438 seconds
2021-04-20T15:28:01.417-0700: 2607.186: Total time for which application threads were stopped: 0.0030738 seconds, Stopping threads took: 0.0001380 seconds
2021-04-20T15:28:04.443-0700: 2610.212: Total time for which application threads were stopped: 0.0005690 seconds, Stopping threads took: 0.0001795 seconds
2021-04-20T15:29:05.134-0700: 2670.902: Total time for which application threads were stopped: 0.0040879 seconds, Stopping threads took: 0.0037275 seconds
2021-04-20T15:29:37.256-0700: 2703.024: Total time for which application threads were stopped: 0.0002396 seconds, Stopping threads took: 0.0000440 seconds
2021-04-20T15:33:01.458-0700: 2907.226: Total time for which application threads were stopped: 0.0004833 seconds, Stopping threads took: 0.0000953 seconds
2021-04-20T15:33:37.971-0700: 2943.739: Total time for which application threads were stopped: 0.0011193 seconds, Stopping threads took: 0.0006723 seconds
2021-04-20T15:34:38.589-0700: 3004.358: Total time for which application threads were stopped: 0.0004491 seconds, Stopping threads took: 0.0000954 seconds
2021-04-20T15:35:42.149-0700: 3067.918: Total time for which application threads were stopped: 0.0007288 seconds, Stopping threads took: 0.0001476 seconds
2021-04-20T15:36:07.346-0700: 3093.115: Total time for which application threads were stopped: 0.0003719 seconds, Stopping threads took: 0.0000831 seconds
2021-04-20T15:36:42.649-0700: 3128.417: Total time for which application threads were stopped: 0.0007883 seconds, Stopping threads took: 0.0001927 seconds
2021-04-20T15:37:39.109-0700: 3184.877: Total time for which application threads were stopped: 0.0003434 seconds, Stopping threads took: 0.0000884 seconds
2021-04-20T15:38:01.511-0700: 3207.280: Total time for which application threads were stopped: 0.0009797 seconds, Stopping threads took: 0.0005201 seconds
2021-04-20T15:38:07.564-0700: 3213.332: Total time for which application threads were stopped: 0.0003172 seconds, Stopping threads took: 0.0000739 seconds
2021-04-20T15:38:37.847-0700: 3243.615: Total time for which application threads were stopped: 0.0004251 seconds, Stopping threads took: 0.0001215 seconds
2021-04-20T15:38:39.079-0700: 3244.848: Total time for which application threads were stopped: 0.0003641 seconds, Stopping threads took: 0.0001251 seconds
2021-04-20T15:38:52.180-0700: 3257.949: Total time for which application threads were stopped: 0.0002741 seconds, Stopping threads took: 0.0000944 seconds
2021-04-20T15:39:07.328-0700: 3273.097: Total time for which application threads were stopped: 0.0006995 seconds, Stopping threads took: 0.0001624 seconds
2021-04-20T15:39:41.620-0700: 3307.388: Total time for which application threads were stopped: 0.0005803 seconds, Stopping threads took: 0.0001575 seconds
2021-04-20T15:41:07.706-0700: 3393.474: Total time for which application threads were stopped: 0.0059785 seconds, Stopping threads took: 0.0018870 seconds
2021-04-20T15:43:01.559-0700: 3507.327: Total time for which application threads were stopped: 0.0005621 seconds, Stopping threads took: 0.0001355 seconds
2021-04-20T15:43:39.879-0700: 3545.648: Total time for which application threads were stopped: 0.0018862 seconds, Stopping threads took: 0.0000920 seconds
2021-04-20T15:43:39.944-0700: 3545.713: Total time for which application threads were stopped: 0.0010589 seconds, Stopping threads took: 0.0000663 seconds
2021-04-20T15:44:40.119-0700: 3605.887: Total time for which application threads were stopped: 0.0024029 seconds, Stopping threads took: 0.0018298 seconds
2021-04-20T15:44:41.120-0700: 3606.889: Total time for which application threads were stopped: 0.0004941 seconds, Stopping threads took: 0.0001124 seconds
2021-04-20T15:45:09.301-0700: 3635.069: Total time for which application threads were stopped: 0.0005289 seconds, Stopping threads took: 0.0002020 seconds
2021-04-20T15:45:41.600-0700: 3667.369: Total time for which application threads were stopped: 0.0005650 seconds, Stopping threads took: 0.0001521 seconds
2021-04-20T15:46:09.807-0700: 3695.575: Total time for which application threads were stopped: 0.0003801 seconds, Stopping threads took: 0.0000920 seconds
2021-04-20T15:46:41.131-0700: 3726.899: Total time for which application threads were stopped: 0.0003270 seconds, Stopping threads took: 0.0001010 seconds
2021-04-20T15:47:10.412-0700: 3756.181: Total time for which application threads were stopped: 0.0006909 seconds, Stopping threads took: 0.0001710 seconds
2021-04-20T15:48:01.596-0700: 3807.365: Total time for which application threads were stopped: 0.0005737 seconds, Stopping threads took: 0.0001376 seconds
2021-04-20T15:48:41.302-0700: 3847.070: Total time for which application threads were stopped: 0.0004385 seconds, Stopping threads took: 0.0000974 seconds
2021-04-20T15:48:42.303-0700: 3848.072: Total time for which application threads were stopped: 0.0005255 seconds, Stopping threads took: 0.0001309 seconds
2021-04-20T15:49:41.886-0700: 3907.654: Total time for which application threads were stopped: 0.0010217 seconds, Stopping threads took: 0.0003893 seconds
2021-04-20T15:49:42.896-0700: 3908.664: Total time for which application threads were stopped: 0.0004767 seconds, Stopping threads took: 0.0001003 seconds
2021-04-20T15:53:01.635-0700: 4107.403: Total time for which application threads were stopped: 0.0013112 seconds, Stopping threads took: 0.0001657 seconds
2021-04-20T15:53:42.307-0700: 4148.076: Total time for which application threads were stopped: 0.0002759 seconds, Stopping threads took: 0.0000600 seconds
2021-04-20T15:56:12.553-0700: 4298.321: Total time for which application threads were stopped: 0.0010253 seconds, Stopping threads took: 0.0003818 seconds
2021-04-20T15:56:42.874-0700: 4328.642: Total time for which application threads were stopped: 0.0039287 seconds, Stopping threads took: 0.0001283 seconds
2021-04-20T15:57:12.146-0700: 4357.915: Total time for which application threads were stopped: 0.0005451 seconds, Stopping threads took: 0.0001207 seconds
2021-04-20T15:58:43.318-0700: 4449.086: Total time for which application threads were stopped: 0.0007702 seconds, Stopping threads took: 0.0001367 seconds
2021-04-20T16:01:12.674-0700: 4598.442: Total time for which application threads were stopped: 0.0010767 seconds, Stopping threads took: 0.0001091 seconds
2021-04-20T16:01:44.961-0700: 4630.730: Total time for which application threads were stopped: 0.0005567 seconds, Stopping threads took: 0.0001591 seconds
2021-04-20T16:02:11.730-0700: 4657.498: Total time for which application threads were stopped: 0.0004573 seconds, Stopping threads took: 0.0001200 seconds
2021-04-20T16:03:44.377-0700: 4750.145: Total time for which application threads were stopped: 0.0002173 seconds, Stopping threads took: 0.0000552 seconds
2021-04-20T16:06:14.378-0700: 4900.147: Total time for which application threads were stopped: 0.0009559 seconds, Stopping threads took: 0.0002581 seconds
2021-04-20T16:07:11.777-0700: 4957.546: Total time for which application threads were stopped: 0.0024537 seconds, Stopping threads took: 0.0020039 seconds
2021-04-20T16:07:53.028-0700: 4998.796: Total time for which application threads were stopped: 0.0004604 seconds, Stopping threads took: 0.0001091 seconds
2021-04-20T16:08:45.275-0700: 5051.044: Total time for which application threads were stopped: 0.0005608 seconds, Stopping threads took: 0.0001236 seconds
2021-04-20T16:09:15.499-0700: 5081.267: Total time for which application threads were stopped: 0.0004767 seconds, Stopping threads took: 0.0001221 seconds
2021-04-20T16:11:03.200-0700: 5188.969: Total time for which application threads were stopped: 0.0005729 seconds, Stopping threads took: 0.0001432 seconds
2021-04-20T16:11:42.473-0700: 5228.242: Total time for which application threads were stopped: 0.0008260 seconds, Stopping threads took: 0.0001899 seconds
2021-04-20T16:12:11.827-0700: 5257.596: Total time for which application threads were stopped: 0.0005539 seconds, Stopping threads took: 0.0000978 seconds
2021-04-20T16:13:46.333-0700: 5352.102: Total time for which application threads were stopped: 0.0003287 seconds, Stopping threads took: 0.0000762 seconds
2021-04-20T16:17:11.877-0700: 5557.646: Total time for which application threads were stopped: 0.0007509 seconds, Stopping threads took: 0.0001664 seconds
2021-04-20T16:17:43.092-0700: 5588.860: Total time for which application threads were stopped: 0.0004540 seconds, Stopping threads took: 0.0001156 seconds
2021-04-20T16:17:47.125-0700: 5592.893: Total time for which application threads were stopped: 0.0005203 seconds, Stopping threads took: 0.0001684 seconds
2021-04-20T16:18:47.497-0700: 5653.265: Total time for which application threads were stopped: 0.0005772 seconds, Stopping threads took: 0.0001367 seconds
2021-04-20T16:21:18.429-0700: 5804.198: Total time for which application threads were stopped: 0.0265277 seconds, Stopping threads took: 0.0257308 seconds
2021-04-20T16:22:11.936-0700: 5857.705: Total time for which application threads were stopped: 0.0006137 seconds, Stopping threads took: 0.0001173 seconds
2021-04-20T16:22:19.013-0700: 5864.782: Total time for which application threads were stopped: 0.0004521 seconds, Stopping threads took: 0.0001195 seconds
2021-04-20T16:22:48.128-0700: 5893.897: Total time for which application threads were stopped: 0.0005588 seconds, Stopping threads took: 0.0001385 seconds
2021-04-20T16:27:11.985-0700: 6157.754: Total time for which application threads were stopped: 0.0002216 seconds, Stopping threads took: 0.0000451 seconds
2021-04-20T16:27:49.151-0700: 6194.920: Total time for which application threads were stopped: 0.0005024 seconds, Stopping threads took: 0.0001083 seconds
2021-04-20T16:28:49.655-0700: 6255.424: Total time for which application threads were stopped: 0.0002576 seconds, Stopping threads took: 0.0000625 seconds
2021-04-20T16:30:49.718-0700: 6375.486: Total time for which application threads were stopped: 0.0004514 seconds, Stopping threads took: 0.0001238 seconds
2021-04-20T16:32:12.044-0700: 6457.812: Total time for which application threads were stopped: 0.0008462 seconds, Stopping threads took: 0.0000633 seconds
2021-04-20T16:32:49.627-0700: 6495.395: Total time for which application threads were stopped: 0.0014649 seconds, Stopping threads took: 0.0012696 seconds
2021-04-20T16:33:50.215-0700: 6555.983: Total time for which application threads were stopped: 0.0002976 seconds, Stopping threads took: 0.0000734 seconds
2021-04-20T16:35:50.418-0700: 6676.186: Total time for which application threads were stopped: 0.0002470 seconds, Stopping threads took: 0.0000729 seconds
2021-04-20T16:35:53.448-0700: 6679.216: Total time for which application threads were stopped: 0.0002602 seconds, Stopping threads took: 0.0000619 seconds
2021-04-20T16:36:22.075-0700: 6707.844: Total time for which application threads were stopped: 0.0002740 seconds, Stopping threads took: 0.0000590 seconds
2021-04-20T16:36:23.085-0700: 6708.853: Total time for which application threads were stopped: 0.0002754 seconds, Stopping threads took: 0.0000697 seconds
2021-04-20T16:37:50.083-0700: 6795.852: Total time for which application threads were stopped: 0.0006554 seconds, Stopping threads took: 0.0000829 seconds
2021-04-20T16:38:50.679-0700: 6856.448: Total time for which application threads were stopped: 0.0004804 seconds, Stopping threads took: 0.0000896 seconds
2021-04-20T16:40:50.784-0700: 6976.552: Total time for which application threads were stopped: 0.0002344 seconds, Stopping threads took: 0.0000881 seconds
2021-04-20T16:41:22.127-0700: 7007.896: Total time for which application threads were stopped: 0.0004095 seconds, Stopping threads took: 0.0000954 seconds
2021-04-20T16:41:23.483-0700: 7009.251: Total time for which application threads were stopped: 0.0016056 seconds, Stopping threads took: 0.0001395 seconds
2021-04-20T16:41:24.487-0700: 7010.256: Total time for which application threads were stopped: 0.0028258 seconds, Stopping threads took: 0.0001215 seconds
2021-04-20T16:41:50.711-0700: 7036.480: Total time for which application threads were stopped: 0.0002793 seconds, Stopping threads took: 0.0000996 seconds
2021-04-20T16:42:50.621-0700: 7096.389: Total time for which application threads were stopped: 0.0002111 seconds, Stopping threads took: 0.0000547 seconds
2021-04-20T16:43:24.953-0700: 7130.721: Total time for which application threads were stopped: 0.0002227 seconds, Stopping threads took: 0.0000579 seconds
2021-04-20T16:45:51.342-0700: 7277.110: Total time for which application threads were stopped: 0.0001684 seconds, Stopping threads took: 0.0000510 seconds
2021-04-20T16:46:22.175-0700: 7307.944: Total time for which application threads were stopped: 0.0003136 seconds, Stopping threads took: 0.0000671 seconds
2021-04-20T16:46:51.473-0700: 7337.241: Total time for which application threads were stopped: 0.0002039 seconds, Stopping threads took: 0.0000675 seconds
2021-04-20T16:47:51.056-0700: 7396.825: Total time for which application threads were stopped: 0.0001300 seconds, Stopping threads took: 0.0000289 seconds
2021-04-20T16:51:22.222-0700: 7607.990: Total time for which application threads were stopped: 0.0002390 seconds, Stopping threads took: 0.0000622 seconds
2021-04-20T16:52:26.855-0700: 7672.623: Total time for which application threads were stopped: 0.0003116 seconds, Stopping threads took: 0.0000794 seconds
2021-04-20T16:52:51.441-0700: 7697.210: Total time for which application threads were stopped: 0.0008874 seconds, Stopping threads took: 0.0007693 seconds
2021-04-20T16:52:52.446-0700: 7698.215: Total time for which application threads were stopped: 0.0015778 seconds, Stopping threads took: 0.0000505 seconds
2021-04-20T16:53:51.994-0700: 7757.762: Total time for which application threads were stopped: 0.0002695 seconds, Stopping threads took: 0.0000837 seconds
2021-04-20T16:55:27.982-0700: 7853.751: Total time for which application threads were stopped: 0.0017142 seconds, Stopping threads took: 0.0000902 seconds
2021-04-20T16:56:22.267-0700: 7908.036: Total time for which application threads were stopped: 0.0003073 seconds, Stopping threads took: 0.0000635 seconds
2021-04-20T16:57:51.786-0700: 7997.554: Total time for which application threads were stopped: 0.0006083 seconds, Stopping threads took: 0.0000345 seconds
2021-04-20T17:01:22.309-0700: 8208.078: Total time for which application threads were stopped: 0.0002599 seconds, Stopping threads took: 0.0000766 seconds
2021-04-20T17:01:28.658-0700: 8214.427: Total time for which application threads were stopped: 0.0004141 seconds, Stopping threads took: 0.0000275 seconds
2021-04-20T17:02:29.228-0700: 8274.996: Total time for which application threads were stopped: 0.0002343 seconds, Stopping threads took: 0.0001355 seconds
2021-04-20T17:02:52.106-0700: 8297.875: Total time for which application threads were stopped: 0.0001386 seconds, Stopping threads took: 0.0000270 seconds
2021-04-20T17:06:22.352-0700: 8508.121: Total time for which application threads were stopped: 0.0003095 seconds, Stopping threads took: 0.0001251 seconds
2021-04-20T17:07:52.481-0700: 8598.250: Total time for which application threads were stopped: 0.0001816 seconds, Stopping threads took: 0.0000271 seconds
2021-04-20T17:07:53.483-0700: 8599.251: Total time for which application threads were stopped: 0.0002685 seconds, Stopping threads took: 0.0000733 seconds
2021-04-20T17:08:53.048-0700: 8658.816: Total time for which application threads were stopped: 0.0002539 seconds, Stopping threads took: 0.0000555 seconds
2021-04-20T17:09:53.639-0700: 8719.407: Total time for which application threads were stopped: 0.0003356 seconds, Stopping threads took: 0.0000908 seconds
2021-04-20T17:10:53.244-0700: 8779.013: Total time for which application threads were stopped: 0.0002534 seconds, Stopping threads took: 0.0001188 seconds
2021-04-20T17:11:22.408-0700: 8808.176: Total time for which application threads were stopped: 0.0001956 seconds, Stopping threads took: 0.0000482 seconds
2021-04-20T17:12:52.850-0700: 8898.618: Total time for which application threads were stopped: 0.0001994 seconds, Stopping threads took: 0.0000470 seconds
2021-04-20T17:16:22.460-0700: 9108.229: Total time for which application threads were stopped: 0.0002895 seconds, Stopping threads took: 0.0000565 seconds
2021-04-20T17:17:53.207-0700: 9198.976: Total time for which application threads were stopped: 0.0003139 seconds, Stopping threads took: 0.0000340 seconds
2021-04-20T17:18:33.558-0700: 9239.327: Total time for which application threads were stopped: 0.0003893 seconds, Stopping threads took: 0.0001428 seconds
2021-04-20T17:18:53.254-0700: 9259.023: Total time for which application threads were stopped: 0.0001488 seconds, Stopping threads took: 0.0000322 seconds
2021-04-20T17:20:32.511-0700: 9358.279: Total time for which application threads were stopped: 0.0002751 seconds, Stopping threads took: 0.0000795 seconds
2021-04-20T17:21:33.675-0700: 9419.443: Total time for which application threads were stopped: 0.0002563 seconds, Stopping threads took: 0.0000248 seconds
2021-04-20T17:22:53.558-0700: 9499.326: Total time for which application threads were stopped: 0.0006644 seconds, Stopping threads took: 0.0000509 seconds
2021-04-20T17:22:53.569-0700: 9499.337: Total time for which application threads were stopped: 0.0001783 seconds, Stopping threads took: 0.0000237 seconds
2021-04-20T17:23:35.011-0700: 9540.779: Total time for which application threads were stopped: 0.0001566 seconds, Stopping threads took: 0.0000519 seconds
2021-04-20T17:23:54.193-0700: 9559.961: Total time for which application threads were stopped: 0.0002173 seconds, Stopping threads took: 0.0001375 seconds
{Heap before GC invocations=12 (full 0):
 garbage-first heap   total 524288K, used 368261K [0x00000000e0000000, 0x00000000e0101000, 0x0000000100000000)
  region size 1024K, 307 young (314368K), 19 survivors (19456K)
 Metaspace       used 56293K, capacity 59168K, committed 59344K, reserved 1101824K
  class space    used 6834K, capacity 7384K, committed 7424K, reserved 1048576K
2021-04-20T17:25:08.090-0700: 9633.858: [GC pause (G1 Evacuation Pause) (young)
Desired survivor size 20447232 bytes, new threshold 15 (max 15)
- age   1:    2161632 bytes,    2161632 total
- age   2:   13550072 bytes,   15711704 total
, 0.1980931 secs]
   [Parallel Time: 170.1 ms, GC Workers: 10]
      [GC Worker Start (ms): Min: 9633872.4, Avg: 9633874.7, Max: 9633876.5, Diff: 4.1]
      [Ext Root Scanning (ms): Min: 10.3, Avg: 17.5, Max: 73.6, Diff: 63.3, Sum: 175.1]
      [Update RS (ms): Min: 0.0, Avg: 11.2, Max: 17.7, Diff: 17.7, Sum: 112.4]
         [Processed Buffers: Min: 0, Avg: 4.2, Max: 11, Diff: 11, Sum: 42]
      [Scan RS (ms): Min: 0.1, Avg: 5.0, Max: 7.2, Diff: 7.1, Sum: 50.1]
      [Code Root Scanning (ms): Min: 0.0, Avg: 3.9, Max: 7.8, Diff: 7.8, Sum: 39.4]
      [Object Copy (ms): Min: 92.9, Avg: 126.7, Max: 135.2, Diff: 42.3, Sum: 1267.3]
      [Termination (ms): Min: 1.0, Avg: 1.7, Max: 2.4, Diff: 1.4, Sum: 17.1]
         [Termination Attempts: Min: 56, Avg: 102.1, Max: 136, Diff: 80, Sum: 1021]
      [GC Worker Other (ms): Min: 0.0, Avg: 0.5, Max: 1.5, Diff: 1.4, Sum: 5.4]
      [GC Worker Total (ms): Min: 164.8, Avg: 166.7, Max: 168.9, Diff: 4.1, Sum: 1666.8]
      [GC Worker End (ms): Min: 9634041.3, Avg: 9634041.3, Max: 9634041.4, Diff: 0.0]
   [Code Root Fixup: 0.1 ms]
   [Code Root Purge: 0.6 ms]
   [Clear CT: 0.7 ms]
   [Other: 26.7 ms]
      [Choose CSet: 0.0 ms]
      [Ref Proc: 6.3 ms]
      [Ref Enq: 0.2 ms]
      [Redirty Cards: 0.2 ms]
      [Humongous Register: 3.4 ms]
      [Humongous Reclaim: 0.0 ms]
      [Free CSet: 6.0 ms]
   [Eden: 288.0M(288.0M)->0.0B(282.0M) Survivors: 19.0M->25.0M Heap: 359.6M(512.0M)->77.1M(512.0M)]
Heap after GC invocations=13 (full 0):
 garbage-first heap   total 524288K, used 78982K [0x00000000e0000000, 0x00000000e0101000, 0x0000000100000000)
  region size 1024K, 25 young (25600K), 25 survivors (25600K)
 Metaspace       used 56293K, capacity 59168K, committed 59344K, reserved 1101824K
  class space    used 6834K, capacity 7384K, committed 7424K, reserved 1048576K
}
 [Times: user=0.22 sys=0.39, real=0.20 secs] 
2021-04-20T17:25:08.288-0700: 9634.056: Total time for which application threads were stopped: 0.2011350 seconds, Stopping threads took: 0.0000479 seconds
2021-04-20T17:25:32.567-0700: 9658.336: Total time for which application threads were stopped: 0.0001236 seconds, Stopping threads took: 0.0000287 seconds
2021-04-20T17:25:35.603-0700: 9661.372: Total time for which application threads were stopped: 0.0002648 seconds, Stopping threads took: 0.0000473 seconds
2021-04-20T17:27:48.983-0700: 9794.751: Total time for which application threads were stopped: 0.0003531 seconds, Stopping threads took: 0.0000895 seconds
2021-04-20T17:27:53.919-0700: 9799.688: Total time for which application threads were stopped: 0.0001140 seconds, Stopping threads took: 0.0000245 seconds
2021-04-20T17:30:32.605-0700: 9958.374: Total time for which application threads were stopped: 0.0002524 seconds, Stopping threads took: 0.0000644 seconds
2021-04-20T17:32:54.275-0700: 10100.043: Total time for which application threads were stopped: 0.0002075 seconds, Stopping threads took: 0.0000379 seconds
2021-04-20T17:33:54.870-0700: 10160.639: Total time for which application threads were stopped: 0.0001604 seconds, Stopping threads took: 0.0000389 seconds
2021-04-20T17:34:37.284-0700: 10203.052: Total time for which application threads were stopped: 0.0002388 seconds, Stopping threads took: 0.0000763 seconds
2021-04-20T17:35:32.660-0700: 10258.428: Total time for which application threads were stopped: 0.0004832 seconds, Stopping threads took: 0.0000464 seconds
2021-04-20T17:37:54.592-0700: 10400.361: Total time for which application threads were stopped: 0.0001698 seconds, Stopping threads took: 0.0000369 seconds
2021-04-20T17:40:32.708-0700: 10558.476: Total time for which application threads were stopped: 0.0003620 seconds, Stopping threads took: 0.0000883 seconds
2021-04-20T17:41:38.832-0700: 10624.601: Total time for which application threads were stopped: 0.0003449 seconds, Stopping threads took: 0.0000352 seconds
2021-04-20T17:42:54.932-0700: 10700.701: Total time for which application threads were stopped: 0.0001409 seconds, Stopping threads took: 0.0000305 seconds
2021-04-20T17:44:07.579-0700: 10773.348: Total time for which application threads were stopped: 0.0003146 seconds, Stopping threads took: 0.0001550 seconds
2021-04-20T17:44:07.645-0700: 10773.414: Total time for which application threads were stopped: 0.0529586 seconds, Stopping threads took: 0.0000146 seconds
2021-04-20T17:44:07.858-0700: 10773.626: Total time for which application threads were stopped: 0.0003136 seconds, Stopping threads took: 0.0000574 seconds
2021-04-20T17:44:07.861-0700: 10773.630: Total time for which application threads were stopped: 0.0002780 seconds, Stopping threads took: 0.0000177 seconds
2021-04-20T17:44:07.861-0700: 10773.630: Total time for which application threads were stopped: 0.0000465 seconds, Stopping threads took: 0.0000137 seconds
2021-04-20T17:44:07.862-0700: 10773.631: Total time for which application threads were stopped: 0.0001139 seconds, Stopping threads took: 0.0000377 seconds
2021-04-20T17:44:07.868-0700: 10773.636: Total time for which application threads were stopped: 0.0004164 seconds, Stopping threads took: 0.0001860 seconds
2021-04-20T17:44:07.876-0700: 10773.645: Total time for which application threads were stopped: 0.0022506 seconds, Stopping threads took: 0.0012868 seconds
2021-04-20T17:44:07.880-0700: 10773.648: Total time for which application threads were stopped: 0.0002808 seconds, Stopping threads took: 0.0001457 seconds
2021-04-20T17:44:07.880-0700: 10773.649: Total time for which application threads were stopped: 0.0004496 seconds, Stopping threads took: 0.0002195 seconds
2021-04-20T17:44:07.881-0700: 10773.650: Total time for which application threads were stopped: 0.0002023 seconds, Stopping threads took: 0.0001351 seconds
2021-04-20T17:44:07.883-0700: 10773.651: Total time for which application threads were stopped: 0.0005867 seconds, Stopping threads took: 0.0004064 seconds
2021-04-20T17:44:07.953-0700: 10773.721: Total time for which application threads were stopped: 0.0003354 seconds, Stopping threads took: 0.0001991 seconds
2021-04-20T17:44:07.954-0700: 10773.722: Total time for which application threads were stopped: 0.0002837 seconds, Stopping threads took: 0.0002071 seconds
2021-04-20T17:44:07.958-0700: 10773.727: Total time for which application threads were stopped: 0.0004945 seconds, Stopping threads took: 0.0001414 seconds
2021-04-20T17:44:07.962-0700: 10773.730: Total time for which application threads were stopped: 0.0003455 seconds, Stopping threads took: 0.0002410 seconds
2021-04-20T17:44:07.962-0700: 10773.731: Total time for which application threads were stopped: 0.0001840 seconds, Stopping threads took: 0.0001319 seconds
2021-04-20T17:44:07.963-0700: 10773.732: Total time for which application threads were stopped: 0.0001463 seconds, Stopping threads took: 0.0000968 seconds
2021-04-20T17:44:07.963-0700: 10773.732: Total time for which application threads were stopped: 0.0001422 seconds, Stopping threads took: 0.0000988 seconds
2021-04-20T17:44:07.964-0700: 10773.733: Total time for which application threads were stopped: 0.0001467 seconds, Stopping threads took: 0.0000996 seconds
2021-04-20T17:44:07.971-0700: 10773.740: Total time for which application threads were stopped: 0.0014966 seconds, Stopping threads took: 0.0001880 seconds
2021-04-20T17:44:07.972-0700: 10773.741: Total time for which application threads were stopped: 0.0004725 seconds, Stopping threads took: 0.0003681 seconds
2021-04-20T17:44:07.972-0700: 10773.741: Total time for which application threads were stopped: 0.0002046 seconds, Stopping threads took: 0.0001596 seconds
2021-04-20T17:44:07.972-0700: 10773.741: Total time for which application threads were stopped: 0.0000564 seconds, Stopping threads took: 0.0000159 seconds
2021-04-20T17:44:07.972-0700: 10773.741: Total time for which application threads were stopped: 0.0001832 seconds, Stopping threads took: 0.0001396 seconds
2021-04-20T17:44:07.974-0700: 10773.742: Total time for which application threads were stopped: 0.0009515 seconds, Stopping threads took: 0.0004522 seconds
2021-04-20T17:44:07.975-0700: 10773.743: Total time for which application threads were stopped: 0.0001607 seconds, Stopping threads took: 0.0001099 seconds
2021-04-20T17:44:07.987-0700: 10773.756: Total time for which application threads were stopped: 0.0005956 seconds, Stopping threads took: 0.0004829 seconds
2021-04-20T17:44:07.988-0700: 10773.757: Total time for which application threads were stopped: 0.0008506 seconds, Stopping threads took: 0.0003342 seconds
2021-04-20T17:44:07.989-0700: 10773.758: Total time for which application threads were stopped: 0.0005120 seconds, Stopping threads took: 0.0004342 seconds
2021-04-20T17:44:07.990-0700: 10773.759: Total time for which application threads were stopped: 0.0003671 seconds, Stopping threads took: 0.0003105 seconds
2021-04-20T17:44:07.990-0700: 10773.759: Total time for which application threads were stopped: 0.0001083 seconds, Stopping threads took: 0.0000587 seconds
2021-04-20T17:44:07.990-0700: 10773.759: Total time for which application threads were stopped: 0.0000877 seconds, Stopping threads took: 0.0000415 seconds
2021-04-20T17:44:07.990-0700: 10773.759: Total time for which application threads were stopped: 0.0001076 seconds, Stopping threads took: 0.0000631 seconds
2021-04-20T17:44:07.991-0700: 10773.760: Total time for which application threads were stopped: 0.0002933 seconds, Stopping threads took: 0.0002479 seconds
2021-04-20T17:44:07.991-0700: 10773.760: Total time for which application threads were stopped: 0.0006245 seconds, Stopping threads took: 0.0005618 seconds
2021-04-20T17:44:07.992-0700: 10773.761: Total time for which application threads were stopped: 0.0001630 seconds, Stopping threads took: 0.0000876 seconds
2021-04-20T17:44:07.992-0700: 10773.761: Total time for which application threads were stopped: 0.0001828 seconds, Stopping threads took: 0.0001262 seconds
2021-04-20T17:44:07.993-0700: 10773.762: Total time for which application threads were stopped: 0.0002915 seconds, Stopping threads took: 0.0000824 seconds
2021-04-20T17:44:07.993-0700: 10773.762: Total time for which application threads were stopped: 0.0001905 seconds, Stopping threads took: 0.0001426 seconds
2021-04-20T17:44:08.002-0700: 10773.771: Total time for which application threads were stopped: 0.0007852 seconds, Stopping threads took: 0.0004490 seconds
2021-04-20T17:44:08.002-0700: 10773.771: Total time for which application threads were stopped: 0.0003741 seconds, Stopping threads took: 0.0002977 seconds
2021-04-20T17:44:08.004-0700: 10773.773: Total time for which application threads were stopped: 0.0013380 seconds, Stopping threads took: 0.0003980 seconds
2021-04-20T17:44:08.006-0700: 10773.775: Total time for which application threads were stopped: 0.0010205 seconds, Stopping threads took: 0.0005474 seconds
2021-04-20T17:44:08.006-0700: 10773.775: Total time for which application threads were stopped: 0.0001443 seconds, Stopping threads took: 0.0001014 seconds
2021-04-20T17:44:08.007-0700: 10773.776: Total time for which application threads were stopped: 0.0005013 seconds, Stopping threads took: 0.0004607 seconds
2021-04-20T17:44:08.007-0700: 10773.776: Total time for which application threads were stopped: 0.0001102 seconds, Stopping threads took: 0.0000692 seconds
2021-04-20T17:44:08.008-0700: 10773.776: Total time for which application threads were stopped: 0.0003856 seconds, Stopping threads took: 0.0003447 seconds
2021-04-20T17:44:08.008-0700: 10773.777: Total time for which application threads were stopped: 0.0001462 seconds, Stopping threads took: 0.0001036 seconds
2021-04-20T17:44:08.010-0700: 10773.779: Total time for which application threads were stopped: 0.0003573 seconds, Stopping threads took: 0.0003096 seconds
2021-04-20T17:44:08.010-0700: 10773.779: Total time for which application threads were stopped: 0.0002303 seconds, Stopping threads took: 0.0001801 seconds
2021-04-20T17:44:08.013-0700: 10773.782: Total time for which application threads were stopped: 0.0001012 seconds, Stopping threads took: 0.0000425 seconds
2021-04-20T17:44:08.013-0700: 10773.782: Total time for which application threads were stopped: 0.0000738 seconds, Stopping threads took: 0.0000285 seconds
2021-04-20T17:44:08.013-0700: 10773.782: Total time for which application threads were stopped: 0.0000740 seconds, Stopping threads took: 0.0000340 seconds
2021-04-20T17:44:08.015-0700: 10773.783: Total time for which application threads were stopped: 0.0000894 seconds, Stopping threads took: 0.0000339 seconds
2021-04-20T17:44:08.015-0700: 10773.784: Total time for which application threads were stopped: 0.0000776 seconds, Stopping threads took: 0.0000329 seconds
2021-04-20T17:44:08.015-0700: 10773.784: Total time for which application threads were stopped: 0.0000826 seconds, Stopping threads took: 0.0000401 seconds
2021-04-20T17:44:08.015-0700: 10773.784: Total time for which application threads were stopped: 0.0000700 seconds, Stopping threads took: 0.0000303 seconds
2021-04-20T17:44:08.015-0700: 10773.784: Total time for which application threads were stopped: 0.0000733 seconds, Stopping threads took: 0.0000319 seconds
2021-04-20T17:44:08.015-0700: 10773.784: Total time for which application threads were stopped: 0.0002108 seconds, Stopping threads took: 0.0001704 seconds
2021-04-20T17:44:08.015-0700: 10773.784: Total time for which application threads were stopped: 0.0000883 seconds, Stopping threads took: 0.0000484 seconds
2021-04-20T17:44:08.020-0700: 10773.789: Total time for which application threads were stopped: 0.0002494 seconds, Stopping threads took: 0.0000389 seconds
2021-04-20T17:44:08.022-0700: 10773.791: Total time for which application threads were stopped: 0.0010326 seconds, Stopping threads took: 0.0001485 seconds
2021-04-20T17:44:08.023-0700: 10773.792: Total time for which application threads were stopped: 0.0002917 seconds, Stopping threads took: 0.0002343 seconds
2021-04-20T17:44:08.023-0700: 10773.792: Total time for which application threads were stopped: 0.0000971 seconds, Stopping threads took: 0.0000476 seconds
2021-04-20T17:44:08.038-0700: 10773.807: Total time for which application threads were stopped: 0.0006178 seconds, Stopping threads took: 0.0004743 seconds
2021-04-20T17:44:08.039-0700: 10773.808: Total time for which application threads were stopped: 0.0001790 seconds, Stopping threads took: 0.0001200 seconds
2021-04-20T17:44:08.041-0700: 10773.810: Total time for which application threads were stopped: 0.0002775 seconds, Stopping threads took: 0.0000173 seconds
2021-04-20T17:44:08.043-0700: 10773.812: Total time for which application threads were stopped: 0.0001449 seconds, Stopping threads took: 0.0000896 seconds
2021-04-20T17:44:08.043-0700: 10773.812: Total time for which application threads were stopped: 0.0001344 seconds, Stopping threads took: 0.0000891 seconds
2021-04-20T17:44:08.044-0700: 10773.813: Total time for which application threads were stopped: 0.0005379 seconds, Stopping threads took: 0.0002419 seconds
2021-04-20T17:44:08.044-0700: 10773.813: Total time for which application threads were stopped: 0.0003443 seconds, Stopping threads took: 0.0000750 seconds
2021-04-20T17:44:08.046-0700: 10773.815: Total time for which application threads were stopped: 0.0006941 seconds, Stopping threads took: 0.0004486 seconds
2021-04-20T17:44:08.050-0700: 10773.819: Total time for which application threads were stopped: 0.0000708 seconds, Stopping threads took: 0.0000182 seconds
2021-04-20T17:44:08.061-0700: 10773.830: Total time for which application threads were stopped: 0.0002920 seconds, Stopping threads took: 0.0000628 seconds
2021-04-20T17:44:08.070-0700: 10773.839: Total time for which application threads were stopped: 0.0008695 seconds, Stopping threads took: 0.0003512 seconds
2021-04-20T17:44:08.070-0700: 10773.839: Total time for which application threads were stopped: 0.0005340 seconds, Stopping threads took: 0.0004180 seconds
2021-04-20T17:44:08.090-0700: 10773.859: Total time for which application threads were stopped: 0.0002039 seconds, Stopping threads took: 0.0000333 seconds
2021-04-20T17:44:08.197-0700: 10773.966: Total time for which application threads were stopped: 0.0001082 seconds, Stopping threads took: 0.0000242 seconds
2021-04-20T17:44:09.514-0700: 10775.283: Total time for which application threads were stopped: 0.0001837 seconds, Stopping threads took: 0.0001148 seconds
2021-04-20T17:44:09.514-0700: 10775.283: Total time for which application threads were stopped: 0.0001399 seconds, Stopping threads took: 0.0001064 seconds
2021-04-20T17:44:09.514-0700: 10775.283: Total time for which application threads were stopped: 0.0001451 seconds, Stopping threads took: 0.0001116 seconds
2021-04-20T17:44:09.514-0700: 10775.283: Total time for which application threads were stopped: 0.0000416 seconds, Stopping threads took: 0.0000113 seconds
2021-04-20T17:44:09.515-0700: 10775.284: Total time for which application threads were stopped: 0.0000416 seconds, Stopping threads took: 0.0000112 seconds
2021-04-20T17:44:09.515-0700: 10775.284: Total time for which application threads were stopped: 0.0000414 seconds, Stopping threads took: 0.0000112 seconds
2021-04-20T17:44:09.515-0700: 10775.284: Total time for which application threads were stopped: 0.0000414 seconds, Stopping threads took: 0.0000112 seconds
2021-04-20T17:44:09.516-0700: 10775.285: Total time for which application threads were stopped: 0.0000867 seconds, Stopping threads took: 0.0000206 seconds
2021-04-20T17:44:09.517-0700: 10775.285: Total time for which application threads were stopped: 0.0000627 seconds, Stopping threads took: 0.0000123 seconds
2021-04-20T17:44:09.520-0700: 10775.289: Total time for which application threads were stopped: 0.0000911 seconds, Stopping threads took: 0.0000202 seconds
2021-04-20T17:44:09.520-0700: 10775.289: Total time for which application threads were stopped: 0.0001315 seconds, Stopping threads took: 0.0000970 seconds
2021-04-20T17:44:09.520-0700: 10775.289: Total time for which application threads were stopped: 0.0001302 seconds, Stopping threads took: 0.0000992 seconds
2021-04-20T17:44:09.521-0700: 10775.290: Total time for which application threads were stopped: 0.0002866 seconds, Stopping threads took: 0.0001249 seconds
2021-04-20T17:44:09.524-0700: 10775.293: Total time for which application threads were stopped: 0.0002274 seconds, Stopping threads took: 0.0001865 seconds
2021-04-20T17:44:09.525-0700: 10775.294: Total time for which application threads were stopped: 0.0001434 seconds, Stopping threads took: 0.0000312 seconds
2021-04-20T17:44:09.536-0700: 10775.304: Total time for which application threads were stopped: 0.0000612 seconds, Stopping threads took: 0.0000152 seconds
2021-04-20T17:44:09.553-0700: 10775.322: Total time for which application threads were stopped: 0.0000765 seconds, Stopping threads took: 0.0000176 seconds
2021-04-20T17:44:09.555-0700: 10775.324: Total time for which application threads were stopped: 0.0000447 seconds, Stopping threads took: 0.0000107 seconds
2021-04-20T17:44:09.558-0700: 10775.327: Total time for which application threads were stopped: 0.0000383 seconds, Stopping threads took: 0.0000091 seconds
2021-04-20T17:44:09.560-0700: 10775.328: Total time for which application threads were stopped: 0.0000352 seconds, Stopping threads took: 0.0000116 seconds
2021-04-20T17:44:09.562-0700: 10775.331: Total time for which application threads were stopped: 0.0000369 seconds, Stopping threads took: 0.0000091 seconds
2021-04-20T17:44:09.563-0700: 10775.332: Total time for which application threads were stopped: 0.0000319 seconds, Stopping threads took: 0.0000089 seconds
2021-04-20T17:44:09.566-0700: 10775.334: Total time for which application threads were stopped: 0.0000424 seconds, Stopping threads took: 0.0000108 seconds
2021-04-20T17:44:09.567-0700: 10775.336: Total time for which application threads were stopped: 0.0000329 seconds, Stopping threads took: 0.0000091 seconds
2021-04-20T17:44:09.568-0700: 10775.337: Total time for which application threads were stopped: 0.0000315 seconds, Stopping threads took: 0.0000091 seconds
2021-04-20T17:44:09.570-0700: 10775.339: Total time for which application threads were stopped: 0.0000320 seconds, Stopping threads took: 0.0000092 seconds
Heap
 garbage-first heap   total 524288K, used 109702K [0x00000000e0000000, 0x00000000e0101000, 0x0000000100000000)
  region size 1024K, 56 young (57344K), 25 survivors (25600K)
 Metaspace       used 56775K, capacity 59808K, committed 59984K, reserved 1101824K
  class space    used 6915K, capacity 7481K, committed 7552K, reserved 1048576K
