[2021-04-13T18:48:12.125+0600][0.016s] Heap region size: 1M
[2021-04-13T18:48:12.661+0600][0.551s] Using G1
[2021-04-13T18:48:12.661+0600][0.551s] Heap address: 0x00000007e0000000, size: 512 MB, Compressed Oops mode: Zero based, Oop shift amount: 3
[2021-04-13T18:48:13.296+0600][1.186s] GC(0) Pause Young (Normal) (G1 Evacuation Pause)
[2021-04-13T18:48:13.296+0600][1.186s] GC(0) Using 4 workers of 4 for evacuation
[2021-04-13T18:48:13.300+0600][1.190s] GC(0)   Pre Evacuate Collection Set: 0.0ms
[2021-04-13T18:48:13.300+0600][1.190s] GC(0)   Evacuate Collection Set: 3.6ms
[2021-04-13T18:48:13.300+0600][1.190s] GC(0)   Post Evacuate Collection Set: 0.4ms
[2021-04-13T18:48:13.300+0600][1.190s] GC(0)   Other: 0.4ms
[2021-04-13T18:48:13.300+0600][1.190s] GC(0) Eden regions: 25->0(304)
[2021-04-13T18:48:13.300+0600][1.190s] GC(0) Survivor regions: 0->3(4)
[2021-04-13T18:48:13.300+0600][1.190s] GC(0) Old regions: 0->0
[2021-04-13T18:48:13.300+0600][1.190s] GC(0) Humongous regions: 0->0
[2021-04-13T18:48:13.300+0600][1.190s] GC(0) Metaspace: 11960K->11960K(1060864K)
[2021-04-13T18:48:13.300+0600][1.190s] GC(0) Pause Young (Normal) (G1 Evacuation Pause) 25M->2M(512M) 4.580ms
[2021-04-13T18:48:13.300+0600][1.190s] GC(0) User=0.02s Sys=0.00s Real=0.01s
[2021-04-13T18:48:14.006+0600][1.896s] GC(1) Pause Young (Concurrent Start) (Metadata GC Threshold)
[2021-04-13T18:48:14.006+0600][1.896s] GC(1) Using 4 workers of 4 for evacuation
[2021-04-13T18:48:14.021+0600][1.911s] GC(1)   Pre Evacuate Collection Set: 0.0ms
[2021-04-13T18:48:14.021+0600][1.911s] GC(1)   Evacuate Collection Set: 14.6ms
[2021-04-13T18:48:14.021+0600][1.911s] GC(1)   Post Evacuate Collection Set: 0.5ms
[2021-04-13T18:48:14.021+0600][1.911s] GC(1)   Other: 0.2ms
[2021-04-13T18:48:14.021+0600][1.911s] GC(1) Eden regions: 45->0(50)
[2021-04-13T18:48:14.021+0600][1.911s] GC(1) Survivor regions: 3->12(39)
[2021-04-13T18:48:14.021+0600][1.911s] GC(1) Old regions: 0->0
[2021-04-13T18:48:14.021+0600][1.911s] GC(1) Humongous regions: 4->4
[2021-04-13T18:48:14.021+0600][1.911s] GC(1) Metaspace: 20552K->20552K(1069056K)
[2021-04-13T18:48:14.021+0600][1.912s] GC(1) Pause Young (Concurrent Start) (Metadata GC Threshold) 51M->15M(512M) 15.448ms
[2021-04-13T18:48:14.021+0600][1.912s] GC(1) User=0.05s Sys=0.00s Real=0.02s
[2021-04-13T18:48:14.021+0600][1.912s] GC(2) Concurrent Cycle
[2021-04-13T18:48:14.021+0600][1.912s] GC(2) Concurrent Clear Claimed Marks
[2021-04-13T18:48:14.022+0600][1.912s] GC(2) Concurrent Clear Claimed Marks 0.037ms
[2021-04-13T18:48:14.022+0600][1.912s] GC(2) Concurrent Scan Root Regions
[2021-04-13T18:48:14.033+0600][1.923s] GC(2) Concurrent Scan Root Regions 11.662ms
[2021-04-13T18:48:14.033+0600][1.923s] GC(2) Concurrent Mark (1.923s)
[2021-04-13T18:48:14.033+0600][1.924s] GC(2) Concurrent Mark From Roots
[2021-04-13T18:48:14.033+0600][1.924s] GC(2) Using 1 workers of 1 for marking
[2021-04-13T18:48:14.037+0600][1.927s] GC(2) Concurrent Mark From Roots 3.762ms
[2021-04-13T18:48:14.037+0600][1.927s] GC(2) Concurrent Preclean
[2021-04-13T18:48:14.037+0600][1.927s] GC(2) Concurrent Preclean 0.054ms
[2021-04-13T18:48:14.037+0600][1.927s] GC(2) Concurrent Mark (1.923s, 1.927s) 4.020ms
[2021-04-13T18:48:14.038+0600][1.928s] GC(2) Pause Remark
[2021-04-13T18:48:14.039+0600][1.930s] GC(2) Cleaned string and symbol table, strings: 9613 processed, 0 removed, symbols: 67628 processed, 18 removed
[2021-04-13T18:48:14.040+0600][1.930s] GC(2) Pause Remark 16M->16M(512M) 2.146ms
[2021-04-13T18:48:14.040+0600][1.930s] GC(2) User=0.01s Sys=0.00s Real=0.01s
[2021-04-13T18:48:14.040+0600][1.930s] GC(2) Concurrent Rebuild Remembered Sets
[2021-04-13T18:48:14.043+0600][1.933s] GC(2) Concurrent Rebuild Remembered Sets 3.434ms
[2021-04-13T18:48:14.044+0600][1.934s] GC(2) Pause Cleanup
[2021-04-13T18:48:14.044+0600][1.934s] GC(2) Pause Cleanup 16M->16M(512M) 0.107ms
[2021-04-13T18:48:14.044+0600][1.934s] GC(2) User=0.00s Sys=0.00s Real=0.00s
[2021-04-13T18:48:14.044+0600][1.934s] GC(2) Concurrent Cleanup for Next Mark
[2021-04-13T18:48:14.046+0600][1.936s] GC(2) Concurrent Cleanup for Next Mark 1.924ms
[2021-04-13T18:48:14.046+0600][1.936s] GC(2) Concurrent Cycle 24.236ms
[2021-04-13T18:48:14.984+0600][2.874s] GC(3) Pause Young (Normal) (G1 Evacuation Pause)
[2021-04-13T18:48:14.984+0600][2.874s] GC(3) Using 4 workers of 4 for evacuation
[2021-04-13T18:48:15.003+0600][2.894s] GC(3)   Pre Evacuate Collection Set: 0.0ms
[2021-04-13T18:48:15.004+0600][2.894s] GC(3)   Evacuate Collection Set: 18.4ms
[2021-04-13T18:48:15.004+0600][2.894s] GC(3)   Post Evacuate Collection Set: 1.3ms
[2021-04-13T18:48:15.004+0600][2.894s] GC(3)   Other: 0.2ms
[2021-04-13T18:48:15.004+0600][2.894s] GC(3) Eden regions: 46->0(54)
[2021-04-13T18:48:15.004+0600][2.894s] GC(3) Survivor regions: 12->8(8)
[2021-04-13T18:48:15.004+0600][2.894s] GC(3) Old regions: 0->12
[2021-04-13T18:48:15.004+0600][2.894s] GC(3) Humongous regions: 4->4
[2021-04-13T18:48:15.004+0600][2.894s] GC(3) Metaspace: 26196K->26196K(1073152K)
[2021-04-13T18:48:15.004+0600][2.894s] GC(3) Pause Young (Normal) (G1 Evacuation Pause) 61M->23M(512M) 20.176ms
[2021-04-13T18:48:15.004+0600][2.894s] GC(3) User=0.06s Sys=0.00s Real=0.02s
[2021-04-13T18:48:16.250+0600][4.140s] GC(4) Pause Young (Normal) (G1 Evacuation Pause)
[2021-04-13T18:48:16.250+0600][4.140s] GC(4) Using 4 workers of 4 for evacuation
[2021-04-13T18:48:16.255+0600][4.145s] GC(4)   Pre Evacuate Collection Set: 0.0ms
[2021-04-13T18:48:16.255+0600][4.145s] GC(4)   Evacuate Collection Set: 4.5ms
[2021-04-13T18:48:16.255+0600][4.145s] GC(4)   Post Evacuate Collection Set: 0.2ms
[2021-04-13T18:48:16.255+0600][4.145s] GC(4)   Other: 0.2ms
[2021-04-13T18:48:16.255+0600][4.145s] GC(4) Eden regions: 54->0(84)
[2021-04-13T18:48:16.255+0600][4.145s] GC(4) Survivor regions: 8->1(8)
[2021-04-13T18:48:16.255+0600][4.145s] GC(4) Old regions: 12->19
[2021-04-13T18:48:16.255+0600][4.145s] GC(4) Humongous regions: 4->4
[2021-04-13T18:48:16.255+0600][4.145s] GC(4) Metaspace: 32195K->32195K(1079296K)
[2021-04-13T18:48:16.255+0600][4.145s] GC(4) Pause Young (Normal) (G1 Evacuation Pause) 77M->23M(512M) 5.144ms
[2021-04-13T18:48:16.255+0600][4.145s] GC(4) User=0.01s Sys=0.00s Real=0.00s
[2021-04-13T18:48:16.518+0600][4.408s] GC(5) Pause Young (Concurrent Start) (Metadata GC Threshold)
[2021-04-13T18:48:16.518+0600][4.408s] GC(5) Using 4 workers of 4 for evacuation
[2021-04-13T18:48:16.522+0600][4.412s] GC(5)   Pre Evacuate Collection Set: 0.1ms
[2021-04-13T18:48:16.522+0600][4.412s] GC(5)   Evacuate Collection Set: 3.6ms
[2021-04-13T18:48:16.522+0600][4.412s] GC(5)   Post Evacuate Collection Set: 0.2ms
[2021-04-13T18:48:16.522+0600][4.412s] GC(5)   Other: 0.2ms
[2021-04-13T18:48:16.522+0600][4.412s] GC(5) Eden regions: 19->0(83)
[2021-04-13T18:48:16.522+0600][4.412s] GC(5) Survivor regions: 1->2(11)
[2021-04-13T18:48:16.522+0600][4.412s] GC(5) Old regions: 19->19
[2021-04-13T18:48:16.522+0600][4.412s] GC(5) Humongous regions: 4->4
[2021-04-13T18:48:16.522+0600][4.412s] GC(5) Metaspace: 34623K->34623K(1081344K)
[2021-04-13T18:48:16.522+0600][4.412s] GC(5) Pause Young (Concurrent Start) (Metadata GC Threshold) 42M->24M(512M) 4.205ms
[2021-04-13T18:48:16.522+0600][4.412s] GC(5) User=0.02s Sys=0.00s Real=0.01s
[2021-04-13T18:48:16.522+0600][4.412s] GC(6) Concurrent Cycle
[2021-04-13T18:48:16.522+0600][4.413s] GC(6) Concurrent Clear Claimed Marks
[2021-04-13T18:48:16.523+0600][4.413s] GC(6) Concurrent Clear Claimed Marks 0.052ms
[2021-04-13T18:48:16.523+0600][4.413s] GC(6) Concurrent Scan Root Regions
[2021-04-13T18:48:16.525+0600][4.415s] GC(6) Concurrent Scan Root Regions 2.332ms
[2021-04-13T18:48:16.525+0600][4.415s] GC(6) Concurrent Mark (4.415s)
[2021-04-13T18:48:16.525+0600][4.415s] GC(6) Concurrent Mark From Roots
[2021-04-13T18:48:16.525+0600][4.415s] GC(6) Using 1 workers of 1 for marking
[2021-04-13T18:48:16.564+0600][4.454s] GC(6) Concurrent Mark From Roots 38.879ms
[2021-04-13T18:48:16.564+0600][4.454s] GC(6) Concurrent Preclean
[2021-04-13T18:48:16.564+0600][4.454s] GC(6) Concurrent Preclean 0.136ms
[2021-04-13T18:48:16.564+0600][4.454s] GC(6) Concurrent Mark (4.415s, 4.454s) 39.140ms
[2021-04-13T18:48:16.564+0600][4.454s] GC(6) Pause Remark
[2021-04-13T18:48:16.570+0600][4.460s] GC(6) Cleaned string and symbol table, strings: 15624 processed, 25 removed, symbols: 112752 processed, 42 removed
[2021-04-13T18:48:16.570+0600][4.460s] GC(6) Pause Remark 26M->26M(512M) 5.334ms
[2021-04-13T18:48:16.570+0600][4.460s] GC(6) User=0.02s Sys=0.00s Real=0.01s
[2021-04-13T18:48:16.570+0600][4.460s] GC(6) Concurrent Rebuild Remembered Sets
[2021-04-13T18:48:16.594+0600][4.484s] GC(6) Concurrent Rebuild Remembered Sets 23.946ms
[2021-04-13T18:48:16.594+0600][4.484s] GC(6) Pause Cleanup
[2021-04-13T18:48:16.594+0600][4.484s] GC(6) Pause Cleanup 27M->27M(512M) 0.098ms
[2021-04-13T18:48:16.594+0600][4.484s] GC(6) User=0.00s Sys=0.00s Real=0.00s
[2021-04-13T18:48:16.594+0600][4.484s] GC(6) Concurrent Cleanup for Next Mark
[2021-04-13T18:48:16.596+0600][4.486s] GC(6) Concurrent Cleanup for Next Mark 1.792ms
[2021-04-13T18:48:16.596+0600][4.486s] GC(6) Concurrent Cycle 73.558ms
[2021-04-13T19:16:09.958+0600][1677.775s] GC(7) Pause Young (Normal) (G1 Evacuation Pause)
[2021-04-13T19:16:09.959+0600][1677.777s] GC(7) Using 4 workers of 4 for evacuation
[2021-04-13T19:16:09.970+0600][1677.788s] GC(7)   Pre Evacuate Collection Set: 0.0ms
[2021-04-13T19:16:09.970+0600][1677.788s] GC(7)   Evacuate Collection Set: 10.3ms
[2021-04-13T19:16:09.970+0600][1677.788s] GC(7)   Post Evacuate Collection Set: 0.4ms
[2021-04-13T19:16:09.970+0600][1677.788s] GC(7)   Other: 1.7ms
[2021-04-13T19:16:09.970+0600][1677.788s] GC(7) Eden regions: 87->0(133)
[2021-04-13T19:16:09.970+0600][1677.788s] GC(7) Survivor regions: 2->6(12)
[2021-04-13T19:16:09.970+0600][1677.788s] GC(7) Old regions: 19->19
[2021-04-13T19:16:09.970+0600][1677.788s] GC(7) Humongous regions: 4->4
[2021-04-13T19:16:09.970+0600][1677.788s] GC(7) Metaspace: 44636K->44636K(1089536K)
[2021-04-13T19:16:09.970+0600][1677.788s] GC(7) Pause Young (Normal) (G1 Evacuation Pause) 111M->28M(512M) 12.621ms
[2021-04-13T19:16:09.970+0600][1677.788s] GC(7) User=0.04s Sys=0.01s Real=0.02s
[2021-04-15T11:57:45.926+0600][30545.568s] Heap
[2021-04-15T11:57:45.926+0600][30545.568s]  garbage-first heap   total 524288K, used 146430K [0x00000007e0000000, 0x0000000800000000)
[2021-04-15T11:57:45.926+0600][30545.568s]   region size 1024K, 121 young (123904K), 6 survivors (6144K)
[2021-04-15T11:57:45.926+0600][30545.569s]  Metaspace       used 46041K, capacity 46937K, committed 47232K, reserved 1091584K
[2021-04-15T11:57:45.926+0600][30545.569s]   class space    used 5023K, capacity 5420K, committed 5504K, reserved 1048576K
