[2021-04-15T11:58:14.391+0600][0.014s] Heap region size: 1M
[2021-04-15T11:58:14.656+0600][0.279s] Using G1
[2021-04-15T11:58:14.656+0600][0.279s] Heap address: 0x00000007e0000000, size: 512 MB, Compressed Oops mode: Zero based, Oop shift amount: 3
[2021-04-15T11:58:15.316+0600][0.939s] GC(0) Pause Young (Normal) (G1 Evacuation Pause)
[2021-04-15T11:58:15.316+0600][0.939s] GC(0) Using 4 workers of 4 for evacuation
[2021-04-15T11:58:15.321+0600][0.943s] GC(0)   Pre Evacuate Collection Set: 0.0ms
[2021-04-15T11:58:15.321+0600][0.943s] GC(0)   Evacuate Collection Set: 3.8ms
[2021-04-15T11:58:15.321+0600][0.943s] GC(0)   Post Evacuate Collection Set: 0.4ms
[2021-04-15T11:58:15.321+0600][0.943s] GC(0)   Other: 0.5ms
[2021-04-15T11:58:15.321+0600][0.943s] GC(0) Eden regions: 25->0(304)
[2021-04-15T11:58:15.321+0600][0.943s] GC(0) Survivor regions: 0->3(4)
[2021-04-15T11:58:15.321+0600][0.943s] GC(0) Old regions: 0->0
[2021-04-15T11:58:15.321+0600][0.943s] GC(0) Humongous regions: 0->0
[2021-04-15T11:58:15.321+0600][0.943s] GC(0) Metaspace: 11966K->11966K(1060864K)
[2021-04-15T11:58:15.321+0600][0.943s] GC(0) Pause Young (Normal) (G1 Evacuation Pause) 25M->2M(512M) 4.807ms
[2021-04-15T11:58:15.321+0600][0.943s] GC(0) User=0.02s Sys=0.00s Real=0.01s
[2021-04-15T11:58:16.492+0600][2.115s] GC(1) Pause Young (Concurrent Start) (Metadata GC Threshold)
[2021-04-15T11:58:16.492+0600][2.115s] GC(1) Using 4 workers of 4 for evacuation
[2021-04-15T11:58:16.520+0600][2.143s] GC(1)   Pre Evacuate Collection Set: 0.0ms
[2021-04-15T11:58:16.521+0600][2.143s] GC(1)   Evacuate Collection Set: 26.7ms
[2021-04-15T11:58:16.521+0600][2.143s] GC(1)   Post Evacuate Collection Set: 1.1ms
[2021-04-15T11:58:16.521+0600][2.143s] GC(1)   Other: 0.3ms
[2021-04-15T11:58:16.521+0600][2.143s] GC(1) Eden regions: 45->0(50)
[2021-04-15T11:58:16.521+0600][2.144s] GC(1) Survivor regions: 3->12(34)
[2021-04-15T11:58:16.521+0600][2.144s] GC(1) Old regions: 0->0
[2021-04-15T11:58:16.521+0600][2.144s] GC(1) Humongous regions: 4->4
[2021-04-15T11:58:16.521+0600][2.144s] GC(1) Metaspace: 20574K->20574K(1069056K)
[2021-04-15T11:58:16.521+0600][2.144s] GC(1) Pause Young (Concurrent Start) (Metadata GC Threshold) 51M->15M(512M) 28.979ms
[2021-04-15T11:58:16.521+0600][2.144s] GC(1) User=0.04s Sys=0.00s Real=0.03s
[2021-04-15T11:58:16.521+0600][2.144s] GC(2) Concurrent Cycle
[2021-04-15T11:58:16.521+0600][2.144s] GC(2) Concurrent Clear Claimed Marks
[2021-04-15T11:58:16.521+0600][2.144s] GC(2) Concurrent Clear Claimed Marks 0.145ms
[2021-04-15T11:58:16.521+0600][2.144s] GC(2) Concurrent Scan Root Regions
[2021-04-15T11:58:16.533+0600][2.156s] GC(2) Concurrent Scan Root Regions 11.874ms
[2021-04-15T11:58:16.533+0600][2.156s] GC(2) Concurrent Mark (2.156s)
[2021-04-15T11:58:16.533+0600][2.156s] GC(2) Concurrent Mark From Roots
[2021-04-15T11:58:16.533+0600][2.156s] GC(2) Using 1 workers of 1 for marking
[2021-04-15T11:58:16.537+0600][2.159s] GC(2) Concurrent Mark From Roots 3.529ms
[2021-04-15T11:58:16.537+0600][2.160s] GC(2) Concurrent Preclean
[2021-04-15T11:58:16.537+0600][2.160s] GC(2) Concurrent Preclean 0.053ms
[2021-04-15T11:58:16.537+0600][2.160s] GC(2) Concurrent Mark (2.156s, 2.160s) 3.703ms
[2021-04-15T11:58:16.537+0600][2.160s] GC(2) Pause Remark
[2021-04-15T11:58:16.544+0600][2.167s] GC(2) Cleaned string and symbol table, strings: 9570 processed, 0 removed, symbols: 67192 processed, 18 removed
[2021-04-15T11:58:16.544+0600][2.167s] GC(2) Pause Remark 16M->16M(512M) 7.303ms
[2021-04-15T11:58:16.544+0600][2.167s] GC(2) User=0.01s Sys=0.00s Real=0.01s
[2021-04-15T11:58:16.544+0600][2.167s] GC(2) Concurrent Rebuild Remembered Sets
[2021-04-15T11:58:16.548+0600][2.171s] GC(2) Concurrent Rebuild Remembered Sets 3.419ms
[2021-04-15T11:58:16.549+0600][2.172s] GC(2) Pause Cleanup
[2021-04-15T11:58:16.549+0600][2.172s] GC(2) Pause Cleanup 16M->16M(512M) 0.211ms
[2021-04-15T11:58:16.549+0600][2.172s] GC(2) User=0.00s Sys=0.00s Real=0.00s
[2021-04-15T11:58:16.549+0600][2.172s] GC(2) Concurrent Cleanup for Next Mark
[2021-04-15T11:58:16.551+0600][2.174s] GC(2) Concurrent Cleanup for Next Mark 1.761ms
[2021-04-15T11:58:16.551+0600][2.174s] GC(2) Concurrent Cycle 30.118ms
[2021-04-15T11:58:17.688+0600][3.310s] GC(3) Pause Young (Normal) (G1 Evacuation Pause)
[2021-04-15T11:58:17.688+0600][3.310s] GC(3) Using 4 workers of 4 for evacuation
[2021-04-15T11:58:17.709+0600][3.332s] GC(3)   Pre Evacuate Collection Set: 0.0ms
[2021-04-15T11:58:17.709+0600][3.332s] GC(3)   Evacuate Collection Set: 20.0ms
[2021-04-15T11:58:17.709+0600][3.332s] GC(3)   Post Evacuate Collection Set: 1.4ms
[2021-04-15T11:58:17.709+0600][3.332s] GC(3)   Other: 0.1ms
[2021-04-15T11:58:17.709+0600][3.332s] GC(3) Eden regions: 46->0(54)
[2021-04-15T11:58:17.709+0600][3.332s] GC(3) Survivor regions: 12->8(8)
[2021-04-15T11:58:17.709+0600][3.332s] GC(3) Old regions: 0->12
[2021-04-15T11:58:17.709+0600][3.332s] GC(3) Humongous regions: 4->4
[2021-04-15T11:58:17.709+0600][3.332s] GC(3) Metaspace: 26168K->26168K(1073152K)
[2021-04-15T11:58:17.709+0600][3.332s] GC(3) Pause Young (Normal) (G1 Evacuation Pause) 61M->23M(512M) 21.689ms
[2021-04-15T11:58:17.709+0600][3.332s] GC(3) User=0.07s Sys=0.00s Real=0.02s
[2021-04-15T11:58:18.870+0600][4.493s] GC(4) Pause Young (Normal) (G1 Evacuation Pause)
[2021-04-15T11:58:18.870+0600][4.493s] GC(4) Using 4 workers of 4 for evacuation
[2021-04-15T11:58:18.874+0600][4.497s] GC(4)   Pre Evacuate Collection Set: 0.0ms
[2021-04-15T11:58:18.874+0600][4.497s] GC(4)   Evacuate Collection Set: 4.1ms
[2021-04-15T11:58:18.874+0600][4.497s] GC(4)   Post Evacuate Collection Set: 0.2ms
[2021-04-15T11:58:18.874+0600][4.497s] GC(4)   Other: 0.2ms
[2021-04-15T11:58:18.874+0600][4.497s] GC(4) Eden regions: 54->0(85)
[2021-04-15T11:58:18.874+0600][4.497s] GC(4) Survivor regions: 8->2(8)
[2021-04-15T11:58:18.874+0600][4.497s] GC(4) Old regions: 12->20
[2021-04-15T11:58:18.874+0600][4.497s] GC(4) Humongous regions: 4->4
[2021-04-15T11:58:18.874+0600][4.497s] GC(4) Metaspace: 32487K->32487K(1079296K)
[2021-04-15T11:58:18.874+0600][4.497s] GC(4) Pause Young (Normal) (G1 Evacuation Pause) 77M->24M(512M) 4.646ms
[2021-04-15T11:58:18.875+0600][4.497s] GC(4) User=0.01s Sys=0.00s Real=0.00s
[2021-04-15T11:58:19.129+0600][4.751s] GC(5) Pause Young (Concurrent Start) (Metadata GC Threshold)
[2021-04-15T11:58:19.129+0600][4.751s] GC(5) Using 4 workers of 4 for evacuation
[2021-04-15T11:58:19.135+0600][4.758s] GC(5)   Pre Evacuate Collection Set: 0.1ms
[2021-04-15T11:58:19.135+0600][4.758s] GC(5)   Evacuate Collection Set: 5.7ms
[2021-04-15T11:58:19.135+0600][4.758s] GC(5)   Post Evacuate Collection Set: 0.3ms
[2021-04-15T11:58:19.135+0600][4.758s] GC(5)   Other: 0.2ms
[2021-04-15T11:58:19.135+0600][4.758s] GC(5) Eden regions: 14->0(118)
[2021-04-15T11:58:19.135+0600][4.758s] GC(5) Survivor regions: 2->2(11)
[2021-04-15T11:58:19.135+0600][4.758s] GC(5) Old regions: 20->20
[2021-04-15T11:58:19.135+0600][4.758s] GC(5) Humongous regions: 4->4
[2021-04-15T11:58:19.135+0600][4.758s] GC(5) Metaspace: 34635K->34635K(1081344K)
[2021-04-15T11:58:19.135+0600][4.758s] GC(5) Pause Young (Concurrent Start) (Metadata GC Threshold) 38M->24M(512M) 6.471ms
[2021-04-15T11:58:19.135+0600][4.758s] GC(5) User=0.01s Sys=0.00s Real=0.01s
[2021-04-15T11:58:19.135+0600][4.758s] GC(6) Concurrent Cycle
[2021-04-15T11:58:19.135+0600][4.758s] GC(6) Concurrent Clear Claimed Marks
[2021-04-15T11:58:19.135+0600][4.758s] GC(6) Concurrent Clear Claimed Marks 0.061ms
[2021-04-15T11:58:19.135+0600][4.758s] GC(6) Concurrent Scan Root Regions
[2021-04-15T11:58:19.138+0600][4.761s] GC(6) Concurrent Scan Root Regions 2.561ms
[2021-04-15T11:58:19.138+0600][4.761s] GC(6) Concurrent Mark (4.761s)
[2021-04-15T11:58:19.138+0600][4.761s] GC(6) Concurrent Mark From Roots
[2021-04-15T11:58:19.138+0600][4.761s] GC(6) Using 1 workers of 1 for marking
[2021-04-15T11:58:19.185+0600][4.808s] GC(6) Concurrent Mark From Roots 47.250ms
[2021-04-15T11:58:19.185+0600][4.808s] GC(6) Concurrent Preclean
[2021-04-15T11:58:19.185+0600][4.808s] GC(6) Concurrent Preclean 0.135ms
[2021-04-15T11:58:19.185+0600][4.808s] GC(6) Concurrent Mark (4.761s, 4.808s) 47.494ms
[2021-04-15T11:58:19.186+0600][4.808s] GC(6) Pause Remark
[2021-04-15T11:58:19.191+0600][4.813s] GC(6) Cleaned string and symbol table, strings: 15581 processed, 25 removed, symbols: 112131 processed, 42 removed
[2021-04-15T11:58:19.191+0600][4.813s] GC(6) Pause Remark 25M->25M(512M) 5.257ms
[2021-04-15T11:58:19.191+0600][4.814s] GC(6) User=0.02s Sys=0.00s Real=0.01s
[2021-04-15T11:58:19.191+0600][4.814s] GC(6) Concurrent Rebuild Remembered Sets
[2021-04-15T11:58:19.221+0600][4.844s] GC(6) Concurrent Rebuild Remembered Sets 30.335ms
[2021-04-15T11:58:19.221+0600][4.844s] GC(6) Pause Cleanup
[2021-04-15T11:58:19.222+0600][4.844s] GC(6) Pause Cleanup 27M->27M(512M) 0.119ms
[2021-04-15T11:58:19.222+0600][4.844s] GC(6) User=0.00s Sys=0.00s Real=0.00s
[2021-04-15T11:58:19.222+0600][4.844s] GC(6) Concurrent Cleanup for Next Mark
[2021-04-15T11:58:19.223+0600][4.846s] GC(6) Concurrent Cleanup for Next Mark 1.598ms
[2021-04-15T11:58:19.223+0600][4.846s] GC(6) Concurrent Cycle 88.134ms
[2021-04-15T11:58:47.105+0600][32.727s] GC(7) Pause Young (Normal) (G1 Evacuation Pause)
[2021-04-15T11:58:47.106+0600][32.728s] GC(7) Using 4 workers of 4 for evacuation
[2021-04-15T11:58:47.116+0600][32.738s] GC(7)   Pre Evacuate Collection Set: 0.0ms
[2021-04-15T11:58:47.116+0600][32.738s] GC(7)   Evacuate Collection Set: 8.0ms
[2021-04-15T11:58:47.116+0600][32.738s] GC(7)   Post Evacuate Collection Set: 2.0ms
[2021-04-15T11:58:47.116+0600][32.738s] GC(7)   Other: 0.6ms
[2021-04-15T11:58:47.116+0600][32.738s] GC(7) Eden regions: 118->0(174)
[2021-04-15T11:58:47.116+0600][32.738s] GC(7) Survivor regions: 2->7(15)
[2021-04-15T11:58:47.116+0600][32.738s] GC(7) Old regions: 20->20
[2021-04-15T11:58:47.116+0600][32.738s] GC(7) Humongous regions: 4->4
[2021-04-15T11:58:47.116+0600][32.738s] GC(7) Metaspace: 45259K->45259K(1089536K)
[2021-04-15T11:58:47.116+0600][32.738s] GC(7) Pause Young (Normal) (G1 Evacuation Pause) 142M->29M(512M) 10.860ms
[2021-04-15T11:58:47.116+0600][32.738s] GC(7) User=0.03s Sys=0.00s Real=0.01s
[2021-04-15T11:58:49.548+0600][35.170s] GC(8) Pause Young (Normal) (G1 Evacuation Pause)
[2021-04-15T11:58:49.548+0600][35.170s] GC(8) Using 4 workers of 4 for evacuation
[2021-04-15T11:58:49.561+0600][35.183s] GC(8)   Pre Evacuate Collection Set: 0.0ms
[2021-04-15T11:58:49.561+0600][35.183s] GC(8)   Evacuate Collection Set: 11.9ms
[2021-04-15T11:58:49.561+0600][35.183s] GC(8)   Post Evacuate Collection Set: 0.8ms
[2021-04-15T11:58:49.561+0600][35.183s] GC(8)   Other: 0.3ms
[2021-04-15T11:58:49.561+0600][35.183s] GC(8) Eden regions: 174->0(239)
[2021-04-15T11:58:49.561+0600][35.183s] GC(8) Survivor regions: 7->13(23)
[2021-04-15T11:58:49.561+0600][35.183s] GC(8) Old regions: 20->20
[2021-04-15T11:58:49.561+0600][35.183s] GC(8) Humongous regions: 5->4
[2021-04-15T11:58:49.561+0600][35.183s] GC(8) Metaspace: 54004K->54004K(1097728K)
[2021-04-15T11:58:49.561+0600][35.183s] GC(8) Pause Young (Normal) (G1 Evacuation Pause) 204M->36M(512M) 13.204ms
[2021-04-15T11:58:49.561+0600][35.183s] GC(8) User=0.05s Sys=0.01s Real=0.02s
[2021-04-15T11:58:51.238+0600][36.860s] GC(9) Pause Young (Concurrent Start) (Metadata GC Threshold)
[2021-04-15T11:58:51.238+0600][36.860s] GC(9) Using 4 workers of 4 for evacuation
[2021-04-15T11:58:51.257+0600][36.879s] GC(9)   Pre Evacuate Collection Set: 0.1ms
[2021-04-15T11:58:51.258+0600][36.879s] GC(9)   Evacuate Collection Set: 18.7ms
[2021-04-15T11:58:51.258+0600][36.879s] GC(9)   Post Evacuate Collection Set: 0.4ms
[2021-04-15T11:58:51.258+0600][36.879s] GC(9)   Other: 0.3ms
[2021-04-15T11:58:51.258+0600][36.879s] GC(9) Eden regions: 111->0(225)
[2021-04-15T11:58:51.258+0600][36.879s] GC(9) Survivor regions: 13->20(32)
[2021-04-15T11:58:51.258+0600][36.879s] GC(9) Old regions: 20->20
[2021-04-15T11:58:51.258+0600][36.879s] GC(9) Humongous regions: 4->4
[2021-04-15T11:58:51.258+0600][36.879s] GC(9) Metaspace: 58531K->58531K(1101824K)
[2021-04-15T11:58:51.258+0600][36.879s] GC(9) Pause Young (Concurrent Start) (Metadata GC Threshold) 146M->42M(512M) 19.620ms
[2021-04-15T11:58:51.258+0600][36.879s] GC(9) User=0.07s Sys=0.00s Real=0.02s
[2021-04-15T11:58:51.258+0600][36.879s] GC(10) Concurrent Cycle
[2021-04-15T11:58:51.258+0600][36.879s] GC(10) Concurrent Clear Claimed Marks
[2021-04-15T11:58:51.258+0600][36.880s] GC(10) Concurrent Clear Claimed Marks 0.107ms
[2021-04-15T11:58:51.258+0600][36.880s] GC(10) Concurrent Scan Root Regions
[2021-04-15T11:58:51.279+0600][36.901s] GC(10) Concurrent Scan Root Regions 21.177ms
[2021-04-15T11:58:51.279+0600][36.901s] GC(10) Concurrent Mark (36.901s)
[2021-04-15T11:58:51.279+0600][36.901s] GC(10) Concurrent Mark From Roots
[2021-04-15T11:58:51.279+0600][36.901s] GC(10) Using 1 workers of 1 for marking
[2021-04-15T11:58:51.343+0600][36.965s] GC(10) Concurrent Mark From Roots 63.734ms
[2021-04-15T11:58:51.343+0600][36.965s] GC(10) Concurrent Preclean
[2021-04-15T11:58:51.343+0600][36.965s] GC(10) Concurrent Preclean 0.252ms
[2021-04-15T11:58:51.343+0600][36.965s] GC(10) Concurrent Mark (36.901s, 36.965s) 64.164ms
[2021-04-15T11:58:51.343+0600][36.965s] GC(10) Pause Remark
[2021-04-15T11:58:51.352+0600][36.974s] GC(10) Cleaned string and symbol table, strings: 27859 processed, 0 removed, symbols: 175784 processed, 594 removed
[2021-04-15T11:58:51.353+0600][36.974s] GC(10) Pause Remark 43M->43M(512M) 9.042ms
[2021-04-15T11:58:51.353+0600][36.974s] GC(10) User=0.02s Sys=0.00s Real=0.01s
[2021-04-15T11:58:51.353+0600][36.975s] GC(10) Concurrent Rebuild Remembered Sets
[2021-04-15T11:58:51.400+0600][37.022s] GC(10) Concurrent Rebuild Remembered Sets 47.320ms
[2021-04-15T11:58:51.400+0600][37.022s] GC(10) Pause Cleanup
[2021-04-15T11:58:51.401+0600][37.022s] GC(10) Pause Cleanup 45M->45M(512M) 0.136ms
[2021-04-15T11:58:51.401+0600][37.022s] GC(10) User=0.00s Sys=0.00s Real=0.00s
[2021-04-15T11:58:51.401+0600][37.022s] GC(10) Concurrent Cleanup for Next Mark
[2021-04-15T11:58:51.408+0600][37.030s] GC(10) Concurrent Cleanup for Next Mark 7.643ms
[2021-04-15T11:58:51.408+0600][37.030s] GC(10) Concurrent Cycle 150.606ms
[2021-04-15T12:04:42.483+0600][388.085s] GC(11) Pause Young (Normal) (G1 Evacuation Pause)
[2021-04-15T12:04:42.484+0600][388.086s] GC(11) Using 4 workers of 4 for evacuation
[2021-04-15T12:04:42.520+0600][388.121s] GC(11)   Pre Evacuate Collection Set: 0.0ms
[2021-04-15T12:04:42.520+0600][388.121s] GC(11)   Evacuate Collection Set: 25.8ms
[2021-04-15T12:04:42.520+0600][388.121s] GC(11)   Post Evacuate Collection Set: 9.4ms
[2021-04-15T12:04:42.520+0600][388.121s] GC(11)   Other: 1.4ms
[2021-04-15T12:04:42.520+0600][388.121s] GC(11) Eden regions: 232->0(280)
[2021-04-15T12:04:42.520+0600][388.121s] GC(11) Survivor regions: 20->27(32)
[2021-04-15T12:04:42.520+0600][388.121s] GC(11) Old regions: 20->26
[2021-04-15T12:04:42.520+0600][388.121s] GC(11) Humongous regions: 7->7
[2021-04-15T12:04:42.520+0600][388.121s] GC(11) Metaspace: 62865K->62865K(1105920K)
[2021-04-15T12:04:42.520+0600][388.121s] GC(11) Pause Young (Normal) (G1 Evacuation Pause) 277M->59M(512M) 36.838ms
[2021-04-15T12:04:42.520+0600][388.121s] GC(11) User=0.11s Sys=0.00s Real=0.04s
[2021-04-15T12:04:48.664+0600][394.265s] GC(12) Pause Young (Normal) (G1 Evacuation Pause)
[2021-04-15T12:04:48.664+0600][394.265s] GC(12) Using 4 workers of 4 for evacuation
[2021-04-15T12:04:48.689+0600][394.289s] GC(12)   Pre Evacuate Collection Set: 0.0ms
[2021-04-15T12:04:48.689+0600][394.290s] GC(12)   Evacuate Collection Set: 23.1ms
[2021-04-15T12:04:48.689+0600][394.290s] GC(12)   Post Evacuate Collection Set: 1.2ms
[2021-04-15T12:04:48.689+0600][394.290s] GC(12)   Other: 0.4ms
[2021-04-15T12:04:48.689+0600][394.290s] GC(12) Eden regions: 280->0(274)
[2021-04-15T12:04:48.689+0600][394.290s] GC(12) Survivor regions: 27->33(39)
[2021-04-15T12:04:48.689+0600][394.290s] GC(12) Old regions: 26->32
[2021-04-15T12:04:48.689+0600][394.290s] GC(12) Humongous regions: 7->7
[2021-04-15T12:04:48.689+0600][394.290s] GC(12) Metaspace: 63881K->63881K(1107968K)
[2021-04-15T12:04:48.689+0600][394.290s] GC(12) Pause Young (Normal) (G1 Evacuation Pause) 339M->71M(512M) 24.981ms
[2021-04-15T12:04:48.689+0600][394.290s] GC(12) User=0.09s Sys=0.00s Real=0.02s
[2021-04-15T12:04:53.592+0600][399.192s] GC(13) Pause Young (Normal) (G1 Evacuation Pause)
[2021-04-15T12:04:53.592+0600][399.193s] GC(13) Using 4 workers of 4 for evacuation
[2021-04-15T12:04:53.621+0600][399.222s] GC(13)   Pre Evacuate Collection Set: 0.0ms
[2021-04-15T12:04:53.621+0600][399.222s] GC(13)   Evacuate Collection Set: 28.4ms
[2021-04-15T12:04:53.621+0600][399.222s] GC(13)   Post Evacuate Collection Set: 0.7ms
[2021-04-15T12:04:53.621+0600][399.222s] GC(13)   Other: 0.3ms
[2021-04-15T12:04:53.621+0600][399.222s] GC(13) Eden regions: 274->0(279)
[2021-04-15T12:04:53.621+0600][399.222s] GC(13) Survivor regions: 33->28(39)
[2021-04-15T12:04:53.621+0600][399.222s] GC(13) Old regions: 32->48
[2021-04-15T12:04:53.621+0600][399.222s] GC(13) Humongous regions: 9->9
[2021-04-15T12:04:53.621+0600][399.222s] GC(13) Metaspace: 64152K->64152K(1107968K)
[2021-04-15T12:04:53.621+0600][399.222s] GC(13) Pause Young (Normal) (G1 Evacuation Pause) 347M->84M(512M) 29.666ms
[2021-04-15T12:04:53.621+0600][399.222s] GC(13) User=0.09s Sys=0.00s Real=0.03s
[2021-04-15T14:43:38.380+0600][4433.322s] Heap
[2021-04-15T14:43:38.380+0600][4433.322s]  garbage-first heap   total 524288K, used 300542K [0x00000007e0000000, 0x0000000800000000)
[2021-04-15T14:43:38.380+0600][4433.322s]   region size 1024K, 238 young (243712K), 28 survivors (28672K)
[2021-04-15T14:43:38.380+0600][4433.322s]  Metaspace       used 68424K, capacity 70082K, committed 70316K, reserved 1112064K
[2021-04-15T14:43:38.380+0600][4433.322s]   class space    used 7677K, capacity 8339K, committed 8448K, reserved 1048576K
