[2021-04-15T18:12:41.186+0600][0.017s] Heap region size: 1M
[2021-04-15T18:12:42.022+0600][0.853s] Using G1
[2021-04-15T18:12:42.022+0600][0.853s] Heap address: 0x00000007e0000000, size: 512 MB, Compressed Oops mode: Zero based, Oop shift amount: 3
[2021-04-15T18:12:43.818+0600][2.649s] GC(0) Pause Young (Normal) (G1 Evacuation Pause)
[2021-04-15T18:12:43.819+0600][2.649s] GC(0) Using 4 workers of 4 for evacuation
[2021-04-15T18:12:43.823+0600][2.654s] GC(0)   Pre Evacuate Collection Set: 0.0ms
[2021-04-15T18:12:43.824+0600][2.654s] GC(0)   Evacuate Collection Set: 4.0ms
[2021-04-15T18:12:43.824+0600][2.655s] GC(0)   Post Evacuate Collection Set: 0.7ms
[2021-04-15T18:12:43.824+0600][2.655s] GC(0)   Other: 0.4ms
[2021-04-15T18:12:43.824+0600][2.655s] GC(0) Eden regions: 25->0(304)
[2021-04-15T18:12:43.824+0600][2.655s] GC(0) Survivor regions: 0->3(4)
[2021-04-15T18:12:43.824+0600][2.655s] GC(0) Old regions: 0->0
[2021-04-15T18:12:43.824+0600][2.655s] GC(0) Humongous regions: 0->0
[2021-04-15T18:12:43.824+0600][2.655s] GC(0) Metaspace: 11979K->11979K(1060864K)
[2021-04-15T18:12:43.824+0600][2.655s] GC(0) Pause Young (Normal) (G1 Evacuation Pause) 25M->2M(512M) 5.589ms
[2021-04-15T18:12:43.824+0600][2.655s] GC(0) User=0.01s Sys=0.00s Real=0.01s
[2021-04-15T18:12:45.359+0600][4.190s] GC(1) Pause Young (Concurrent Start) (Metadata GC Threshold)
[2021-04-15T18:12:45.359+0600][4.190s] GC(1) Using 4 workers of 4 for evacuation
[2021-04-15T18:12:45.396+0600][4.227s] GC(1)   Pre Evacuate Collection Set: 0.0ms
[2021-04-15T18:12:45.396+0600][4.227s] GC(1)   Evacuate Collection Set: 35.3ms
[2021-04-15T18:12:45.396+0600][4.227s] GC(1)   Post Evacuate Collection Set: 1.1ms
[2021-04-15T18:12:45.396+0600][4.227s] GC(1)   Other: 0.2ms
[2021-04-15T18:12:45.396+0600][4.227s] GC(1) Eden regions: 44->0(48)
[2021-04-15T18:12:45.396+0600][4.227s] GC(1) Survivor regions: 3->12(34)
[2021-04-15T18:12:45.396+0600][4.227s] GC(1) Old regions: 0->0
[2021-04-15T18:12:45.396+0600][4.227s] GC(1) Humongous regions: 4->4
[2021-04-15T18:12:45.396+0600][4.227s] GC(1) Metaspace: 20556K->20556K(1069056K)
[2021-04-15T18:12:45.396+0600][4.227s] GC(1) Pause Young (Concurrent Start) (Metadata GC Threshold) 50M->15M(512M) 36.916ms
[2021-04-15T18:12:45.396+0600][4.227s] GC(1) User=0.05s Sys=0.00s Real=0.04s
[2021-04-15T18:12:45.396+0600][4.227s] GC(2) Concurrent Cycle
[2021-04-15T18:12:45.397+0600][4.228s] GC(2) Concurrent Clear Claimed Marks
[2021-04-15T18:12:45.397+0600][4.228s] GC(2) Concurrent Clear Claimed Marks 0.058ms
[2021-04-15T18:12:45.397+0600][4.228s] GC(2) Concurrent Scan Root Regions
[2021-04-15T18:12:45.411+0600][4.242s] GC(2) Concurrent Scan Root Regions 13.794ms
[2021-04-15T18:12:45.411+0600][4.242s] GC(2) Concurrent Mark (4.242s)
[2021-04-15T18:12:45.411+0600][4.242s] GC(2) Concurrent Mark From Roots
[2021-04-15T18:12:45.411+0600][4.242s] GC(2) Using 1 workers of 1 for marking
[2021-04-15T18:12:45.415+0600][4.246s] GC(2) Concurrent Mark From Roots 4.387ms
[2021-04-15T18:12:45.416+0600][4.247s] GC(2) Concurrent Preclean
[2021-04-15T18:12:45.416+0600][4.247s] GC(2) Concurrent Preclean 0.295ms
[2021-04-15T18:12:45.416+0600][4.247s] GC(2) Concurrent Mark (4.242s, 4.247s) 5.365ms
[2021-04-15T18:12:45.418+0600][4.249s] GC(2) Pause Remark
[2021-04-15T18:12:45.424+0600][4.255s] GC(2) Cleaned string and symbol table, strings: 9437 processed, 0 removed, symbols: 67066 processed, 19 removed
[2021-04-15T18:12:45.424+0600][4.255s] GC(2) Pause Remark 16M->16M(512M) 5.375ms
[2021-04-15T18:12:45.424+0600][4.255s] GC(2) User=0.01s Sys=0.00s Real=0.01s
[2021-04-15T18:12:45.424+0600][4.255s] GC(2) Concurrent Rebuild Remembered Sets
[2021-04-15T18:12:45.428+0600][4.259s] GC(2) Concurrent Rebuild Remembered Sets 3.965ms
[2021-04-15T18:12:45.428+0600][4.259s] GC(2) Pause Cleanup
[2021-04-15T18:12:45.428+0600][4.259s] GC(2) Pause Cleanup 16M->16M(512M) 0.173ms
[2021-04-15T18:12:45.428+0600][4.259s] GC(2) User=0.00s Sys=0.00s Real=0.00s
[2021-04-15T18:12:45.428+0600][4.259s] GC(2) Concurrent Cleanup for Next Mark
[2021-04-15T18:12:45.431+0600][4.261s] GC(2) Concurrent Cleanup for Next Mark 2.114ms
[2021-04-15T18:12:45.432+0600][4.262s] GC(2) Concurrent Cycle 35.272ms
[2021-04-15T18:12:46.395+0600][5.226s] GC(3) Pause Young (Normal) (G1 Evacuation Pause)
[2021-04-15T18:12:46.395+0600][5.226s] GC(3) Using 4 workers of 4 for evacuation
[2021-04-15T18:12:46.419+0600][5.250s] GC(3)   Pre Evacuate Collection Set: 0.0ms
[2021-04-15T18:12:46.419+0600][5.250s] GC(3)   Evacuate Collection Set: 23.4ms
[2021-04-15T18:12:46.419+0600][5.250s] GC(3)   Post Evacuate Collection Set: 0.6ms
[2021-04-15T18:12:46.419+0600][5.250s] GC(3)   Other: 0.2ms
[2021-04-15T18:12:46.419+0600][5.250s] GC(3) Eden regions: 44->0(52)
[2021-04-15T18:12:46.419+0600][5.250s] GC(3) Survivor regions: 12->7(7)
[2021-04-15T18:12:46.419+0600][5.250s] GC(3) Old regions: 0->13
[2021-04-15T18:12:46.419+0600][5.250s] GC(3) Humongous regions: 4->4
[2021-04-15T18:12:46.419+0600][5.250s] GC(3) Metaspace: 26124K->26124K(1073152K)
[2021-04-15T18:12:46.419+0600][5.250s] GC(3) Pause Young (Normal) (G1 Evacuation Pause) 59M->23M(512M) 24.520ms
[2021-04-15T18:12:46.419+0600][5.250s] GC(3) User=0.07s Sys=0.00s Real=0.02s
[2021-04-15T18:12:48.364+0600][7.195s] GC(4) Pause Young (Normal) (G1 Evacuation Pause)
[2021-04-15T18:12:48.364+0600][7.195s] GC(4) Using 4 workers of 4 for evacuation
[2021-04-15T18:12:48.373+0600][7.204s] GC(4)   Pre Evacuate Collection Set: 0.0ms
[2021-04-15T18:12:48.373+0600][7.204s] GC(4)   Evacuate Collection Set: 7.4ms
[2021-04-15T18:12:48.373+0600][7.204s] GC(4)   Post Evacuate Collection Set: 1.2ms
[2021-04-15T18:12:48.373+0600][7.204s] GC(4)   Other: 0.2ms
[2021-04-15T18:12:48.373+0600][7.204s] GC(4) Eden regions: 52->0(75)
[2021-04-15T18:12:48.373+0600][7.204s] GC(4) Survivor regions: 7->2(8)
[2021-04-15T18:12:48.373+0600][7.204s] GC(4) Old regions: 13->20
[2021-04-15T18:12:48.373+0600][7.204s] GC(4) Humongous regions: 4->4
[2021-04-15T18:12:48.373+0600][7.204s] GC(4) Metaspace: 32303K->32303K(1079296K)
[2021-04-15T18:12:48.373+0600][7.204s] GC(4) Pause Young (Normal) (G1 Evacuation Pause) 75M->24M(512M) 9.251ms
[2021-04-15T18:12:48.373+0600][7.204s] GC(4) User=0.02s Sys=0.01s Real=0.01s
[2021-04-15T18:12:48.877+0600][7.708s] GC(5) Pause Young (Concurrent Start) (Metadata GC Threshold)
[2021-04-15T18:12:48.877+0600][7.708s] GC(5) Using 4 workers of 4 for evacuation
[2021-04-15T18:12:48.887+0600][7.717s] GC(5)   Pre Evacuate Collection Set: 0.1ms
[2021-04-15T18:12:48.887+0600][7.718s] GC(5)   Evacuate Collection Set: 8.2ms
[2021-04-15T18:12:48.887+0600][7.718s] GC(5)   Post Evacuate Collection Set: 1.0ms
[2021-04-15T18:12:48.887+0600][7.718s] GC(5)   Other: 0.5ms
[2021-04-15T18:12:48.887+0600][7.718s] GC(5) Eden regions: 17->0(86)
[2021-04-15T18:12:48.887+0600][7.718s] GC(5) Survivor regions: 2->2(10)
[2021-04-15T18:12:48.887+0600][7.718s] GC(5) Old regions: 20->20
[2021-04-15T18:12:48.887+0600][7.718s] GC(5) Humongous regions: 4->4
[2021-04-15T18:12:48.887+0600][7.718s] GC(5) Metaspace: 34736K->34736K(1081344K)
[2021-04-15T18:12:48.887+0600][7.718s] GC(5) Pause Young (Concurrent Start) (Metadata GC Threshold) 41M->25M(512M) 10.354ms
[2021-04-15T18:12:48.887+0600][7.718s] GC(5) User=0.01s Sys=0.00s Real=0.01s
[2021-04-15T18:12:48.887+0600][7.718s] GC(6) Concurrent Cycle
[2021-04-15T18:12:48.887+0600][7.718s] GC(6) Concurrent Clear Claimed Marks
[2021-04-15T18:12:48.887+0600][7.718s] GC(6) Concurrent Clear Claimed Marks 0.066ms
[2021-04-15T18:12:48.887+0600][7.718s] GC(6) Concurrent Scan Root Regions
[2021-04-15T18:12:48.890+0600][7.721s] GC(6) Concurrent Scan Root Regions 2.544ms
[2021-04-15T18:12:48.890+0600][7.721s] GC(6) Concurrent Mark (7.721s)
[2021-04-15T18:12:48.890+0600][7.721s] GC(6) Concurrent Mark From Roots
[2021-04-15T18:12:48.890+0600][7.721s] GC(6) Using 1 workers of 1 for marking
[2021-04-15T18:12:48.935+0600][7.765s] GC(6) Concurrent Mark From Roots 44.536ms
[2021-04-15T18:12:48.935+0600][7.765s] GC(6) Concurrent Preclean
[2021-04-15T18:12:48.935+0600][7.766s] GC(6) Concurrent Preclean 0.202ms
[2021-04-15T18:12:48.935+0600][7.766s] GC(6) Concurrent Mark (7.721s, 7.766s) 44.924ms
[2021-04-15T18:12:48.935+0600][7.766s] GC(6) Pause Remark
[2021-04-15T18:12:48.947+0600][7.778s] GC(6) Cleaned string and symbol table, strings: 15648 processed, 25 removed, symbols: 112703 processed, 42 removed
[2021-04-15T18:12:48.947+0600][7.778s] GC(6) Pause Remark 27M->27M(512M) 11.794ms
[2021-04-15T18:12:48.947+0600][7.778s] GC(6) User=0.03s Sys=0.00s Real=0.01s
[2021-04-15T18:12:48.947+0600][7.778s] GC(6) Concurrent Rebuild Remembered Sets
[2021-04-15T18:12:48.990+0600][7.821s] GC(6) Concurrent Rebuild Remembered Sets 42.645ms
[2021-04-15T18:12:48.990+0600][7.821s] GC(6) Pause Cleanup
[2021-04-15T18:12:48.990+0600][7.821s] GC(6) Pause Cleanup 27M->27M(512M) 0.106ms
[2021-04-15T18:12:48.990+0600][7.821s] GC(6) User=0.00s Sys=0.00s Real=0.00s
[2021-04-15T18:12:48.990+0600][7.821s] GC(6) Concurrent Cleanup for Next Mark
[2021-04-15T18:12:48.992+0600][7.823s] GC(6) Concurrent Cleanup for Next Mark 1.802ms
[2021-04-15T18:12:48.992+0600][7.823s] GC(6) Concurrent Cycle 105.075ms
[2021-04-15T18:13:06.822+0600][25.652s] GC(7) Pause Young (Normal) (G1 Evacuation Pause)
[2021-04-15T18:13:06.822+0600][25.653s] GC(7) Using 4 workers of 4 for evacuation
[2021-04-15T18:13:06.831+0600][25.661s] GC(7)   Pre Evacuate Collection Set: 0.1ms
[2021-04-15T18:13:06.831+0600][25.661s] GC(7)   Evacuate Collection Set: 7.5ms
[2021-04-15T18:13:06.831+0600][25.661s] GC(7)   Post Evacuate Collection Set: 0.4ms
[2021-04-15T18:13:06.831+0600][25.661s] GC(7)   Other: 0.6ms
[2021-04-15T18:13:06.831+0600][25.661s] GC(7) Eden regions: 86->0(134)
[2021-04-15T18:13:06.831+0600][25.661s] GC(7) Survivor regions: 2->6(11)
[2021-04-15T18:13:06.831+0600][25.661s] GC(7) Old regions: 20->20
[2021-04-15T18:13:06.831+0600][25.661s] GC(7) Humongous regions: 4->4
[2021-04-15T18:13:06.831+0600][25.661s] GC(7) Metaspace: 42396K->42396K(1087488K)
[2021-04-15T18:13:06.831+0600][25.661s] GC(7) Pause Young (Normal) (G1 Evacuation Pause) 111M->28M(512M) 8.626ms
[2021-04-15T18:13:06.831+0600][25.661s] GC(7) User=0.03s Sys=0.01s Real=0.01s
[2021-04-15T18:13:08.948+0600][27.778s] GC(8) Pause Young (Normal) (G1 Evacuation Pause)
[2021-04-15T18:13:08.948+0600][27.778s] GC(8) Using 4 workers of 4 for evacuation
[2021-04-15T18:13:08.965+0600][27.795s] GC(8)   Pre Evacuate Collection Set: 0.0ms
[2021-04-15T18:13:08.965+0600][27.795s] GC(8)   Evacuate Collection Set: 16.5ms
[2021-04-15T18:13:08.965+0600][27.796s] GC(8)   Post Evacuate Collection Set: 0.5ms
[2021-04-15T18:13:08.965+0600][27.796s] GC(8)   Other: 0.3ms
[2021-04-15T18:13:08.965+0600][27.796s] GC(8) Eden regions: 134->0(198)
[2021-04-15T18:13:08.965+0600][27.796s] GC(8) Survivor regions: 6->11(18)
[2021-04-15T18:13:08.965+0600][27.796s] GC(8) Old regions: 20->20
[2021-04-15T18:13:08.966+0600][27.796s] GC(8) Humongous regions: 5->4
[2021-04-15T18:13:08.966+0600][27.796s] GC(8) Metaspace: 49906K->49906K(1093632K)
[2021-04-15T18:13:08.966+0600][27.796s] GC(8) Pause Young (Normal) (G1 Evacuation Pause) 163M->34M(512M) 17.548ms
[2021-04-15T18:13:08.966+0600][27.796s] GC(8) User=0.03s Sys=0.00s Real=0.02s
[2021-04-15T18:13:10.677+0600][29.507s] GC(9) Pause Young (Normal) (G1 Evacuation Pause)
[2021-04-15T18:13:10.677+0600][29.507s] GC(9) Using 4 workers of 4 for evacuation
[2021-04-15T18:13:10.692+0600][29.522s] GC(9)   Pre Evacuate Collection Set: 0.0ms
[2021-04-15T18:13:10.692+0600][29.522s] GC(9)   Evacuate Collection Set: 14.0ms
[2021-04-15T18:13:10.692+0600][29.522s] GC(9)   Post Evacuate Collection Set: 0.9ms
[2021-04-15T18:13:10.692+0600][29.522s] GC(9)   Other: 0.3ms
[2021-04-15T18:13:10.692+0600][29.522s] GC(9) Eden regions: 198->0(256)
[2021-04-15T18:13:10.692+0600][29.522s] GC(9) Survivor regions: 11->15(27)
[2021-04-15T18:13:10.692+0600][29.522s] GC(9) Old regions: 20->20
[2021-04-15T18:13:10.692+0600][29.522s] GC(9) Humongous regions: 4->4
[2021-04-15T18:13:10.692+0600][29.522s] GC(9) Metaspace: 53751K->53751K(1097728K)
[2021-04-15T18:13:10.692+0600][29.522s] GC(9) Pause Young (Normal) (G1 Evacuation Pause) 232M->38M(512M) 15.457ms
[2021-04-15T18:13:10.692+0600][29.522s] GC(9) User=0.05s Sys=0.00s Real=0.02s
[2021-04-15T18:13:11.418+0600][30.248s] GC(10) Pause Young (Concurrent Start) (Metadata GC Threshold)
[2021-04-15T18:13:11.418+0600][30.248s] GC(10) Using 4 workers of 4 for evacuation
[2021-04-15T18:13:11.441+0600][30.271s] GC(10)   Pre Evacuate Collection Set: 0.1ms
[2021-04-15T18:13:11.441+0600][30.272s] GC(10)   Evacuate Collection Set: 22.3ms
[2021-04-15T18:13:11.441+0600][30.272s] GC(10)   Post Evacuate Collection Set: 0.7ms
[2021-04-15T18:13:11.442+0600][30.272s] GC(10)   Other: 0.4ms
[2021-04-15T18:13:11.442+0600][30.272s] GC(10) Eden regions: 74->0(267)
[2021-04-15T18:13:11.442+0600][30.272s] GC(10) Survivor regions: 15->20(34)
[2021-04-15T18:13:11.442+0600][30.272s] GC(10) Old regions: 20->20
[2021-04-15T18:13:11.442+0600][30.272s] GC(10) Humongous regions: 4->4
[2021-04-15T18:13:11.442+0600][30.272s] GC(10) Metaspace: 58714K->58714K(1101824K)
[2021-04-15T18:13:11.442+0600][30.272s] GC(10) Pause Young (Concurrent Start) (Metadata GC Threshold) 111M->43M(512M) 23.783ms
[2021-04-15T18:13:11.442+0600][30.272s] GC(10) User=0.07s Sys=0.00s Real=0.03s
[2021-04-15T18:13:11.442+0600][30.272s] GC(11) Concurrent Cycle
[2021-04-15T18:13:11.442+0600][30.272s] GC(11) Concurrent Clear Claimed Marks
[2021-04-15T18:13:11.442+0600][30.272s] GC(11) Concurrent Clear Claimed Marks 0.122ms
[2021-04-15T18:13:11.442+0600][30.272s] GC(11) Concurrent Scan Root Regions
[2021-04-15T18:13:11.464+0600][30.294s] GC(11) Concurrent Scan Root Regions 22.367ms
[2021-04-15T18:13:11.464+0600][30.295s] GC(11) Concurrent Mark (30.295s)
[2021-04-15T18:13:11.464+0600][30.295s] GC(11) Concurrent Mark From Roots
[2021-04-15T18:13:11.464+0600][30.295s] GC(11) Using 1 workers of 1 for marking
[2021-04-15T18:13:11.502+0600][30.332s] GC(11) Concurrent Mark From Roots 37.359ms
[2021-04-15T18:13:11.502+0600][30.332s] GC(11) Concurrent Preclean
[2021-04-15T18:13:11.502+0600][30.332s] GC(11) Concurrent Preclean 0.164ms
[2021-04-15T18:13:11.502+0600][30.332s] GC(11) Concurrent Mark (30.295s, 30.332s) 37.659ms
[2021-04-15T18:13:11.502+0600][30.332s] GC(11) Pause Remark
[2021-04-15T18:13:11.512+0600][30.342s] GC(11) Cleaned string and symbol table, strings: 27891 processed, 0 removed, symbols: 176275 processed, 593 removed
[2021-04-15T18:13:11.512+0600][30.342s] GC(11) Pause Remark 46M->46M(512M) 10.012ms
[2021-04-15T18:13:11.512+0600][30.342s] GC(11) User=0.03s Sys=0.00s Real=0.01s
[2021-04-15T18:13:11.512+0600][30.343s] GC(11) Concurrent Rebuild Remembered Sets
[2021-04-15T18:13:11.540+0600][30.370s] GC(11) Concurrent Rebuild Remembered Sets 27.765ms
[2021-04-15T18:13:11.540+0600][30.370s] GC(11) Pause Cleanup
[2021-04-15T18:13:11.540+0600][30.371s] GC(11) Pause Cleanup 46M->46M(512M) 0.106ms
[2021-04-15T18:13:11.540+0600][30.371s] GC(11) User=0.00s Sys=0.00s Real=0.00s
[2021-04-15T18:13:11.541+0600][30.371s] GC(11) Concurrent Cleanup for Next Mark
[2021-04-15T18:13:11.542+0600][30.372s] GC(11) Concurrent Cleanup for Next Mark 1.408ms
[2021-04-15T18:13:11.542+0600][30.372s] GC(11) Concurrent Cycle 100.216ms
[2021-04-15T18:14:03.110+0600][81.939s] GC(12) Pause Young (Normal) (G1 Evacuation Pause)
[2021-04-15T18:14:03.111+0600][81.940s] GC(12) Using 4 workers of 4 for evacuation
[2021-04-15T18:14:03.161+0600][81.990s] GC(12)   Pre Evacuate Collection Set: 0.0ms
[2021-04-15T18:14:03.161+0600][81.990s] GC(12)   Evacuate Collection Set: 48.6ms
[2021-04-15T18:14:03.161+0600][81.990s] GC(12)   Post Evacuate Collection Set: 1.1ms
[2021-04-15T18:14:03.161+0600][81.990s] GC(12)   Other: 1.3ms
[2021-04-15T18:14:03.161+0600][81.990s] GC(12) Eden regions: 267->0(275)
[2021-04-15T18:14:03.161+0600][81.990s] GC(12) Survivor regions: 20->32(36)
[2021-04-15T18:14:03.161+0600][81.990s] GC(12) Old regions: 20->21
[2021-04-15T18:14:03.161+0600][81.990s] GC(12) Humongous regions: 4->4
[2021-04-15T18:14:03.161+0600][81.990s] GC(12) Metaspace: 61143K->61143K(1103872K)
[2021-04-15T18:14:03.161+0600][81.990s] GC(12) Pause Young (Normal) (G1 Evacuation Pause) 310M->56M(512M) 51.248ms
[2021-04-15T18:14:03.161+0600][81.990s] GC(12) User=0.12s Sys=0.03s Real=0.05s
[2021-04-15T18:16:19.017+0600][217.842s] GC(13) Pause Young (Normal) (G1 Evacuation Pause)
[2021-04-15T18:16:19.018+0600][217.843s] GC(13) Using 4 workers of 4 for evacuation
[2021-04-15T18:16:19.118+0600][217.943s] GC(13)   Pre Evacuate Collection Set: 0.0ms
[2021-04-15T18:16:19.118+0600][217.943s] GC(13)   Evacuate Collection Set: 71.8ms
[2021-04-15T18:16:19.118+0600][217.943s] GC(13)   Post Evacuate Collection Set: 27.5ms
[2021-04-15T18:16:19.118+0600][217.943s] GC(13)   Other: 1.5ms
[2021-04-15T18:16:19.118+0600][217.943s] GC(13) Eden regions: 275->0(272)
[2021-04-15T18:16:19.118+0600][217.943s] GC(13) Survivor regions: 32->35(39)
[2021-04-15T18:16:19.118+0600][217.943s] GC(13) Old regions: 21->33
[2021-04-15T18:16:19.118+0600][217.943s] GC(13) Humongous regions: 7->7
[2021-04-15T18:16:19.118+0600][217.943s] GC(13) Metaspace: 63396K->63396K(1105920K)
[2021-04-15T18:16:19.118+0600][217.943s] GC(13) Pause Young (Normal) (G1 Evacuation Pause) 334M->74M(512M) 101.061ms
[2021-04-15T18:16:19.118+0600][217.943s] GC(13) User=0.15s Sys=0.02s Real=0.10s
[2021-04-15T18:16:31.023+0600][229.847s] GC(14) Pause Young (Normal) (G1 Evacuation Pause)
[2021-04-15T18:16:31.023+0600][229.848s] GC(14) Using 4 workers of 4 for evacuation
[2021-04-15T18:16:31.072+0600][229.896s] GC(14)   Pre Evacuate Collection Set: 0.1ms
[2021-04-15T18:16:31.072+0600][229.896s] GC(14)   Evacuate Collection Set: 37.1ms
[2021-04-15T18:16:31.072+0600][229.896s] GC(14)   Post Evacuate Collection Set: 11.2ms
[2021-04-15T18:16:31.072+0600][229.896s] GC(14)   Other: 0.7ms
[2021-04-15T18:16:31.072+0600][229.896s] GC(14) Eden regions: 272->0(271)
[2021-04-15T18:16:31.072+0600][229.896s] GC(14) Survivor regions: 35->36(39)
[2021-04-15T18:16:31.072+0600][229.896s] GC(14) Old regions: 33->49
[2021-04-15T18:16:31.072+0600][229.896s] GC(14) Humongous regions: 9->9
[2021-04-15T18:16:31.072+0600][229.896s] GC(14) Metaspace: 64159K->64159K(1107968K)
[2021-04-15T18:16:31.072+0600][229.896s] GC(14) Pause Young (Normal) (G1 Evacuation Pause) 348M->93M(512M) 49.309ms
[2021-04-15T18:16:31.072+0600][229.896s] GC(14) User=0.14s Sys=0.02s Real=0.05s
[2021-04-15T18:16:37.498+0600][236.322s] GC(15) Pause Young (Normal) (G1 Evacuation Pause)
[2021-04-15T18:16:37.498+0600][236.322s] GC(15) Using 4 workers of 4 for evacuation
[2021-04-15T18:16:37.523+0600][236.347s] GC(15)   Pre Evacuate Collection Set: 0.0ms
[2021-04-15T18:16:37.523+0600][236.347s] GC(15)   Evacuate Collection Set: 24.4ms
[2021-04-15T18:16:37.523+0600][236.347s] GC(15)   Post Evacuate Collection Set: 0.5ms
[2021-04-15T18:16:37.523+0600][236.347s] GC(15)   Other: 0.3ms
[2021-04-15T18:16:37.524+0600][236.347s] GC(15) Eden regions: 271->0(294)
[2021-04-15T18:16:37.524+0600][236.347s] GC(15) Survivor regions: 36->13(39)
[2021-04-15T18:16:37.524+0600][236.347s] GC(15) Old regions: 49->63
[2021-04-15T18:16:37.524+0600][236.347s] GC(15) Humongous regions: 9->7
[2021-04-15T18:16:37.524+0600][236.347s] GC(15) Metaspace: 65310K->65310K(1107968K)
[2021-04-15T18:16:37.524+0600][236.348s] GC(15) Pause Young (Normal) (G1 Evacuation Pause) 364M->82M(512M) 25.509ms
[2021-04-15T18:16:37.524+0600][236.348s] GC(15) User=0.07s Sys=0.01s Real=0.03s
[2021-04-15T18:17:05.343+0600][264.166s] GC(16) Pause Young (Normal) (G1 Evacuation Pause)
[2021-04-15T18:17:05.344+0600][264.167s] GC(16) Using 4 workers of 4 for evacuation
[2021-04-15T18:17:05.368+0600][264.191s] GC(16)   Pre Evacuate Collection Set: 0.0ms
[2021-04-15T18:17:05.368+0600][264.192s] GC(16)   Evacuate Collection Set: 23.9ms
[2021-04-15T18:17:05.368+0600][264.192s] GC(16)   Post Evacuate Collection Set: 0.7ms
[2021-04-15T18:17:05.369+0600][264.192s] GC(16)   Other: 0.5ms
[2021-04-15T18:17:05.369+0600][264.192s] GC(16) Eden regions: 294->0(277)
[2021-04-15T18:17:05.369+0600][264.192s] GC(16) Survivor regions: 13->30(39)
[2021-04-15T18:17:05.369+0600][264.192s] GC(16) Old regions: 63->63
[2021-04-15T18:17:05.369+0600][264.192s] GC(16) Humongous regions: 28->7
[2021-04-15T18:17:05.369+0600][264.192s] GC(16) Metaspace: 67260K->67260K(1110016K)
[2021-04-15T18:17:05.369+0600][264.192s] GC(16) Pause Young (Normal) (G1 Evacuation Pause) 397M->99M(512M) 25.380ms
[2021-04-15T18:17:05.369+0600][264.192s] GC(16) User=0.05s Sys=0.01s Real=0.02s
