[2021-04-15T14:43:47.723+0600][0.014s] Heap region size: 1M
[2021-04-15T14:43:47.986+0600][0.278s] Using G1
[2021-04-15T14:43:47.986+0600][0.278s] Heap address: 0x00000007e0000000, size: 512 MB, Compressed Oops mode: Zero based, Oop shift amount: 3
[2021-04-15T14:43:48.848+0600][1.140s] GC(0) Pause Young (Normal) (G1 Evacuation Pause)
[2021-04-15T14:43:48.849+0600][1.140s] GC(0) Using 4 workers of 4 for evacuation
[2021-04-15T14:43:48.852+0600][1.143s] GC(0)   Pre Evacuate Collection Set: 0.0ms
[2021-04-15T14:43:48.852+0600][1.143s] GC(0)   Evacuate Collection Set: 2.9ms
[2021-04-15T14:43:48.852+0600][1.143s] GC(0)   Post Evacuate Collection Set: 0.3ms
[2021-04-15T14:43:48.852+0600][1.143s] GC(0)   Other: 0.3ms
[2021-04-15T14:43:48.852+0600][1.143s] GC(0) Eden regions: 25->0(304)
[2021-04-15T14:43:48.852+0600][1.143s] GC(0) Survivor regions: 0->3(4)
[2021-04-15T14:43:48.852+0600][1.143s] GC(0) Old regions: 0->0
[2021-04-15T14:43:48.852+0600][1.143s] GC(0) Humongous regions: 0->0
[2021-04-15T14:43:48.852+0600][1.143s] GC(0) Metaspace: 11976K->11976K(1060864K)
[2021-04-15T14:43:48.852+0600][1.143s] GC(0) Pause Young (Normal) (G1 Evacuation Pause) 25M->2M(512M) 3.672ms
[2021-04-15T14:43:48.852+0600][1.143s] GC(0) User=0.01s Sys=0.00s Real=0.01s
[2021-04-15T14:43:49.926+0600][2.217s] GC(1) Pause Young (Concurrent Start) (Metadata GC Threshold)
[2021-04-15T14:43:49.926+0600][2.217s] GC(1) Using 4 workers of 4 for evacuation
[2021-04-15T14:43:49.945+0600][2.236s] GC(1)   Pre Evacuate Collection Set: 0.0ms
[2021-04-15T14:43:49.945+0600][2.236s] GC(1)   Evacuate Collection Set: 17.3ms
[2021-04-15T14:43:49.945+0600][2.236s] GC(1)   Post Evacuate Collection Set: 0.7ms
[2021-04-15T14:43:49.945+0600][2.236s] GC(1)   Other: 0.3ms
[2021-04-15T14:43:49.945+0600][2.236s] GC(1) Eden regions: 44->0(49)
[2021-04-15T14:43:49.945+0600][2.236s] GC(1) Survivor regions: 3->12(34)
[2021-04-15T14:43:49.945+0600][2.236s] GC(1) Old regions: 0->0
[2021-04-15T14:43:49.945+0600][2.236s] GC(1) Humongous regions: 4->4
[2021-04-15T14:43:49.945+0600][2.236s] GC(1) Metaspace: 20548K->20548K(1069056K)
[2021-04-15T14:43:49.945+0600][2.236s] GC(1) Pause Young (Concurrent Start) (Metadata GC Threshold) 50M->15M(512M) 18.535ms
[2021-04-15T14:43:49.945+0600][2.236s] GC(1) User=0.04s Sys=0.00s Real=0.02s
[2021-04-15T14:43:49.945+0600][2.236s] GC(2) Concurrent Cycle
[2021-04-15T14:43:49.945+0600][2.236s] GC(2) Concurrent Clear Claimed Marks
[2021-04-15T14:43:49.945+0600][2.236s] GC(2) Concurrent Clear Claimed Marks 0.044ms
[2021-04-15T14:43:49.945+0600][2.236s] GC(2) Concurrent Scan Root Regions
[2021-04-15T14:43:49.955+0600][2.246s] GC(2) Concurrent Scan Root Regions 10.073ms
[2021-04-15T14:43:49.955+0600][2.246s] GC(2) Concurrent Mark (2.246s)
[2021-04-15T14:43:49.955+0600][2.246s] GC(2) Concurrent Mark From Roots
[2021-04-15T14:43:49.955+0600][2.246s] GC(2) Using 1 workers of 1 for marking
[2021-04-15T14:43:49.959+0600][2.250s] GC(2) Concurrent Mark From Roots 3.971ms
[2021-04-15T14:43:49.959+0600][2.250s] GC(2) Concurrent Preclean
[2021-04-15T14:43:49.959+0600][2.250s] GC(2) Concurrent Preclean 0.065ms
[2021-04-15T14:43:49.959+0600][2.250s] GC(2) Concurrent Mark (2.246s, 2.250s) 4.180ms
[2021-04-15T14:43:49.959+0600][2.250s] GC(2) Pause Remark
[2021-04-15T14:43:49.962+0600][2.253s] GC(2) Cleaned string and symbol table, strings: 9461 processed, 0 removed, symbols: 67167 processed, 18 removed
[2021-04-15T14:43:49.962+0600][2.253s] GC(2) Pause Remark 16M->16M(512M) 2.737ms
[2021-04-15T14:43:49.962+0600][2.253s] GC(2) User=0.00s Sys=0.00s Real=0.01s
[2021-04-15T14:43:49.962+0600][2.253s] GC(2) Concurrent Rebuild Remembered Sets
[2021-04-15T14:43:49.965+0600][2.256s] GC(2) Concurrent Rebuild Remembered Sets 3.118ms
[2021-04-15T14:43:49.966+0600][2.257s] GC(2) Pause Cleanup
[2021-04-15T14:43:49.966+0600][2.257s] GC(2) Pause Cleanup 16M->16M(512M) 0.139ms
[2021-04-15T14:43:49.966+0600][2.257s] GC(2) User=0.01s Sys=0.00s Real=0.00s
[2021-04-15T14:43:49.966+0600][2.257s] GC(2) Concurrent Cleanup for Next Mark
[2021-04-15T14:43:49.973+0600][2.264s] GC(2) Concurrent Cleanup for Next Mark 6.455ms
[2021-04-15T14:43:49.973+0600][2.264s] GC(2) Concurrent Cycle 28.106ms
[2021-04-15T14:43:51.094+0600][3.385s] GC(3) Pause Young (Normal) (G1 Evacuation Pause)
[2021-04-15T14:43:51.094+0600][3.385s] GC(3) Using 4 workers of 4 for evacuation
[2021-04-15T14:43:51.115+0600][3.406s] GC(3)   Pre Evacuate Collection Set: 0.0ms
[2021-04-15T14:43:51.115+0600][3.406s] GC(3)   Evacuate Collection Set: 18.6ms
[2021-04-15T14:43:51.115+0600][3.406s] GC(3)   Post Evacuate Collection Set: 2.0ms
[2021-04-15T14:43:51.115+0600][3.406s] GC(3)   Other: 0.1ms
[2021-04-15T14:43:51.115+0600][3.406s] GC(3) Eden regions: 45->0(54)
[2021-04-15T14:43:51.115+0600][3.406s] GC(3) Survivor regions: 12->8(8)
[2021-04-15T14:43:51.115+0600][3.406s] GC(3) Old regions: 0->12
[2021-04-15T14:43:51.115+0600][3.406s] GC(3) Humongous regions: 4->4
[2021-04-15T14:43:51.115+0600][3.406s] GC(3) Metaspace: 26289K->26289K(1073152K)
[2021-04-15T14:43:51.115+0600][3.406s] GC(3) Pause Young (Normal) (G1 Evacuation Pause) 60M->23M(512M) 20.948ms
[2021-04-15T14:43:51.115+0600][3.406s] GC(3) User=0.06s Sys=0.00s Real=0.02s
[2021-04-15T14:43:51.996+0600][4.287s] GC(4) Pause Young (Normal) (G1 Evacuation Pause)
[2021-04-15T14:43:51.996+0600][4.287s] GC(4) Using 4 workers of 4 for evacuation
[2021-04-15T14:43:52.001+0600][4.292s] GC(4)   Pre Evacuate Collection Set: 0.0ms
[2021-04-15T14:43:52.001+0600][4.292s] GC(4)   Evacuate Collection Set: 4.6ms
[2021-04-15T14:43:52.001+0600][4.292s] GC(4)   Post Evacuate Collection Set: 0.3ms
[2021-04-15T14:43:52.001+0600][4.292s] GC(4)   Other: 0.2ms
[2021-04-15T14:43:52.001+0600][4.292s] GC(4) Eden regions: 54->0(83)
[2021-04-15T14:43:52.001+0600][4.292s] GC(4) Survivor regions: 8->2(8)
[2021-04-15T14:43:52.001+0600][4.292s] GC(4) Old regions: 12->20
[2021-04-15T14:43:52.001+0600][4.292s] GC(4) Humongous regions: 4->4
[2021-04-15T14:43:52.001+0600][4.292s] GC(4) Metaspace: 31698K->31698K(1079296K)
[2021-04-15T14:43:52.001+0600][4.292s] GC(4) Pause Young (Normal) (G1 Evacuation Pause) 77M->24M(512M) 5.201ms
[2021-04-15T14:43:52.001+0600][4.292s] GC(4) User=0.02s Sys=0.00s Real=0.01s
[2021-04-15T14:43:52.260+0600][4.551s] GC(5) Pause Young (Concurrent Start) (Metadata GC Threshold)
[2021-04-15T14:43:52.260+0600][4.551s] GC(5) Using 4 workers of 4 for evacuation
[2021-04-15T14:43:52.264+0600][4.555s] GC(5)   Pre Evacuate Collection Set: 0.1ms
[2021-04-15T14:43:52.264+0600][4.555s] GC(5)   Evacuate Collection Set: 3.5ms
[2021-04-15T14:43:52.264+0600][4.555s] GC(5)   Post Evacuate Collection Set: 0.3ms
[2021-04-15T14:43:52.264+0600][4.555s] GC(5)   Other: 0.2ms
[2021-04-15T14:43:52.264+0600][4.555s] GC(5) Eden regions: 18->0(107)
[2021-04-15T14:43:52.264+0600][4.555s] GC(5) Survivor regions: 2->2(11)
[2021-04-15T14:43:52.264+0600][4.555s] GC(5) Old regions: 20->20
[2021-04-15T14:43:52.264+0600][4.555s] GC(5) Humongous regions: 4->4
[2021-04-15T14:43:52.264+0600][4.555s] GC(5) Metaspace: 34912K->34912K(1081344K)
[2021-04-15T14:43:52.264+0600][4.555s] GC(5) Pause Young (Concurrent Start) (Metadata GC Threshold) 42M->24M(512M) 4.178ms
[2021-04-15T14:43:52.264+0600][4.555s] GC(5) User=0.01s Sys=0.00s Real=0.00s
[2021-04-15T14:43:52.264+0600][4.555s] GC(6) Concurrent Cycle
[2021-04-15T14:43:52.264+0600][4.555s] GC(6) Concurrent Clear Claimed Marks
[2021-04-15T14:43:52.264+0600][4.555s] GC(6) Concurrent Clear Claimed Marks 0.058ms
[2021-04-15T14:43:52.264+0600][4.555s] GC(6) Concurrent Scan Root Regions
[2021-04-15T14:43:52.266+0600][4.557s] GC(6) Concurrent Scan Root Regions 2.112ms
[2021-04-15T14:43:52.266+0600][4.557s] GC(6) Concurrent Mark (4.557s)
[2021-04-15T14:43:52.266+0600][4.557s] GC(6) Concurrent Mark From Roots
[2021-04-15T14:43:52.266+0600][4.557s] GC(6) Using 1 workers of 1 for marking
[2021-04-15T14:43:52.314+0600][4.605s] GC(6) Concurrent Mark From Roots 47.690ms
[2021-04-15T14:43:52.314+0600][4.605s] GC(6) Concurrent Preclean
[2021-04-15T14:43:52.314+0600][4.605s] GC(6) Concurrent Preclean 0.162ms
[2021-04-15T14:43:52.314+0600][4.605s] GC(6) Concurrent Mark (4.557s, 4.605s) 47.972ms
[2021-04-15T14:43:52.314+0600][4.605s] GC(6) Pause Remark
[2021-04-15T14:43:52.322+0600][4.612s] GC(6) Cleaned string and symbol table, strings: 15693 processed, 24 removed, symbols: 115557 processed, 46 removed
[2021-04-15T14:43:52.322+0600][4.613s] GC(6) Pause Remark 27M->27M(512M) 7.456ms
[2021-04-15T14:43:52.322+0600][4.613s] GC(6) User=0.03s Sys=0.00s Real=0.01s
[2021-04-15T14:43:52.322+0600][4.613s] GC(6) Concurrent Rebuild Remembered Sets
[2021-04-15T14:43:52.356+0600][4.646s] GC(6) Concurrent Rebuild Remembered Sets 33.642ms
[2021-04-15T14:43:52.357+0600][4.648s] GC(6) Pause Cleanup
[2021-04-15T14:43:52.357+0600][4.648s] GC(6) Pause Cleanup 30M->30M(512M) 0.192ms
[2021-04-15T14:43:52.357+0600][4.648s] GC(6) User=0.00s Sys=0.00s Real=0.00s
[2021-04-15T14:43:52.357+0600][4.648s] GC(6) Concurrent Cleanup for Next Mark
[2021-04-15T14:43:52.362+0600][4.653s] GC(6) Concurrent Cleanup for Next Mark 4.759ms
[2021-04-15T14:43:52.362+0600][4.653s] GC(6) Concurrent Cycle 98.426ms
[2021-04-15T14:43:54.088+0600][6.378s] GC(7) Pause Young (Concurrent Start) (G1 Evacuation Pause)
[2021-04-15T14:43:54.088+0600][6.379s] GC(7) Using 4 workers of 4 for evacuation
[2021-04-15T14:43:54.097+0600][6.388s] GC(7)   Pre Evacuate Collection Set: 0.1ms
[2021-04-15T14:43:54.097+0600][6.388s] GC(7)   Evacuate Collection Set: 9.0ms
[2021-04-15T14:43:54.097+0600][6.388s] GC(7)   Post Evacuate Collection Set: 0.5ms
[2021-04-15T14:43:54.097+0600][6.388s] GC(7)   Other: 0.2ms
[2021-04-15T14:43:54.098+0600][6.388s] GC(7) Eden regions: 107->0(145)
[2021-04-15T14:43:54.098+0600][6.388s] GC(7) Survivor regions: 2->9(14)
[2021-04-15T14:43:54.098+0600][6.388s] GC(7) Old regions: 20->20
[2021-04-15T14:43:54.098+0600][6.388s] GC(7) Humongous regions: 4->4
[2021-04-15T14:43:54.098+0600][6.388s] GC(7) Metaspace: 44378K->44378K(1089536K)
[2021-04-15T14:43:54.098+0600][6.388s] GC(7) Pause Young (Concurrent Start) (G1 Evacuation Pause) 131M->32M(512M) 10.000ms
[2021-04-15T14:43:54.098+0600][6.389s] GC(7) User=0.04s Sys=0.00s Real=0.01s
[2021-04-15T14:43:54.098+0600][6.389s] GC(8) Concurrent Cycle
[2021-04-15T14:43:54.098+0600][6.389s] GC(8) Concurrent Clear Claimed Marks
[2021-04-15T14:43:54.098+0600][6.389s] GC(8) Concurrent Clear Claimed Marks 0.129ms
[2021-04-15T14:43:54.098+0600][6.389s] GC(8) Concurrent Scan Root Regions
[2021-04-15T14:43:54.107+0600][6.398s] GC(8) Concurrent Scan Root Regions 9.437ms
[2021-04-15T14:43:54.107+0600][6.398s] GC(8) Concurrent Mark (6.398s)
[2021-04-15T14:43:54.107+0600][6.398s] GC(8) Concurrent Mark From Roots
[2021-04-15T14:43:54.107+0600][6.398s] GC(8) Using 1 workers of 1 for marking
[2021-04-15T14:43:54.165+0600][6.456s] GC(8) Concurrent Mark From Roots 57.579ms
[2021-04-15T14:43:54.165+0600][6.456s] GC(8) Concurrent Preclean
[2021-04-15T14:43:54.165+0600][6.456s] GC(8) Concurrent Preclean 0.147ms
[2021-04-15T14:43:54.165+0600][6.456s] GC(8) Concurrent Mark (6.398s, 6.456s) 57.869ms
[2021-04-15T14:43:54.166+0600][6.456s] GC(8) Pause Remark
[2021-04-15T14:43:54.171+0600][6.462s] GC(8) Cleaned string and symbol table, strings: 19602 processed, 0 removed, symbols: 140844 processed, 51 removed
[2021-04-15T14:43:54.171+0600][6.462s] GC(8) Pause Remark 55M->55M(512M) 5.792ms
[2021-04-15T14:43:54.171+0600][6.462s] GC(8) User=0.03s Sys=0.00s Real=0.01s
[2021-04-15T14:43:54.172+0600][6.462s] GC(8) Concurrent Rebuild Remembered Sets
[2021-04-15T14:43:54.206+0600][6.497s] GC(8) Concurrent Rebuild Remembered Sets 34.608ms
[2021-04-15T14:43:54.206+0600][6.497s] GC(8) Pause Cleanup
[2021-04-15T14:43:54.207+0600][6.497s] GC(8) Pause Cleanup 65M->65M(512M) 0.148ms
[2021-04-15T14:43:54.207+0600][6.498s] GC(8) User=0.00s Sys=0.00s Real=0.00s
[2021-04-15T14:43:54.207+0600][6.498s] GC(8) Concurrent Cleanup for Next Mark
[2021-04-15T14:43:54.211+0600][6.502s] GC(8) Concurrent Cleanup for Next Mark 4.658ms
[2021-04-15T14:43:54.211+0600][6.502s] GC(8) Concurrent Cycle 113.785ms
[2021-04-15T14:43:55.197+0600][7.488s] GC(9) Pause Young (Normal) (G1 Evacuation Pause)
[2021-04-15T14:43:55.197+0600][7.488s] GC(9) Using 4 workers of 4 for evacuation
[2021-04-15T14:43:55.207+0600][7.498s] GC(9)   Pre Evacuate Collection Set: 0.0ms
[2021-04-15T14:43:55.207+0600][7.498s] GC(9)   Evacuate Collection Set: 9.4ms
[2021-04-15T14:43:55.207+0600][7.498s] GC(9)   Post Evacuate Collection Set: 0.5ms
[2021-04-15T14:43:55.207+0600][7.498s] GC(9)   Other: 0.3ms
[2021-04-15T14:43:55.207+0600][7.498s] GC(9) Eden regions: 150->0(194)
[2021-04-15T14:43:55.207+0600][7.498s] GC(9) Survivor regions: 9->12(20)
[2021-04-15T14:43:55.207+0600][7.498s] GC(9) Old regions: 20->20
[2021-04-15T14:43:55.207+0600][7.498s] GC(9) Humongous regions: 5->4
[2021-04-15T14:43:55.207+0600][7.498s] GC(9) Metaspace: 50027K->50027K(1095680K)
[2021-04-15T14:43:55.207+0600][7.498s] GC(9) Pause Young (Normal) (G1 Evacuation Pause) 183M->35M(512M) 10.323ms
[2021-04-15T14:43:55.207+0600][7.498s] GC(9) User=0.04s Sys=0.00s Real=0.01s
[2021-04-15T14:43:56.184+0600][8.475s] GC(10) Pause Young (Normal) (G1 Evacuation Pause)
[2021-04-15T14:43:56.184+0600][8.475s] GC(10) Using 4 workers of 4 for evacuation
[2021-04-15T14:43:56.198+0600][8.489s] GC(10)   Pre Evacuate Collection Set: 0.0ms
[2021-04-15T14:43:56.198+0600][8.489s] GC(10)   Evacuate Collection Set: 13.4ms
[2021-04-15T14:43:56.198+0600][8.489s] GC(10)   Post Evacuate Collection Set: 0.8ms
[2021-04-15T14:43:56.198+0600][8.489s] GC(10)   Other: 0.2ms
[2021-04-15T14:43:56.198+0600][8.489s] GC(10) Eden regions: 194->0(254)
[2021-04-15T14:43:56.198+0600][8.489s] GC(10) Survivor regions: 12->17(26)
[2021-04-15T14:43:56.198+0600][8.489s] GC(10) Old regions: 20->20
[2021-04-15T14:43:56.198+0600][8.489s] GC(10) Humongous regions: 4->4
[2021-04-15T14:43:56.198+0600][8.489s] GC(10) Metaspace: 54110K->54110K(1097728K)
[2021-04-15T14:43:56.198+0600][8.489s] GC(10) Pause Young (Normal) (G1 Evacuation Pause) 229M->40M(512M) 14.671ms
[2021-04-15T14:43:56.198+0600][8.489s] GC(10) User=0.05s Sys=0.00s Real=0.01s
[2021-04-15T14:45:02.661+0600][74.950s] GC(11) Pause Young (Normal) (G1 Evacuation Pause)
[2021-04-15T14:45:02.662+0600][74.951s] GC(11) Using 4 workers of 4 for evacuation
[2021-04-15T14:45:02.687+0600][74.976s] GC(11)   Pre Evacuate Collection Set: 0.0ms
[2021-04-15T14:45:02.687+0600][74.976s] GC(11)   Evacuate Collection Set: 23.6ms
[2021-04-15T14:45:02.687+0600][74.976s] GC(11)   Post Evacuate Collection Set: 1.4ms
[2021-04-15T14:45:02.687+0600][74.976s] GC(11)   Other: 1.6ms
[2021-04-15T14:45:02.687+0600][74.976s] GC(11) Eden regions: 254->0(277)
[2021-04-15T14:45:02.687+0600][74.976s] GC(11) Survivor regions: 17->30(34)
[2021-04-15T14:45:02.687+0600][74.976s] GC(11) Old regions: 20->20
[2021-04-15T14:45:02.687+0600][74.976s] GC(11) Humongous regions: 4->4
[2021-04-15T14:45:02.687+0600][74.976s] GC(11) Metaspace: 64616K->64616K(1107968K)
[2021-04-15T14:45:02.688+0600][74.976s] GC(11) Pause Young (Normal) (G1 Evacuation Pause) 294M->52M(512M) 26.781ms
[2021-04-15T14:45:02.688+0600][74.976s] GC(11) User=0.09s Sys=0.00s Real=0.02s
[2021-04-15T14:45:30.732+0600][103.020s] GC(12) Pause Young (Normal) (G1 Evacuation Pause)
[2021-04-15T14:45:30.732+0600][103.020s] GC(12) Using 4 workers of 4 for evacuation
[2021-04-15T14:45:30.767+0600][103.055s] GC(12)   Pre Evacuate Collection Set: 0.0ms
[2021-04-15T14:45:30.767+0600][103.055s] GC(12)   Evacuate Collection Set: 31.1ms
[2021-04-15T14:45:30.767+0600][103.055s] GC(12)   Post Evacuate Collection Set: 3.2ms
[2021-04-15T14:45:30.767+0600][103.055s] GC(12)   Other: 0.3ms
[2021-04-15T14:45:30.767+0600][103.055s] GC(12) Eden regions: 277->0(275)
[2021-04-15T14:45:30.767+0600][103.055s] GC(12) Survivor regions: 30->32(39)
[2021-04-15T14:45:30.767+0600][103.055s] GC(12) Old regions: 20->30
[2021-04-15T14:45:30.767+0600][103.055s] GC(12) Humongous regions: 4->4
[2021-04-15T14:45:30.767+0600][103.055s] GC(12) Metaspace: 65626K->65626K(1107968K)
[2021-04-15T14:45:30.767+0600][103.055s] GC(12) Pause Young (Normal) (G1 Evacuation Pause) 329M->64M(512M) 34.891ms
[2021-04-15T14:45:30.767+0600][103.055s] GC(12) User=0.13s Sys=0.01s Real=0.03s
[2021-04-15T14:46:40.547+0600][172.833s] GC(13) Pause Young (Normal) (G1 Evacuation Pause)
[2021-04-15T14:46:40.547+0600][172.833s] GC(13) Using 4 workers of 4 for evacuation
[2021-04-15T14:46:40.580+0600][172.866s] GC(13)   Pre Evacuate Collection Set: 0.0ms
[2021-04-15T14:46:40.580+0600][172.866s] GC(13)   Evacuate Collection Set: 29.6ms
[2021-04-15T14:46:40.580+0600][172.866s] GC(13)   Post Evacuate Collection Set: 2.9ms
[2021-04-15T14:46:40.580+0600][172.866s] GC(13)   Other: 0.4ms
[2021-04-15T14:46:40.580+0600][172.866s] GC(13) Eden regions: 275->0(280)
[2021-04-15T14:46:40.580+0600][172.866s] GC(13) Survivor regions: 32->27(39)
[2021-04-15T14:46:40.580+0600][172.866s] GC(13) Old regions: 30->42
[2021-04-15T14:46:40.580+0600][172.866s] GC(13) Humongous regions: 7->7
[2021-04-15T14:46:40.580+0600][172.866s] GC(13) Metaspace: 67851K->67851K(1110016K)
[2021-04-15T14:46:40.580+0600][172.866s] GC(13) Pause Young (Normal) (G1 Evacuation Pause) 342M->75M(512M) 33.098ms
[2021-04-15T14:46:40.580+0600][172.866s] GC(13) User=0.13s Sys=0.01s Real=0.04s
[2021-04-15T14:46:45.000+0600][177.286s] GC(14) Pause Young (Normal) (G1 Evacuation Pause)
[2021-04-15T14:46:45.000+0600][177.286s] GC(14) Using 4 workers of 4 for evacuation
[2021-04-15T14:46:45.052+0600][177.338s] GC(14)   Pre Evacuate Collection Set: 0.0ms
[2021-04-15T14:46:45.052+0600][177.338s] GC(14)   Evacuate Collection Set: 40.6ms
[2021-04-15T14:46:45.052+0600][177.338s] GC(14)   Post Evacuate Collection Set: 11.0ms
[2021-04-15T14:46:45.052+0600][177.338s] GC(14)   Other: 0.4ms
[2021-04-15T14:46:45.052+0600][177.338s] GC(14) Eden regions: 280->0(285)
[2021-04-15T14:46:45.052+0600][177.338s] GC(14) Survivor regions: 27->22(39)
[2021-04-15T14:46:45.052+0600][177.338s] GC(14) Old regions: 42->55
[2021-04-15T14:46:45.052+0600][177.338s] GC(14) Humongous regions: 7->7
[2021-04-15T14:46:45.052+0600][177.338s] GC(14) Metaspace: 70229K->70229K(1114112K)
[2021-04-15T14:46:45.052+0600][177.338s] GC(14) Pause Young (Normal) (G1 Evacuation Pause) 355M->83M(512M) 52.171ms
[2021-04-15T14:46:45.052+0600][177.338s] GC(14) User=0.10s Sys=0.01s Real=0.05s
[2021-04-15T14:46:48.270+0600][180.555s] GC(15) Pause Young (Normal) (G1 Evacuation Pause)
[2021-04-15T14:46:48.270+0600][180.556s] GC(15) Using 4 workers of 4 for evacuation
[2021-04-15T14:46:48.289+0600][180.575s] GC(15)   Pre Evacuate Collection Set: 0.0ms
[2021-04-15T14:46:48.290+0600][180.575s] GC(15)   Evacuate Collection Set: 18.4ms
[2021-04-15T14:46:48.290+0600][180.575s] GC(15)   Post Evacuate Collection Set: 0.9ms
[2021-04-15T14:46:48.290+0600][180.575s] GC(15)   Other: 0.6ms
[2021-04-15T14:46:48.290+0600][180.575s] GC(15) Eden regions: 285->0(287)
[2021-04-15T14:46:48.290+0600][180.575s] GC(15) Survivor regions: 22->20(39)
[2021-04-15T14:46:48.290+0600][180.575s] GC(15) Old regions: 55->66
[2021-04-15T14:46:48.290+0600][180.575s] GC(15) Humongous regions: 7->7
[2021-04-15T14:46:48.290+0600][180.575s] GC(15) Metaspace: 70241K->70241K(1114112K)
[2021-04-15T14:46:48.290+0600][180.575s] GC(15) Pause Young (Normal) (G1 Evacuation Pause) 368M->93M(512M) 20.089ms
[2021-04-15T14:46:48.290+0600][180.575s] GC(15) User=0.07s Sys=0.00s Real=0.02s
[2021-04-15T14:46:51.331+0600][183.616s] GC(16) Pause Young (Normal) (G1 Evacuation Pause)
[2021-04-15T14:46:51.331+0600][183.616s] GC(16) Using 4 workers of 4 for evacuation
[2021-04-15T14:46:51.342+0600][183.628s] GC(16)   Pre Evacuate Collection Set: 0.0ms
[2021-04-15T14:46:51.342+0600][183.628s] GC(16)   Evacuate Collection Set: 10.7ms
[2021-04-15T14:46:51.342+0600][183.628s] GC(16)   Post Evacuate Collection Set: 0.5ms
[2021-04-15T14:46:51.342+0600][183.628s] GC(16)   Other: 0.3ms
[2021-04-15T14:46:51.342+0600][183.628s] GC(16) Eden regions: 287->0(279)
[2021-04-15T14:46:51.343+0600][183.628s] GC(16) Survivor regions: 20->28(39)
[2021-04-15T14:46:51.343+0600][183.628s] GC(16) Old regions: 66->66
[2021-04-15T14:46:51.343+0600][183.628s] GC(16) Humongous regions: 9->9
[2021-04-15T14:46:51.343+0600][183.628s] GC(16) Metaspace: 70288K->70288K(1114112K)
[2021-04-15T14:46:51.343+0600][183.628s] GC(16) Pause Young (Normal) (G1 Evacuation Pause) 382M->102M(512M) 11.880ms
[2021-04-15T14:46:51.343+0600][183.628s] GC(16) User=0.05s Sys=0.00s Real=0.01s
[2021-04-15T14:46:54.703+0600][186.989s] GC(17) Pause Young (Normal) (G1 Evacuation Pause)
[2021-04-15T14:46:54.703+0600][186.989s] GC(17) Using 4 workers of 4 for evacuation
[2021-04-15T14:46:54.718+0600][187.004s] GC(17)   Pre Evacuate Collection Set: 0.0ms
[2021-04-15T14:46:54.718+0600][187.004s] GC(17)   Evacuate Collection Set: 14.0ms
[2021-04-15T14:46:54.718+0600][187.004s] GC(17)   Post Evacuate Collection Set: 0.6ms
[2021-04-15T14:46:54.718+0600][187.004s] GC(17)   Other: 0.4ms
[2021-04-15T14:46:54.719+0600][187.004s] GC(17) Eden regions: 279->0(282)
[2021-04-15T14:46:54.719+0600][187.004s] GC(17) Survivor regions: 28->25(39)
[2021-04-15T14:46:54.719+0600][187.004s] GC(17) Old regions: 66->74
[2021-04-15T14:46:54.719+0600][187.004s] GC(17) Humongous regions: 9->9
[2021-04-15T14:46:54.719+0600][187.004s] GC(17) Metaspace: 71342K->71342K(1114112K)
[2021-04-15T14:46:54.719+0600][187.004s] GC(17) Pause Young (Normal) (G1 Evacuation Pause) 381M->107M(512M) 15.215ms
[2021-04-15T14:46:54.719+0600][187.004s] GC(17) User=0.05s Sys=0.01s Real=0.01s
[2021-04-15T16:43:33.666+0600][6746.785s] GC(18) Pause Young (Normal) (G1 Evacuation Pause)
[2021-04-15T16:43:33.667+0600][6746.787s] GC(18) Using 4 workers of 4 for evacuation
[2021-04-15T16:43:33.746+0600][6746.865s] GC(18)   Pre Evacuate Collection Set: 0.4ms
[2021-04-15T16:43:33.746+0600][6746.866s] GC(18)   Evacuate Collection Set: 76.3ms
[2021-04-15T16:43:33.746+0600][6746.866s] GC(18)   Post Evacuate Collection Set: 1.0ms
[2021-04-15T16:43:33.746+0600][6746.866s] GC(18)   Other: 2.7ms
[2021-04-15T16:43:33.746+0600][6746.866s] GC(18) Eden regions: 282->0(290)
[2021-04-15T16:43:33.746+0600][6746.866s] GC(18) Survivor regions: 25->17(39)
[2021-04-15T16:43:33.746+0600][6746.866s] GC(18) Old regions: 74->81
[2021-04-15T16:43:33.746+0600][6746.866s] GC(18) Humongous regions: 9->9
[2021-04-15T16:43:33.746+0600][6746.866s] GC(18) Metaspace: 73554K->73554K(1116160K)
[2021-04-15T16:43:33.746+0600][6746.866s] GC(18) Pause Young (Normal) (G1 Evacuation Pause) 389M->106M(512M) 80.473ms
[2021-04-15T16:43:33.746+0600][6746.866s] GC(18) User=0.05s Sys=0.19s Real=0.08s
[2021-04-15T18:03:17.910+0600][11530.832s] GC(19) Pause Young (Concurrent Start) (Metadata GC Threshold)
[2021-04-15T18:03:17.910+0600][11530.833s] GC(19) Using 4 workers of 4 for evacuation
[2021-04-15T18:03:18.037+0600][11530.960s] GC(19)   Pre Evacuate Collection Set: 5.1ms
[2021-04-15T18:03:18.038+0600][11530.960s] GC(19)   Evacuate Collection Set: 116.9ms
[2021-04-15T18:03:18.038+0600][11530.960s] GC(19)   Post Evacuate Collection Set: 3.0ms
[2021-04-15T18:03:18.038+0600][11530.960s] GC(19)   Other: 3.0ms
[2021-04-15T18:03:18.038+0600][11530.960s] GC(19) Eden regions: 143->0(290)
[2021-04-15T18:03:18.038+0600][11530.960s] GC(19) Survivor regions: 17->17(39)
[2021-04-15T18:03:18.038+0600][11530.960s] GC(19) Old regions: 81->81
[2021-04-15T18:03:18.038+0600][11530.960s] GC(19) Humongous regions: 9->9
[2021-04-15T18:03:18.038+0600][11530.960s] GC(19) Metaspace: 74636K->74636K(1118208K)
[2021-04-15T18:03:18.038+0600][11530.961s] GC(19) Pause Young (Concurrent Start) (Metadata GC Threshold) 249M->106M(512M) 128.124ms
[2021-04-15T18:03:18.038+0600][11530.961s] GC(19) User=0.06s Sys=0.12s Real=0.12s
[2021-04-15T18:03:18.038+0600][11530.961s] GC(20) Concurrent Cycle
[2021-04-15T18:03:18.038+0600][11530.961s] GC(20) Concurrent Clear Claimed Marks
[2021-04-15T18:03:18.038+0600][11530.961s] GC(20) Concurrent Clear Claimed Marks 0.171ms
[2021-04-15T18:03:18.038+0600][11530.961s] GC(20) Concurrent Scan Root Regions
[2021-04-15T18:03:18.056+0600][11530.979s] GC(20) Concurrent Scan Root Regions 18.095ms
[2021-04-15T18:03:18.056+0600][11530.979s] GC(20) Concurrent Mark (11530.979s)
[2021-04-15T18:03:18.056+0600][11530.979s] GC(20) Concurrent Mark From Roots
[2021-04-15T18:03:18.056+0600][11530.979s] GC(20) Using 1 workers of 1 for marking
[2021-04-15T18:03:18.214+0600][11531.137s] GC(20) Concurrent Mark From Roots 157.529ms
[2021-04-15T18:03:18.214+0600][11531.137s] GC(20) Concurrent Preclean
[2021-04-15T18:03:18.214+0600][11531.137s] GC(20) Concurrent Preclean 0.488ms
[2021-04-15T18:03:18.214+0600][11531.137s] GC(20) Concurrent Mark (11530.979s, 11531.137s) 158.204ms
[2021-04-15T18:03:18.215+0600][11531.137s] GC(20) Pause Remark
[2021-04-15T18:03:18.309+0600][11531.232s] GC(20) Cleaned string and symbol table, strings: 34880 processed, 1429 removed, symbols: 195215 processed, 640 removed
[2021-04-15T18:03:18.315+0600][11531.238s] GC(20) Pause Remark 106M->104M(512M) 100.622ms
[2021-04-15T18:03:18.315+0600][11531.238s] GC(20) User=0.09s Sys=0.17s Real=0.10s
[2021-04-15T18:03:18.316+0600][11531.238s] GC(20) Concurrent Rebuild Remembered Sets
[2021-04-15T18:03:18.421+0600][11531.344s] GC(20) Concurrent Rebuild Remembered Sets 105.747ms
[2021-04-15T18:03:18.422+0600][11531.344s] GC(20) Pause Cleanup
[2021-04-15T18:03:18.422+0600][11531.345s] GC(20) Pause Cleanup 104M->104M(512M) 0.312ms
[2021-04-15T18:03:18.422+0600][11531.345s] GC(20) User=0.00s Sys=0.00s Real=0.00s
[2021-04-15T18:03:18.422+0600][11531.345s] GC(20) Concurrent Cleanup for Next Mark
[2021-04-15T18:03:18.431+0600][11531.354s] GC(20) Concurrent Cleanup for Next Mark 9.486ms
[2021-04-15T18:03:18.432+0600][11531.354s] GC(20) Concurrent Cycle 393.676ms
[2021-04-15T18:12:12.394+0600][12065.290s] Heap
[2021-04-15T18:12:12.399+0600][12065.296s]  garbage-first heap   total 524288K, used 143926K [0x00000007e0000000, 0x0000000800000000)
[2021-04-15T18:12:12.399+0600][12065.296s]   region size 1024K, 54 young (55296K), 17 survivors (17408K)
[2021-04-15T18:12:12.399+0600][12065.296s]  Metaspace       used 74175K, capacity 75649K, committed 77080K, reserved 1118208K
[2021-04-15T18:12:12.399+0600][12065.296s]   class space    used 7960K, capacity 8528K, committed 8984K, reserved 1048576K
