Java HotSpot(TM) 64-Bit Server VM (25.241-b07) for windows-amd64 JRE (1.8.0_241-b07), built on Dec 11 2019 10:21:40 by "rejava" with MS VC++ 10.0 (VS2010)
Memory: 4k page, physical 8109396k(508136k free), swap 23221836k(6922604k free)
CommandLine flags: -XX:+AlwaysPreTouch -XX:+ExplicitGCInvokesConcurrent -XX:GCLogFileSize=20971520 -XX:InitialHeapSize=536870912 -XX:MaxGCPauseMillis=250 -XX:MaxHeapSize=536870912 -XX:NumberOfGCLogFiles=9 -XX:-OmitStackTraceInFastThrow -XX:+ParallelRefProcEnabled -XX:+PerfDisableSharedMem -XX:+PrintGC -XX:+PrintGCApplicationStoppedTime -XX:+PrintGCDateStamps -XX:+PrintGCDetails -XX:+PrintGCTimeStamps -XX:+PrintHeapAtGC -XX:+PrintTenuringDistribution -XX:ThreadStackSize=256 -XX:+UseCompressedClassPointers -XX:+UseCompressedOops -XX:+UseG1GC -XX:+UseGCLogFileRotation -XX:-UseLargePages -XX:-UseLargePagesIndividualAllocation 
2021-04-20T14:44:18.474-0700: 1.834: Total time for which application threads were stopped: 0.0051338 seconds, Stopping threads took: 0.0020232 seconds
2021-04-20T14:44:19.478-0700: 2.838: Total time for which application threads were stopped: 0.0006665 seconds, Stopping threads took: 0.0002001 seconds
2021-04-20T14:44:19.546-0700: 2.905: Total time for which application threads were stopped: 0.0021156 seconds, Stopping threads took: 0.0000574 seconds
2021-04-20T14:44:20.555-0700: 3.915: Total time for which application threads were stopped: 0.0024644 seconds, Stopping threads took: 0.0022710 seconds
2021-04-20T14:44:20.860-0700: 4.219: Total time for which application threads were stopped: 0.0011967 seconds, Stopping threads took: 0.0000565 seconds
2021-04-20T14:44:21.391-0700: 4.750: Total time for which application threads were stopped: 0.0002415 seconds, Stopping threads took: 0.0000325 seconds
2021-04-20T14:44:21.593-0700: 4.952: Total time for which application threads were stopped: 0.0002884 seconds, Stopping threads took: 0.0000572 seconds
{Heap before GC invocations=0 (full 0):
 garbage-first heap   total 524288K, used 30720K [0x00000000e0000000, 0x00000000e0101000, 0x0000000100000000)
  region size 1024K, 30 young (30720K), 0 survivors (0K)
 Metaspace       used 9989K, capacity 10256K, committed 10368K, reserved 1058816K
  class space    used 1256K, capacity 1360K, committed 1408K, reserved 1048576K
2021-04-20T14:44:21.960-0700: 5.319: [GC pause (G1 Evacuation Pause) (young)
Desired survivor size 2097152 bytes, new threshold 15 (max 15)
, 0.0390749 secs]
   [Parallel Time: 7.9 ms, GC Workers: 10]
      [GC Worker Start (ms): Min: 5330.6, Avg: 5331.2, Max: 5331.9, Diff: 1.3]
      [Ext Root Scanning (ms): Min: 0.0, Avg: 0.7, Max: 2.5, Diff: 2.5, Sum: 7.0]
      [Update RS (ms): Min: 0.0, Avg: 0.0, Max: 0.0, Diff: 0.0, Sum: 0.0]
         [Processed Buffers: Min: 0, Avg: 0.0, Max: 0, Diff: 0, Sum: 0]
      [Scan RS (ms): Min: 0.0, Avg: 0.0, Max: 0.0, Diff: 0.0, Sum: 0.1]
      [Code Root Scanning (ms): Min: 0.0, Avg: 0.1, Max: 0.7, Diff: 0.7, Sum: 1.1]
      [Object Copy (ms): Min: 2.5, Avg: 3.7, Max: 4.6, Diff: 2.1, Sum: 36.6]
      [Termination (ms): Min: 0.0, Avg: 0.0, Max: 0.0, Diff: 0.0, Sum: 0.3]
         [Termination Attempts: Min: 1, Avg: 58.3, Max: 78, Diff: 77, Sum: 583]
      [GC Worker Other (ms): Min: 0.1, Avg: 0.5, Max: 1.4, Diff: 1.3, Sum: 5.4]
      [GC Worker Total (ms): Min: 4.4, Avg: 5.1, Max: 5.7, Diff: 1.3, Sum: 50.5]
      [GC Worker End (ms): Min: 5336.3, Avg: 5336.3, Max: 5336.3, Diff: 0.0]
   [Code Root Fixup: 0.0 ms]
   [Code Root Purge: 0.0 ms]
   [Clear CT: 1.3 ms]
   [Other: 29.8 ms]
      [Choose CSet: 0.0 ms]
      [Ref Proc: 16.2 ms]
      [Ref Enq: 1.5 ms]
      [Redirty Cards: 1.2 ms]
      [Humongous Register: 2.6 ms]
      [Humongous Reclaim: 0.0 ms]
      [Free CSet: 0.5 ms]
   [Eden: 30.0M(30.0M)->0.0B(46.0M) Survivors: 0.0B->4096.0K Heap: 30.0M(512.0M)->5551.5K(512.0M)]
Heap after GC invocations=1 (full 0):
 garbage-first heap   total 524288K, used 5551K [0x00000000e0000000, 0x00000000e0101000, 0x0000000100000000)
  region size 1024K, 4 young (4096K), 4 survivors (4096K)
 Metaspace       used 9989K, capacity 10256K, committed 10368K, reserved 1058816K
  class space    used 1256K, capacity 1360K, committed 1408K, reserved 1048576K
}
 [Times: user=0.00 sys=0.00, real=0.04 secs] 
2021-04-20T14:44:22.001-0700: 5.360: Total time for which application threads were stopped: 0.0408415 seconds, Stopping threads took: 0.0000324 seconds
2021-04-20T14:44:22.049-0700: 5.408: Total time for which application threads were stopped: 0.0002750 seconds, Stopping threads took: 0.0000322 seconds
2021-04-20T14:44:22.124-0700: 5.483: Total time for which application threads were stopped: 0.0002205 seconds, Stopping threads took: 0.0000506 seconds
2021-04-20T14:44:22.284-0700: 5.644: Total time for which application threads were stopped: 0.0003708 seconds, Stopping threads took: 0.0000495 seconds
2021-04-20T14:44:22.435-0700: 5.794: Total time for which application threads were stopped: 0.0006016 seconds, Stopping threads took: 0.0004643 seconds
2021-04-20T14:44:22.435-0700: 5.795: Total time for which application threads were stopped: 0.0002791 seconds, Stopping threads took: 0.0002016 seconds
2021-04-20T14:44:22.550-0700: 5.909: Total time for which application threads were stopped: 0.0001870 seconds, Stopping threads took: 0.0000516 seconds
2021-04-20T14:44:23.023-0700: 6.382: Total time for which application threads were stopped: 0.0002589 seconds, Stopping threads took: 0.0000598 seconds
2021-04-20T14:44:23.023-0700: 6.382: Total time for which application threads were stopped: 0.0003063 seconds, Stopping threads took: 0.0002087 seconds
2021-04-20T14:44:23.025-0700: 6.384: Total time for which application threads were stopped: 0.0003580 seconds, Stopping threads took: 0.0002110 seconds
2021-04-20T14:44:23.025-0700: 6.385: Total time for which application threads were stopped: 0.0003239 seconds, Stopping threads took: 0.0002173 seconds
2021-04-20T14:44:23.035-0700: 6.394: Total time for which application threads were stopped: 0.0004836 seconds, Stopping threads took: 0.0000613 seconds
2021-04-20T14:44:23.051-0700: 6.410: Total time for which application threads were stopped: 0.0004806 seconds, Stopping threads took: 0.0000595 seconds
2021-04-20T14:44:23.291-0700: 6.651: Total time for which application threads were stopped: 0.0005392 seconds, Stopping threads took: 0.0000671 seconds
{Heap before GC invocations=1 (full 0):
 garbage-first heap   total 524288K, used 53679K [0x00000000e0000000, 0x00000000e0101000, 0x0000000100000000)
  region size 1024K, 49 young (50176K), 4 survivors (4096K)
 Metaspace       used 18389K, capacity 18758K, committed 19072K, reserved 1067008K
  class space    used 2300K, capacity 2404K, committed 2432K, reserved 1048576K
2021-04-20T14:44:24.020-0700: 7.380: [GC pause (G1 Evacuation Pause) (young)
Desired survivor size 3670016 bytes, new threshold 15 (max 15)
- age   1:    2480848 bytes,    2480848 total
, 0.0396544 secs]
   [Parallel Time: 21.2 ms, GC Workers: 10]
      [GC Worker Start (ms): Min: 7380.1, Avg: 7380.3, Max: 7380.5, Diff: 0.4]
      [Ext Root Scanning (ms): Min: 0.6, Avg: 1.3, Max: 2.9, Diff: 2.2, Sum: 12.8]
      [Update RS (ms): Min: 0.0, Avg: 3.1, Max: 6.3, Diff: 6.3, Sum: 31.4]
         [Processed Buffers: Min: 0, Avg: 1.4, Max: 5, Diff: 5, Sum: 14]
      [Scan RS (ms): Min: 0.0, Avg: 0.0, Max: 0.3, Diff: 0.3, Sum: 0.4]
      [Code Root Scanning (ms): Min: 0.0, Avg: 0.3, Max: 2.4, Diff: 2.4, Sum: 2.9]
      [Object Copy (ms): Min: 12.8, Avg: 15.4, Max: 17.1, Diff: 4.3, Sum: 154.2]
      [Termination (ms): Min: 0.0, Avg: 0.3, Max: 0.4, Diff: 0.3, Sum: 3.2]
         [Termination Attempts: Min: 1, Avg: 49.3, Max: 72, Diff: 71, Sum: 493]
      [GC Worker Other (ms): Min: 0.0, Avg: 0.0, Max: 0.0, Diff: 0.0, Sum: 0.2]
      [GC Worker Total (ms): Min: 20.3, Avg: 20.5, Max: 20.8, Diff: 0.4, Sum: 205.1]
      [GC Worker End (ms): Min: 7400.8, Avg: 7400.9, Max: 7400.9, Diff: 0.0]
   [Code Root Fixup: 0.1 ms]
   [Code Root Purge: 0.0 ms]
   [Clear CT: 0.7 ms]
   [Other: 17.7 ms]
      [Choose CSet: 0.0 ms]
      [Ref Proc: 15.2 ms]
      [Ref Enq: 1.0 ms]
      [Redirty Cards: 0.6 ms]
      [Humongous Register: 0.1 ms]
      [Humongous Reclaim: 0.0 ms]
      [Free CSet: 0.5 ms]
   [Eden: 45.0M(45.0M)->0.0B(300.0M) Survivors: 4096.0K->7168.0K Heap: 52.4M(512.0M)->19.0M(512.0M)]
Heap after GC invocations=2 (full 0):
 garbage-first heap   total 524288K, used 19447K [0x00000000e0000000, 0x00000000e0101000, 0x0000000100000000)
  region size 1024K, 7 young (7168K), 7 survivors (7168K)
 Metaspace       used 18389K, capacity 18758K, committed 19072K, reserved 1067008K
  class space    used 2300K, capacity 2404K, committed 2432K, reserved 1048576K
}
 [Times: user=0.33 sys=0.06, real=0.04 secs] 
2021-04-20T14:44:24.060-0700: 7.420: Total time for which application threads were stopped: 0.0402247 seconds, Stopping threads took: 0.0000847 seconds
2021-04-20T14:44:24.070-0700: 7.430: Total time for which application threads were stopped: 0.0063853 seconds, Stopping threads took: 0.0062197 seconds
2021-04-20T14:44:24.071-0700: 7.430: Total time for which application threads were stopped: 0.0002402 seconds, Stopping threads took: 0.0000513 seconds
2021-04-20T14:44:24.072-0700: 7.432: Total time for which application threads were stopped: 0.0004237 seconds, Stopping threads took: 0.0000647 seconds
2021-04-20T14:44:24.072-0700: 7.432: Total time for which application threads were stopped: 0.0001536 seconds, Stopping threads took: 0.0000429 seconds
2021-04-20T14:44:24.073-0700: 7.433: Total time for which application threads were stopped: 0.0005103 seconds, Stopping threads took: 0.0003868 seconds
2021-04-20T14:44:24.073-0700: 7.433: Total time for which application threads were stopped: 0.0001619 seconds, Stopping threads took: 0.0000471 seconds
2021-04-20T14:44:24.074-0700: 7.433: Total time for which application threads were stopped: 0.0001636 seconds, Stopping threads took: 0.0000542 seconds
2021-04-20T14:44:24.074-0700: 7.434: Total time for which application threads were stopped: 0.0002475 seconds, Stopping threads took: 0.0000973 seconds
2021-04-20T14:44:24.075-0700: 7.434: Total time for which application threads were stopped: 0.0002575 seconds, Stopping threads took: 0.0001345 seconds
2021-04-20T14:44:25.079-0700: 8.439: Total time for which application threads were stopped: 0.0012257 seconds, Stopping threads took: 0.0000745 seconds
2021-04-20T14:44:25.111-0700: 8.471: Total time for which application threads were stopped: 0.0001161 seconds, Stopping threads took: 0.0000272 seconds
{Heap before GC invocations=2 (full 0):
 garbage-first heap   total 524288K, used 54263K [0x00000000e0000000, 0x00000000e0101000, 0x0000000100000000)
  region size 1024K, 41 young (41984K), 7 survivors (7168K)
 Metaspace       used 18732K, capacity 19128K, committed 19456K, reserved 1067008K
  class space    used 2329K, capacity 2441K, committed 2560K, reserved 1048576K
2021-04-20T14:44:25.112-0700: 8.472: [GC pause (G1 Evacuation Pause) (young)
Desired survivor size 3145728 bytes, new threshold 1 (max 15)
- age   1:    6168472 bytes,    6168472 total
- age   2:    1131808 bytes,    7300280 total
, 0.0163484 secs]
   [Parallel Time: 10.2 ms, GC Workers: 10]
      [GC Worker Start (ms): Min: 8471.9, Avg: 8472.1, Max: 8472.2, Diff: 0.3]
      [Ext Root Scanning (ms): Min: 1.5, Avg: 1.7, Max: 2.5, Diff: 1.0, Sum: 16.9]
      [Update RS (ms): Min: 0.1, Avg: 0.6, Max: 0.8, Diff: 0.7, Sum: 5.6]
         [Processed Buffers: Min: 1, Avg: 1.9, Max: 4, Diff: 3, Sum: 19]
      [Scan RS (ms): Min: 0.6, Avg: 0.9, Max: 1.1, Diff: 0.5, Sum: 9.1]
      [Code Root Scanning (ms): Min: 0.0, Avg: 0.4, Max: 1.2, Diff: 1.2, Sum: 3.8]
      [Object Copy (ms): Min: 5.1, Avg: 6.1, Max: 6.5, Diff: 1.5, Sum: 61.1]
      [Termination (ms): Min: 0.0, Avg: 0.1, Max: 0.1, Diff: 0.1, Sum: 0.7]
         [Termination Attempts: Min: 2, Avg: 45.6, Max: 57, Diff: 55, Sum: 456]
      [GC Worker Other (ms): Min: 0.0, Avg: 0.0, Max: 0.0, Diff: 0.0, Sum: 0.2]
      [GC Worker Total (ms): Min: 9.6, Avg: 9.7, Max: 9.9, Diff: 0.3, Sum: 97.5]
      [GC Worker End (ms): Min: 8481.8, Avg: 8481.8, Max: 8481.8, Diff: 0.0]
   [Code Root Fixup: 0.1 ms]
   [Code Root Purge: 0.0 ms]
   [Clear CT: 0.4 ms]
   [Other: 5.7 ms]
      [Choose CSet: 0.0 ms]
      [Ref Proc: 4.5 ms]
      [Ref Enq: 0.3 ms]
      [Redirty Cards: 0.3 ms]
      [Humongous Register: 0.2 ms]
      [Humongous Reclaim: 0.0 ms]
      [Free CSet: 0.2 ms]
   [Eden: 34.0M(34.0M)->0.0B(301.0M) Survivors: 7168.0K->6144.0K Heap: 53.0M(512.0M)->32.0M(512.0M)]
Heap after GC invocations=3 (full 0):
 garbage-first heap   total 524288K, used 32724K [0x00000000e0000000, 0x00000000e0101000, 0x0000000100000000)
  region size 1024K, 6 young (6144K), 6 survivors (6144K)
 Metaspace       used 18732K, capacity 19128K, committed 19456K, reserved 1067008K
  class space    used 2329K, capacity 2441K, committed 2560K, reserved 1048576K
}
 [Times: user=0.13 sys=0.01, real=0.02 secs] 
2021-04-20T14:44:25.129-0700: 8.488: Total time for which application threads were stopped: 0.0167511 seconds, Stopping threads took: 0.0000750 seconds
2021-04-20T14:44:25.136-0700: 8.495: Total time for which application threads were stopped: 0.0054447 seconds, Stopping threads took: 0.0052937 seconds
2021-04-20T14:44:25.136-0700: 8.495: Total time for which application threads were stopped: 0.0002274 seconds, Stopping threads took: 0.0001561 seconds
2021-04-20T14:44:25.136-0700: 8.496: Total time for which application threads were stopped: 0.0001115 seconds, Stopping threads took: 0.0000298 seconds
2021-04-20T14:44:25.136-0700: 8.496: Total time for which application threads were stopped: 0.0002019 seconds, Stopping threads took: 0.0001367 seconds
2021-04-20T14:44:25.137-0700: 8.496: Total time for which application threads were stopped: 0.0001685 seconds, Stopping threads took: 0.0000928 seconds
2021-04-20T14:44:25.137-0700: 8.496: Total time for which application threads were stopped: 0.0001427 seconds, Stopping threads took: 0.0000879 seconds
2021-04-20T14:44:25.137-0700: 8.497: Total time for which application threads were stopped: 0.0001106 seconds, Stopping threads took: 0.0000462 seconds
2021-04-20T14:44:25.137-0700: 8.497: Total time for which application threads were stopped: 0.0001131 seconds, Stopping threads took: 0.0000496 seconds
2021-04-20T14:44:25.138-0700: 8.497: Total time for which application threads were stopped: 0.0001712 seconds, Stopping threads took: 0.0001096 seconds
2021-04-20T14:44:25.138-0700: 8.497: Total time for which application threads were stopped: 0.0000704 seconds, Stopping threads took: 0.0000223 seconds
2021-04-20T14:44:25.138-0700: 8.497: Total time for which application threads were stopped: 0.0001345 seconds, Stopping threads took: 0.0000869 seconds
2021-04-20T14:44:25.138-0700: 8.498: Total time for which application threads were stopped: 0.0000998 seconds, Stopping threads took: 0.0000444 seconds
2021-04-20T14:44:25.138-0700: 8.498: Total time for which application threads were stopped: 0.0001754 seconds, Stopping threads took: 0.0000979 seconds
2021-04-20T14:44:25.139-0700: 8.498: Total time for which application threads were stopped: 0.0001756 seconds, Stopping threads took: 0.0001226 seconds
2021-04-20T14:44:25.139-0700: 8.498: Total time for which application threads were stopped: 0.0002308 seconds, Stopping threads took: 0.0001232 seconds
2021-04-20T14:44:25.139-0700: 8.499: Total time for which application threads were stopped: 0.0001039 seconds, Stopping threads took: 0.0000511 seconds
2021-04-20T14:44:25.139-0700: 8.499: Total time for which application threads were stopped: 0.0000701 seconds, Stopping threads took: 0.0000199 seconds
2021-04-20T14:44:25.140-0700: 8.499: Total time for which application threads were stopped: 0.0000834 seconds, Stopping threads took: 0.0000184 seconds
2021-04-20T14:44:25.140-0700: 8.499: Total time for which application threads were stopped: 0.0002247 seconds, Stopping threads took: 0.0001683 seconds
2021-04-20T14:44:25.140-0700: 8.500: Total time for which application threads were stopped: 0.0001864 seconds, Stopping threads took: 0.0001361 seconds
2021-04-20T14:44:25.140-0700: 8.500: Total time for which application threads were stopped: 0.0001032 seconds, Stopping threads took: 0.0000488 seconds
2021-04-20T14:44:25.140-0700: 8.500: Total time for which application threads were stopped: 0.0001041 seconds, Stopping threads took: 0.0000522 seconds
2021-04-20T14:44:25.319-0700: 8.679: Total time for which application threads were stopped: 0.0001474 seconds, Stopping threads took: 0.0000416 seconds
{Heap before GC invocations=3 (full 0):
 garbage-first heap   total 524288K, used 50132K [0x00000000e0000000, 0x00000000e0101000, 0x0000000100000000)
  region size 1024K, 24 young (24576K), 6 survivors (6144K)
 Metaspace       used 20594K, capacity 21056K, committed 21248K, reserved 1067008K
  class space    used 2563K, capacity 2693K, committed 2816K, reserved 1048576K
2021-04-20T14:44:25.465-0700: 8.824: [GC pause (Metadata GC Threshold) (young) (initial-mark)
Desired survivor size 20447232 bytes, new threshold 15 (max 15)
- age   1:    1195904 bytes,    1195904 total
, 0.0304680 secs]
   [Parallel Time: 9.9 ms, GC Workers: 10]
      [GC Worker Start (ms): Min: 8825.4, Avg: 8825.7, Max: 8826.0, Diff: 0.6]
      [Ext Root Scanning (ms): Min: 2.0, Avg: 2.3, Max: 2.7, Diff: 0.7, Sum: 23.0]
      [Update RS (ms): Min: 2.8, Avg: 3.4, Max: 4.2, Diff: 1.4, Sum: 34.0]
         [Processed Buffers: Min: 1, Avg: 4.0, Max: 11, Diff: 10, Sum: 40]
      [Scan RS (ms): Min: 0.0, Avg: 0.0, Max: 0.1, Diff: 0.1, Sum: 0.2]
      [Code Root Scanning (ms): Min: 0.0, Avg: 0.1, Max: 0.2, Diff: 0.2, Sum: 0.5]
      [Object Copy (ms): Min: 1.4, Avg: 2.1, Max: 2.4, Diff: 1.0, Sum: 20.6]
      [Termination (ms): Min: 0.0, Avg: 0.0, Max: 0.0, Diff: 0.0, Sum: 0.3]
         [Termination Attempts: Min: 1, Avg: 39.8, Max: 51, Diff: 50, Sum: 398]
      [GC Worker Other (ms): Min: 0.0, Avg: 0.1, Max: 0.1, Diff: 0.1, Sum: 0.5]
      [GC Worker Total (ms): Min: 7.6, Avg: 7.9, Max: 8.3, Diff: 0.6, Sum: 79.1]
      [GC Worker End (ms): Min: 8833.6, Avg: 8833.6, Max: 8833.7, Diff: 0.0]
   [Code Root Fixup: 0.0 ms]
   [Code Root Purge: 0.0 ms]
   [Clear CT: 1.1 ms]
   [Other: 19.5 ms]
      [Choose CSet: 0.0 ms]
      [Ref Proc: 16.7 ms]
      [Ref Enq: 0.8 ms]
      [Redirty Cards: 0.7 ms]
      [Humongous Register: 0.0 ms]
      [Humongous Reclaim: 0.0 ms]
      [Free CSet: 0.2 ms]
   [Eden: 18.0M(301.0M)->0.0B(302.0M) Survivors: 6144.0K->5120.0K Heap: 50.0M(512.0M)->30.5M(512.0M)]
Heap after GC invocations=4 (full 0):
 garbage-first heap   total 524288K, used 31265K [0x00000000e0000000, 0x00000000e0101000, 0x0000000100000000)
  region size 1024K, 5 young (5120K), 5 survivors (5120K)
 Metaspace       used 20594K, capacity 21056K, committed 21248K, reserved 1067008K
  class space    used 2563K, capacity 2693K, committed 2816K, reserved 1048576K
}
 [Times: user=0.00 sys=0.03, real=0.03 secs] 
2021-04-20T14:44:25.496-0700: 8.855: [GC concurrent-root-region-scan-start]
2021-04-20T14:44:25.496-0700: 8.856: Total time for which application threads were stopped: 0.0316069 seconds, Stopping threads took: 0.0000560 seconds
2021-04-20T14:44:25.497-0700: 8.856: Total time for which application threads were stopped: 0.0002828 seconds, Stopping threads took: 0.0001175 seconds
2021-04-20T14:44:25.497-0700: 8.857: Total time for which application threads were stopped: 0.0003574 seconds, Stopping threads took: 0.0002003 seconds
2021-04-20T14:44:25.498-0700: 8.857: Total time for which application threads were stopped: 0.0003103 seconds, Stopping threads took: 0.0001460 seconds
2021-04-20T14:44:25.499-0700: 8.858: Total time for which application threads were stopped: 0.0004110 seconds, Stopping threads took: 0.0002579 seconds
2021-04-20T14:44:25.499-0700: 8.859: Total time for which application threads were stopped: 0.0002995 seconds, Stopping threads took: 0.0001560 seconds
2021-04-20T14:44:25.500-0700: 8.859: Total time for which application threads were stopped: 0.0003196 seconds, Stopping threads took: 0.0001589 seconds
2021-04-20T14:44:25.500-0700: 8.860: Total time for which application threads were stopped: 0.0002990 seconds, Stopping threads took: 0.0001679 seconds
2021-04-20T14:44:25.500-0700: 8.860: [GC concurrent-root-region-scan-end, 0.0044743 secs]
2021-04-20T14:44:25.500-0700: 8.860: [GC concurrent-mark-start]
2021-04-20T14:44:25.501-0700: 8.860: Total time for which application threads were stopped: 0.0003502 seconds, Stopping threads took: 0.0002008 seconds
2021-04-20T14:44:25.501-0700: 8.861: Total time for which application threads were stopped: 0.0001796 seconds, Stopping threads took: 0.0000407 seconds
2021-04-20T14:44:25.503-0700: 8.862: Total time for which application threads were stopped: 0.0008556 seconds, Stopping threads took: 0.0006918 seconds
2021-04-20T14:44:25.503-0700: 8.863: Total time for which application threads were stopped: 0.0003128 seconds, Stopping threads took: 0.0001742 seconds
2021-04-20T14:44:25.504-0700: 8.863: Total time for which application threads were stopped: 0.0001878 seconds, Stopping threads took: 0.0000571 seconds
2021-04-20T14:44:25.505-0700: 8.864: Total time for which application threads were stopped: 0.0001764 seconds, Stopping threads took: 0.0000408 seconds
2021-04-20T14:44:25.506-0700: 8.865: Total time for which application threads were stopped: 0.0001917 seconds, Stopping threads took: 0.0000574 seconds
2021-04-20T14:44:25.506-0700: 8.866: Total time for which application threads were stopped: 0.0003034 seconds, Stopping threads took: 0.0001595 seconds
2021-04-20T14:44:25.555-0700: 8.914: Total time for which application threads were stopped: 0.0006126 seconds, Stopping threads took: 0.0000616 seconds
2021-04-20T14:44:25.579-0700: 8.938: [GC concurrent-mark-end, 0.0781644 secs]
2021-04-20T14:44:25.579-0700: 8.938: [GC remark 2021-04-20T14:44:25.579-0700: 8.939: [Finalize Marking, 0.0009851 secs] 2021-04-20T14:44:25.580-0700: 8.940: [GC ref-proc, 0.0132931 secs] 2021-04-20T14:44:25.593-0700: 8.953: [Unloading, 0.0313098 secs], 0.0473888 secs]
 [Times: user=0.02 sys=0.06, real=0.05 secs] 
2021-04-20T14:44:25.626-0700: 8.986: Total time for which application threads were stopped: 0.0476831 seconds, Stopping threads took: 0.0000646 seconds
2021-04-20T14:44:25.629-0700: 8.988: [GC cleanup 34M->26M(512M), 0.0057635 secs]
 [Times: user=0.00 sys=0.00, real=0.01 secs] 
2021-04-20T14:44:25.634-0700: 8.994: Total time for which application threads were stopped: 0.0075307 seconds, Stopping threads took: 0.0015824 seconds
2021-04-20T14:44:25.635-0700: 8.994: [GC concurrent-cleanup-start]
2021-04-20T14:44:25.635-0700: 8.994: [GC concurrent-cleanup-end, 0.0000378 secs]
2021-04-20T14:44:25.638-0700: 8.997: Total time for which application threads were stopped: 0.0003443 seconds, Stopping threads took: 0.0001622 seconds
2021-04-20T14:44:25.639-0700: 8.998: Total time for which application threads were stopped: 0.0001959 seconds, Stopping threads took: 0.0000528 seconds
2021-04-20T14:44:26.653-0700: 10.012: Total time for which application threads were stopped: 0.0002182 seconds, Stopping threads took: 0.0001421 seconds
2021-04-20T14:44:26.774-0700: 10.133: Total time for which application threads were stopped: 0.0003569 seconds, Stopping threads took: 0.0000290 seconds
2021-04-20T14:44:26.781-0700: 10.141: Total time for which application threads were stopped: 0.0004734 seconds, Stopping threads took: 0.0000477 seconds
2021-04-20T14:44:26.783-0700: 10.142: Total time for which application threads were stopped: 0.0004266 seconds, Stopping threads took: 0.0000356 seconds
2021-04-20T14:44:26.824-0700: 10.184: Total time for which application threads were stopped: 0.0004180 seconds, Stopping threads took: 0.0000238 seconds
2021-04-20T14:44:26.845-0700: 10.204: Total time for which application threads were stopped: 0.0000979 seconds, Stopping threads took: 0.0000287 seconds
2021-04-20T14:44:26.845-0700: 10.205: Total time for which application threads were stopped: 0.0000850 seconds, Stopping threads took: 0.0000254 seconds
2021-04-20T14:44:26.884-0700: 10.243: Total time for which application threads were stopped: 0.0003715 seconds, Stopping threads took: 0.0000303 seconds
2021-04-20T14:44:26.965-0700: 10.324: Total time for which application threads were stopped: 0.0001178 seconds, Stopping threads took: 0.0000280 seconds
2021-04-20T14:44:26.965-0700: 10.325: Total time for which application threads were stopped: 0.0000898 seconds, Stopping threads took: 0.0000216 seconds
2021-04-20T14:44:26.966-0700: 10.325: Total time for which application threads were stopped: 0.0001835 seconds, Stopping threads took: 0.0001150 seconds
2021-04-20T14:44:26.966-0700: 10.325: Total time for which application threads were stopped: 0.0001573 seconds, Stopping threads took: 0.0000917 seconds
2021-04-20T14:44:26.966-0700: 10.325: Total time for which application threads were stopped: 0.0000820 seconds, Stopping threads took: 0.0000216 seconds
2021-04-20T14:44:26.966-0700: 10.326: Total time for which application threads were stopped: 0.0000970 seconds, Stopping threads took: 0.0000217 seconds
2021-04-20T14:44:26.966-0700: 10.326: Total time for which application threads were stopped: 0.0001002 seconds, Stopping threads took: 0.0000413 seconds
2021-04-20T14:44:26.967-0700: 10.326: Total time for which application threads were stopped: 0.0000866 seconds, Stopping threads took: 0.0000350 seconds
2021-04-20T14:44:26.967-0700: 10.326: Total time for which application threads were stopped: 0.0000731 seconds, Stopping threads took: 0.0000189 seconds
2021-04-20T14:44:26.967-0700: 10.326: Total time for which application threads were stopped: 0.0000750 seconds, Stopping threads took: 0.0000183 seconds
2021-04-20T14:44:26.967-0700: 10.327: Total time for which application threads were stopped: 0.0000745 seconds, Stopping threads took: 0.0000180 seconds
2021-04-20T14:44:26.967-0700: 10.327: Total time for which application threads were stopped: 0.0000744 seconds, Stopping threads took: 0.0000182 seconds
2021-04-20T14:44:26.967-0700: 10.327: Total time for which application threads were stopped: 0.0000745 seconds, Stopping threads took: 0.0000182 seconds
2021-04-20T14:44:26.968-0700: 10.327: Total time for which application threads were stopped: 0.0000741 seconds, Stopping threads took: 0.0000208 seconds
2021-04-20T14:44:26.968-0700: 10.327: Total time for which application threads were stopped: 0.0000840 seconds, Stopping threads took: 0.0000337 seconds
2021-04-20T14:44:26.968-0700: 10.327: Total time for which application threads were stopped: 0.0000698 seconds, Stopping threads took: 0.0000184 seconds
2021-04-20T14:44:26.968-0700: 10.327: Total time for which application threads were stopped: 0.0000717 seconds, Stopping threads took: 0.0000182 seconds
2021-04-20T14:44:26.968-0700: 10.328: Total time for which application threads were stopped: 0.0000702 seconds, Stopping threads took: 0.0000183 seconds
2021-04-20T14:44:26.968-0700: 10.328: Total time for which application threads were stopped: 0.0001467 seconds, Stopping threads took: 0.0000857 seconds
2021-04-20T14:44:26.969-0700: 10.328: Total time for which application threads were stopped: 0.0000751 seconds, Stopping threads took: 0.0000197 seconds
2021-04-20T14:44:26.969-0700: 10.328: Total time for which application threads were stopped: 0.0002648 seconds, Stopping threads took: 0.0001362 seconds
2021-04-20T14:44:26.969-0700: 10.329: Total time for which application threads were stopped: 0.0001880 seconds, Stopping threads took: 0.0001012 seconds
2021-04-20T14:44:26.970-0700: 10.329: Total time for which application threads were stopped: 0.0000804 seconds, Stopping threads took: 0.0000214 seconds
2021-04-20T14:44:26.970-0700: 10.329: Total time for which application threads were stopped: 0.0000801 seconds, Stopping threads took: 0.0000209 seconds
2021-04-20T14:44:26.970-0700: 10.329: Total time for which application threads were stopped: 0.0000721 seconds, Stopping threads took: 0.0000185 seconds
2021-04-20T14:44:26.970-0700: 10.330: Total time for which application threads were stopped: 0.0001457 seconds, Stopping threads took: 0.0000869 seconds
2021-04-20T14:44:26.970-0700: 10.330: Total time for which application threads were stopped: 0.0000666 seconds, Stopping threads took: 0.0000137 seconds
2021-04-20T14:44:26.971-0700: 10.330: Total time for which application threads were stopped: 0.0000771 seconds, Stopping threads took: 0.0000217 seconds
2021-04-20T14:44:26.971-0700: 10.330: Total time for which application threads were stopped: 0.0001523 seconds, Stopping threads took: 0.0000917 seconds
2021-04-20T14:44:26.972-0700: 10.331: Total time for which application threads were stopped: 0.0001117 seconds, Stopping threads took: 0.0000383 seconds
2021-04-20T14:44:26.972-0700: 10.332: Total time for which application threads were stopped: 0.0000732 seconds, Stopping threads took: 0.0000187 seconds
2021-04-20T14:44:26.973-0700: 10.332: Total time for which application threads were stopped: 0.0000831 seconds, Stopping threads took: 0.0000239 seconds
2021-04-20T14:44:26.973-0700: 10.333: Total time for which application threads were stopped: 0.0000610 seconds, Stopping threads took: 0.0000218 seconds
2021-04-20T14:44:26.973-0700: 10.333: Total time for which application threads were stopped: 0.0000599 seconds, Stopping threads took: 0.0000215 seconds
2021-04-20T14:44:26.973-0700: 10.333: Total time for which application threads were stopped: 0.0000562 seconds, Stopping threads took: 0.0000200 seconds
2021-04-20T14:44:26.974-0700: 10.333: Total time for which application threads were stopped: 0.0000553 seconds, Stopping threads took: 0.0000190 seconds
2021-04-20T14:44:26.974-0700: 10.333: Total time for which application threads were stopped: 0.0000550 seconds, Stopping threads took: 0.0000191 seconds
2021-04-20T14:44:26.974-0700: 10.333: Total time for which application threads were stopped: 0.0000558 seconds, Stopping threads took: 0.0000189 seconds
2021-04-20T14:44:26.974-0700: 10.334: Total time for which application threads were stopped: 0.0002020 seconds, Stopping threads took: 0.0001638 seconds
2021-04-20T14:44:26.974-0700: 10.334: Total time for which application threads were stopped: 0.0000516 seconds, Stopping threads took: 0.0000184 seconds
2021-04-20T14:44:26.974-0700: 10.334: Total time for which application threads were stopped: 0.0000882 seconds, Stopping threads took: 0.0000470 seconds
2021-04-20T14:44:26.975-0700: 10.334: Total time for which application threads were stopped: 0.0000790 seconds, Stopping threads took: 0.0000379 seconds
2021-04-20T14:44:26.975-0700: 10.334: Total time for which application threads were stopped: 0.0000537 seconds, Stopping threads took: 0.0000192 seconds
2021-04-20T14:44:26.975-0700: 10.334: Total time for which application threads were stopped: 0.0000874 seconds, Stopping threads took: 0.0000456 seconds
2021-04-20T14:44:26.975-0700: 10.335: Total time for which application threads were stopped: 0.0000718 seconds, Stopping threads took: 0.0000216 seconds
2021-04-20T14:44:26.975-0700: 10.335: Total time for which application threads were stopped: 0.0001242 seconds, Stopping threads took: 0.0000832 seconds
2021-04-20T14:44:26.976-0700: 10.335: Total time for which application threads were stopped: 0.0000551 seconds, Stopping threads took: 0.0000193 seconds
2021-04-20T14:44:26.976-0700: 10.335: Total time for which application threads were stopped: 0.0001658 seconds, Stopping threads took: 0.0001246 seconds
2021-04-20T14:44:26.976-0700: 10.336: Total time for which application threads were stopped: 0.0001628 seconds, Stopping threads took: 0.0001218 seconds
2021-04-20T14:44:26.976-0700: 10.336: Total time for which application threads were stopped: 0.0000610 seconds, Stopping threads took: 0.0000231 seconds
2021-04-20T14:44:26.977-0700: 10.336: Total time for which application threads were stopped: 0.0002227 seconds, Stopping threads took: 0.0000907 seconds
2021-04-20T14:44:27.024-0700: 10.384: Total time for which application threads were stopped: 0.0001617 seconds, Stopping threads took: 0.0000285 seconds
2021-04-20T14:44:27.188-0700: 10.547: Total time for which application threads were stopped: 0.0003583 seconds, Stopping threads took: 0.0000324 seconds
2021-04-20T14:44:27.266-0700: 10.625: Total time for which application threads were stopped: 0.0004067 seconds, Stopping threads took: 0.0000250 seconds
2021-04-20T14:44:27.352-0700: 10.711: Total time for which application threads were stopped: 0.0001632 seconds, Stopping threads took: 0.0000463 seconds
2021-04-20T14:44:27.357-0700: 10.716: Total time for which application threads were stopped: 0.0002291 seconds, Stopping threads took: 0.0000571 seconds
2021-04-20T14:44:27.358-0700: 10.717: Total time for which application threads were stopped: 0.0001863 seconds, Stopping threads took: 0.0000547 seconds
2021-04-20T14:44:27.444-0700: 10.803: Total time for which application threads were stopped: 0.0001937 seconds, Stopping threads took: 0.0000540 seconds
2021-04-20T14:44:27.582-0700: 10.941: Total time for which application threads were stopped: 0.0002134 seconds, Stopping threads took: 0.0001279 seconds
2021-04-20T14:44:27.582-0700: 10.941: Total time for which application threads were stopped: 0.0000738 seconds, Stopping threads took: 0.0000225 seconds
2021-04-20T14:44:27.583-0700: 10.942: Total time for which application threads were stopped: 0.0000695 seconds, Stopping threads took: 0.0000157 seconds
2021-04-20T14:44:27.583-0700: 10.942: Total time for which application threads were stopped: 0.0000673 seconds, Stopping threads took: 0.0000158 seconds
2021-04-20T14:44:27.583-0700: 10.942: Total time for which application threads were stopped: 0.0000665 seconds, Stopping threads took: 0.0000157 seconds
2021-04-20T14:44:27.584-0700: 10.943: Total time for which application threads were stopped: 0.0000831 seconds, Stopping threads took: 0.0000163 seconds
2021-04-20T14:44:27.584-0700: 10.943: Total time for which application threads were stopped: 0.0000676 seconds, Stopping threads took: 0.0000162 seconds
2021-04-20T14:44:27.586-0700: 10.946: Total time for which application threads were stopped: 0.0001015 seconds, Stopping threads took: 0.0000236 seconds
2021-04-20T14:44:27.587-0700: 10.946: Total time for which application threads were stopped: 0.0000745 seconds, Stopping threads took: 0.0000166 seconds
2021-04-20T14:44:27.588-0700: 10.947: Total time for which application threads were stopped: 0.0000820 seconds, Stopping threads took: 0.0000288 seconds
2021-04-20T14:44:27.588-0700: 10.947: Total time for which application threads were stopped: 0.0000656 seconds, Stopping threads took: 0.0000158 seconds
2021-04-20T14:44:27.589-0700: 10.948: Total time for which application threads were stopped: 0.0000902 seconds, Stopping threads took: 0.0000377 seconds
2021-04-20T14:44:27.589-0700: 10.948: Total time for which application threads were stopped: 0.0000635 seconds, Stopping threads took: 0.0000161 seconds
2021-04-20T14:44:27.593-0700: 10.953: Total time for which application threads were stopped: 0.0000730 seconds, Stopping threads took: 0.0000179 seconds
2021-04-20T14:44:27.594-0700: 10.953: Total time for which application threads were stopped: 0.0000955 seconds, Stopping threads took: 0.0000297 seconds
2021-04-20T14:44:27.595-0700: 10.954: Total time for which application threads were stopped: 0.0000643 seconds, Stopping threads took: 0.0000159 seconds
2021-04-20T14:44:27.596-0700: 10.955: Total time for which application threads were stopped: 0.0000708 seconds, Stopping threads took: 0.0000215 seconds
2021-04-20T14:44:27.597-0700: 10.956: Total time for which application threads were stopped: 0.0000747 seconds, Stopping threads took: 0.0000177 seconds
2021-04-20T14:44:27.598-0700: 10.957: Total time for which application threads were stopped: 0.0001468 seconds, Stopping threads took: 0.0000215 seconds
2021-04-20T14:44:27.600-0700: 10.959: Total time for which application threads were stopped: 0.0000685 seconds, Stopping threads took: 0.0000159 seconds
2021-04-20T14:44:27.600-0700: 10.959: Total time for which application threads were stopped: 0.0000684 seconds, Stopping threads took: 0.0000158 seconds
2021-04-20T14:44:27.601-0700: 10.961: Total time for which application threads were stopped: 0.0000785 seconds, Stopping threads took: 0.0000188 seconds
2021-04-20T14:44:27.608-0700: 10.967: Total time for which application threads were stopped: 0.0001233 seconds, Stopping threads took: 0.0000449 seconds
2021-04-20T14:44:27.611-0700: 10.971: Total time for which application threads were stopped: 0.0001061 seconds, Stopping threads took: 0.0000364 seconds
2021-04-20T14:44:27.612-0700: 10.971: Total time for which application threads were stopped: 0.0000829 seconds, Stopping threads took: 0.0000189 seconds
2021-04-20T14:44:27.612-0700: 10.971: Total time for which application threads were stopped: 0.0000666 seconds, Stopping threads took: 0.0000158 seconds
2021-04-20T14:44:27.612-0700: 10.971: Total time for which application threads were stopped: 0.0000692 seconds, Stopping threads took: 0.0000168 seconds
2021-04-20T14:44:27.634-0700: 10.993: Total time for which application threads were stopped: 0.0000923 seconds, Stopping threads took: 0.0000240 seconds
2021-04-20T14:44:27.659-0700: 11.018: Total time for which application threads were stopped: 0.0001312 seconds, Stopping threads took: 0.0000345 seconds
2021-04-20T14:44:27.659-0700: 11.019: Total time for which application threads were stopped: 0.0000894 seconds, Stopping threads took: 0.0000266 seconds
2021-04-20T14:44:27.671-0700: 11.030: Total time for which application threads were stopped: 0.0000983 seconds, Stopping threads took: 0.0000245 seconds
2021-04-20T14:44:27.671-0700: 11.030: Total time for which application threads were stopped: 0.0000788 seconds, Stopping threads took: 0.0000185 seconds
2021-04-20T14:44:27.677-0700: 11.036: Total time for which application threads were stopped: 0.0001522 seconds, Stopping threads took: 0.0000899 seconds
2021-04-20T14:44:27.677-0700: 11.036: Total time for which application threads were stopped: 0.0000810 seconds, Stopping threads took: 0.0000265 seconds
2021-04-20T14:44:27.685-0700: 11.044: Total time for which application threads were stopped: 0.0000890 seconds, Stopping threads took: 0.0000244 seconds
2021-04-20T14:44:27.703-0700: 11.062: Total time for which application threads were stopped: 0.0001468 seconds, Stopping threads took: 0.0000320 seconds
2021-04-20T14:44:27.703-0700: 11.062: Total time for which application threads were stopped: 0.0001011 seconds, Stopping threads took: 0.0000228 seconds
2021-04-20T14:44:27.703-0700: 11.062: Total time for which application threads were stopped: 0.0002743 seconds, Stopping threads took: 0.0000179 seconds
2021-04-20T14:44:27.704-0700: 11.063: Total time for which application threads were stopped: 0.0001015 seconds, Stopping threads took: 0.0000246 seconds
2021-04-20T14:44:27.708-0700: 11.067: Total time for which application threads were stopped: 0.0000764 seconds, Stopping threads took: 0.0000188 seconds
2021-04-20T14:44:27.742-0700: 11.101: Total time for which application threads were stopped: 0.0001337 seconds, Stopping threads took: 0.0000378 seconds
2021-04-20T14:44:27.767-0700: 11.127: Total time for which application threads were stopped: 0.0001419 seconds, Stopping threads took: 0.0000359 seconds
2021-04-20T14:44:27.767-0700: 11.127: Total time for which application threads were stopped: 0.0001177 seconds, Stopping threads took: 0.0000265 seconds
2021-04-20T14:44:27.769-0700: 11.128: Total time for which application threads were stopped: 0.0000956 seconds, Stopping threads took: 0.0000263 seconds
2021-04-20T14:44:27.824-0700: 11.184: Total time for which application threads were stopped: 0.0002179 seconds, Stopping threads took: 0.0000474 seconds
2021-04-20T14:44:27.825-0700: 11.185: Total time for which application threads were stopped: 0.0001860 seconds, Stopping threads took: 0.0000252 seconds
2021-04-20T14:44:27.826-0700: 11.185: Total time for which application threads were stopped: 0.0000850 seconds, Stopping threads took: 0.0000207 seconds
2021-04-20T14:44:27.826-0700: 11.186: Total time for which application threads were stopped: 0.0000838 seconds, Stopping threads took: 0.0000206 seconds
2021-04-20T14:44:27.827-0700: 11.186: Total time for which application threads were stopped: 0.0001535 seconds, Stopping threads took: 0.0000645 seconds
2021-04-20T14:44:27.828-0700: 11.187: Total time for which application threads were stopped: 0.0002626 seconds, Stopping threads took: 0.0001840 seconds
2021-04-20T14:44:27.828-0700: 11.188: Total time for which application threads were stopped: 0.0002408 seconds, Stopping threads took: 0.0001604 seconds
2021-04-20T14:44:27.828-0700: 11.188: Total time for which application threads were stopped: 0.0001286 seconds, Stopping threads took: 0.0000601 seconds
2021-04-20T14:44:27.829-0700: 11.188: Total time for which application threads were stopped: 0.0002184 seconds, Stopping threads took: 0.0001492 seconds
2021-04-20T14:44:27.841-0700: 11.200: Total time for which application threads were stopped: 0.0001153 seconds, Stopping threads took: 0.0000289 seconds
2021-04-20T14:44:27.844-0700: 11.203: Total time for which application threads were stopped: 0.0002106 seconds, Stopping threads took: 0.0000228 seconds
2021-04-20T14:44:28.105-0700: 11.464: Total time for which application threads were stopped: 0.0002846 seconds, Stopping threads took: 0.0000945 seconds
2021-04-20T14:44:28.111-0700: 11.470: Total time for which application threads were stopped: 0.0003256 seconds, Stopping threads took: 0.0000879 seconds
2021-04-20T14:44:28.128-0700: 11.487: Total time for which application threads were stopped: 0.0002594 seconds, Stopping threads took: 0.0001007 seconds
2021-04-20T14:44:28.158-0700: 11.517: Total time for which application threads were stopped: 0.0002379 seconds, Stopping threads took: 0.0000950 seconds
2021-04-20T14:44:28.161-0700: 11.520: Total time for which application threads were stopped: 0.0001951 seconds, Stopping threads took: 0.0000712 seconds
2021-04-20T14:44:28.169-0700: 11.528: Total time for which application threads were stopped: 0.0002669 seconds, Stopping threads took: 0.0001035 seconds
2021-04-20T14:44:28.175-0700: 11.534: Total time for which application threads were stopped: 0.0002073 seconds, Stopping threads took: 0.0000811 seconds
2021-04-20T14:44:28.201-0700: 11.560: Total time for which application threads were stopped: 0.0002445 seconds, Stopping threads took: 0.0000911 seconds
2021-04-20T14:44:28.203-0700: 11.562: Total time for which application threads were stopped: 0.0001789 seconds, Stopping threads took: 0.0000670 seconds
2021-04-20T14:44:28.212-0700: 11.571: Total time for which application threads were stopped: 0.0002227 seconds, Stopping threads took: 0.0000905 seconds
2021-04-20T14:44:28.212-0700: 11.571: Total time for which application threads were stopped: 0.0001853 seconds, Stopping threads took: 0.0000710 seconds
2021-04-20T14:44:28.212-0700: 11.571: Total time for which application threads were stopped: 0.0001708 seconds, Stopping threads took: 0.0000607 seconds
2021-04-20T14:44:28.213-0700: 11.572: Total time for which application threads were stopped: 0.0001815 seconds, Stopping threads took: 0.0000687 seconds
2021-04-20T14:44:28.213-0700: 11.572: Total time for which application threads were stopped: 0.0001838 seconds, Stopping threads took: 0.0000692 seconds
2021-04-20T14:44:28.214-0700: 11.573: Total time for which application threads were stopped: 0.0002268 seconds, Stopping threads took: 0.0000853 seconds
2021-04-20T14:44:28.214-0700: 11.573: Total time for which application threads were stopped: 0.0001858 seconds, Stopping threads took: 0.0000698 seconds
2021-04-20T14:44:28.214-0700: 11.573: Total time for which application threads were stopped: 0.0001850 seconds, Stopping threads took: 0.0000704 seconds
2021-04-20T14:44:28.215-0700: 11.574: Total time for which application threads were stopped: 0.0002231 seconds, Stopping threads took: 0.0000739 seconds
2021-04-20T14:44:28.215-0700: 11.574: Total time for which application threads were stopped: 0.0001874 seconds, Stopping threads took: 0.0000712 seconds
2021-04-20T14:44:28.216-0700: 11.576: Total time for which application threads were stopped: 0.0011363 seconds, Stopping threads took: 0.0000763 seconds
2021-04-20T14:44:28.249-0700: 11.608: Total time for which application threads were stopped: 0.0001558 seconds, Stopping threads took: 0.0000639 seconds
2021-04-20T14:44:28.250-0700: 11.609: Total time for which application threads were stopped: 0.0001642 seconds, Stopping threads took: 0.0000274 seconds
2021-04-20T14:44:28.254-0700: 11.614: Total time for which application threads were stopped: 0.0000807 seconds, Stopping threads took: 0.0000306 seconds
2021-04-20T14:44:28.255-0700: 11.614: Total time for which application threads were stopped: 0.0000512 seconds, Stopping threads took: 0.0000171 seconds
2021-04-20T14:44:28.256-0700: 11.615: Total time for which application threads were stopped: 0.0001172 seconds, Stopping threads took: 0.0000234 seconds
2021-04-20T14:44:28.256-0700: 11.615: Total time for which application threads were stopped: 0.0001176 seconds, Stopping threads took: 0.0000736 seconds
2021-04-20T14:44:28.256-0700: 11.616: Total time for which application threads were stopped: 0.0000737 seconds, Stopping threads took: 0.0000234 seconds
2021-04-20T14:44:28.259-0700: 11.618: Total time for which application threads were stopped: 0.0000731 seconds, Stopping threads took: 0.0000272 seconds
2021-04-20T14:44:28.261-0700: 11.620: Total time for which application threads were stopped: 0.0000829 seconds, Stopping threads took: 0.0000293 seconds
2021-04-20T14:44:28.263-0700: 11.622: Total time for which application threads were stopped: 0.0000761 seconds, Stopping threads took: 0.0000307 seconds
2021-04-20T14:44:28.264-0700: 11.623: Total time for which application threads were stopped: 0.0001870 seconds, Stopping threads took: 0.0001324 seconds
2021-04-20T14:44:28.268-0700: 11.627: Total time for which application threads were stopped: 0.0000795 seconds, Stopping threads took: 0.0000313 seconds
2021-04-20T14:44:28.268-0700: 11.627: Total time for which application threads were stopped: 0.0000640 seconds, Stopping threads took: 0.0000234 seconds
2021-04-20T14:44:28.271-0700: 11.630: Total time for which application threads were stopped: 0.0000881 seconds, Stopping threads took: 0.0000241 seconds
2021-04-20T14:44:28.277-0700: 11.636: Total time for which application threads were stopped: 0.0001286 seconds, Stopping threads took: 0.0000369 seconds
2021-04-20T14:44:28.294-0700: 11.653: Total time for which application threads were stopped: 0.0000949 seconds, Stopping threads took: 0.0000350 seconds
2021-04-20T14:44:28.294-0700: 11.653: Total time for which application threads were stopped: 0.0000657 seconds, Stopping threads took: 0.0000197 seconds
2021-04-20T14:44:28.295-0700: 11.655: Total time for which application threads were stopped: 0.0000884 seconds, Stopping threads took: 0.0000327 seconds
2021-04-20T14:44:28.296-0700: 11.655: Total time for which application threads were stopped: 0.0000803 seconds, Stopping threads took: 0.0000300 seconds
2021-04-20T14:44:28.298-0700: 11.657: Total time for which application threads were stopped: 0.0000801 seconds, Stopping threads took: 0.0000289 seconds
2021-04-20T14:44:28.302-0700: 11.661: Total time for which application threads were stopped: 0.0001465 seconds, Stopping threads took: 0.0000626 seconds
2021-04-20T14:44:28.304-0700: 11.664: Total time for which application threads were stopped: 0.0001042 seconds, Stopping threads took: 0.0000296 seconds
2021-04-20T14:44:28.307-0700: 11.666: Total time for which application threads were stopped: 0.0001030 seconds, Stopping threads took: 0.0000295 seconds
2021-04-20T14:44:28.314-0700: 11.673: Total time for which application threads were stopped: 0.0000947 seconds, Stopping threads took: 0.0000328 seconds
2021-04-20T14:44:28.316-0700: 11.675: Total time for which application threads were stopped: 0.0000848 seconds, Stopping threads took: 0.0000275 seconds
2021-04-20T14:44:28.318-0700: 11.677: Total time for which application threads were stopped: 0.0000769 seconds, Stopping threads took: 0.0000275 seconds
2021-04-20T14:44:28.320-0700: 11.679: Total time for which application threads were stopped: 0.0000783 seconds, Stopping threads took: 0.0000272 seconds
2021-04-20T14:44:28.322-0700: 11.682: Total time for which application threads were stopped: 0.0000841 seconds, Stopping threads took: 0.0000285 seconds
2021-04-20T14:44:28.325-0700: 11.684: Total time for which application threads were stopped: 0.0001657 seconds, Stopping threads took: 0.0000944 seconds
2021-04-20T14:44:28.328-0700: 11.687: Total time for which application threads were stopped: 0.0001323 seconds, Stopping threads took: 0.0000457 seconds
2021-04-20T14:44:28.331-0700: 11.690: Total time for which application threads were stopped: 0.0001136 seconds, Stopping threads took: 0.0000401 seconds
2021-04-20T14:44:28.332-0700: 11.691: Total time for which application threads were stopped: 0.0002069 seconds, Stopping threads took: 0.0001294 seconds
2021-04-20T14:44:28.334-0700: 11.693: Total time for which application threads were stopped: 0.0000977 seconds, Stopping threads took: 0.0000300 seconds
2021-04-20T14:44:28.335-0700: 11.694: Total time for which application threads were stopped: 0.0002035 seconds, Stopping threads took: 0.0001355 seconds
2021-04-20T14:44:28.339-0700: 11.698: Total time for which application threads were stopped: 0.0001307 seconds, Stopping threads took: 0.0000396 seconds
2021-04-20T14:44:28.350-0700: 11.709: Total time for which application threads were stopped: 0.0001199 seconds, Stopping threads took: 0.0000432 seconds
2021-04-20T14:44:28.354-0700: 11.713: Total time for which application threads were stopped: 0.0003277 seconds, Stopping threads took: 0.0000398 seconds
2021-04-20T14:44:28.355-0700: 11.714: Total time for which application threads were stopped: 0.0000862 seconds, Stopping threads took: 0.0000290 seconds
2021-04-20T14:44:28.396-0700: 11.755: Total time for which application threads were stopped: 0.0002224 seconds, Stopping threads took: 0.0001294 seconds
2021-04-20T14:44:28.397-0700: 11.756: Total time for which application threads were stopped: 0.0000891 seconds, Stopping threads took: 0.0000237 seconds
2021-04-20T14:44:28.410-0700: 11.769: Total time for which application threads were stopped: 0.0002158 seconds, Stopping threads took: 0.0001332 seconds
2021-04-20T14:44:28.417-0700: 11.776: Total time for which application threads were stopped: 0.0001028 seconds, Stopping threads took: 0.0000322 seconds
2021-04-20T14:44:28.425-0700: 11.784: Total time for which application threads were stopped: 0.0003472 seconds, Stopping threads took: 0.0000375 seconds
2021-04-20T14:44:28.428-0700: 11.787: Total time for which application threads were stopped: 0.0004514 seconds, Stopping threads took: 0.0001412 seconds
2021-04-20T14:44:28.455-0700: 11.814: Total time for which application threads were stopped: 0.0005655 seconds, Stopping threads took: 0.0000394 seconds
2021-04-20T14:44:28.507-0700: 11.867: Total time for which application threads were stopped: 0.0001851 seconds, Stopping threads took: 0.0000403 seconds
2021-04-20T14:44:28.508-0700: 11.867: Total time for which application threads were stopped: 0.0004481 seconds, Stopping threads took: 0.0001317 seconds
2021-04-20T14:44:28.508-0700: 11.868: Total time for which application threads were stopped: 0.0002066 seconds, Stopping threads took: 0.0001059 seconds
2021-04-20T14:44:28.509-0700: 11.868: Total time for which application threads were stopped: 0.0002470 seconds, Stopping threads took: 0.0001830 seconds
2021-04-20T14:44:28.511-0700: 11.870: Total time for which application threads were stopped: 0.0002671 seconds, Stopping threads took: 0.0001653 seconds
2021-04-20T14:44:28.511-0700: 11.870: Total time for which application threads were stopped: 0.0001854 seconds, Stopping threads took: 0.0000836 seconds
2021-04-20T14:44:28.512-0700: 11.871: Total time for which application threads were stopped: 0.0002588 seconds, Stopping threads took: 0.0001945 seconds
2021-04-20T14:44:28.512-0700: 11.871: Total time for which application threads were stopped: 0.0002434 seconds, Stopping threads took: 0.0001794 seconds
2021-04-20T14:44:28.513-0700: 11.872: Total time for which application threads were stopped: 0.0002495 seconds, Stopping threads took: 0.0001867 seconds
2021-04-20T14:44:28.513-0700: 11.872: Total time for which application threads were stopped: 0.0001559 seconds, Stopping threads took: 0.0000866 seconds
2021-04-20T14:44:28.515-0700: 11.874: Total time for which application threads were stopped: 0.0002259 seconds, Stopping threads took: 0.0001068 seconds
2021-04-20T14:44:28.516-0700: 11.875: Total time for which application threads were stopped: 0.0002331 seconds, Stopping threads took: 0.0000997 seconds
2021-04-20T14:44:28.517-0700: 11.876: Total time for which application threads were stopped: 0.0002811 seconds, Stopping threads took: 0.0001657 seconds
2021-04-20T14:44:28.519-0700: 11.878: Total time for which application threads were stopped: 0.0002594 seconds, Stopping threads took: 0.0001321 seconds
2021-04-20T14:44:28.526-0700: 11.885: Total time for which application threads were stopped: 0.0004362 seconds, Stopping threads took: 0.0002080 seconds
2021-04-20T14:44:28.526-0700: 11.885: Total time for which application threads were stopped: 0.0002430 seconds, Stopping threads took: 0.0001285 seconds
2021-04-20T14:44:28.530-0700: 11.889: Total time for which application threads were stopped: 0.0001994 seconds, Stopping threads took: 0.0001076 seconds
2021-04-20T14:44:28.532-0700: 11.891: Total time for which application threads were stopped: 0.0001382 seconds, Stopping threads took: 0.0000371 seconds
2021-04-20T14:44:28.549-0700: 11.908: Total time for which application threads were stopped: 0.0001829 seconds, Stopping threads took: 0.0000475 seconds
2021-04-20T14:44:28.570-0700: 11.930: Total time for which application threads were stopped: 0.0001402 seconds, Stopping threads took: 0.0000344 seconds
2021-04-20T14:44:28.602-0700: 11.961: Total time for which application threads were stopped: 0.0002003 seconds, Stopping threads took: 0.0000960 seconds
2021-04-20T14:44:28.602-0700: 11.962: Total time for which application threads were stopped: 0.0001776 seconds, Stopping threads took: 0.0000610 seconds
2021-04-20T14:44:28.603-0700: 11.962: Total time for which application threads were stopped: 0.0001332 seconds, Stopping threads took: 0.0000264 seconds
2021-04-20T14:44:28.605-0700: 11.965: Total time for which application threads were stopped: 0.0001065 seconds, Stopping threads took: 0.0000301 seconds
2021-04-20T14:44:28.610-0700: 11.969: Total time for which application threads were stopped: 0.0015345 seconds, Stopping threads took: 0.0013996 seconds
2021-04-20T14:44:28.612-0700: 11.971: Total time for which application threads were stopped: 0.0001181 seconds, Stopping threads took: 0.0000337 seconds
2021-04-20T14:44:28.615-0700: 11.974: Total time for which application threads were stopped: 0.0002840 seconds, Stopping threads took: 0.0001988 seconds
2021-04-20T14:44:28.619-0700: 11.978: Total time for which application threads were stopped: 0.0002674 seconds, Stopping threads took: 0.0001573 seconds
{Heap before GC invocations=5 (full 0):
 garbage-first heap   total 524288K, used 243277K [0x00000000e0000000, 0x00000000e0101000, 0x0000000100000000)
  region size 1024K, 221 young (226304K), 5 survivors (5120K)
 Metaspace       used 35318K, capacity 36425K, committed 36476K, reserved 1081344K
  class space    used 4272K, capacity 4557K, committed 4608K, reserved 1048576K
2021-04-20T14:44:28.623-0700: 11.982: [GC pause (Metadata GC Threshold) (young) (initial-mark)
Desired survivor size 20447232 bytes, new threshold 15 (max 15)
- age   1:     364520 bytes,     364520 total
- age   2:    1172000 bytes,    1536520 total
, 0.0185211 secs]
   [Parallel Time: 6.0 ms, GC Workers: 10]
      [GC Worker Start (ms): Min: 11982.1, Avg: 11982.3, Max: 11982.3, Diff: 0.2]
      [Ext Root Scanning (ms): Min: 1.1, Avg: 1.4, Max: 1.7, Diff: 0.5, Sum: 13.5]
      [Update RS (ms): Min: 0.1, Avg: 0.2, Max: 0.5, Diff: 0.5, Sum: 1.8]
         [Processed Buffers: Min: 1, Avg: 2.4, Max: 5, Diff: 4, Sum: 24]
      [Scan RS (ms): Min: 0.0, Avg: 0.0, Max: 0.0, Diff: 0.0, Sum: 0.2]
      [Code Root Scanning (ms): Min: 0.0, Avg: 0.1, Max: 0.3, Diff: 0.3, Sum: 1.2]
      [Object Copy (ms): Min: 3.3, Avg: 3.6, Max: 3.8, Diff: 0.5, Sum: 35.8]
      [Termination (ms): Min: 0.0, Avg: 0.0, Max: 0.0, Diff: 0.0, Sum: 0.1]
         [Termination Attempts: Min: 1, Avg: 43.9, Max: 60, Diff: 59, Sum: 439]
      [GC Worker Other (ms): Min: 0.0, Avg: 0.0, Max: 0.1, Diff: 0.1, Sum: 0.5]
      [GC Worker Total (ms): Min: 5.2, Avg: 5.3, Max: 5.5, Diff: 0.3, Sum: 53.1]
      [GC Worker End (ms): Min: 11987.5, Avg: 11987.6, Max: 11987.6, Diff: 0.1]
   [Code Root Fixup: 0.0 ms]
   [Code Root Purge: 0.0 ms]
   [Clear CT: 0.5 ms]
   [Other: 11.9 ms]
      [Choose CSet: 0.0 ms]
      [Ref Proc: 10.0 ms]
      [Ref Enq: 0.6 ms]
      [Redirty Cards: 0.8 ms]
      [Humongous Register: 0.0 ms]
      [Humongous Reclaim: 0.0 ms]
      [Free CSet: 0.4 ms]
   [Eden: 216.0M(302.0M)->0.0B(285.0M) Survivors: 5120.0K->22.0M Heap: 238.6M(512.0M)->39.4M(512.0M)]
Heap after GC invocations=6 (full 0):
 garbage-first heap   total 524288K, used 40333K [0x00000000e0000000, 0x00000000e0101000, 0x0000000100000000)
  region size 1024K, 22 young (22528K), 22 survivors (22528K)
 Metaspace       used 35318K, capacity 36425K, committed 36476K, reserved 1081344K
  class space    used 4272K, capacity 4557K, committed 4608K, reserved 1048576K
}
 [Times: user=0.01 sys=0.00, real=0.02 secs] 
2021-04-20T14:44:28.642-0700: 12.001: [GC concurrent-root-region-scan-start]
2021-04-20T14:44:28.642-0700: 12.001: Total time for which application threads were stopped: 0.0191633 seconds, Stopping threads took: 0.0001660 seconds
2021-04-20T14:44:28.642-0700: 12.001: Total time for which application threads were stopped: 0.0002424 seconds, Stopping threads took: 0.0001381 seconds
2021-04-20T14:44:28.642-0700: 12.001: Total time for which application threads were stopped: 0.0001646 seconds, Stopping threads took: 0.0000867 seconds
2021-04-20T14:44:28.643-0700: 12.003: Total time for which application threads were stopped: 0.0002455 seconds, Stopping threads took: 0.0001201 seconds
2021-04-20T14:44:28.644-0700: 12.003: Total time for which application threads were stopped: 0.0005808 seconds, Stopping threads took: 0.0001335 seconds
2021-04-20T14:44:28.645-0700: 12.004: Total time for which application threads were stopped: 0.0002542 seconds, Stopping threads took: 0.0001719 seconds
2021-04-20T14:44:28.646-0700: 12.005: [GC concurrent-root-region-scan-end, 0.0043530 secs]
2021-04-20T14:44:28.646-0700: 12.005: [GC concurrent-mark-start]
2021-04-20T14:44:28.647-0700: 12.006: Total time for which application threads were stopped: 0.0001479 seconds, Stopping threads took: 0.0000341 seconds
2021-04-20T14:44:28.648-0700: 12.007: Total time for which application threads were stopped: 0.0002785 seconds, Stopping threads took: 0.0001637 seconds
2021-04-20T14:44:28.648-0700: 12.008: Total time for which application threads were stopped: 0.0003207 seconds, Stopping threads took: 0.0002263 seconds
2021-04-20T14:44:28.649-0700: 12.008: Total time for which application threads were stopped: 0.0001893 seconds, Stopping threads took: 0.0001063 seconds
2021-04-20T14:44:28.661-0700: 12.020: Total time for which application threads were stopped: 0.0003186 seconds, Stopping threads took: 0.0001544 seconds
2021-04-20T14:44:28.661-0700: 12.020: Total time for which application threads were stopped: 0.0002194 seconds, Stopping threads took: 0.0001325 seconds
2021-04-20T14:44:28.668-0700: 12.027: Total time for which application threads were stopped: 0.0002684 seconds, Stopping threads took: 0.0000569 seconds
2021-04-20T14:44:28.675-0700: 12.034: [GC concurrent-mark-end, 0.0270011 secs]
2021-04-20T14:44:28.675-0700: 12.034: [GC remark 2021-04-20T14:44:28.675-0700: 12.034: [Finalize Marking, 0.0003987 secs] 2021-04-20T14:44:28.675-0700: 12.034: [GC ref-proc, 0.0052527 secs] 2021-04-20T14:44:28.681-0700: 12.040: [Unloading, 0.0039562 secs], 0.0105557 secs]
 [Times: user=0.14 sys=0.00, real=0.01 secs] 
2021-04-20T14:44:28.685-0700: 12.045: Total time for which application threads were stopped: 0.0108635 seconds, Stopping threads took: 0.0001066 seconds
2021-04-20T14:44:28.686-0700: 12.045: [GC cleanup 46M->46M(512M), 0.0024571 secs]
 [Times: user=0.00 sys=0.00, real=0.00 secs] 
2021-04-20T14:44:28.689-0700: 12.048: Total time for which application threads were stopped: 0.0027304 seconds, Stopping threads took: 0.0001145 seconds
2021-04-20T14:44:28.709-0700: 12.069: Total time for which application threads were stopped: 0.0001976 seconds, Stopping threads took: 0.0000389 seconds
2021-04-20T14:44:28.712-0700: 12.071: Total time for which application threads were stopped: 0.0002518 seconds, Stopping threads took: 0.0001298 seconds
2021-04-20T14:44:28.727-0700: 12.086: Total time for which application threads were stopped: 0.0002389 seconds, Stopping threads took: 0.0001277 seconds
2021-04-20T14:44:28.731-0700: 12.090: Total time for which application threads were stopped: 0.0001821 seconds, Stopping threads took: 0.0000585 seconds
2021-04-20T14:44:28.731-0700: 12.090: Total time for which application threads were stopped: 0.0001243 seconds, Stopping threads took: 0.0000249 seconds
2021-04-20T14:44:28.734-0700: 12.093: Total time for which application threads were stopped: 0.0002229 seconds, Stopping threads took: 0.0000464 seconds
2021-04-20T14:44:28.734-0700: 12.093: Total time for which application threads were stopped: 0.0002152 seconds, Stopping threads took: 0.0000614 seconds
2021-04-20T14:44:28.739-0700: 12.098: Total time for which application threads were stopped: 0.0001637 seconds, Stopping threads took: 0.0000315 seconds
2021-04-20T14:44:28.739-0700: 12.098: Total time for which application threads were stopped: 0.0001322 seconds, Stopping threads took: 0.0000252 seconds
2021-04-20T14:44:28.740-0700: 12.099: Total time for which application threads were stopped: 0.0001165 seconds, Stopping threads took: 0.0000249 seconds
2021-04-20T14:44:28.743-0700: 12.102: Total time for which application threads were stopped: 0.0004897 seconds, Stopping threads took: 0.0000661 seconds
2021-04-20T14:44:28.974-0700: 12.334: Total time for which application threads were stopped: 0.0008476 seconds, Stopping threads took: 0.0004770 seconds
2021-04-20T14:44:28.975-0700: 12.335: Total time for which application threads were stopped: 0.0005510 seconds, Stopping threads took: 0.0003164 seconds
2021-04-20T14:44:28.976-0700: 12.336: Total time for which application threads were stopped: 0.0004384 seconds, Stopping threads took: 0.0001846 seconds
2021-04-20T14:44:28.979-0700: 12.339: Total time for which application threads were stopped: 0.0005456 seconds, Stopping threads took: 0.0002853 seconds
2021-04-20T14:44:28.982-0700: 12.342: Total time for which application threads were stopped: 0.0005776 seconds, Stopping threads took: 0.0002517 seconds
2021-04-20T14:44:28.984-0700: 12.344: Total time for which application threads were stopped: 0.0006065 seconds, Stopping threads took: 0.0003413 seconds
2021-04-20T14:44:28.988-0700: 12.348: Total time for which application threads were stopped: 0.0005366 seconds, Stopping threads took: 0.0002242 seconds
2021-04-20T14:44:28.991-0700: 12.350: Total time for which application threads were stopped: 0.0005582 seconds, Stopping threads took: 0.0002329 seconds
2021-04-20T14:44:28.993-0700: 12.353: Total time for which application threads were stopped: 0.0013922 seconds, Stopping threads took: 0.0004533 seconds
2021-04-20T14:44:28.994-0700: 12.354: Total time for which application threads were stopped: 0.0005568 seconds, Stopping threads took: 0.0002804 seconds
2021-04-20T14:44:28.995-0700: 12.355: Total time for which application threads were stopped: 0.0008671 seconds, Stopping threads took: 0.0006328 seconds
2021-04-20T14:44:28.996-0700: 12.356: Total time for which application threads were stopped: 0.0003262 seconds, Stopping threads took: 0.0000744 seconds
2021-04-20T14:44:29.083-0700: 12.443: Total time for which application threads were stopped: 0.0007461 seconds, Stopping threads took: 0.0002111 seconds
2021-04-20T14:44:29.086-0700: 12.446: Total time for which application threads were stopped: 0.0011143 seconds, Stopping threads took: 0.0006783 seconds
2021-04-20T14:44:29.098-0700: 12.458: Total time for which application threads were stopped: 0.0040709 seconds, Stopping threads took: 0.0036543 seconds
2021-04-20T14:44:29.333-0700: 12.693: Total time for which application threads were stopped: 0.0002267 seconds, Stopping threads took: 0.0000385 seconds
2021-04-20T14:44:29.333-0700: 12.693: Total time for which application threads were stopped: 0.0001581 seconds, Stopping threads took: 0.0000460 seconds
2021-04-20T14:44:29.391-0700: 12.750: Total time for which application threads were stopped: 0.0003231 seconds, Stopping threads took: 0.0000593 seconds
2021-04-20T14:44:29.391-0700: 12.751: Total time for which application threads were stopped: 0.0003379 seconds, Stopping threads took: 0.0000775 seconds
2021-04-20T14:44:29.406-0700: 12.765: Total time for which application threads were stopped: 0.0002235 seconds, Stopping threads took: 0.0000533 seconds
2021-04-20T14:44:29.406-0700: 12.766: Total time for which application threads were stopped: 0.0001793 seconds, Stopping threads took: 0.0000470 seconds
2021-04-20T14:44:29.424-0700: 12.783: Total time for which application threads were stopped: 0.0002144 seconds, Stopping threads took: 0.0000740 seconds
2021-04-20T14:44:29.443-0700: 12.803: Total time for which application threads were stopped: 0.0002374 seconds, Stopping threads took: 0.0000565 seconds
2021-04-20T14:44:29.443-0700: 12.803: Total time for which application threads were stopped: 0.0001824 seconds, Stopping threads took: 0.0000617 seconds
2021-04-20T14:44:29.445-0700: 12.805: Total time for which application threads were stopped: 0.0001679 seconds, Stopping threads took: 0.0000369 seconds
2021-04-20T14:44:29.446-0700: 12.806: Total time for which application threads were stopped: 0.0001618 seconds, Stopping threads took: 0.0000266 seconds
2021-04-20T14:44:29.629-0700: 12.989: Total time for which application threads were stopped: 0.0004295 seconds, Stopping threads took: 0.0000800 seconds
2021-04-20T14:44:29.630-0700: 12.990: Total time for which application threads were stopped: 0.0003305 seconds, Stopping threads took: 0.0000955 seconds
2021-04-20T14:44:29.636-0700: 12.996: Total time for which application threads were stopped: 0.0013275 seconds, Stopping threads took: 0.0000649 seconds
2021-04-20T14:44:29.639-0700: 12.999: Total time for which application threads were stopped: 0.0003597 seconds, Stopping threads took: 0.0000800 seconds
2021-04-20T14:44:29.651-0700: 13.010: Total time for which application threads were stopped: 0.0011149 seconds, Stopping threads took: 0.0001627 seconds
2021-04-20T14:44:29.675-0700: 13.035: Total time for which application threads were stopped: 0.0003716 seconds, Stopping threads took: 0.0000842 seconds
2021-04-20T14:44:29.675-0700: 13.035: Total time for which application threads were stopped: 0.0002917 seconds, Stopping threads took: 0.0000575 seconds
2021-04-20T14:44:29.677-0700: 13.036: Total time for which application threads were stopped: 0.0004349 seconds, Stopping threads took: 0.0001672 seconds
2021-04-20T14:44:29.680-0700: 13.039: Total time for which application threads were stopped: 0.0003471 seconds, Stopping threads took: 0.0000761 seconds
2021-04-20T14:44:29.683-0700: 13.042: Total time for which application threads were stopped: 0.0003864 seconds, Stopping threads took: 0.0000658 seconds
2021-04-20T14:44:29.691-0700: 13.051: Total time for which application threads were stopped: 0.0005543 seconds, Stopping threads took: 0.0002491 seconds
2021-04-20T14:44:29.692-0700: 13.052: Total time for which application threads were stopped: 0.0004467 seconds, Stopping threads took: 0.0000823 seconds
2021-04-20T14:44:29.692-0700: 13.052: Total time for which application threads were stopped: 0.0004315 seconds, Stopping threads took: 0.0001917 seconds
2021-04-20T14:44:29.693-0700: 13.053: Total time for which application threads were stopped: 0.0004214 seconds, Stopping threads took: 0.0000921 seconds
2021-04-20T14:44:29.694-0700: 13.054: Total time for which application threads were stopped: 0.0003029 seconds, Stopping threads took: 0.0000676 seconds
2021-04-20T14:44:29.695-0700: 13.054: Total time for which application threads were stopped: 0.0003077 seconds, Stopping threads took: 0.0000643 seconds
2021-04-20T14:44:29.696-0700: 13.055: Total time for which application threads were stopped: 0.0002881 seconds, Stopping threads took: 0.0000589 seconds
2021-04-20T14:44:29.696-0700: 13.056: Total time for which application threads were stopped: 0.0002977 seconds, Stopping threads took: 0.0000644 seconds
2021-04-20T14:44:29.699-0700: 13.059: Total time for which application threads were stopped: 0.0004404 seconds, Stopping threads took: 0.0000785 seconds
2021-04-20T14:44:29.705-0700: 13.065: Total time for which application threads were stopped: 0.0004468 seconds, Stopping threads took: 0.0000993 seconds
2021-04-20T14:44:29.706-0700: 13.066: Total time for which application threads were stopped: 0.0003955 seconds, Stopping threads took: 0.0000788 seconds
2021-04-20T14:44:29.725-0700: 13.085: Total time for which application threads were stopped: 0.0003686 seconds, Stopping threads took: 0.0000759 seconds
2021-04-20T14:44:29.726-0700: 13.086: Total time for which application threads were stopped: 0.0003757 seconds, Stopping threads took: 0.0000717 seconds
2021-04-20T14:44:29.726-0700: 13.086: Total time for which application threads were stopped: 0.0002912 seconds, Stopping threads took: 0.0000527 seconds
2021-04-20T14:44:29.804-0700: 13.164: Total time for which application threads were stopped: 0.0002844 seconds, Stopping threads took: 0.0001232 seconds
2021-04-20T14:44:29.805-0700: 13.164: Total time for which application threads were stopped: 0.0002305 seconds, Stopping threads took: 0.0001046 seconds
2021-04-20T14:44:29.836-0700: 13.196: Total time for which application threads were stopped: 0.0001978 seconds, Stopping threads took: 0.0000525 seconds
2021-04-20T14:44:29.837-0700: 13.196: Total time for which application threads were stopped: 0.0001580 seconds, Stopping threads took: 0.0000365 seconds
2021-04-20T14:44:29.837-0700: 13.197: Total time for which application threads were stopped: 0.0001706 seconds, Stopping threads took: 0.0000570 seconds
2021-04-20T14:44:29.837-0700: 13.197: Total time for which application threads were stopped: 0.0001367 seconds, Stopping threads took: 0.0000266 seconds
2021-04-20T14:44:29.862-0700: 13.222: Total time for which application threads were stopped: 0.0002731 seconds, Stopping threads took: 0.0001031 seconds
2021-04-20T14:44:29.863-0700: 13.222: Total time for which application threads were stopped: 0.0002237 seconds, Stopping threads took: 0.0000380 seconds
2021-04-20T14:44:29.880-0700: 13.240: Total time for which application threads were stopped: 0.0002494 seconds, Stopping threads took: 0.0000853 seconds
2021-04-20T14:44:29.880-0700: 13.240: Total time for which application threads were stopped: 0.0001819 seconds, Stopping threads took: 0.0000613 seconds
2021-04-20T14:44:29.881-0700: 13.240: Total time for which application threads were stopped: 0.0001340 seconds, Stopping threads took: 0.0000287 seconds
2021-04-20T14:44:29.881-0700: 13.241: Total time for which application threads were stopped: 0.0001607 seconds, Stopping threads took: 0.0000604 seconds
2021-04-20T14:44:29.882-0700: 13.242: Total time for which application threads were stopped: 0.0002041 seconds, Stopping threads took: 0.0000829 seconds
2021-04-20T14:44:29.882-0700: 13.242: Total time for which application threads were stopped: 0.0001397 seconds, Stopping threads took: 0.0000406 seconds
2021-04-20T14:44:29.909-0700: 13.269: Total time for which application threads were stopped: 0.0004409 seconds, Stopping threads took: 0.0002915 seconds
2021-04-20T14:44:29.909-0700: 13.269: Total time for which application threads were stopped: 0.0001700 seconds, Stopping threads took: 0.0000715 seconds
2021-04-20T14:44:29.909-0700: 13.269: Total time for which application threads were stopped: 0.0001654 seconds, Stopping threads took: 0.0000660 seconds
2021-04-20T14:44:29.910-0700: 13.270: Total time for which application threads were stopped: 0.0001277 seconds, Stopping threads took: 0.0000294 seconds
2021-04-20T14:44:29.931-0700: 13.291: Total time for which application threads were stopped: 0.0002100 seconds, Stopping threads took: 0.0000758 seconds
2021-04-20T14:44:29.932-0700: 13.292: Total time for which application threads were stopped: 0.0002497 seconds, Stopping threads took: 0.0000936 seconds
2021-04-20T14:44:29.933-0700: 13.293: Total time for which application threads were stopped: 0.0001967 seconds, Stopping threads took: 0.0000506 seconds
2021-04-20T14:44:29.935-0700: 13.294: Total time for which application threads were stopped: 0.0002588 seconds, Stopping threads took: 0.0001346 seconds
2021-04-20T14:44:29.936-0700: 13.295: Total time for which application threads were stopped: 0.0001860 seconds, Stopping threads took: 0.0000644 seconds
2021-04-20T14:44:29.936-0700: 13.296: Total time for which application threads were stopped: 0.0001883 seconds, Stopping threads took: 0.0000905 seconds
2021-04-20T14:44:29.952-0700: 13.312: Total time for which application threads were stopped: 0.0006478 seconds, Stopping threads took: 0.0000479 seconds
2021-04-20T14:44:29.963-0700: 13.323: Total time for which application threads were stopped: 0.0001909 seconds, Stopping threads took: 0.0000650 seconds
2021-04-20T14:44:30.060-0700: 13.419: Total time for which application threads were stopped: 0.0010806 seconds, Stopping threads took: 0.0000868 seconds
2021-04-20T14:44:30.324-0700: 13.683: Total time for which application threads were stopped: 0.0011304 seconds, Stopping threads took: 0.0006739 seconds
2021-04-20T14:44:30.332-0700: 13.692: Total time for which application threads were stopped: 0.0003095 seconds, Stopping threads took: 0.0000859 seconds
2021-04-20T14:44:30.333-0700: 13.693: Total time for which application threads were stopped: 0.0002291 seconds, Stopping threads took: 0.0001083 seconds
2021-04-20T14:44:30.334-0700: 13.694: Total time for which application threads were stopped: 0.0003683 seconds, Stopping threads took: 0.0002050 seconds
2021-04-20T14:44:30.335-0700: 13.694: Total time for which application threads were stopped: 0.0002514 seconds, Stopping threads took: 0.0000840 seconds
2021-04-20T14:44:30.337-0700: 13.697: Total time for which application threads were stopped: 0.0002476 seconds, Stopping threads took: 0.0001047 seconds
{Heap before GC invocations=7 (full 0):
 garbage-first heap   total 524288K, used 333070K [0x00000000e0000000, 0x00000000e0101000, 0x0000000100000000)
  region size 1024K, 307 young (314368K), 22 survivors (22528K)
 Metaspace       used 43959K, capacity 45826K, committed 45952K, reserved 1089536K
  class space    used 5358K, capacity 5742K, committed 5760K, reserved 1048576K
2021-04-20T14:44:30.343-0700: 13.703: [GC pause (G1 Evacuation Pause) (young) (initial-mark)
Desired survivor size 20447232 bytes, new threshold 15 (max 15)
- age   1:    7420208 bytes,    7420208 total
- age   2:     272496 bytes,    7692704 total
- age   3:    1158992 bytes,    8851696 total
, 0.0169063 secs]
   [Parallel Time: 10.4 ms, GC Workers: 10]
      [GC Worker Start (ms): Min: 13703.0, Avg: 13703.1, Max: 13703.1, Diff: 0.1]
      [Ext Root Scanning (ms): Min: 1.8, Avg: 2.2, Max: 2.9, Diff: 1.1, Sum: 22.4]
      [Update RS (ms): Min: 0.0, Avg: 0.2, Max: 0.5, Diff: 0.5, Sum: 2.4]
         [Processed Buffers: Min: 0, Avg: 2.8, Max: 12, Diff: 12, Sum: 28]
      [Scan RS (ms): Min: 0.0, Avg: 0.0, Max: 0.1, Diff: 0.0, Sum: 0.3]
      [Code Root Scanning (ms): Min: 0.2, Avg: 2.2, Max: 7.3, Diff: 7.2, Sum: 21.9]
      [Object Copy (ms): Min: 0.3, Avg: 5.2, Max: 7.3, Diff: 7.1, Sum: 51.9]
      [Termination (ms): Min: 0.0, Avg: 0.1, Max: 0.2, Diff: 0.2, Sum: 1.3]
         [Termination Attempts: Min: 1, Avg: 13.6, Max: 26, Diff: 25, Sum: 136]
      [GC Worker Other (ms): Min: 0.0, Avg: 0.0, Max: 0.0, Diff: 0.0, Sum: 0.2]
      [GC Worker Total (ms): Min: 10.0, Avg: 10.0, Max: 10.1, Diff: 0.1, Sum: 100.4]
      [GC Worker End (ms): Min: 13713.1, Avg: 13713.1, Max: 13713.1, Diff: 0.0]
   [Code Root Fixup: 0.1 ms]
   [Code Root Purge: 0.1 ms]
   [Clear CT: 0.3 ms]
   [Other: 6.1 ms]
      [Choose CSet: 0.0 ms]
      [Ref Proc: 4.8 ms]
      [Ref Enq: 0.3 ms]
      [Redirty Cards: 0.3 ms]
      [Humongous Register: 0.0 ms]
      [Humongous Reclaim: 0.0 ms]
      [Free CSet: 0.6 ms]
   [Eden: 285.0M(285.0M)->0.0B(279.0M) Survivors: 22.0M->28.0M Heap: 325.3M(512.0M)->45.5M(512.0M)]
Heap after GC invocations=8 (full 0):
 garbage-first heap   total 524288K, used 46592K [0x00000000e0000000, 0x00000000e0101000, 0x0000000100000000)
  region size 1024K, 28 young (28672K), 28 survivors (28672K)
 Metaspace       used 43959K, capacity 45826K, committed 45952K, reserved 1089536K
  class space    used 5358K, capacity 5742K, committed 5760K, reserved 1048576K
}
 [Times: user=0.14 sys=0.00, real=0.02 secs] 
2021-04-20T14:44:30.360-0700: 13.720: [GC concurrent-root-region-scan-start]
2021-04-20T14:44:30.360-0700: 13.720: Total time for which application threads were stopped: 0.0174972 seconds, Stopping threads took: 0.0001149 seconds
2021-04-20T14:44:30.361-0700: 13.721: Total time for which application threads were stopped: 0.0003934 seconds, Stopping threads took: 0.0001022 seconds
2021-04-20T14:44:30.361-0700: 13.721: Total time for which application threads were stopped: 0.0002718 seconds, Stopping threads took: 0.0000484 seconds
2021-04-20T14:44:30.363-0700: 13.723: Total time for which application threads were stopped: 0.0003713 seconds, Stopping threads took: 0.0001324 seconds
2021-04-20T14:44:30.365-0700: 13.725: Total time for which application threads were stopped: 0.0013570 seconds, Stopping threads took: 0.0001071 seconds
2021-04-20T14:44:30.367-0700: 13.727: Total time for which application threads were stopped: 0.0005036 seconds, Stopping threads took: 0.0002843 seconds
2021-04-20T14:44:30.367-0700: 13.727: Total time for which application threads were stopped: 0.0002340 seconds, Stopping threads took: 0.0000753 seconds
2021-04-20T14:44:30.368-0700: 13.728: Total time for which application threads were stopped: 0.0006570 seconds, Stopping threads took: 0.0000986 seconds
2021-04-20T14:44:30.368-0700: 13.728: [GC concurrent-root-region-scan-end, 0.0080677 secs]
2021-04-20T14:44:30.368-0700: 13.728: [GC concurrent-mark-start]
2021-04-20T14:44:30.368-0700: 13.728: Total time for which application threads were stopped: 0.0002233 seconds, Stopping threads took: 0.0000822 seconds
2021-04-20T14:44:30.369-0700: 13.729: Total time for which application threads were stopped: 0.0006594 seconds, Stopping threads took: 0.0005653 seconds
2021-04-20T14:44:30.370-0700: 13.729: Total time for which application threads were stopped: 0.0002133 seconds, Stopping threads took: 0.0001181 seconds
2021-04-20T14:44:30.371-0700: 13.731: Total time for which application threads were stopped: 0.0008632 seconds, Stopping threads took: 0.0003493 seconds
2021-04-20T14:44:30.395-0700: 13.755: Total time for which application threads were stopped: 0.0005383 seconds, Stopping threads took: 0.0003236 seconds
2021-04-20T14:44:30.399-0700: 13.759: Total time for which application threads were stopped: 0.0009970 seconds, Stopping threads took: 0.0000925 seconds
2021-04-20T14:44:30.404-0700: 13.764: Total time for which application threads were stopped: 0.0002823 seconds, Stopping threads took: 0.0001122 seconds
2021-04-20T14:44:30.408-0700: 13.768: [GC concurrent-mark-end, 0.0401827 secs]
2021-04-20T14:44:30.409-0700: 13.769: [GC remark 2021-04-20T14:44:30.409-0700: 13.769: [Finalize Marking, 0.0003157 secs] 2021-04-20T14:44:30.409-0700: 13.769: [GC ref-proc, 0.0031039 secs] 2021-04-20T14:44:30.412-0700: 13.772: [Unloading, 0.0045789 secs], 0.0084207 secs]
 [Times: user=0.17 sys=0.00, real=0.01 secs] 
2021-04-20T14:44:30.417-0700: 13.777: Total time for which application threads were stopped: 0.0088951 seconds, Stopping threads took: 0.0001402 seconds
2021-04-20T14:44:30.418-0700: 13.778: [GC cleanup 66M->66M(512M), 0.0012999 secs]
 [Times: user=0.00 sys=0.00, real=0.00 secs] 
2021-04-20T14:44:30.420-0700: 13.779: Total time for which application threads were stopped: 0.0017411 seconds, Stopping threads took: 0.0001506 seconds
2021-04-20T14:44:30.429-0700: 13.789: Total time for which application threads were stopped: 0.0003128 seconds, Stopping threads took: 0.0001409 seconds
2021-04-20T14:44:30.436-0700: 13.796: Total time for which application threads were stopped: 0.0002599 seconds, Stopping threads took: 0.0001105 seconds
2021-04-20T14:44:30.437-0700: 13.797: Total time for which application threads were stopped: 0.0002443 seconds, Stopping threads took: 0.0001006 seconds
2021-04-20T14:44:30.442-0700: 13.802: Total time for which application threads were stopped: 0.0002977 seconds, Stopping threads took: 0.0001620 seconds
2021-04-20T14:44:30.444-0700: 13.804: Total time for which application threads were stopped: 0.0002935 seconds, Stopping threads took: 0.0001464 seconds
2021-04-20T14:44:30.455-0700: 13.815: Total time for which application threads were stopped: 0.0002389 seconds, Stopping threads took: 0.0000875 seconds
2021-04-20T14:44:30.518-0700: 13.878: Total time for which application threads were stopped: 0.0008305 seconds, Stopping threads took: 0.0000800 seconds
2021-04-20T14:44:30.531-0700: 13.891: Total time for which application threads were stopped: 0.0003372 seconds, Stopping threads took: 0.0000804 seconds
2021-04-20T14:44:30.531-0700: 13.891: Total time for which application threads were stopped: 0.0002260 seconds, Stopping threads took: 0.0000702 seconds
2021-04-20T14:44:30.532-0700: 13.892: Total time for which application threads were stopped: 0.0002097 seconds, Stopping threads took: 0.0000622 seconds
2021-04-20T14:44:30.532-0700: 13.892: Total time for which application threads were stopped: 0.0001859 seconds, Stopping threads took: 0.0000693 seconds
2021-04-20T14:44:30.532-0700: 13.892: Total time for which application threads were stopped: 0.0001610 seconds, Stopping threads took: 0.0000593 seconds
2021-04-20T14:44:30.533-0700: 13.892: Total time for which application threads were stopped: 0.0001811 seconds, Stopping threads took: 0.0000607 seconds
2021-04-20T14:44:30.534-0700: 13.894: Total time for which application threads were stopped: 0.0002509 seconds, Stopping threads took: 0.0001071 seconds
2021-04-20T14:44:30.534-0700: 13.894: Total time for which application threads were stopped: 0.0001893 seconds, Stopping threads took: 0.0000693 seconds
2021-04-20T14:44:30.535-0700: 13.894: Total time for which application threads were stopped: 0.0002012 seconds, Stopping threads took: 0.0000591 seconds
2021-04-20T14:44:30.535-0700: 13.895: Total time for which application threads were stopped: 0.0001621 seconds, Stopping threads took: 0.0000756 seconds
2021-04-20T14:44:30.535-0700: 13.895: Total time for which application threads were stopped: 0.0001719 seconds, Stopping threads took: 0.0000846 seconds
2021-04-20T14:44:30.535-0700: 13.895: Total time for which application threads were stopped: 0.0001605 seconds, Stopping threads took: 0.0000756 seconds
2021-04-20T14:44:30.536-0700: 13.895: Total time for which application threads were stopped: 0.0001704 seconds, Stopping threads took: 0.0000785 seconds
2021-04-20T14:44:30.536-0700: 13.896: Total time for which application threads were stopped: 0.0001450 seconds, Stopping threads took: 0.0000522 seconds
2021-04-20T14:44:30.618-0700: 13.978: Total time for which application threads were stopped: 0.0003698 seconds, Stopping threads took: 0.0000796 seconds
2021-04-20T14:44:30.619-0700: 13.978: Total time for which application threads were stopped: 0.0002772 seconds, Stopping threads took: 0.0000809 seconds
2021-04-20T14:44:30.619-0700: 13.979: Total time for which application threads were stopped: 0.0002623 seconds, Stopping threads took: 0.0000881 seconds
2021-04-20T14:44:30.619-0700: 13.979: Total time for which application threads were stopped: 0.0002729 seconds, Stopping threads took: 0.0000969 seconds
2021-04-20T14:44:30.620-0700: 13.980: Total time for which application threads were stopped: 0.0002629 seconds, Stopping threads took: 0.0001015 seconds
2021-04-20T14:44:30.620-0700: 13.980: Total time for which application threads were stopped: 0.0001756 seconds, Stopping threads took: 0.0000646 seconds
2021-04-20T14:44:30.632-0700: 13.992: Total time for which application threads were stopped: 0.0003090 seconds, Stopping threads took: 0.0000971 seconds
2021-04-20T14:44:30.632-0700: 13.992: Total time for which application threads were stopped: 0.0002150 seconds, Stopping threads took: 0.0000882 seconds
2021-04-20T14:44:30.632-0700: 13.992: Total time for which application threads were stopped: 0.0001470 seconds, Stopping threads took: 0.0000246 seconds
2021-04-20T14:44:30.633-0700: 13.993: Total time for which application threads were stopped: 0.0002177 seconds, Stopping threads took: 0.0000679 seconds
2021-04-20T14:44:30.633-0700: 13.993: Total time for which application threads were stopped: 0.0001280 seconds, Stopping threads took: 0.0000241 seconds
2021-04-20T14:44:30.634-0700: 13.993: Total time for which application threads were stopped: 0.0001953 seconds, Stopping threads took: 0.0000761 seconds
2021-04-20T14:44:30.637-0700: 13.997: Total time for which application threads were stopped: 0.0002953 seconds, Stopping threads took: 0.0001101 seconds
2021-04-20T14:44:30.639-0700: 13.999: Total time for which application threads were stopped: 0.0002217 seconds, Stopping threads took: 0.0000803 seconds
2021-04-20T14:44:30.670-0700: 14.030: Total time for which application threads were stopped: 0.0005661 seconds, Stopping threads took: 0.0002498 seconds
2021-04-20T14:44:30.678-0700: 14.038: Total time for which application threads were stopped: 0.0007521 seconds, Stopping threads took: 0.0002050 seconds
2021-04-20T14:44:30.681-0700: 14.040: Total time for which application threads were stopped: 0.0002576 seconds, Stopping threads took: 0.0000759 seconds
2021-04-20T14:44:30.684-0700: 14.043: Total time for which application threads were stopped: 0.0002479 seconds, Stopping threads took: 0.0000848 seconds
2021-04-20T14:44:30.694-0700: 14.053: Total time for which application threads were stopped: 0.0002294 seconds, Stopping threads took: 0.0000766 seconds
2021-04-20T14:44:30.694-0700: 14.054: Total time for which application threads were stopped: 0.0001601 seconds, Stopping threads took: 0.0000543 seconds
2021-04-20T14:44:30.698-0700: 14.058: Total time for which application threads were stopped: 0.0002377 seconds, Stopping threads took: 0.0000596 seconds
2021-04-20T14:44:30.699-0700: 14.059: Total time for which application threads were stopped: 0.0001908 seconds, Stopping threads took: 0.0000722 seconds
2021-04-20T14:44:30.714-0700: 14.074: Total time for which application threads were stopped: 0.0007986 seconds, Stopping threads took: 0.0000530 seconds
2021-04-20T14:44:30.779-0700: 14.139: Total time for which application threads were stopped: 0.0002691 seconds, Stopping threads took: 0.0001206 seconds
2021-04-20T14:44:30.782-0700: 14.141: Total time for which application threads were stopped: 0.0002114 seconds, Stopping threads took: 0.0000657 seconds
2021-04-20T14:44:30.782-0700: 14.142: Total time for which application threads were stopped: 0.0001623 seconds, Stopping threads took: 0.0000533 seconds
2021-04-20T14:44:30.783-0700: 14.143: Total time for which application threads were stopped: 0.0001819 seconds, Stopping threads took: 0.0000588 seconds
2021-04-20T14:44:30.783-0700: 14.143: Total time for which application threads were stopped: 0.0001491 seconds, Stopping threads took: 0.0000513 seconds
2021-04-20T14:44:30.785-0700: 14.145: Total time for which application threads were stopped: 0.0002326 seconds, Stopping threads took: 0.0000855 seconds
2021-04-20T14:44:30.785-0700: 14.145: Total time for which application threads were stopped: 0.0002092 seconds, Stopping threads took: 0.0000795 seconds
2021-04-20T14:44:30.864-0700: 14.224: Total time for which application threads were stopped: 0.0001864 seconds, Stopping threads took: 0.0000445 seconds
2021-04-20T14:44:30.864-0700: 14.224: Total time for which application threads were stopped: 0.0001096 seconds, Stopping threads took: 0.0000235 seconds
2021-04-20T14:44:31.248-0700: 14.607: Total time for which application threads were stopped: 0.0002428 seconds, Stopping threads took: 0.0000496 seconds
2021-04-20T14:44:31.249-0700: 14.608: Total time for which application threads were stopped: 0.0001583 seconds, Stopping threads took: 0.0000361 seconds
2021-04-20T14:44:31.249-0700: 14.608: Total time for which application threads were stopped: 0.0001297 seconds, Stopping threads took: 0.0000299 seconds
2021-04-20T14:44:31.261-0700: 14.621: Total time for which application threads were stopped: 0.0002731 seconds, Stopping threads took: 0.0001152 seconds
2021-04-20T14:44:31.262-0700: 14.621: Total time for which application threads were stopped: 0.0002751 seconds, Stopping threads took: 0.0001059 seconds
2021-04-20T14:44:31.263-0700: 14.622: Total time for which application threads were stopped: 0.0001919 seconds, Stopping threads took: 0.0000861 seconds
2021-04-20T14:44:31.263-0700: 14.622: Total time for which application threads were stopped: 0.0001891 seconds, Stopping threads took: 0.0000910 seconds
2021-04-20T14:44:31.314-0700: 14.674: Total time for which application threads were stopped: 0.0002495 seconds, Stopping threads took: 0.0001142 seconds
2021-04-20T14:44:31.315-0700: 14.674: Total time for which application threads were stopped: 0.0002067 seconds, Stopping threads took: 0.0000390 seconds
2021-04-20T14:44:31.324-0700: 14.683: Total time for which application threads were stopped: 0.0002366 seconds, Stopping threads took: 0.0000531 seconds
2021-04-20T14:44:31.439-0700: 14.798: Total time for which application threads were stopped: 0.0003304 seconds, Stopping threads took: 0.0000548 seconds
{Heap before GC invocations=9 (full 0):
 garbage-first heap   total 524288K, used 332288K [0x00000000e0000000, 0x00000000e0101000, 0x0000000100000000)
  region size 1024K, 307 young (314368K), 28 survivors (28672K)
 Metaspace       used 48767K, capacity 51078K, committed 51328K, reserved 1093632K
  class space    used 6011K, capacity 6474K, committed 6528K, reserved 1048576K
2021-04-20T14:44:31.443-0700: 14.802: [GC pause (G1 Evacuation Pause) (young)
Desired survivor size 20447232 bytes, new threshold 15 (max 15)
- age   1:    5033984 bytes,    5033984 total
- age   2:    7070144 bytes,   12104128 total
- age   3:     268048 bytes,   12372176 total
- age   4:    1154048 bytes,   13526224 total
, 0.0159688 secs]
   [Parallel Time: 10.5 ms, GC Workers: 10]
      [GC Worker Start (ms): Min: 14802.1, Avg: 14802.1, Max: 14802.2, Diff: 0.2]
      [Ext Root Scanning (ms): Min: 0.3, Avg: 0.8, Max: 3.5, Diff: 3.2, Sum: 8.0]
      [Update RS (ms): Min: 0.0, Avg: 0.3, Max: 0.5, Diff: 0.5, Sum: 2.8]
         [Processed Buffers: Min: 0, Avg: 2.4, Max: 9, Diff: 9, Sum: 24]
      [Scan RS (ms): Min: 0.0, Avg: 0.0, Max: 0.1, Diff: 0.0, Sum: 0.3]
      [Code Root Scanning (ms): Min: 0.0, Avg: 1.8, Max: 7.9, Diff: 7.9, Sum: 18.3]
      [Object Copy (ms): Min: 1.4, Avg: 7.2, Max: 9.3, Diff: 7.9, Sum: 71.9]
      [Termination (ms): Min: 0.0, Avg: 0.0, Max: 0.0, Diff: 0.0, Sum: 0.3]
         [Termination Attempts: Min: 1, Avg: 55.5, Max: 67, Diff: 66, Sum: 555]
      [GC Worker Other (ms): Min: 0.0, Avg: 0.0, Max: 0.1, Diff: 0.1, Sum: 0.4]
      [GC Worker Total (ms): Min: 10.1, Avg: 10.2, Max: 10.3, Diff: 0.2, Sum: 102.0]
      [GC Worker End (ms): Min: 14812.3, Avg: 14812.3, Max: 14812.4, Diff: 0.1]
   [Code Root Fixup: 0.1 ms]
   [Code Root Purge: 0.0 ms]
   [Clear CT: 0.3 ms]
   [Other: 5.2 ms]
      [Choose CSet: 0.0 ms]
      [Ref Proc: 4.2 ms]
      [Ref Enq: 0.3 ms]
      [Redirty Cards: 0.2 ms]
      [Humongous Register: 0.0 ms]
      [Humongous Reclaim: 0.0 ms]
      [Free CSet: 0.3 ms]
   [Eden: 279.0M(279.0M)->0.0B(278.0M) Survivors: 28.0M->29.0M Heap: 324.5M(512.0M)->47.0M(512.0M)]
Heap after GC invocations=10 (full 0):
 garbage-first heap   total 524288K, used 48128K [0x00000000e0000000, 0x00000000e0101000, 0x0000000100000000)
  region size 1024K, 29 young (29696K), 29 survivors (29696K)
 Metaspace       used 48767K, capacity 51078K, committed 51328K, reserved 1093632K
  class space    used 6011K, capacity 6474K, committed 6528K, reserved 1048576K
}
 [Times: user=0.16 sys=0.00, real=0.02 secs] 
2021-04-20T14:44:31.459-0700: 14.818: Total time for which application threads were stopped: 0.0164480 seconds, Stopping threads took: 0.0000831 seconds
2021-04-20T14:44:31.466-0700: 14.825: Total time for which application threads were stopped: 0.0002291 seconds, Stopping threads took: 0.0000572 seconds
2021-04-20T14:44:31.475-0700: 14.834: Total time for which application threads were stopped: 0.0002617 seconds, Stopping threads took: 0.0000699 seconds
2021-04-20T14:44:31.635-0700: 14.994: Total time for which application threads were stopped: 0.0002717 seconds, Stopping threads took: 0.0000717 seconds
2021-04-20T14:44:31.691-0700: 15.050: Total time for which application threads were stopped: 0.0002783 seconds, Stopping threads took: 0.0000870 seconds
2021-04-20T14:44:31.691-0700: 15.051: Total time for which application threads were stopped: 0.0001946 seconds, Stopping threads took: 0.0000383 seconds
2021-04-20T14:44:31.695-0700: 15.054: Total time for which application threads were stopped: 0.0002719 seconds, Stopping threads took: 0.0000656 seconds
2021-04-20T14:44:31.713-0700: 15.073: Total time for which application threads were stopped: 0.0008686 seconds, Stopping threads took: 0.0000623 seconds
2021-04-20T14:44:31.810-0700: 15.169: Total time for which application threads were stopped: 0.0010026 seconds, Stopping threads took: 0.0000649 seconds
2021-04-20T14:44:31.819-0700: 15.178: Total time for which application threads were stopped: 0.0005601 seconds, Stopping threads took: 0.0004067 seconds
2021-04-20T14:44:31.832-0700: 15.191: Total time for which application threads were stopped: 0.0001891 seconds, Stopping threads took: 0.0000460 seconds
2021-04-20T14:44:31.834-0700: 15.193: Total time for which application threads were stopped: 0.0007880 seconds, Stopping threads took: 0.0000342 seconds
2021-04-20T14:44:31.838-0700: 15.197: Total time for which application threads were stopped: 0.0008256 seconds, Stopping threads took: 0.0000670 seconds
2021-04-20T14:44:31.862-0700: 15.221: Total time for which application threads were stopped: 0.0003264 seconds, Stopping threads took: 0.0001452 seconds
2021-04-20T14:44:31.863-0700: 15.222: Total time for which application threads were stopped: 0.0002540 seconds, Stopping threads took: 0.0000997 seconds
2021-04-20T14:44:31.863-0700: 15.222: Total time for which application threads were stopped: 0.0002178 seconds, Stopping threads took: 0.0000998 seconds
2021-04-20T14:44:31.876-0700: 15.235: Total time for which application threads were stopped: 0.0002525 seconds, Stopping threads took: 0.0000939 seconds
2021-04-20T14:44:31.877-0700: 15.236: Total time for which application threads were stopped: 0.0002424 seconds, Stopping threads took: 0.0001033 seconds
2021-04-20T14:44:31.877-0700: 15.236: Total time for which application threads were stopped: 0.0002009 seconds, Stopping threads took: 0.0000927 seconds
2021-04-20T14:44:31.880-0700: 15.239: Total time for which application threads were stopped: 0.0006660 seconds, Stopping threads took: 0.0001311 seconds
2021-04-20T14:44:31.881-0700: 15.240: Total time for which application threads were stopped: 0.0002146 seconds, Stopping threads took: 0.0000834 seconds
2021-04-20T14:44:31.881-0700: 15.241: Total time for which application threads were stopped: 0.0002342 seconds, Stopping threads took: 0.0000928 seconds
2021-04-20T14:44:31.882-0700: 15.241: Total time for which application threads were stopped: 0.0001827 seconds, Stopping threads took: 0.0000696 seconds
2021-04-20T14:44:31.892-0700: 15.251: Total time for which application threads were stopped: 0.0007672 seconds, Stopping threads took: 0.0000448 seconds
2021-04-20T14:44:31.896-0700: 15.255: Total time for which application threads were stopped: 0.0002703 seconds, Stopping threads took: 0.0001097 seconds
2021-04-20T14:44:31.897-0700: 15.256: Total time for which application threads were stopped: 0.0002009 seconds, Stopping threads took: 0.0000621 seconds
2021-04-20T14:44:31.897-0700: 15.256: Total time for which application threads were stopped: 0.0001849 seconds, Stopping threads took: 0.0000571 seconds
2021-04-20T14:44:31.898-0700: 15.257: Total time for which application threads were stopped: 0.0001968 seconds, Stopping threads took: 0.0000433 seconds
2021-04-20T14:44:31.899-0700: 15.258: Total time for which application threads were stopped: 0.0002454 seconds, Stopping threads took: 0.0000658 seconds
2021-04-20T14:44:31.899-0700: 15.259: Total time for which application threads were stopped: 0.0002356 seconds, Stopping threads took: 0.0000631 seconds
2021-04-20T14:44:31.912-0700: 15.271: Total time for which application threads were stopped: 0.0009158 seconds, Stopping threads took: 0.0000499 seconds
2021-04-20T14:44:31.916-0700: 15.275: Total time for which application threads were stopped: 0.0001943 seconds, Stopping threads took: 0.0000453 seconds
2021-04-20T14:44:31.919-0700: 15.279: Total time for which application threads were stopped: 0.0001907 seconds, Stopping threads took: 0.0000486 seconds
2021-04-20T14:44:32.028-0700: 15.388: Total time for which application threads were stopped: 0.0002420 seconds, Stopping threads took: 0.0000469 seconds
2021-04-20T14:44:32.029-0700: 15.388: Total time for which application threads were stopped: 0.0001622 seconds, Stopping threads took: 0.0000313 seconds
2021-04-20T14:44:32.050-0700: 15.409: Total time for which application threads were stopped: 0.0008095 seconds, Stopping threads took: 0.0000457 seconds
2021-04-20T14:44:32.066-0700: 15.425: Total time for which application threads were stopped: 0.0002648 seconds, Stopping threads took: 0.0000612 seconds
2021-04-20T14:44:32.106-0700: 15.465: Total time for which application threads were stopped: 0.0002426 seconds, Stopping threads took: 0.0000562 seconds
2021-04-20T14:44:32.106-0700: 15.466: Total time for which application threads were stopped: 0.0001717 seconds, Stopping threads took: 0.0000314 seconds
2021-04-20T14:44:32.166-0700: 15.525: Total time for which application threads were stopped: 0.0002764 seconds, Stopping threads took: 0.0000951 seconds
2021-04-20T14:44:32.167-0700: 15.526: Total time for which application threads were stopped: 0.0002351 seconds, Stopping threads took: 0.0000916 seconds
2021-04-20T14:44:32.168-0700: 15.528: Total time for which application threads were stopped: 0.0002744 seconds, Stopping threads took: 0.0001179 seconds
2021-04-20T14:44:32.176-0700: 15.535: Total time for which application threads were stopped: 0.0002626 seconds, Stopping threads took: 0.0000986 seconds
2021-04-20T14:44:32.177-0700: 15.537: Total time for which application threads were stopped: 0.0002680 seconds, Stopping threads took: 0.0001304 seconds
2021-04-20T14:44:32.178-0700: 15.537: Total time for which application threads were stopped: 0.0002148 seconds, Stopping threads took: 0.0000909 seconds
2021-04-20T14:44:32.178-0700: 15.537: Total time for which application threads were stopped: 0.0002087 seconds, Stopping threads took: 0.0000990 seconds
2021-04-20T14:44:32.179-0700: 15.538: Total time for which application threads were stopped: 0.0002684 seconds, Stopping threads took: 0.0000932 seconds
2021-04-20T14:44:32.179-0700: 15.538: Total time for which application threads were stopped: 0.0002565 seconds, Stopping threads took: 0.0000708 seconds
2021-04-20T14:44:32.181-0700: 15.540: Total time for which application threads were stopped: 0.0010677 seconds, Stopping threads took: 0.0008328 seconds
2021-04-20T14:44:32.182-0700: 15.541: Total time for which application threads were stopped: 0.0004355 seconds, Stopping threads took: 0.0002568 seconds
2021-04-20T14:44:32.183-0700: 15.542: Total time for which application threads were stopped: 0.0003096 seconds, Stopping threads took: 0.0001728 seconds
2021-04-20T14:44:32.183-0700: 15.543: Total time for which application threads were stopped: 0.0002157 seconds, Stopping threads took: 0.0000950 seconds
2021-04-20T14:44:32.189-0700: 15.548: Total time for which application threads were stopped: 0.0002388 seconds, Stopping threads took: 0.0000876 seconds
2021-04-20T14:44:32.190-0700: 15.549: Total time for which application threads were stopped: 0.0002600 seconds, Stopping threads took: 0.0001040 seconds
2021-04-20T14:44:32.191-0700: 15.550: Total time for which application threads were stopped: 0.0002604 seconds, Stopping threads took: 0.0000905 seconds
2021-04-20T14:44:32.191-0700: 15.551: Total time for which application threads were stopped: 0.0002176 seconds, Stopping threads took: 0.0000891 seconds
2021-04-20T14:44:32.196-0700: 15.555: Total time for which application threads were stopped: 0.0002646 seconds, Stopping threads took: 0.0001170 seconds
2021-04-20T14:44:32.200-0700: 15.559: Total time for which application threads were stopped: 0.0002552 seconds, Stopping threads took: 0.0001030 seconds
2021-04-20T14:44:32.205-0700: 15.564: Total time for which application threads were stopped: 0.0003557 seconds, Stopping threads took: 0.0001205 seconds
2021-04-20T14:44:32.207-0700: 15.567: Total time for which application threads were stopped: 0.0002629 seconds, Stopping threads took: 0.0001123 seconds
2021-04-20T14:44:32.211-0700: 15.570: Total time for which application threads were stopped: 0.0030890 seconds, Stopping threads took: 0.0028411 seconds
2021-04-20T14:44:32.216-0700: 15.576: Total time for which application threads were stopped: 0.0002862 seconds, Stopping threads took: 0.0001207 seconds
2021-04-20T14:44:32.217-0700: 15.576: Total time for which application threads were stopped: 0.0002830 seconds, Stopping threads took: 0.0000978 seconds
2021-04-20T14:44:32.221-0700: 15.581: Total time for which application threads were stopped: 0.0002676 seconds, Stopping threads took: 0.0001011 seconds
2021-04-20T14:44:32.222-0700: 15.581: Total time for which application threads were stopped: 0.0002194 seconds, Stopping threads took: 0.0000918 seconds
2021-04-20T14:44:32.225-0700: 15.584: Total time for which application threads were stopped: 0.0003648 seconds, Stopping threads took: 0.0001234 seconds
2021-04-20T14:44:32.228-0700: 15.588: Total time for which application threads were stopped: 0.0002493 seconds, Stopping threads took: 0.0000959 seconds
{Heap before GC invocations=10 (full 0):
 garbage-first heap   total 524288K, used 332800K [0x00000000e0000000, 0x00000000e0101000, 0x0000000100000000)
  region size 1024K, 307 young (314368K), 29 survivors (29696K)
 Metaspace       used 53886K, capacity 56702K, committed 56832K, reserved 1099776K
  class space    used 6748K, capacity 7312K, committed 7424K, reserved 1048576K
2021-04-20T14:44:32.307-0700: 15.666: [GC pause (G1 Evacuation Pause) (young)
Desired survivor size 20447232 bytes, new threshold 15 (max 15)
- age   1:    6720688 bytes,    6720688 total
- age   2:    4833168 bytes,   11553856 total
- age   3:    7035136 bytes,   18588992 total
- age   4:     267024 bytes,   18856016 total
- age   5:    1150000 bytes,   20006016 total
, 0.0191021 secs]
   [Parallel Time: 13.1 ms, GC Workers: 10]
      [GC Worker Start (ms): Min: 15666.0, Avg: 15666.1, Max: 15666.2, Diff: 0.1]
      [Ext Root Scanning (ms): Min: 0.6, Avg: 1.3, Max: 3.7, Diff: 3.1, Sum: 12.5]
      [Update RS (ms): Min: 0.0, Avg: 0.3, Max: 0.5, Diff: 0.5, Sum: 2.8]
         [Processed Buffers: Min: 0, Avg: 2.0, Max: 8, Diff: 8, Sum: 20]
      [Scan RS (ms): Min: 0.0, Avg: 0.0, Max: 0.1, Diff: 0.1, Sum: 0.3]
      [Code Root Scanning (ms): Min: 0.0, Avg: 0.4, Max: 0.8, Diff: 0.8, Sum: 3.7]
      [Object Copy (ms): Min: 9.2, Avg: 10.9, Max: 11.7, Diff: 2.5, Sum: 108.9]
      [Termination (ms): Min: 0.0, Avg: 0.0, Max: 0.0, Diff: 0.0, Sum: 0.0]
         [Termination Attempts: Min: 1, Avg: 1.7, Max: 3, Diff: 2, Sum: 17]
      [GC Worker Other (ms): Min: 0.0, Avg: 0.0, Max: 0.1, Diff: 0.1, Sum: 0.4]
      [GC Worker Total (ms): Min: 12.8, Avg: 12.9, Max: 12.9, Diff: 0.2, Sum: 128.6]
      [GC Worker End (ms): Min: 15678.9, Avg: 15679.0, Max: 15679.0, Diff: 0.1]
   [Code Root Fixup: 0.1 ms]
   [Code Root Purge: 0.0 ms]
   [Clear CT: 0.2 ms]
   [Other: 5.6 ms]
      [Choose CSet: 0.0 ms]
      [Ref Proc: 4.9 ms]
      [Ref Enq: 0.2 ms]
      [Redirty Cards: 0.2 ms]
      [Humongous Register: 0.0 ms]
      [Humongous Reclaim: 0.0 ms]
      [Free CSet: 0.2 ms]
   [Eden: 278.0M(278.0M)->0.0B(268.0M) Survivors: 29.0M->39.0M Heap: 325.0M(512.0M)->58.1M(512.0M)]
Heap after GC invocations=11 (full 0):
 garbage-first heap   total 524288K, used 59458K [0x00000000e0000000, 0x00000000e0101000, 0x0000000100000000)
  region size 1024K, 39 young (39936K), 39 survivors (39936K)
 Metaspace       used 53886K, capacity 56702K, committed 56832K, reserved 1099776K
  class space    used 6748K, capacity 7312K, committed 7424K, reserved 1048576K
}
 [Times: user=0.06 sys=0.00, real=0.02 secs] 
2021-04-20T14:44:32.326-0700: 15.685: Total time for which application threads were stopped: 0.0195878 seconds, Stopping threads took: 0.0000745 seconds
2021-04-20T14:44:32.356-0700: 15.715: Total time for which application threads were stopped: 0.0007253 seconds, Stopping threads took: 0.0005564 seconds
2021-04-20T14:44:32.359-0700: 15.718: Total time for which application threads were stopped: 0.0002423 seconds, Stopping threads took: 0.0001002 seconds
2021-04-20T14:44:32.359-0700: 15.718: Total time for which application threads were stopped: 0.0002013 seconds, Stopping threads took: 0.0000733 seconds
2021-04-20T14:44:32.360-0700: 15.719: Total time for which application threads were stopped: 0.0005749 seconds, Stopping threads took: 0.0000647 seconds
2021-04-20T14:44:32.451-0700: 15.810: Total time for which application threads were stopped: 0.0003444 seconds, Stopping threads took: 0.0001221 seconds
2021-04-20T14:44:32.455-0700: 15.814: Total time for which application threads were stopped: 0.0002515 seconds, Stopping threads took: 0.0000954 seconds
2021-04-20T14:44:32.591-0700: 15.950: Total time for which application threads were stopped: 0.0002960 seconds, Stopping threads took: 0.0001226 seconds
2021-04-20T14:44:32.631-0700: 15.991: Total time for which application threads were stopped: 0.0003024 seconds, Stopping threads took: 0.0000622 seconds
2021-04-20T14:44:32.687-0700: 16.046: Total time for which application threads were stopped: 0.0002543 seconds, Stopping threads took: 0.0000574 seconds
2021-04-20T14:44:32.687-0700: 16.046: Total time for which application threads were stopped: 0.0002384 seconds, Stopping threads took: 0.0000885 seconds
2021-04-20T14:44:32.692-0700: 16.052: Total time for which application threads were stopped: 0.0001832 seconds, Stopping threads took: 0.0000558 seconds
2021-04-20T14:44:32.745-0700: 16.104: Total time for which application threads were stopped: 0.0002653 seconds, Stopping threads took: 0.0000976 seconds
2021-04-20T14:44:32.754-0700: 16.114: Total time for which application threads were stopped: 0.0003261 seconds, Stopping threads took: 0.0001738 seconds
2021-04-20T14:44:32.755-0700: 16.114: Total time for which application threads were stopped: 0.0001606 seconds, Stopping threads took: 0.0000505 seconds
2021-04-20T14:44:32.755-0700: 16.114: Total time for which application threads were stopped: 0.0001509 seconds, Stopping threads took: 0.0000255 seconds
2021-04-20T14:44:32.759-0700: 16.118: Total time for which application threads were stopped: 0.0002153 seconds, Stopping threads took: 0.0000807 seconds
2021-04-20T14:44:32.765-0700: 16.125: Total time for which application threads were stopped: 0.0001962 seconds, Stopping threads took: 0.0000383 seconds
2021-04-20T14:44:32.766-0700: 16.125: Total time for which application threads were stopped: 0.0001428 seconds, Stopping threads took: 0.0000257 seconds
2021-04-20T14:44:32.766-0700: 16.125: Total time for which application threads were stopped: 0.0001278 seconds, Stopping threads took: 0.0000243 seconds
2021-04-20T14:44:32.776-0700: 16.136: Total time for which application threads were stopped: 0.0004655 seconds, Stopping threads took: 0.0002040 seconds
2021-04-20T14:44:32.778-0700: 16.137: Total time for which application threads were stopped: 0.0003492 seconds, Stopping threads took: 0.0001867 seconds
2021-04-20T14:44:32.778-0700: 16.137: Total time for which application threads were stopped: 0.0001480 seconds, Stopping threads took: 0.0000354 seconds
2021-04-20T14:44:32.779-0700: 16.139: Total time for which application threads were stopped: 0.0003466 seconds, Stopping threads took: 0.0002110 seconds
2021-04-20T14:44:32.780-0700: 16.139: Total time for which application threads were stopped: 0.0003213 seconds, Stopping threads took: 0.0001818 seconds
2021-04-20T14:44:32.780-0700: 16.140: Total time for which application threads were stopped: 0.0002783 seconds, Stopping threads took: 0.0001655 seconds
2021-04-20T14:44:32.781-0700: 16.140: Total time for which application threads were stopped: 0.0002079 seconds, Stopping threads took: 0.0000793 seconds
2021-04-20T14:44:32.781-0700: 16.140: Total time for which application threads were stopped: 0.0002517 seconds, Stopping threads took: 0.0001367 seconds
2021-04-20T14:44:32.781-0700: 16.141: Total time for which application threads were stopped: 0.0002216 seconds, Stopping threads took: 0.0000872 seconds
2021-04-20T14:44:32.782-0700: 16.141: Total time for which application threads were stopped: 0.0002721 seconds, Stopping threads took: 0.0001583 seconds
2021-04-20T14:44:32.782-0700: 16.142: Total time for which application threads were stopped: 0.0002634 seconds, Stopping threads took: 0.0001492 seconds
2021-04-20T14:44:32.783-0700: 16.143: Total time for which application threads were stopped: 0.0003030 seconds, Stopping threads took: 0.0001591 seconds
2021-04-20T14:44:32.784-0700: 16.143: Total time for which application threads were stopped: 0.0003545 seconds, Stopping threads took: 0.0002356 seconds
2021-04-20T14:44:32.785-0700: 16.144: Total time for which application threads were stopped: 0.0002497 seconds, Stopping threads took: 0.0001076 seconds
2021-04-20T14:44:32.785-0700: 16.144: Total time for which application threads were stopped: 0.0002527 seconds, Stopping threads took: 0.0001352 seconds
2021-04-20T14:44:32.931-0700: 16.291: Total time for which application threads were stopped: 0.0007007 seconds, Stopping threads took: 0.0002943 seconds
2021-04-20T14:44:32.960-0700: 16.319: Total time for which application threads were stopped: 0.0004397 seconds, Stopping threads took: 0.0001046 seconds
2021-04-20T14:44:33.082-0700: 16.441: Total time for which application threads were stopped: 0.0008918 seconds, Stopping threads took: 0.0003393 seconds
2021-04-20T14:44:33.083-0700: 16.443: Total time for which application threads were stopped: 0.0006594 seconds, Stopping threads took: 0.0001625 seconds
2021-04-20T14:44:33.652-0700: 17.011: Total time for which application threads were stopped: 0.0002930 seconds, Stopping threads took: 0.0000757 seconds
2021-04-20T14:44:33.662-0700: 17.021: Total time for which application threads were stopped: 0.0009147 seconds, Stopping threads took: 0.0001533 seconds
2021-04-20T14:44:33.712-0700: 17.071: Total time for which application threads were stopped: 0.0004241 seconds, Stopping threads took: 0.0002121 seconds
2021-04-20T14:44:33.714-0700: 17.073: Total time for which application threads were stopped: 0.0002872 seconds, Stopping threads took: 0.0001272 seconds
2021-04-20T14:44:33.724-0700: 17.083: Total time for which application threads were stopped: 0.0002701 seconds, Stopping threads took: 0.0000767 seconds
2021-04-20T14:44:33.724-0700: 17.083: Total time for which application threads were stopped: 0.0002015 seconds, Stopping threads took: 0.0000643 seconds
2021-04-20T14:44:33.724-0700: 17.083: Total time for which application threads were stopped: 0.0002228 seconds, Stopping threads took: 0.0001069 seconds
2021-04-20T14:44:33.724-0700: 17.084: Total time for which application threads were stopped: 0.0001773 seconds, Stopping threads took: 0.0000583 seconds
2021-04-20T14:44:33.725-0700: 17.084: Total time for which application threads were stopped: 0.0002192 seconds, Stopping threads took: 0.0001043 seconds
2021-04-20T14:44:33.755-0700: 17.114: Total time for which application threads were stopped: 0.0002937 seconds, Stopping threads took: 0.0001198 seconds
2021-04-20T14:44:33.757-0700: 17.116: Total time for which application threads were stopped: 0.0002782 seconds, Stopping threads took: 0.0001129 seconds
2021-04-20T14:44:33.779-0700: 17.138: Total time for which application threads were stopped: 0.0002752 seconds, Stopping threads took: 0.0000976 seconds
2021-04-20T14:44:33.779-0700: 17.138: Total time for which application threads were stopped: 0.0001828 seconds, Stopping threads took: 0.0000583 seconds
2021-04-20T14:44:33.779-0700: 17.138: Total time for which application threads were stopped: 0.0001700 seconds, Stopping threads took: 0.0000674 seconds
2021-04-20T14:44:33.781-0700: 17.140: Total time for which application threads were stopped: 0.0001601 seconds, Stopping threads took: 0.0000376 seconds
2021-04-20T14:44:33.781-0700: 17.140: Total time for which application threads were stopped: 0.0001899 seconds, Stopping threads took: 0.0000634 seconds
2021-04-20T14:44:33.782-0700: 17.141: Total time for which application threads were stopped: 0.0002116 seconds, Stopping threads took: 0.0000621 seconds
2021-04-20T14:44:33.786-0700: 17.145: Total time for which application threads were stopped: 0.0002518 seconds, Stopping threads took: 0.0000980 seconds
2021-04-20T14:44:33.787-0700: 17.146: Total time for which application threads were stopped: 0.0001507 seconds, Stopping threads took: 0.0000306 seconds
2021-04-20T14:44:33.787-0700: 17.146: Total time for which application threads were stopped: 0.0001096 seconds, Stopping threads took: 0.0000254 seconds
2021-04-20T14:44:33.787-0700: 17.146: Total time for which application threads were stopped: 0.0001709 seconds, Stopping threads took: 0.0000712 seconds
2021-04-20T14:44:33.788-0700: 17.147: Total time for which application threads were stopped: 0.0001988 seconds, Stopping threads took: 0.0000735 seconds
2021-04-20T14:44:33.789-0700: 17.149: Total time for which application threads were stopped: 0.0001842 seconds, Stopping threads took: 0.0000709 seconds
2021-04-20T14:44:33.790-0700: 17.149: Total time for which application threads were stopped: 0.0001947 seconds, Stopping threads took: 0.0000884 seconds
2021-04-20T14:44:33.790-0700: 17.149: Total time for which application threads were stopped: 0.0001613 seconds, Stopping threads took: 0.0000696 seconds
2021-04-20T14:44:33.790-0700: 17.149: Total time for which application threads were stopped: 0.0001556 seconds, Stopping threads took: 0.0000688 seconds
2021-04-20T14:44:33.809-0700: 17.168: Total time for which application threads were stopped: 0.0002639 seconds, Stopping threads took: 0.0000767 seconds
2021-04-20T14:44:33.810-0700: 17.169: Total time for which application threads were stopped: 0.0001745 seconds, Stopping threads took: 0.0000318 seconds
2021-04-20T14:44:34.780-0700: 18.140: Total time for which application threads were stopped: 0.0003379 seconds, Stopping threads took: 0.0000584 seconds
2021-04-20T14:44:34.829-0700: 18.188: Total time for which application threads were stopped: 0.0002799 seconds, Stopping threads took: 0.0000790 seconds
2021-04-20T14:44:34.830-0700: 18.189: Total time for which application threads were stopped: 0.0001596 seconds, Stopping threads took: 0.0000372 seconds
2021-04-20T14:44:35.680-0700: 19.039: Total time for which application threads were stopped: 0.0003880 seconds, Stopping threads took: 0.0000975 seconds
2021-04-20T14:44:35.680-0700: 19.039: Total time for which application threads were stopped: 0.0004108 seconds, Stopping threads took: 0.0001435 seconds
2021-04-20T14:44:36.426-0700: 19.785: Total time for which application threads were stopped: 0.0001754 seconds, Stopping threads took: 0.0000430 seconds
2021-04-20T14:44:36.435-0700: 19.794: Total time for which application threads were stopped: 0.0002782 seconds, Stopping threads took: 0.0000589 seconds
2021-04-20T14:44:36.435-0700: 19.794: Total time for which application threads were stopped: 0.0001817 seconds, Stopping threads took: 0.0000330 seconds
2021-04-20T14:44:36.435-0700: 19.794: Total time for which application threads were stopped: 0.0002326 seconds, Stopping threads took: 0.0000588 seconds
2021-04-20T14:44:36.435-0700: 19.795: Total time for which application threads were stopped: 0.0001413 seconds, Stopping threads took: 0.0000541 seconds
2021-04-20T14:44:36.436-0700: 19.795: Total time for which application threads were stopped: 0.0001512 seconds, Stopping threads took: 0.0000486 seconds
2021-04-20T14:44:36.436-0700: 19.795: Total time for which application threads were stopped: 0.0001794 seconds, Stopping threads took: 0.0000278 seconds
2021-04-20T14:44:36.436-0700: 19.795: Total time for which application threads were stopped: 0.0001390 seconds, Stopping threads took: 0.0000515 seconds
2021-04-20T14:44:36.436-0700: 19.795: Total time for which application threads were stopped: 0.0001456 seconds, Stopping threads took: 0.0000610 seconds
2021-04-20T14:44:36.437-0700: 19.796: Total time for which application threads were stopped: 0.0002272 seconds, Stopping threads took: 0.0000572 seconds
2021-04-20T14:44:36.437-0700: 19.796: Total time for which application threads were stopped: 0.0002113 seconds, Stopping threads took: 0.0000534 seconds
2021-04-20T14:44:36.437-0700: 19.796: Total time for which application threads were stopped: 0.0001477 seconds, Stopping threads took: 0.0000639 seconds
2021-04-20T14:44:36.437-0700: 19.797: Total time for which application threads were stopped: 0.0001695 seconds, Stopping threads took: 0.0000505 seconds
2021-04-20T14:44:36.438-0700: 19.797: Total time for which application threads were stopped: 0.0001850 seconds, Stopping threads took: 0.0000509 seconds
2021-04-20T14:44:36.438-0700: 19.797: Total time for which application threads were stopped: 0.0001786 seconds, Stopping threads took: 0.0000569 seconds
2021-04-20T14:44:36.438-0700: 19.797: Total time for which application threads were stopped: 0.0001817 seconds, Stopping threads took: 0.0000287 seconds
2021-04-20T14:44:36.438-0700: 19.798: Total time for which application threads were stopped: 0.0001865 seconds, Stopping threads took: 0.0000257 seconds
2021-04-20T14:44:36.439-0700: 19.798: Total time for which application threads were stopped: 0.0001850 seconds, Stopping threads took: 0.0000234 seconds
2021-04-20T14:44:36.439-0700: 19.798: Total time for which application threads were stopped: 0.0001720 seconds, Stopping threads took: 0.0000250 seconds
2021-04-20T14:44:36.439-0700: 19.798: Total time for which application threads were stopped: 0.0001747 seconds, Stopping threads took: 0.0000239 seconds
2021-04-20T14:44:36.440-0700: 19.799: Total time for which application threads were stopped: 0.0006969 seconds, Stopping threads took: 0.0000240 seconds
2021-04-20T14:44:36.440-0700: 19.799: Total time for which application threads were stopped: 0.0001457 seconds, Stopping threads took: 0.0000484 seconds
2021-04-20T14:44:37.440-0700: 20.799: Total time for which application threads were stopped: 0.0005108 seconds, Stopping threads took: 0.0000846 seconds
2021-04-20T14:44:37.682-0700: 21.042: Total time for which application threads were stopped: 0.0006352 seconds, Stopping threads took: 0.0002950 seconds
2021-04-20T14:44:37.683-0700: 21.043: Total time for which application threads were stopped: 0.0004228 seconds, Stopping threads took: 0.0001035 seconds
2021-04-20T14:44:39.036-0700: 22.395: Total time for which application threads were stopped: 0.0006156 seconds, Stopping threads took: 0.0001066 seconds
2021-04-20T14:44:39.126-0700: 22.486: Total time for which application threads were stopped: 0.0004303 seconds, Stopping threads took: 0.0000726 seconds
2021-04-20T14:44:40.127-0700: 23.486: Total time for which application threads were stopped: 0.0001627 seconds, Stopping threads took: 0.0000378 seconds
2021-04-20T14:44:41.127-0700: 24.486: Total time for which application threads were stopped: 0.0002160 seconds, Stopping threads took: 0.0000544 seconds
2021-04-20T14:44:42.128-0700: 25.487: Total time for which application threads were stopped: 0.0002684 seconds, Stopping threads took: 0.0000454 seconds
2021-04-20T14:44:42.867-0700: 26.226: Total time for which application threads were stopped: 0.0003632 seconds, Stopping threads took: 0.0000686 seconds
2021-04-20T14:44:42.867-0700: 26.226: Total time for which application threads were stopped: 0.0002263 seconds, Stopping threads took: 0.0000414 seconds
2021-04-20T14:44:42.867-0700: 26.226: Total time for which application threads were stopped: 0.0002442 seconds, Stopping threads took: 0.0000760 seconds
2021-04-20T14:44:42.868-0700: 26.227: Total time for which application threads were stopped: 0.0001878 seconds, Stopping threads took: 0.0000368 seconds
2021-04-20T14:44:42.868-0700: 26.227: Total time for which application threads were stopped: 0.0001755 seconds, Stopping threads took: 0.0000470 seconds
2021-04-20T14:44:42.868-0700: 26.227: Total time for which application threads were stopped: 0.0002298 seconds, Stopping threads took: 0.0001073 seconds
2021-04-20T14:44:42.870-0700: 26.229: Total time for which application threads were stopped: 0.0002786 seconds, Stopping threads took: 0.0000789 seconds
2021-04-20T14:44:42.876-0700: 26.235: Total time for which application threads were stopped: 0.0003174 seconds, Stopping threads took: 0.0000897 seconds
2021-04-20T14:44:42.877-0700: 26.236: Total time for which application threads were stopped: 0.0002721 seconds, Stopping threads took: 0.0000515 seconds
2021-04-20T14:44:42.883-0700: 26.242: Total time for which application threads were stopped: 0.0002190 seconds, Stopping threads took: 0.0000441 seconds
2021-04-20T14:44:42.884-0700: 26.243: Total time for which application threads were stopped: 0.0001588 seconds, Stopping threads took: 0.0000358 seconds
2021-04-20T14:44:42.884-0700: 26.243: Total time for which application threads were stopped: 0.0001256 seconds, Stopping threads took: 0.0000315 seconds
2021-04-20T14:44:42.884-0700: 26.243: Total time for which application threads were stopped: 0.0001232 seconds, Stopping threads took: 0.0000276 seconds
2021-04-20T14:44:42.884-0700: 26.243: Total time for which application threads were stopped: 0.0001127 seconds, Stopping threads took: 0.0000326 seconds
2021-04-20T14:44:42.887-0700: 26.246: Total time for which application threads were stopped: 0.0001975 seconds, Stopping threads took: 0.0000624 seconds
2021-04-20T14:44:43.887-0700: 27.246: Total time for which application threads were stopped: 0.0003058 seconds, Stopping threads took: 0.0000644 seconds
{Heap before GC invocations=11 (full 0):
 garbage-first heap   total 524288K, used 333890K [0x00000000e0000000, 0x00000000e0101000, 0x0000000100000000)
  region size 1024K, 307 young (314368K), 39 survivors (39936K)
 Metaspace       used 55393K, capacity 58412K, committed 58496K, reserved 1099776K
  class space    used 6904K, capacity 7484K, committed 7552K, reserved 1048576K
2021-04-20T14:44:44.555-0700: 27.914: [GC pause (G1 Evacuation Pause) (young)
Desired survivor size 20447232 bytes, new threshold 3 (max 15)
- age   1:   12342056 bytes,   12342056 total
- age   2:    6508200 bytes,   18850256 total
- age   3:    4810928 bytes,   23661184 total
- age   4:    7032000 bytes,   30693184 total
- age   5:     266768 bytes,   30959952 total
- age   6:    1148200 bytes,   32108152 total
, 0.0282250 secs]
   [Parallel Time: 19.4 ms, GC Workers: 10]
      [GC Worker Start (ms): Min: 27914.4, Avg: 27914.5, Max: 27914.5, Diff: 0.2]
      [Ext Root Scanning (ms): Min: 0.5, Avg: 1.3, Max: 5.4, Diff: 4.8, Sum: 12.8]
      [Update RS (ms): Min: 0.0, Avg: 0.3, Max: 0.5, Diff: 0.5, Sum: 3.1]
         [Processed Buffers: Min: 0, Avg: 3.6, Max: 12, Diff: 12, Sum: 36]
      [Scan RS (ms): Min: 0.0, Avg: 0.0, Max: 0.1, Diff: 0.0, Sum: 0.3]
      [Code Root Scanning (ms): Min: 0.0, Avg: 0.6, Max: 1.2, Diff: 1.2, Sum: 5.7]
      [Object Copy (ms): Min: 13.7, Avg: 16.8, Max: 18.0, Diff: 4.3, Sum: 168.2]
      [Termination (ms): Min: 0.0, Avg: 0.0, Max: 0.0, Diff: 0.0, Sum: 0.0]
         [Termination Attempts: Min: 1, Avg: 1.5, Max: 2, Diff: 1, Sum: 15]
      [GC Worker Other (ms): Min: 0.0, Avg: 0.1, Max: 0.1, Diff: 0.1, Sum: 0.6]
      [GC Worker Total (ms): Min: 19.0, Avg: 19.1, Max: 19.2, Diff: 0.2, Sum: 190.8]
      [GC Worker End (ms): Min: 27933.5, Avg: 27933.5, Max: 27933.6, Diff: 0.1]
   [Code Root Fixup: 0.1 ms]
   [Code Root Purge: 0.0 ms]
   [Clear CT: 0.5 ms]
   [Other: 8.3 ms]
      [Choose CSet: 0.0 ms]
      [Ref Proc: 7.2 ms]
      [Ref Enq: 0.3 ms]
      [Redirty Cards: 0.3 ms]
      [Humongous Register: 0.0 ms]
      [Humongous Reclaim: 0.0 ms]
      [Free CSet: 0.3 ms]
   [Eden: 268.0M(268.0M)->0.0B(269.0M) Survivors: 39.0M->38.0M Heap: 326.1M(512.0M)->69.3M(512.0M)]
Heap after GC invocations=12 (full 0):
 garbage-first heap   total 524288K, used 70962K [0x00000000e0000000, 0x00000000e0101000, 0x0000000100000000)
  region size 1024K, 38 young (38912K), 38 survivors (38912K)
 Metaspace       used 55393K, capacity 58412K, committed 58496K, reserved 1099776K
  class space    used 6904K, capacity 7484K, committed 7552K, reserved 1048576K
}
 [Times: user=0.30 sys=0.00, real=0.03 secs] 
2021-04-20T14:44:44.583-0700: 27.943: Total time for which application threads were stopped: 0.0287157 seconds, Stopping threads took: 0.0000781 seconds
2021-04-20T14:44:44.859-0700: 28.218: Total time for which application threads were stopped: 0.0003337 seconds, Stopping threads took: 0.0001245 seconds
2021-04-20T14:44:44.859-0700: 28.218: Total time for which application threads were stopped: 0.0002429 seconds, Stopping threads took: 0.0000791 seconds
2021-04-20T14:44:44.859-0700: 28.218: Total time for which application threads were stopped: 0.0002098 seconds, Stopping threads took: 0.0000615 seconds
2021-04-20T14:44:44.862-0700: 28.221: Total time for which application threads were stopped: 0.0002886 seconds, Stopping threads took: 0.0001157 seconds
2021-04-20T14:44:44.862-0700: 28.221: Total time for which application threads were stopped: 0.0002216 seconds, Stopping threads took: 0.0000650 seconds
2021-04-20T14:44:44.862-0700: 28.221: Total time for which application threads were stopped: 0.0002095 seconds, Stopping threads took: 0.0000630 seconds
2021-04-20T14:44:45.138-0700: 28.498: Total time for which application threads were stopped: 0.0003206 seconds, Stopping threads took: 0.0000840 seconds
2021-04-20T14:44:45.139-0700: 28.498: Total time for which application threads were stopped: 0.0002084 seconds, Stopping threads took: 0.0000695 seconds
2021-04-20T14:44:45.139-0700: 28.498: Total time for which application threads were stopped: 0.0001653 seconds, Stopping threads took: 0.0000647 seconds
2021-04-20T14:44:45.139-0700: 28.498: Total time for which application threads were stopped: 0.0001624 seconds, Stopping threads took: 0.0000642 seconds
2021-04-20T14:44:45.139-0700: 28.498: Total time for which application threads were stopped: 0.0001841 seconds, Stopping threads took: 0.0000713 seconds
2021-04-20T14:44:45.141-0700: 28.501: Total time for which application threads were stopped: 0.0001749 seconds, Stopping threads took: 0.0000550 seconds
2021-04-20T14:44:45.142-0700: 28.501: Total time for which application threads were stopped: 0.0001604 seconds, Stopping threads took: 0.0000552 seconds
2021-04-20T14:44:45.142-0700: 28.501: Total time for which application threads were stopped: 0.0001283 seconds, Stopping threads took: 0.0000249 seconds
2021-04-20T14:44:45.142-0700: 28.501: Total time for which application threads were stopped: 0.0001758 seconds, Stopping threads took: 0.0000308 seconds
2021-04-20T14:44:45.282-0700: 28.641: Total time for which application threads were stopped: 0.0003045 seconds, Stopping threads took: 0.0000930 seconds
2021-04-20T14:44:45.299-0700: 28.658: Total time for which application threads were stopped: 0.0002936 seconds, Stopping threads took: 0.0000899 seconds
2021-04-20T14:44:45.299-0700: 28.659: Total time for which application threads were stopped: 0.0002492 seconds, Stopping threads took: 0.0000614 seconds
2021-04-20T14:44:45.455-0700: 28.815: Total time for which application threads were stopped: 0.0007192 seconds, Stopping threads took: 0.0001375 seconds
2021-04-20T14:44:45.461-0700: 28.821: Total time for which application threads were stopped: 0.0004729 seconds, Stopping threads took: 0.0001054 seconds
2021-04-20T14:44:45.745-0700: 29.105: Total time for which application threads were stopped: 0.0026469 seconds, Stopping threads took: 0.0002207 seconds
2021-04-20T14:44:45.772-0700: 29.131: Total time for which application threads were stopped: 0.0003336 seconds, Stopping threads took: 0.0001156 seconds
2021-04-20T14:44:45.772-0700: 29.132: Total time for which application threads were stopped: 0.0002661 seconds, Stopping threads took: 0.0000822 seconds
2021-04-20T14:44:46.437-0700: 29.797: Total time for which application threads were stopped: 0.0005255 seconds, Stopping threads took: 0.0001340 seconds
2021-04-20T14:44:47.438-0700: 30.798: Total time for which application threads were stopped: 0.0005158 seconds, Stopping threads took: 0.0001107 seconds
2021-04-20T14:44:48.319-0700: 31.678: Total time for which application threads were stopped: 0.0006020 seconds, Stopping threads took: 0.0001765 seconds
2021-04-20T14:44:48.320-0700: 31.680: Total time for which application threads were stopped: 0.0008416 seconds, Stopping threads took: 0.0002905 seconds
2021-04-20T14:44:48.321-0700: 31.681: Total time for which application threads were stopped: 0.0007716 seconds, Stopping threads took: 0.0002672 seconds
2021-04-20T14:44:48.322-0700: 31.682: Total time for which application threads were stopped: 0.0006142 seconds, Stopping threads took: 0.0001683 seconds
2021-04-20T14:44:48.323-0700: 31.683: Total time for which application threads were stopped: 0.0007354 seconds, Stopping threads took: 0.0002147 seconds
2021-04-20T14:44:48.324-0700: 31.683: Total time for which application threads were stopped: 0.0007516 seconds, Stopping threads took: 0.0001830 seconds
2021-04-20T14:44:48.325-0700: 31.684: Total time for which application threads were stopped: 0.0007130 seconds, Stopping threads took: 0.0001031 seconds
2021-04-20T14:44:48.328-0700: 31.688: Total time for which application threads were stopped: 0.0007232 seconds, Stopping threads took: 0.0002245 seconds
2021-04-20T14:44:48.330-0700: 31.689: Total time for which application threads were stopped: 0.0014042 seconds, Stopping threads took: 0.0004082 seconds
2021-04-20T14:44:48.334-0700: 31.693: Total time for which application threads were stopped: 0.0005294 seconds, Stopping threads took: 0.0001140 seconds
2021-04-20T14:44:48.336-0700: 31.695: Total time for which application threads were stopped: 0.0005984 seconds, Stopping threads took: 0.0001222 seconds
2021-04-20T14:44:48.336-0700: 31.695: Total time for which application threads were stopped: 0.0005857 seconds, Stopping threads took: 0.0001247 seconds
2021-04-20T14:44:48.337-0700: 31.696: Total time for which application threads were stopped: 0.0005786 seconds, Stopping threads took: 0.0001171 seconds
2021-04-20T14:44:48.338-0700: 31.697: Total time for which application threads were stopped: 0.0005430 seconds, Stopping threads took: 0.0000965 seconds
2021-04-20T14:44:48.341-0700: 31.701: Total time for which application threads were stopped: 0.0008600 seconds, Stopping threads took: 0.0003324 seconds
2021-04-20T14:44:48.385-0700: 31.745: Total time for which application threads were stopped: 0.0003993 seconds, Stopping threads took: 0.0001259 seconds
2021-04-20T14:44:48.385-0700: 31.745: Total time for which application threads were stopped: 0.0002729 seconds, Stopping threads took: 0.0000554 seconds
2021-04-20T14:44:48.386-0700: 31.745: Total time for which application threads were stopped: 0.0003046 seconds, Stopping threads took: 0.0001001 seconds
2021-04-20T14:44:48.386-0700: 31.746: Total time for which application threads were stopped: 0.0002299 seconds, Stopping threads took: 0.0000452 seconds
2021-04-20T14:44:48.387-0700: 31.746: Total time for which application threads were stopped: 0.0003415 seconds, Stopping threads took: 0.0001188 seconds
2021-04-20T14:44:48.387-0700: 31.747: Total time for which application threads were stopped: 0.0002736 seconds, Stopping threads took: 0.0000816 seconds
2021-04-20T14:44:48.388-0700: 31.747: Total time for which application threads were stopped: 0.0003813 seconds, Stopping threads took: 0.0001290 seconds
2021-04-20T14:44:48.389-0700: 31.748: Total time for which application threads were stopped: 0.0002994 seconds, Stopping threads took: 0.0000865 seconds
2021-04-20T14:44:48.389-0700: 31.749: Total time for which application threads were stopped: 0.0003009 seconds, Stopping threads took: 0.0001009 seconds
2021-04-20T14:44:48.391-0700: 31.750: Total time for which application threads were stopped: 0.0001944 seconds, Stopping threads took: 0.0000457 seconds
2021-04-20T14:44:48.391-0700: 31.751: Total time for which application threads were stopped: 0.0002348 seconds, Stopping threads took: 0.0000793 seconds
2021-04-20T14:44:48.392-0700: 31.751: Total time for which application threads were stopped: 0.0002589 seconds, Stopping threads took: 0.0000735 seconds
2021-04-20T14:44:48.392-0700: 31.751: Total time for which application threads were stopped: 0.0002572 seconds, Stopping threads took: 0.0000884 seconds
2021-04-20T14:44:48.392-0700: 31.752: Total time for which application threads were stopped: 0.0002036 seconds, Stopping threads took: 0.0000770 seconds
2021-04-20T14:44:48.397-0700: 31.757: Total time for which application threads were stopped: 0.0004621 seconds, Stopping threads took: 0.0001120 seconds
2021-04-20T14:44:48.401-0700: 31.761: Total time for which application threads were stopped: 0.0004321 seconds, Stopping threads took: 0.0001879 seconds
2021-04-20T14:44:48.404-0700: 31.764: Total time for which application threads were stopped: 0.0004399 seconds, Stopping threads took: 0.0001264 seconds
2021-04-20T14:44:49.405-0700: 32.764: Total time for which application threads were stopped: 0.0006140 seconds, Stopping threads took: 0.0001249 seconds
2021-04-20T14:44:50.966-0700: 34.326: Total time for which application threads were stopped: 0.0003401 seconds, Stopping threads took: 0.0000752 seconds
2021-04-20T14:44:51.966-0700: 35.326: Total time for which application threads were stopped: 0.0008112 seconds, Stopping threads took: 0.0002838 seconds
2021-04-20T14:44:52.967-0700: 36.326: Total time for which application threads were stopped: 0.0004792 seconds, Stopping threads took: 0.0000942 seconds
2021-04-20T14:44:53.967-0700: 37.326: Total time for which application threads were stopped: 0.0003155 seconds, Stopping threads took: 0.0000745 seconds
2021-04-20T14:44:54.968-0700: 38.327: Total time for which application threads were stopped: 0.0010438 seconds, Stopping threads took: 0.0002465 seconds
2021-04-20T14:44:56.970-0700: 40.330: Total time for which application threads were stopped: 0.0008821 seconds, Stopping threads took: 0.0002010 seconds
2021-04-20T14:44:58.450-0700: 41.809: Total time for which application threads were stopped: 0.0033725 seconds, Stopping threads took: 0.0001244 seconds
2021-04-20T14:44:58.471-0700: 41.830: Total time for which application threads were stopped: 0.0004559 seconds, Stopping threads took: 0.0000797 seconds
2021-04-20T14:44:58.492-0700: 41.852: Total time for which application threads were stopped: 0.0003965 seconds, Stopping threads took: 0.0001440 seconds
2021-04-20T14:44:58.528-0700: 41.888: Total time for which application threads were stopped: 0.0004055 seconds, Stopping threads took: 0.0000736 seconds
2021-04-20T14:44:58.557-0700: 41.917: Total time for which application threads were stopped: 0.0004822 seconds, Stopping threads took: 0.0000848 seconds
2021-04-20T14:44:58.561-0700: 41.921: Total time for which application threads were stopped: 0.0004302 seconds, Stopping threads took: 0.0000666 seconds
2021-04-20T14:44:58.647-0700: 42.007: Total time for which application threads were stopped: 0.0008173 seconds, Stopping threads took: 0.0001305 seconds
2021-04-20T14:44:58.713-0700: 42.072: Total time for which application threads were stopped: 0.0003762 seconds, Stopping threads took: 0.0000794 seconds
2021-04-20T14:44:58.780-0700: 42.140: Total time for which application threads were stopped: 0.0003756 seconds, Stopping threads took: 0.0001125 seconds
2021-04-20T14:44:58.781-0700: 42.140: Total time for which application threads were stopped: 0.0005525 seconds, Stopping threads took: 0.0002326 seconds
2021-04-20T14:44:58.785-0700: 42.144: Total time for which application threads were stopped: 0.0004235 seconds, Stopping threads took: 0.0000757 seconds
2021-04-20T14:44:58.840-0700: 42.199: Total time for which application threads were stopped: 0.0004342 seconds, Stopping threads took: 0.0000843 seconds
2021-04-20T14:44:59.072-0700: 42.432: Total time for which application threads were stopped: 0.0006567 seconds, Stopping threads took: 0.0001791 seconds
2021-04-20T14:44:59.080-0700: 42.440: Total time for which application threads were stopped: 0.0006138 seconds, Stopping threads took: 0.0001603 seconds
2021-04-20T14:44:59.102-0700: 42.462: Total time for which application threads were stopped: 0.0078017 seconds, Stopping threads took: 0.0073552 seconds
2021-04-20T14:44:59.103-0700: 42.462: Total time for which application threads were stopped: 0.0005443 seconds, Stopping threads took: 0.0001355 seconds
2021-04-20T14:44:59.103-0700: 42.463: Total time for which application threads were stopped: 0.0003249 seconds, Stopping threads took: 0.0000611 seconds
2021-04-20T14:44:59.104-0700: 42.464: Total time for which application threads were stopped: 0.0005508 seconds, Stopping threads took: 0.0002646 seconds
2021-04-20T14:44:59.105-0700: 42.464: Total time for which application threads were stopped: 0.0005414 seconds, Stopping threads took: 0.0001873 seconds
2021-04-20T14:44:59.105-0700: 42.465: Total time for which application threads were stopped: 0.0004496 seconds, Stopping threads took: 0.0001194 seconds
2021-04-20T14:44:59.114-0700: 42.474: Total time for which application threads were stopped: 0.0014995 seconds, Stopping threads took: 0.0000743 seconds
2021-04-20T14:44:59.125-0700: 42.484: Total time for which application threads were stopped: 0.0005675 seconds, Stopping threads took: 0.0001698 seconds
2021-04-20T14:44:59.125-0700: 42.485: Total time for which application threads were stopped: 0.0004034 seconds, Stopping threads took: 0.0001601 seconds
2021-04-20T14:44:59.261-0700: 42.621: Total time for which application threads were stopped: 0.0003409 seconds, Stopping threads took: 0.0000667 seconds
2021-04-20T14:44:59.287-0700: 42.647: Total time for which application threads were stopped: 0.0005499 seconds, Stopping threads took: 0.0001538 seconds
2021-04-20T14:44:59.330-0700: 42.690: Total time for which application threads were stopped: 0.0005976 seconds, Stopping threads took: 0.0002156 seconds
2021-04-20T14:44:59.370-0700: 42.730: Total time for which application threads were stopped: 0.0004903 seconds, Stopping threads took: 0.0001351 seconds
2021-04-20T14:44:59.411-0700: 42.770: Total time for which application threads were stopped: 0.0008480 seconds, Stopping threads took: 0.0005659 seconds
2021-04-20T14:44:59.444-0700: 42.804: Total time for which application threads were stopped: 0.0003891 seconds, Stopping threads took: 0.0001249 seconds
2021-04-20T14:44:59.445-0700: 42.804: Total time for which application threads were stopped: 0.0003190 seconds, Stopping threads took: 0.0001182 seconds
2021-04-20T14:44:59.446-0700: 42.806: Total time for which application threads were stopped: 0.0005080 seconds, Stopping threads took: 0.0001927 seconds
2021-04-20T14:44:59.470-0700: 42.830: Total time for which application threads were stopped: 0.0004363 seconds, Stopping threads took: 0.0001741 seconds
2021-04-20T14:44:59.470-0700: 42.830: Total time for which application threads were stopped: 0.0003797 seconds, Stopping threads took: 0.0001269 seconds
2021-04-20T14:44:59.511-0700: 42.871: Total time for which application threads were stopped: 0.0013350 seconds, Stopping threads took: 0.0000588 seconds
2021-04-20T14:44:59.544-0700: 42.904: Total time for which application threads were stopped: 0.0003478 seconds, Stopping threads took: 0.0000744 seconds
2021-04-20T14:44:59.544-0700: 42.904: Total time for which application threads were stopped: 0.0002621 seconds, Stopping threads took: 0.0000434 seconds
2021-04-20T14:44:59.545-0700: 42.905: Total time for which application threads were stopped: 0.0003798 seconds, Stopping threads took: 0.0000454 seconds
2021-04-20T14:44:59.545-0700: 42.905: Total time for which application threads were stopped: 0.0002885 seconds, Stopping threads took: 0.0000453 seconds
2021-04-20T14:44:59.548-0700: 42.908: Total time for which application threads were stopped: 0.0004525 seconds, Stopping threads took: 0.0001232 seconds
2021-04-20T14:44:59.549-0700: 42.908: Total time for which application threads were stopped: 0.0003754 seconds, Stopping threads took: 0.0001544 seconds
2021-04-20T14:44:59.550-0700: 42.910: Total time for which application threads were stopped: 0.0003750 seconds, Stopping threads took: 0.0001565 seconds
2021-04-20T14:44:59.560-0700: 42.919: Total time for which application threads were stopped: 0.0003997 seconds, Stopping threads took: 0.0000733 seconds
2021-04-20T14:44:59.603-0700: 42.962: Total time for which application threads were stopped: 0.0004595 seconds, Stopping threads took: 0.0000918 seconds
2021-04-20T14:44:59.603-0700: 42.963: Total time for which application threads were stopped: 0.0002880 seconds, Stopping threads took: 0.0000589 seconds
2021-04-20T14:44:59.605-0700: 42.964: Total time for which application threads were stopped: 0.0004380 seconds, Stopping threads took: 0.0002139 seconds
2021-04-20T14:44:59.611-0700: 42.970: Total time for which application threads were stopped: 0.0005527 seconds, Stopping threads took: 0.0001484 seconds
2021-04-20T14:44:59.624-0700: 42.984: Total time for which application threads were stopped: 0.0005684 seconds, Stopping threads took: 0.0002651 seconds
2021-04-20T14:44:59.629-0700: 42.988: Total time for which application threads were stopped: 0.0005540 seconds, Stopping threads took: 0.0001497 seconds
2021-04-20T14:44:59.661-0700: 43.020: Total time for which application threads were stopped: 0.0006386 seconds, Stopping threads took: 0.0001931 seconds
2021-04-20T14:44:59.666-0700: 43.025: Total time for which application threads were stopped: 0.0003628 seconds, Stopping threads took: 0.0000909 seconds
2021-04-20T14:44:59.674-0700: 43.034: Total time for which application threads were stopped: 0.0005258 seconds, Stopping threads took: 0.0001562 seconds
2021-04-20T14:44:59.687-0700: 43.046: Total time for which application threads were stopped: 0.0005544 seconds, Stopping threads took: 0.0001563 seconds
2021-04-20T14:44:59.688-0700: 43.047: Total time for which application threads were stopped: 0.0003321 seconds, Stopping threads took: 0.0000613 seconds
2021-04-20T14:44:59.696-0700: 43.055: Total time for which application threads were stopped: 0.0006195 seconds, Stopping threads took: 0.0002004 seconds
2021-04-20T14:44:59.698-0700: 43.057: Total time for which application threads were stopped: 0.0004066 seconds, Stopping threads took: 0.0001460 seconds
2021-04-20T14:44:59.702-0700: 43.061: Total time for which application threads were stopped: 0.0003675 seconds, Stopping threads took: 0.0000686 seconds
2021-04-20T14:44:59.707-0700: 43.067: Total time for which application threads were stopped: 0.0003278 seconds, Stopping threads took: 0.0000706 seconds
2021-04-20T14:44:59.715-0700: 43.075: Total time for which application threads were stopped: 0.0005827 seconds, Stopping threads took: 0.0002019 seconds
2021-04-20T14:44:59.716-0700: 43.076: Total time for which application threads were stopped: 0.0007832 seconds, Stopping threads took: 0.0004189 seconds
2021-04-20T14:44:59.717-0700: 43.076: Total time for which application threads were stopped: 0.0004178 seconds, Stopping threads took: 0.0001567 seconds
2021-04-20T14:44:59.721-0700: 43.081: Total time for which application threads were stopped: 0.0004365 seconds, Stopping threads took: 0.0002078 seconds
2021-04-20T14:44:59.725-0700: 43.085: Total time for which application threads were stopped: 0.0003977 seconds, Stopping threads took: 0.0001674 seconds
2021-04-20T14:44:59.726-0700: 43.086: Total time for which application threads were stopped: 0.0003791 seconds, Stopping threads took: 0.0001688 seconds
2021-04-20T14:44:59.739-0700: 43.099: Total time for which application threads were stopped: 0.0004435 seconds, Stopping threads took: 0.0001865 seconds
2021-04-20T14:44:59.741-0700: 43.100: Total time for which application threads were stopped: 0.0003901 seconds, Stopping threads took: 0.0001585 seconds
2021-04-20T14:44:59.747-0700: 43.107: Total time for which application threads were stopped: 0.0010758 seconds, Stopping threads took: 0.0000726 seconds
2021-04-20T14:44:59.748-0700: 43.107: Total time for which application threads were stopped: 0.0003000 seconds, Stopping threads took: 0.0001102 seconds
2021-04-20T14:44:59.753-0700: 43.112: Total time for which application threads were stopped: 0.0004208 seconds, Stopping threads took: 0.0001697 seconds
2021-04-20T14:44:59.766-0700: 43.125: Total time for which application threads were stopped: 0.0006771 seconds, Stopping threads took: 0.0002924 seconds
2021-04-20T14:44:59.771-0700: 43.131: Total time for which application threads were stopped: 0.0005713 seconds, Stopping threads took: 0.0001788 seconds
2021-04-20T14:44:59.789-0700: 43.148: Total time for which application threads were stopped: 0.0004243 seconds, Stopping threads took: 0.0000989 seconds
2021-04-20T14:44:59.796-0700: 43.156: Total time for which application threads were stopped: 0.0005815 seconds, Stopping threads took: 0.0001843 seconds
2021-04-20T14:44:59.801-0700: 43.160: Total time for which application threads were stopped: 0.0003518 seconds, Stopping threads took: 0.0000819 seconds
2021-04-20T14:44:59.811-0700: 43.171: Total time for which application threads were stopped: 0.0004418 seconds, Stopping threads took: 0.0001818 seconds
2021-04-20T14:44:59.813-0700: 43.172: Total time for which application threads were stopped: 0.0005402 seconds, Stopping threads took: 0.0001440 seconds
2021-04-20T14:44:59.824-0700: 43.184: Total time for which application threads were stopped: 0.0005713 seconds, Stopping threads took: 0.0001879 seconds
2021-04-20T14:44:59.825-0700: 43.185: Total time for which application threads were stopped: 0.0005622 seconds, Stopping threads took: 0.0001970 seconds
2021-04-20T14:44:59.829-0700: 43.189: Total time for which application threads were stopped: 0.0003480 seconds, Stopping threads took: 0.0000900 seconds
2021-04-20T14:44:59.840-0700: 43.200: Total time for which application threads were stopped: 0.0005342 seconds, Stopping threads took: 0.0001421 seconds
2021-04-20T14:44:59.842-0700: 43.202: Total time for which application threads were stopped: 0.0005208 seconds, Stopping threads took: 0.0001510 seconds
2021-04-20T14:44:59.853-0700: 43.212: Total time for which application threads were stopped: 0.0005923 seconds, Stopping threads took: 0.0001932 seconds
2021-04-20T14:44:59.857-0700: 43.216: Total time for which application threads were stopped: 0.0005673 seconds, Stopping threads took: 0.0001763 seconds
2021-04-20T14:44:59.861-0700: 43.220: Total time for which application threads were stopped: 0.0005692 seconds, Stopping threads took: 0.0001560 seconds
2021-04-20T14:44:59.872-0700: 43.231: Total time for which application threads were stopped: 0.0005473 seconds, Stopping threads took: 0.0001612 seconds
2021-04-20T14:44:59.873-0700: 43.232: Total time for which application threads were stopped: 0.0005375 seconds, Stopping threads took: 0.0001322 seconds
2021-04-20T14:44:59.889-0700: 43.249: Total time for which application threads were stopped: 0.0005426 seconds, Stopping threads took: 0.0001240 seconds
2021-04-20T14:44:59.894-0700: 43.254: Total time for which application threads were stopped: 0.0004618 seconds, Stopping threads took: 0.0000965 seconds
2021-04-20T14:44:59.899-0700: 43.259: Total time for which application threads were stopped: 0.0003534 seconds, Stopping threads took: 0.0000803 seconds
2021-04-20T14:44:59.916-0700: 43.276: Total time for which application threads were stopped: 0.0004660 seconds, Stopping threads took: 0.0001584 seconds
2021-04-20T14:44:59.923-0700: 43.283: Total time for which application threads were stopped: 0.0015798 seconds, Stopping threads took: 0.0001702 seconds
2021-04-20T14:44:59.977-0700: 43.337: Total time for which application threads were stopped: 0.0015272 seconds, Stopping threads took: 0.0000945 seconds
2021-04-20T14:45:00.037-0700: 43.397: Total time for which application threads were stopped: 0.0004127 seconds, Stopping threads took: 0.0000928 seconds
2021-04-20T14:45:00.087-0700: 43.446: Total time for which application threads were stopped: 0.0004460 seconds, Stopping threads took: 0.0000873 seconds
2021-04-20T14:45:00.144-0700: 43.504: Total time for which application threads were stopped: 0.0005554 seconds, Stopping threads took: 0.0001500 seconds
2021-04-20T14:45:00.151-0700: 43.511: Total time for which application threads were stopped: 0.0005366 seconds, Stopping threads took: 0.0001576 seconds
2021-04-20T14:45:00.159-0700: 43.519: Total time for which application threads were stopped: 0.0003700 seconds, Stopping threads took: 0.0000830 seconds
2021-04-20T14:45:00.175-0700: 43.535: Total time for which application threads were stopped: 0.0005772 seconds, Stopping threads took: 0.0001514 seconds
2021-04-20T14:45:00.182-0700: 43.542: Total time for which application threads were stopped: 0.0005128 seconds, Stopping threads took: 0.0001223 seconds
2021-04-20T14:45:00.187-0700: 43.547: Total time for which application threads were stopped: 0.0004831 seconds, Stopping threads took: 0.0000739 seconds
2021-04-20T14:45:00.190-0700: 43.550: Total time for which application threads were stopped: 0.0004374 seconds, Stopping threads took: 0.0000776 seconds
2021-04-20T14:45:00.205-0700: 43.564: Total time for which application threads were stopped: 0.0005599 seconds, Stopping threads took: 0.0001521 seconds
2021-04-20T14:45:00.213-0700: 43.572: Total time for which application threads were stopped: 0.0004402 seconds, Stopping threads took: 0.0001303 seconds
2021-04-20T14:45:00.280-0700: 43.639: Total time for which application threads were stopped: 0.0005832 seconds, Stopping threads took: 0.0001412 seconds
2021-04-20T14:45:00.287-0700: 43.646: Total time for which application threads were stopped: 0.0005437 seconds, Stopping threads took: 0.0001481 seconds
2021-04-20T14:45:00.294-0700: 43.654: Total time for which application threads were stopped: 0.0004946 seconds, Stopping threads took: 0.0000986 seconds
2021-04-20T14:45:00.303-0700: 43.663: Total time for which application threads were stopped: 0.0004574 seconds, Stopping threads took: 0.0001000 seconds
2021-04-20T14:45:00.306-0700: 43.666: Total time for which application threads were stopped: 0.0003457 seconds, Stopping threads took: 0.0000914 seconds
2021-04-20T14:45:00.313-0700: 43.673: Total time for which application threads were stopped: 0.0004627 seconds, Stopping threads took: 0.0000889 seconds
2021-04-20T14:45:00.322-0700: 43.682: Total time for which application threads were stopped: 0.0005887 seconds, Stopping threads took: 0.0001833 seconds
2021-04-20T14:45:00.334-0700: 43.693: Total time for which application threads were stopped: 0.0003560 seconds, Stopping threads took: 0.0000843 seconds
2021-04-20T14:45:00.340-0700: 43.700: Total time for which application threads were stopped: 0.0004735 seconds, Stopping threads took: 0.0000880 seconds
2021-04-20T14:45:00.348-0700: 43.708: Total time for which application threads were stopped: 0.0004722 seconds, Stopping threads took: 0.0000782 seconds
2021-04-20T14:45:00.357-0700: 43.716: Total time for which application threads were stopped: 0.0004336 seconds, Stopping threads took: 0.0001380 seconds
2021-04-20T14:45:00.397-0700: 43.757: Total time for which application threads were stopped: 0.0004831 seconds, Stopping threads took: 0.0001893 seconds
2021-04-20T14:45:00.420-0700: 43.780: Total time for which application threads were stopped: 0.0003926 seconds, Stopping threads took: 0.0000713 seconds
2021-04-20T14:45:00.443-0700: 43.803: Total time for which application threads were stopped: 0.0004072 seconds, Stopping threads took: 0.0001069 seconds
2021-04-20T14:45:00.464-0700: 43.824: Total time for which application threads were stopped: 0.0005516 seconds, Stopping threads took: 0.0001408 seconds
2021-04-20T14:45:00.503-0700: 43.862: Total time for which application threads were stopped: 0.0006525 seconds, Stopping threads took: 0.0001404 seconds
2021-04-20T14:45:00.510-0700: 43.870: Total time for which application threads were stopped: 0.0006137 seconds, Stopping threads took: 0.0002145 seconds
2021-04-20T14:45:00.518-0700: 43.878: Total time for which application threads were stopped: 0.0018472 seconds, Stopping threads took: 0.0001909 seconds
2021-04-20T14:45:00.526-0700: 43.886: Total time for which application threads were stopped: 0.0006682 seconds, Stopping threads took: 0.0001435 seconds
2021-04-20T14:45:00.531-0700: 43.891: Total time for which application threads were stopped: 0.0003811 seconds, Stopping threads took: 0.0001283 seconds
2021-04-20T14:45:00.550-0700: 43.910: Total time for which application threads were stopped: 0.0003845 seconds, Stopping threads took: 0.0000904 seconds
2021-04-20T14:45:00.573-0700: 43.933: Total time for which application threads were stopped: 0.0005244 seconds, Stopping threads took: 0.0001481 seconds
2021-04-20T14:45:00.578-0700: 43.938: Total time for which application threads were stopped: 0.0004150 seconds, Stopping threads took: 0.0001323 seconds
2021-04-20T14:45:00.589-0700: 43.949: Total time for which application threads were stopped: 0.0004320 seconds, Stopping threads took: 0.0001444 seconds
2021-04-20T14:45:00.636-0700: 43.996: Total time for which application threads were stopped: 0.0005440 seconds, Stopping threads took: 0.0001552 seconds
2021-04-20T14:45:00.661-0700: 44.020: Total time for which application threads were stopped: 0.0004519 seconds, Stopping threads took: 0.0000882 seconds
2021-04-20T14:45:00.667-0700: 44.027: Total time for which application threads were stopped: 0.0005615 seconds, Stopping threads took: 0.0001563 seconds
2021-04-20T14:45:00.674-0700: 44.034: Total time for which application threads were stopped: 0.0005822 seconds, Stopping threads took: 0.0001043 seconds
2021-04-20T14:45:00.683-0700: 44.042: Total time for which application threads were stopped: 0.0012071 seconds, Stopping threads took: 0.0000786 seconds
2021-04-20T14:45:00.688-0700: 44.048: Total time for which application threads were stopped: 0.0005493 seconds, Stopping threads took: 0.0000915 seconds
2021-04-20T14:45:00.696-0700: 44.055: Total time for which application threads were stopped: 0.0004373 seconds, Stopping threads took: 0.0000936 seconds
2021-04-20T14:45:00.913-0700: 44.273: Total time for which application threads were stopped: 0.0005155 seconds, Stopping threads took: 0.0001385 seconds
2021-04-20T14:45:00.920-0700: 44.280: Total time for which application threads were stopped: 0.0005855 seconds, Stopping threads took: 0.0001590 seconds
2021-04-20T14:45:00.936-0700: 44.296: Total time for which application threads were stopped: 0.0006260 seconds, Stopping threads took: 0.0000952 seconds
2021-04-20T14:45:01.015-0700: 44.375: Total time for which application threads were stopped: 0.0006573 seconds, Stopping threads took: 0.0001341 seconds
2021-04-20T14:45:01.022-0700: 44.381: Total time for which application threads were stopped: 0.0004982 seconds, Stopping threads took: 0.0000910 seconds
2021-04-20T14:45:01.059-0700: 44.419: Total time for which application threads were stopped: 0.0005785 seconds, Stopping threads took: 0.0001437 seconds
2021-04-20T14:45:01.067-0700: 44.426: Total time for which application threads were stopped: 0.0004265 seconds, Stopping threads took: 0.0000749 seconds
2021-04-20T14:45:01.099-0700: 44.459: Total time for which application threads were stopped: 0.0006238 seconds, Stopping threads took: 0.0001539 seconds
2021-04-20T14:45:01.166-0700: 44.525: Total time for which application threads were stopped: 0.0006127 seconds, Stopping threads took: 0.0001071 seconds
2021-04-20T14:45:01.208-0700: 44.567: Total time for which application threads were stopped: 0.0003791 seconds, Stopping threads took: 0.0000975 seconds
2021-04-20T14:45:01.215-0700: 44.575: Total time for which application threads were stopped: 0.0005828 seconds, Stopping threads took: 0.0001800 seconds
2021-04-20T14:45:01.220-0700: 44.580: Total time for which application threads were stopped: 0.0007076 seconds, Stopping threads took: 0.0001618 seconds
2021-04-20T14:45:01.221-0700: 44.581: Total time for which application threads were stopped: 0.0004582 seconds, Stopping threads took: 0.0001260 seconds
2021-04-20T14:45:01.222-0700: 44.582: Total time for which application threads were stopped: 0.0004306 seconds, Stopping threads took: 0.0001407 seconds
2021-04-20T14:45:01.223-0700: 44.582: Total time for which application threads were stopped: 0.0004274 seconds, Stopping threads took: 0.0001197 seconds
2021-04-20T14:45:01.224-0700: 44.583: Total time for which application threads were stopped: 0.0006325 seconds, Stopping threads took: 0.0001557 seconds
2021-04-20T14:45:01.224-0700: 44.584: Total time for which application threads were stopped: 0.0005072 seconds, Stopping threads took: 0.0001171 seconds
2021-04-20T14:45:01.244-0700: 44.604: Total time for which application threads were stopped: 0.0005391 seconds, Stopping threads took: 0.0001315 seconds
2021-04-20T14:45:01.252-0700: 44.611: Total time for which application threads were stopped: 0.0014335 seconds, Stopping threads took: 0.0000888 seconds
2021-04-20T14:45:01.462-0700: 44.822: Total time for which application threads were stopped: 0.0004691 seconds, Stopping threads took: 0.0000712 seconds
2021-04-20T14:45:01.463-0700: 44.823: Total time for which application threads were stopped: 0.0004322 seconds, Stopping threads took: 0.0001290 seconds
2021-04-20T14:45:01.463-0700: 44.823: Total time for which application threads were stopped: 0.0002584 seconds, Stopping threads took: 0.0000401 seconds
2021-04-20T14:45:01.476-0700: 44.835: Total time for which application threads were stopped: 0.0003119 seconds, Stopping threads took: 0.0000675 seconds
2021-04-20T14:45:01.476-0700: 44.836: Total time for which application threads were stopped: 0.0003279 seconds, Stopping threads took: 0.0000772 seconds
2021-04-20T14:45:01.477-0700: 44.836: Total time for which application threads were stopped: 0.0003253 seconds, Stopping threads took: 0.0000732 seconds
2021-04-20T14:45:01.538-0700: 44.898: Total time for which application threads were stopped: 0.0004651 seconds, Stopping threads took: 0.0001200 seconds
2021-04-20T14:45:01.539-0700: 44.898: Total time for which application threads were stopped: 0.0003868 seconds, Stopping threads took: 0.0000585 seconds
2021-04-20T14:45:01.540-0700: 44.899: Total time for which application threads were stopped: 0.0003900 seconds, Stopping threads took: 0.0000894 seconds
2021-04-20T14:45:01.540-0700: 44.900: Total time for which application threads were stopped: 0.0003517 seconds, Stopping threads took: 0.0000830 seconds
2021-04-20T14:45:01.555-0700: 44.914: Total time for which application threads were stopped: 0.0004390 seconds, Stopping threads took: 0.0001220 seconds
2021-04-20T14:45:01.555-0700: 44.914: Total time for which application threads were stopped: 0.0003937 seconds, Stopping threads took: 0.0000793 seconds
2021-04-20T14:45:01.651-0700: 45.010: Total time for which application threads were stopped: 0.0014769 seconds, Stopping threads took: 0.0000821 seconds
2021-04-20T14:45:01.721-0700: 45.081: Total time for which application threads were stopped: 0.0013714 seconds, Stopping threads took: 0.0000740 seconds
2021-04-20T14:45:01.879-0700: 45.238: Total time for which application threads were stopped: 0.0004989 seconds, Stopping threads took: 0.0001030 seconds
2021-04-20T14:45:01.879-0700: 45.239: Total time for which application threads were stopped: 0.0002857 seconds, Stopping threads took: 0.0000796 seconds
2021-04-20T14:45:01.880-0700: 45.239: Total time for which application threads were stopped: 0.0003048 seconds, Stopping threads took: 0.0000853 seconds
2021-04-20T14:45:01.880-0700: 45.240: Total time for which application threads were stopped: 0.0003021 seconds, Stopping threads took: 0.0000717 seconds
2021-04-20T14:45:01.881-0700: 45.240: Total time for which application threads were stopped: 0.0003248 seconds, Stopping threads took: 0.0000949 seconds
2021-04-20T14:45:01.881-0700: 45.241: Total time for which application threads were stopped: 0.0003137 seconds, Stopping threads took: 0.0000847 seconds
2021-04-20T14:45:01.938-0700: 45.297: Total time for which application threads were stopped: 0.0003929 seconds, Stopping threads took: 0.0001028 seconds
2021-04-20T14:45:01.938-0700: 45.298: Total time for which application threads were stopped: 0.0003103 seconds, Stopping threads took: 0.0000515 seconds
2021-04-20T14:45:01.939-0700: 45.299: Total time for which application threads were stopped: 0.0003718 seconds, Stopping threads took: 0.0001202 seconds
2021-04-20T14:45:01.939-0700: 45.299: Total time for which application threads were stopped: 0.0002115 seconds, Stopping threads took: 0.0000366 seconds
2021-04-20T14:45:01.940-0700: 45.300: Total time for which application threads were stopped: 0.0002896 seconds, Stopping threads took: 0.0000642 seconds
2021-04-20T14:45:01.941-0700: 45.300: Total time for which application threads were stopped: 0.0003121 seconds, Stopping threads took: 0.0000701 seconds
2021-04-20T14:45:02.052-0700: 45.411: Total time for which application threads were stopped: 0.0005622 seconds, Stopping threads took: 0.0000716 seconds
2021-04-20T14:45:02.052-0700: 45.412: Total time for which application threads were stopped: 0.0004148 seconds, Stopping threads took: 0.0000504 seconds
2021-04-20T14:45:02.053-0700: 45.412: Total time for which application threads were stopped: 0.0002951 seconds, Stopping threads took: 0.0000773 seconds
2021-04-20T14:45:02.053-0700: 45.413: Total time for which application threads were stopped: 0.0003203 seconds, Stopping threads took: 0.0000837 seconds
2021-04-20T14:45:02.054-0700: 45.413: Total time for which application threads were stopped: 0.0003090 seconds, Stopping threads took: 0.0000758 seconds
2021-04-20T14:45:02.054-0700: 45.414: Total time for which application threads were stopped: 0.0002274 seconds, Stopping threads took: 0.0000640 seconds
2021-04-20T14:45:02.124-0700: 45.484: Total time for which application threads were stopped: 0.0004880 seconds, Stopping threads took: 0.0000810 seconds
2021-04-20T14:45:02.126-0700: 45.486: Total time for which application threads were stopped: 0.0014335 seconds, Stopping threads took: 0.0000586 seconds
2021-04-20T14:45:02.796-0700: 46.155: Total time for which application threads were stopped: 0.0007971 seconds, Stopping threads took: 0.0001617 seconds
2021-04-20T14:45:03.294-0700: 46.653: Total time for which application threads were stopped: 0.0003977 seconds, Stopping threads took: 0.0000589 seconds
2021-04-20T14:45:04.036-0700: 47.395: Total time for which application threads were stopped: 0.0008424 seconds, Stopping threads took: 0.0001475 seconds
2021-04-20T14:45:05.036-0700: 48.395: Total time for which application threads were stopped: 0.0004625 seconds, Stopping threads took: 0.0000516 seconds
2021-04-20T14:45:06.048-0700: 49.407: Total time for which application threads were stopped: 0.0006765 seconds, Stopping threads took: 0.0002419 seconds
2021-04-20T14:45:18.082-0700: 61.442: Total time for which application threads were stopped: 0.0006582 seconds, Stopping threads took: 0.0001155 seconds
2021-04-20T14:45:28.933-0700: 72.292: Total time for which application threads were stopped: 0.0006672 seconds, Stopping threads took: 0.0001837 seconds
2021-04-20T14:45:28.963-0700: 72.322: Total time for which application threads were stopped: 0.0004320 seconds, Stopping threads took: 0.0000697 seconds
2021-04-20T14:45:29.011-0700: 72.370: Total time for which application threads were stopped: 0.0003463 seconds, Stopping threads took: 0.0000595 seconds
2021-04-20T14:45:30.016-0700: 73.375: Total time for which application threads were stopped: 0.0008234 seconds, Stopping threads took: 0.0001569 seconds
{Heap before GC invocations=12 (full 0):
 garbage-first heap   total 524288K, used 348594K [0x00000000e0000000, 0x00000000e0101000, 0x0000000100000000)
  region size 1024K, 307 young (314368K), 38 survivors (38912K)
 Metaspace       used 61488K, capacity 64910K, committed 65152K, reserved 1105920K
  class space    used 7391K, capacity 8019K, committed 8064K, reserved 1048576K
2021-04-20T14:45:50.140-0700: 93.500: [GC pause (G1 Evacuation Pause) (young)
Desired survivor size 20447232 bytes, new threshold 3 (max 15)
- age   1:    9749048 bytes,    9749048 total
- age   2:    9837720 bytes,   19586768 total
- age   3:    6498024 bytes,   26084792 total
, 0.0360648 secs]
   [Parallel Time: 22.8 ms, GC Workers: 10]
      [GC Worker Start (ms): Min: 93500.1, Avg: 93500.2, Max: 93500.4, Diff: 0.3]
      [Ext Root Scanning (ms): Min: 0.9, Avg: 1.5, Max: 4.7, Diff: 3.8, Sum: 14.7]
      [Update RS (ms): Min: 0.0, Avg: 0.9, Max: 1.8, Diff: 1.8, Sum: 9.3]
         [Processed Buffers: Min: 0, Avg: 8.1, Max: 36, Diff: 36, Sum: 81]
      [Scan RS (ms): Min: 0.2, Avg: 1.0, Max: 2.0, Diff: 1.8, Sum: 9.6]
      [Code Root Scanning (ms): Min: 0.0, Avg: 1.4, Max: 2.3, Diff: 2.3, Sum: 14.2]
      [Object Copy (ms): Min: 16.7, Avg: 17.3, Max: 17.9, Diff: 1.2, Sum: 172.7]
      [Termination (ms): Min: 0.0, Avg: 0.0, Max: 0.0, Diff: 0.0, Sum: 0.2]
         [Termination Attempts: Min: 1, Avg: 1.2, Max: 2, Diff: 1, Sum: 12]
      [GC Worker Other (ms): Min: 0.0, Avg: 0.1, Max: 0.3, Diff: 0.3, Sum: 1.2]
      [GC Worker Total (ms): Min: 22.0, Avg: 22.2, Max: 22.5, Diff: 0.5, Sum: 221.9]
      [GC Worker End (ms): Min: 93522.3, Avg: 93522.4, Max: 93522.5, Diff: 0.2]
   [Code Root Fixup: 0.2 ms]
   [Code Root Purge: 0.2 ms]
   [Clear CT: 0.4 ms]
   [Other: 12.6 ms]
      [Choose CSet: 0.0 ms]
      [Ref Proc: 11.0 ms]
      [Ref Enq: 0.3 ms]
      [Redirty Cards: 0.3 ms]
      [Humongous Register: 0.0 ms]
      [Humongous Reclaim: 0.0 ms]
      [Free CSet: 0.5 ms]
   [Eden: 269.0M(269.0M)->0.0B(275.0M) Survivors: 38.0M->32.0M Heap: 340.4M(512.0M)->78.6M(512.0M)]
Heap after GC invocations=13 (full 0):
 garbage-first heap   total 524288K, used 80512K [0x00000000e0000000, 0x00000000e0101000, 0x0000000100000000)
  region size 1024K, 32 young (32768K), 32 survivors (32768K)
 Metaspace       used 61488K, capacity 64910K, committed 65152K, reserved 1105920K
  class space    used 7391K, capacity 8019K, committed 8064K, reserved 1048576K
}
 [Times: user=0.26 sys=0.00, real=0.04 secs] 
2021-04-20T14:45:50.176-0700: 93.536: Total time for which application threads were stopped: 0.0371764 seconds, Stopping threads took: 0.0002886 seconds
2021-04-20T14:45:50.177-0700: 93.537: Total time for which application threads were stopped: 0.0005243 seconds, Stopping threads took: 0.0002470 seconds
2021-04-20T14:45:50.179-0700: 93.538: Total time for which application threads were stopped: 0.0005123 seconds, Stopping threads took: 0.0001517 seconds
2021-04-20T14:45:50.179-0700: 93.539: Total time for which application threads were stopped: 0.0005343 seconds, Stopping threads took: 0.0001596 seconds
2021-04-20T14:45:50.180-0700: 93.540: Total time for which application threads were stopped: 0.0004518 seconds, Stopping threads took: 0.0001159 seconds
2021-04-20T14:45:50.181-0700: 93.541: Total time for which application threads were stopped: 0.0006825 seconds, Stopping threads took: 0.0003971 seconds
2021-04-20T14:45:50.183-0700: 93.542: Total time for which application threads were stopped: 0.0004623 seconds, Stopping threads took: 0.0000994 seconds
2021-04-20T14:45:50.183-0700: 93.543: Total time for which application threads were stopped: 0.0003694 seconds, Stopping threads took: 0.0001428 seconds
2021-04-20T14:45:50.184-0700: 93.544: Total time for which application threads were stopped: 0.0003026 seconds, Stopping threads took: 0.0001160 seconds
2021-04-20T14:45:50.185-0700: 93.544: Total time for which application threads were stopped: 0.0003876 seconds, Stopping threads took: 0.0001711 seconds
2021-04-20T14:45:50.185-0700: 93.545: Total time for which application threads were stopped: 0.0004544 seconds, Stopping threads took: 0.0001401 seconds
2021-04-20T14:45:50.186-0700: 93.545: Total time for which application threads were stopped: 0.0004496 seconds, Stopping threads took: 0.0001149 seconds
2021-04-20T14:45:50.187-0700: 93.546: Total time for which application threads were stopped: 0.0004184 seconds, Stopping threads took: 0.0001213 seconds
2021-04-20T14:45:50.188-0700: 93.548: Total time for which application threads were stopped: 0.0014856 seconds, Stopping threads took: 0.0011297 seconds
2021-04-20T14:45:50.189-0700: 93.549: Total time for which application threads were stopped: 0.0003845 seconds, Stopping threads took: 0.0001170 seconds
2021-04-20T14:45:50.190-0700: 93.549: Total time for which application threads were stopped: 0.0005058 seconds, Stopping threads took: 0.0001091 seconds
2021-04-20T14:45:50.190-0700: 93.550: Total time for which application threads were stopped: 0.0003685 seconds, Stopping threads took: 0.0000903 seconds
2021-04-20T14:45:50.191-0700: 93.550: Total time for which application threads were stopped: 0.0004806 seconds, Stopping threads took: 0.0001050 seconds
2021-04-20T14:45:50.191-0700: 93.551: Total time for which application threads were stopped: 0.0003907 seconds, Stopping threads took: 0.0001177 seconds
2021-04-20T14:45:50.192-0700: 93.551: Total time for which application threads were stopped: 0.0003495 seconds, Stopping threads took: 0.0000948 seconds
2021-04-20T14:45:50.194-0700: 93.554: Total time for which application threads were stopped: 0.0022404 seconds, Stopping threads took: 0.0000909 seconds
2021-04-20T14:45:51.194-0700: 94.554: Total time for which application threads were stopped: 0.0008263 seconds, Stopping threads took: 0.0001662 seconds
2021-04-20T14:45:51.819-0700: 95.178: Total time for which application threads were stopped: 0.0004335 seconds, Stopping threads took: 0.0000533 seconds
2021-04-20T14:45:52.819-0700: 96.179: Total time for which application threads were stopped: 0.0007361 seconds, Stopping threads took: 0.0001385 seconds
2021-04-20T14:45:53.820-0700: 97.180: Total time for which application threads were stopped: 0.0004170 seconds, Stopping threads took: 0.0000813 seconds
{Heap before GC invocations=13 (full 0):
 garbage-first heap   total 524288K, used 372380K [0x00000000e0000000, 0x00000000e0101000, 0x0000000100000000)
  region size 1024K, 307 young (314368K), 32 survivors (32768K)
 Metaspace       used 61918K, capacity 65310K, committed 65408K, reserved 1105920K
  class space    used 7393K, capacity 8019K, committed 8064K, reserved 1048576K
2021-04-20T14:45:53.944-0700: 97.303: [GC pause (G1 Evacuation Pause) (young)
Desired survivor size 20447232 bytes, new threshold 15 (max 15)
- age   1:    5228624 bytes,    5228624 total
- age   2:    5276232 bytes,   10504856 total
- age   3:    5701840 bytes,   16206696 total
, 0.0295035 secs]
   [Parallel Time: 18.7 ms, GC Workers: 10]
      [GC Worker Start (ms): Min: 97303.5, Avg: 97303.7, Max: 97303.9, Diff: 0.4]
      [Ext Root Scanning (ms): Min: 0.5, Avg: 1.0, Max: 3.3, Diff: 2.8, Sum: 9.5]
      [Update RS (ms): Min: 0.0, Avg: 0.5, Max: 0.6, Diff: 0.6, Sum: 5.0]
         [Processed Buffers: Min: 0, Avg: 5.7, Max: 9, Diff: 9, Sum: 57]
      [Scan RS (ms): Min: 0.2, Avg: 0.9, Max: 1.3, Diff: 1.1, Sum: 9.5]
      [Code Root Scanning (ms): Min: 0.0, Avg: 1.2, Max: 2.3, Diff: 2.3, Sum: 11.7]
      [Object Copy (ms): Min: 13.5, Avg: 14.6, Max: 15.8, Diff: 2.2, Sum: 146.4]
      [Termination (ms): Min: 0.0, Avg: 0.0, Max: 0.0, Diff: 0.0, Sum: 0.0]
         [Termination Attempts: Min: 1, Avg: 1.3, Max: 2, Diff: 1, Sum: 13]
      [GC Worker Other (ms): Min: 0.0, Avg: 0.1, Max: 0.2, Diff: 0.2, Sum: 1.0]
      [GC Worker Total (ms): Min: 18.0, Avg: 18.3, Max: 18.5, Diff: 0.5, Sum: 183.1]
      [GC Worker End (ms): Min: 97321.9, Avg: 97322.0, Max: 97322.1, Diff: 0.2]
   [Code Root Fixup: 0.2 ms]
   [Code Root Purge: 0.0 ms]
   [Clear CT: 0.7 ms]
   [Other: 9.8 ms]
      [Choose CSet: 0.0 ms]
      [Ref Proc: 7.5 ms]
      [Ref Enq: 0.6 ms]
      [Redirty Cards: 0.6 ms]
      [Humongous Register: 0.0 ms]
      [Humongous Reclaim: 0.2 ms]
      [Free CSet: 0.6 ms]
   [Eden: 275.0M(275.0M)->0.0B(283.0M) Survivors: 32.0M->24.0M Heap: 363.7M(512.0M)->70.6M(512.0M)]
Heap after GC invocations=14 (full 0):
 garbage-first heap   total 524288K, used 72320K [0x00000000e0000000, 0x00000000e0101000, 0x0000000100000000)
  region size 1024K, 24 young (24576K), 24 survivors (24576K)
 Metaspace       used 61918K, capacity 65310K, committed 65408K, reserved 1105920K
  class space    used 7393K, capacity 8019K, committed 8064K, reserved 1048576K
}
 [Times: user=0.25 sys=0.01, real=0.03 secs] 
2021-04-20T14:45:53.973-0700: 97.333: Total time for which application threads were stopped: 0.0302880 seconds, Stopping threads took: 0.0000735 seconds
2021-04-20T14:45:53.974-0700: 97.334: Total time for which application threads were stopped: 0.0004988 seconds, Stopping threads took: 0.0002199 seconds
2021-04-20T14:45:53.975-0700: 97.334: Total time for which application threads were stopped: 0.0004904 seconds, Stopping threads took: 0.0000590 seconds
2021-04-20T14:45:53.975-0700: 97.335: Total time for which application threads were stopped: 0.0004122 seconds, Stopping threads took: 0.0001573 seconds
2021-04-20T14:45:53.976-0700: 97.336: Total time for which application threads were stopped: 0.0004555 seconds, Stopping threads took: 0.0002024 seconds
2021-04-20T14:45:53.977-0700: 97.336: Total time for which application threads were stopped: 0.0004960 seconds, Stopping threads took: 0.0001769 seconds
2021-04-20T14:45:53.977-0700: 97.337: Total time for which application threads were stopped: 0.0004559 seconds, Stopping threads took: 0.0001754 seconds
2021-04-20T14:45:53.978-0700: 97.337: Total time for which application threads were stopped: 0.0003467 seconds, Stopping threads took: 0.0000527 seconds
2021-04-20T14:45:54.962-0700: 98.321: Total time for which application threads were stopped: 0.0008447 seconds, Stopping threads took: 0.0001149 seconds
2021-04-20T14:45:55.963-0700: 99.322: Total time for which application threads were stopped: 0.0005251 seconds, Stopping threads took: 0.0000736 seconds
2021-04-20T14:45:59.965-0700: 103.324: Total time for which application threads were stopped: 0.0005156 seconds, Stopping threads took: 0.0000745 seconds
2021-04-20T14:46:01.966-0700: 105.326: Total time for which application threads were stopped: 0.0006294 seconds, Stopping threads took: 0.0001097 seconds
2021-04-20T14:46:07.450-0700: 110.809: Total time for which application threads were stopped: 0.0002437 seconds, Stopping threads took: 0.0000751 seconds
2021-04-20T14:46:21.485-0700: 124.845: Total time for which application threads were stopped: 0.0008019 seconds, Stopping threads took: 0.0002777 seconds
2021-04-20T14:46:22.491-0700: 125.851: Total time for which application threads were stopped: 0.0005429 seconds, Stopping threads took: 0.0000902 seconds
{Heap before GC invocations=14 (full 0):
 garbage-first heap   total 524288K, used 362112K [0x00000000e0000000, 0x00000000e0101000, 0x0000000100000000)
  region size 1024K, 307 young (314368K), 24 survivors (24576K)
 Metaspace       used 62036K, capacity 65506K, committed 65664K, reserved 1107968K
  class space    used 7393K, capacity 8019K, committed 8064K, reserved 1048576K
2021-04-20T14:46:23.429-0700: 126.788: [GC pause (G1 Evacuation Pause) (young)
Desired survivor size 20447232 bytes, new threshold 4 (max 15)
- age   1:    2452384 bytes,    2452384 total
- age   2:    4291944 bytes,    6744328 total
- age   3:    5278400 bytes,   12022728 total
- age   4:    9494128 bytes,   21516856 total
, 0.0221323 secs]
   [Parallel Time: 15.7 ms, GC Workers: 10]
      [GC Worker Start (ms): Min: 126788.7, Avg: 126788.7, Max: 126788.9, Diff: 0.2]
      [Ext Root Scanning (ms): Min: 0.4, Avg: 1.0, Max: 3.8, Diff: 3.4, Sum: 10.5]
      [Update RS (ms): Min: 0.0, Avg: 1.2, Max: 4.3, Diff: 4.3, Sum: 12.2]
         [Processed Buffers: Min: 0, Avg: 5.5, Max: 39, Diff: 39, Sum: 55]
      [Scan RS (ms): Min: 0.0, Avg: 0.0, Max: 0.1, Diff: 0.1, Sum: 0.3]
      [Code Root Scanning (ms): Min: 0.0, Avg: 0.7, Max: 1.8, Diff: 1.8, Sum: 7.2]
      [Object Copy (ms): Min: 10.0, Avg: 12.3, Max: 14.9, Diff: 5.0, Sum: 122.9]
      [Termination (ms): Min: 0.0, Avg: 0.0, Max: 0.0, Diff: 0.0, Sum: 0.0]
         [Termination Attempts: Min: 1, Avg: 5.9, Max: 9, Diff: 8, Sum: 59]
      [GC Worker Other (ms): Min: 0.0, Avg: 0.1, Max: 0.2, Diff: 0.1, Sum: 0.8]
      [GC Worker Total (ms): Min: 15.3, Avg: 15.4, Max: 15.5, Diff: 0.2, Sum: 153.9]
      [GC Worker End (ms): Min: 126804.1, Avg: 126804.1, Max: 126804.2, Diff: 0.1]
   [Code Root Fixup: 0.2 ms]
   [Code Root Purge: 0.0 ms]
   [Clear CT: 0.3 ms]
   [Other: 5.9 ms]
      [Choose CSet: 0.0 ms]
      [Ref Proc: 4.5 ms]
      [Ref Enq: 0.3 ms]
      [Redirty Cards: 0.3 ms]
      [Humongous Register: 0.0 ms]
      [Humongous Reclaim: 0.0 ms]
      [Free CSet: 0.5 ms]
   [Eden: 283.0M(283.0M)->0.0B(289.0M) Survivors: 24.0M->18.0M Heap: 353.6M(512.0M)->75.0M(512.0M)]
Heap after GC invocations=15 (full 0):
 garbage-first heap   total 524288K, used 76819K [0x00000000e0000000, 0x00000000e0101000, 0x0000000100000000)
  region size 1024K, 18 young (18432K), 18 survivors (18432K)
 Metaspace       used 62036K, capacity 65506K, committed 65664K, reserved 1107968K
  class space    used 7393K, capacity 8019K, committed 8064K, reserved 1048576K
}
 [Times: user=0.08 sys=0.00, real=0.02 secs] 
2021-04-20T14:46:23.452-0700: 126.811: Total time for which application threads were stopped: 0.0229721 seconds, Stopping threads took: 0.0000762 seconds
2021-04-20T14:46:23.452-0700: 126.811: Total time for which application threads were stopped: 0.0004877 seconds, Stopping threads took: 0.0001249 seconds
2021-04-20T14:46:23.453-0700: 126.812: Total time for which application threads were stopped: 0.0003481 seconds, Stopping threads took: 0.0000768 seconds
2021-04-20T14:46:23.453-0700: 126.812: Total time for which application threads were stopped: 0.0003772 seconds, Stopping threads took: 0.0001168 seconds
2021-04-20T14:46:23.453-0700: 126.813: Total time for which application threads were stopped: 0.0002640 seconds, Stopping threads took: 0.0000821 seconds
2021-04-20T14:46:24.454-0700: 127.813: Total time for which application threads were stopped: 0.0005771 seconds, Stopping threads took: 0.0001545 seconds
2021-04-20T14:46:29.458-0700: 132.817: Total time for which application threads were stopped: 0.0010781 seconds, Stopping threads took: 0.0002019 seconds
2021-04-20T14:46:30.458-0700: 133.818: Total time for which application threads were stopped: 0.0005260 seconds, Stopping threads took: 0.0000938 seconds
2021-04-20T14:46:33.460-0700: 136.819: Total time for which application threads were stopped: 0.0004332 seconds, Stopping threads took: 0.0000900 seconds
2021-04-20T14:46:35.460-0700: 138.820: Total time for which application threads were stopped: 0.0005609 seconds, Stopping threads took: 0.0000982 seconds
2021-04-20T14:46:40.462-0700: 143.822: Total time for which application threads were stopped: 0.0005409 seconds, Stopping threads took: 0.0001073 seconds
2021-04-20T14:46:41.463-0700: 144.822: Total time for which application threads were stopped: 0.0007012 seconds, Stopping threads took: 0.0000884 seconds
2021-04-20T14:46:42.463-0700: 145.822: Total time for which application threads were stopped: 0.0003890 seconds, Stopping threads took: 0.0000660 seconds
2021-04-20T14:46:43.473-0700: 146.832: Total time for which application threads were stopped: 0.0005606 seconds, Stopping threads took: 0.0001129 seconds
2021-04-20T14:46:44.488-0700: 147.847: Total time for which application threads were stopped: 0.0003943 seconds, Stopping threads took: 0.0000689 seconds
2021-04-20T14:46:52.502-0700: 155.862: Total time for which application threads were stopped: 0.0004498 seconds, Stopping threads took: 0.0000889 seconds
2021-04-20T14:46:53.502-0700: 156.862: Total time for which application threads were stopped: 0.0003709 seconds, Stopping threads took: 0.0000711 seconds
2021-04-20T14:46:55.504-0700: 158.863: Total time for which application threads were stopped: 0.0002952 seconds, Stopping threads took: 0.0000779 seconds
2021-04-20T14:46:56.504-0700: 159.864: Total time for which application threads were stopped: 0.0005285 seconds, Stopping threads took: 0.0000908 seconds
2021-04-20T14:46:57.504-0700: 160.864: Total time for which application threads were stopped: 0.0006598 seconds, Stopping threads took: 0.0002187 seconds
2021-04-20T14:46:59.504-0700: 162.864: Total time for which application threads were stopped: 0.0006288 seconds, Stopping threads took: 0.0001338 seconds
2021-04-20T14:47:29.547-0700: 192.907: Total time for which application threads were stopped: 0.0008479 seconds, Stopping threads took: 0.0003101 seconds
2021-04-20T14:48:22.620-0700: 245.980: Total time for which application threads were stopped: 0.0008121 seconds, Stopping threads took: 0.0001425 seconds
2021-04-20T14:48:23.621-0700: 246.980: Total time for which application threads were stopped: 0.0003866 seconds, Stopping threads took: 0.0000762 seconds
2021-04-20T14:48:26.622-0700: 249.982: Total time for which application threads were stopped: 0.0009184 seconds, Stopping threads took: 0.0001708 seconds
2021-04-20T14:48:29.625-0700: 252.984: Total time for which application threads were stopped: 0.0003949 seconds, Stopping threads took: 0.0000756 seconds
2021-04-20T14:49:19.740-0700: 303.099: Total time for which application threads were stopped: 0.0002529 seconds, Stopping threads took: 0.0000558 seconds
2021-04-20T14:49:20.740-0700: 304.100: Total time for which application threads were stopped: 0.0005214 seconds, Stopping threads took: 0.0000880 seconds
2021-04-20T14:49:29.744-0700: 313.104: Total time for which application threads were stopped: 0.0003950 seconds, Stopping threads took: 0.0000741 seconds
2021-04-20T14:49:30.745-0700: 314.105: Total time for which application threads were stopped: 0.0003898 seconds, Stopping threads took: 0.0000745 seconds
2021-04-20T14:49:31.745-0700: 315.105: Total time for which application threads were stopped: 0.0004161 seconds, Stopping threads took: 0.0000860 seconds
2021-04-20T14:50:22.857-0700: 366.216: Total time for which application threads were stopped: 0.0024485 seconds, Stopping threads took: 0.0013195 seconds
2021-04-20T14:50:23.867-0700: 367.226: Total time for which application threads were stopped: 0.0002565 seconds, Stopping threads took: 0.0000513 seconds
2021-04-20T14:50:28.896-0700: 372.255: Total time for which application threads were stopped: 0.0008751 seconds, Stopping threads took: 0.0002953 seconds
2021-04-20T14:50:29.910-0700: 373.270: Total time for which application threads were stopped: 0.0014793 seconds, Stopping threads took: 0.0001056 seconds
2021-04-20T14:50:30.915-0700: 374.275: Total time for which application threads were stopped: 0.0005967 seconds, Stopping threads took: 0.0000998 seconds
2021-04-20T14:50:34.917-0700: 378.276: Total time for which application threads were stopped: 0.0003121 seconds, Stopping threads took: 0.0000604 seconds
2021-04-20T14:50:58.969-0700: 402.328: Total time for which application threads were stopped: 0.0004906 seconds, Stopping threads took: 0.0001002 seconds
2021-04-20T14:52:31.078-0700: 494.437: Total time for which application threads were stopped: 0.0010184 seconds, Stopping threads took: 0.0001393 seconds
2021-04-20T14:52:55.104-0700: 518.464: Total time for which application threads were stopped: 0.0004033 seconds, Stopping threads took: 0.0000738 seconds
2021-04-20T14:53:29.159-0700: 552.519: Total time for which application threads were stopped: 0.0009238 seconds, Stopping threads took: 0.0001927 seconds
2021-04-20T14:53:31.161-0700: 554.521: Total time for which application threads were stopped: 0.0002802 seconds, Stopping threads took: 0.0000584 seconds
2021-04-20T14:53:38.173-0700: 561.533: Total time for which application threads were stopped: 0.0004913 seconds, Stopping threads took: 0.0001028 seconds
2021-04-20T14:54:25.331-0700: 608.691: Total time for which application threads were stopped: 0.0007839 seconds, Stopping threads took: 0.0001528 seconds
2021-04-20T14:54:27.461-0700: 610.820: Total time for which application threads were stopped: 0.0013908 seconds, Stopping threads took: 0.0001534 seconds
2021-04-20T14:54:27.462-0700: 610.821: Total time for which application threads were stopped: 0.0005819 seconds, Stopping threads took: 0.0002657 seconds
2021-04-20T14:54:30.463-0700: 613.823: Total time for which application threads were stopped: 0.0004789 seconds, Stopping threads took: 0.0001229 seconds
2021-04-20T14:55:23.537-0700: 666.897: Total time for which application threads were stopped: 0.0003969 seconds, Stopping threads took: 0.0000803 seconds
2021-04-20T14:55:24.538-0700: 667.897: Total time for which application threads were stopped: 0.0004208 seconds, Stopping threads took: 0.0000863 seconds
2021-04-20T14:55:31.541-0700: 674.901: Total time for which application threads were stopped: 0.0004344 seconds, Stopping threads took: 0.0000865 seconds
2021-04-20T14:58:31.817-0700: 855.177: Total time for which application threads were stopped: 0.0005185 seconds, Stopping threads took: 0.0001038 seconds
2021-04-20T14:59:27.475-0700: 910.835: Total time for which application threads were stopped: 0.0013153 seconds, Stopping threads took: 0.0001444 seconds
2021-04-20T14:59:27.477-0700: 910.837: Total time for which application threads were stopped: 0.0011105 seconds, Stopping threads took: 0.0002373 seconds
2021-04-20T14:59:31.489-0700: 914.848: Total time for which application threads were stopped: 0.0005089 seconds, Stopping threads took: 0.0000778 seconds
2021-04-20T14:59:41.493-0700: 924.853: Total time for which application threads were stopped: 0.0003799 seconds, Stopping threads took: 0.0000768 seconds
2021-04-20T15:00:29.617-0700: 972.976: Total time for which application threads were stopped: 0.0004752 seconds, Stopping threads took: 0.0001236 seconds
2021-04-20T15:00:31.618-0700: 974.978: Total time for which application threads were stopped: 0.0002443 seconds, Stopping threads took: 0.0000432 seconds
2021-04-20T15:01:29.688-0700: 1033.048: Total time for which application threads were stopped: 0.0009024 seconds, Stopping threads took: 0.0001911 seconds
2021-04-20T15:01:31.692-0700: 1035.051: Total time for which application threads were stopped: 0.0023123 seconds, Stopping threads took: 0.0001282 seconds
2021-04-20T15:01:32.693-0700: 1036.052: Total time for which application threads were stopped: 0.0006074 seconds, Stopping threads took: 0.0001106 seconds
2021-04-20T15:02:44.859-0700: 1108.219: Total time for which application threads were stopped: 0.0007650 seconds, Stopping threads took: 0.0002067 seconds
2021-04-20T15:03:31.930-0700: 1155.290: Total time for which application threads were stopped: 0.0005963 seconds, Stopping threads took: 0.0001206 seconds
2021-04-20T15:03:32.930-0700: 1156.290: Total time for which application threads were stopped: 0.0005345 seconds, Stopping threads took: 0.0000997 seconds
2021-04-20T15:04:27.495-0700: 1210.854: Total time for which application threads were stopped: 0.0010090 seconds, Stopping threads took: 0.0003136 seconds
2021-04-20T15:04:27.497-0700: 1210.856: Total time for which application threads were stopped: 0.0006934 seconds, Stopping threads took: 0.0000857 seconds
2021-04-20T15:04:47.524-0700: 1230.884: Total time for which application threads were stopped: 0.0007244 seconds, Stopping threads took: 0.0001241 seconds
2021-04-20T15:04:58.530-0700: 1241.890: Total time for which application threads were stopped: 0.0004231 seconds, Stopping threads took: 0.0000883 seconds
2021-04-20T15:05:31.602-0700: 1274.961: Total time for which application threads were stopped: 0.0010790 seconds, Stopping threads took: 0.0001509 seconds
2021-04-20T15:06:07.627-0700: 1310.986: Total time for which application threads were stopped: 0.0004109 seconds, Stopping threads took: 0.0001045 seconds
2021-04-20T15:06:21.644-0700: 1325.003: Total time for which application threads were stopped: 0.0007678 seconds, Stopping threads took: 0.0001602 seconds
2021-04-20T15:06:28.677-0700: 1332.037: Total time for which application threads were stopped: 0.0009050 seconds, Stopping threads took: 0.0001757 seconds
2021-04-20T15:06:32.680-0700: 1336.040: Total time for which application threads were stopped: 0.0006552 seconds, Stopping threads took: 0.0001822 seconds
2021-04-20T15:07:00.695-0700: 1364.055: Total time for which application threads were stopped: 0.0007393 seconds, Stopping threads took: 0.0000940 seconds
2021-04-20T15:07:01.696-0700: 1365.055: Total time for which application threads were stopped: 0.0002717 seconds, Stopping threads took: 0.0000521 seconds
2021-04-20T15:07:32.749-0700: 1396.108: Total time for which application threads were stopped: 0.0020802 seconds, Stopping threads took: 0.0007095 seconds
2021-04-20T15:07:55.761-0700: 1419.120: Total time for which application threads were stopped: 0.0021058 seconds, Stopping threads took: 0.0001232 seconds
2021-04-20T15:07:56.762-0700: 1420.121: Total time for which application threads were stopped: 0.0006154 seconds, Stopping threads took: 0.0001063 seconds
2021-04-20T15:07:58.762-0700: 1422.122: Total time for which application threads were stopped: 0.0006285 seconds, Stopping threads took: 0.0001026 seconds
2021-04-20T15:08:32.813-0700: 1456.172: Total time for which application threads were stopped: 0.0042684 seconds, Stopping threads took: 0.0001470 seconds
2021-04-20T15:08:59.826-0700: 1483.186: Total time for which application threads were stopped: 0.0005099 seconds, Stopping threads took: 0.0000935 seconds
2021-04-20T15:09:27.515-0700: 1510.874: Total time for which application threads were stopped: 0.0008672 seconds, Stopping threads took: 0.0002034 seconds
2021-04-20T15:09:27.516-0700: 1510.876: Total time for which application threads were stopped: 0.0006738 seconds, Stopping threads took: 0.0001042 seconds
2021-04-20T15:09:33.533-0700: 1516.893: Total time for which application threads were stopped: 0.0021383 seconds, Stopping threads took: 0.0001361 seconds
2021-04-20T15:09:55.623-0700: 1538.982: Total time for which application threads were stopped: 0.0004869 seconds, Stopping threads took: 0.0000892 seconds
2021-04-20T15:10:33.683-0700: 1577.043: Total time for which application threads were stopped: 0.0006518 seconds, Stopping threads took: 0.0001233 seconds
2021-04-20T15:11:33.832-0700: 1637.192: Total time for which application threads were stopped: 0.0007836 seconds, Stopping threads took: 0.0002888 seconds
2021-04-20T15:12:57.014-0700: 1720.374: Total time for which application threads were stopped: 0.0009374 seconds, Stopping threads took: 0.0002149 seconds
2021-04-20T15:13:03.018-0700: 1726.378: Total time for which application threads were stopped: 0.0005025 seconds, Stopping threads took: 0.0000937 seconds
2021-04-20T15:13:11.023-0700: 1734.382: Total time for which application threads were stopped: 0.0006604 seconds, Stopping threads took: 0.0001218 seconds
2021-04-20T15:13:22.037-0700: 1745.397: Total time for which application threads were stopped: 0.0008746 seconds, Stopping threads took: 0.0001609 seconds
2021-04-20T15:14:27.535-0700: 1810.894: Total time for which application threads were stopped: 0.0009904 seconds, Stopping threads took: 0.0001813 seconds
2021-04-20T15:14:27.536-0700: 1810.896: Total time for which application threads were stopped: 0.0005831 seconds, Stopping threads took: 0.0000897 seconds
2021-04-20T15:15:34.638-0700: 1877.997: Total time for which application threads were stopped: 0.0008405 seconds, Stopping threads took: 0.0001472 seconds
2021-04-20T15:17:34.898-0700: 1998.257: Total time for which application threads were stopped: 0.0013511 seconds, Stopping threads took: 0.0001512 seconds
2021-04-20T15:18:19.004-0700: 2042.364: Total time for which application threads were stopped: 0.0007797 seconds, Stopping threads took: 0.0002018 seconds
2021-04-20T15:18:36.023-0700: 2059.382: Total time for which application threads were stopped: 0.0005518 seconds, Stopping threads took: 0.0001190 seconds
2021-04-20T15:19:27.541-0700: 2110.901: Total time for which application threads were stopped: 0.0006963 seconds, Stopping threads took: 0.0002125 seconds
2021-04-20T15:19:27.543-0700: 2110.902: Total time for which application threads were stopped: 0.0007394 seconds, Stopping threads took: 0.0000460 seconds
2021-04-20T15:19:35.574-0700: 2118.934: Total time for which application threads were stopped: 0.0006244 seconds, Stopping threads took: 0.0001431 seconds
2021-04-20T15:20:08.591-0700: 2151.951: Total time for which application threads were stopped: 0.0005573 seconds, Stopping threads took: 0.0001158 seconds
2021-04-20T15:20:35.670-0700: 2179.030: Total time for which application threads were stopped: 0.0004024 seconds, Stopping threads took: 0.0001003 seconds
2021-04-20T15:21:35.816-0700: 2239.176: Total time for which application threads were stopped: 0.0008763 seconds, Stopping threads took: 0.0002873 seconds
2021-04-20T15:21:36.822-0700: 2240.182: Total time for which application threads were stopped: 0.0051122 seconds, Stopping threads took: 0.0000863 seconds
2021-04-20T15:22:35.937-0700: 2299.297: Total time for which application threads were stopped: 0.0006775 seconds, Stopping threads took: 0.0005201 seconds
2021-04-20T15:23:37.044-0700: 2360.404: Total time for which application threads were stopped: 0.0004769 seconds, Stopping threads took: 0.0001028 seconds
2021-04-20T15:24:27.575-0700: 2410.935: Total time for which application threads were stopped: 0.0023639 seconds, Stopping threads took: 0.0001380 seconds
2021-04-20T15:24:27.579-0700: 2410.940: Total time for which application threads were stopped: 0.0045545 seconds, Stopping threads took: 0.0001410 seconds
2021-04-20T15:24:34.591-0700: 2417.951: Total time for which application threads were stopped: 0.0004264 seconds, Stopping threads took: 0.0000823 seconds
2021-04-20T15:25:19.721-0700: 2463.081: Total time for which application threads were stopped: 0.0006616 seconds, Stopping threads took: 0.0001494 seconds
2021-04-20T15:25:55.785-0700: 2499.145: Total time for which application threads were stopped: 0.0006917 seconds, Stopping threads took: 0.0001455 seconds
2021-04-20T15:27:37.951-0700: 2601.310: Total time for which application threads were stopped: 0.0004832 seconds, Stopping threads took: 0.0001034 seconds
2021-04-20T15:28:29.037-0700: 2652.396: Total time for which application threads were stopped: 0.0005096 seconds, Stopping threads took: 0.0001245 seconds
2021-04-20T15:28:48.095-0700: 2671.455: Total time for which application threads were stopped: 0.0002429 seconds, Stopping threads took: 0.0000466 seconds
2021-04-20T15:29:27.599-0700: 2710.958: Total time for which application threads were stopped: 0.0104574 seconds, Stopping threads took: 0.0001487 seconds
2021-04-20T15:29:31.607-0700: 2714.966: Total time for which application threads were stopped: 0.0006817 seconds, Stopping threads took: 0.0001013 seconds
2021-04-20T15:29:37.610-0700: 2720.970: Total time for which application threads were stopped: 0.0004804 seconds, Stopping threads took: 0.0001046 seconds
2021-04-20T15:30:37.702-0700: 2781.061: Total time for which application threads were stopped: 0.0019973 seconds, Stopping threads took: 0.0000798 seconds
2021-04-20T15:31:37.783-0700: 2841.143: Total time for which application threads were stopped: 0.0003992 seconds, Stopping threads took: 0.0000718 seconds
2021-04-20T15:32:38.018-0700: 2901.378: Total time for which application threads were stopped: 0.0007653 seconds, Stopping threads took: 0.0001062 seconds
2021-04-20T15:33:37.608-0700: 2960.967: Total time for which application threads were stopped: 0.0028437 seconds, Stopping threads took: 0.0003014 seconds
2021-04-20T15:33:37.609-0700: 2960.968: Total time for which application threads were stopped: 0.0005345 seconds, Stopping threads took: 0.0001308 seconds
2021-04-20T15:34:38.677-0700: 3022.037: Total time for which application threads were stopped: 0.0003507 seconds, Stopping threads took: 0.0000728 seconds
2021-04-20T15:35:38.848-0700: 3082.208: Total time for which application threads were stopped: 0.0007219 seconds, Stopping threads took: 0.0001862 seconds
2021-04-20T15:36:38.931-0700: 3142.291: Total time for which application threads were stopped: 0.0007999 seconds, Stopping threads took: 0.0001879 seconds
{Heap before GC invocations=15 (full 0):
 garbage-first heap   total 524288K, used 372755K [0x00000000e0000000, 0x00000000e0101000, 0x0000000100000000)
  region size 1024K, 307 young (314368K), 18 survivors (18432K)
 Metaspace       used 62464K, capacity 65940K, committed 66176K, reserved 1107968K
  class space    used 7407K, capacity 8028K, committed 8064K, reserved 1048576K
2021-04-20T15:37:39.628-0700: 3202.987: [GC pause (G1 Evacuation Pause) (young)
Desired survivor size 20447232 bytes, new threshold 15 (max 15)
- age   1:    1860336 bytes,    1860336 total
- age   2:    2180720 bytes,    4041056 total
- age   3:    4015088 bytes,    8056144 total
- age   4:    5193472 bytes,   13249616 total
, 0.4226520 secs]
   [Parallel Time: 370.7 ms, GC Workers: 10]
      [GC Worker Start (ms): Min: 3203024.5, Avg: 3203027.8, Max: 3203030.5, Diff: 6.0]
      [Ext Root Scanning (ms): Min: 29.3, Avg: 43.3, Max: 147.5, Diff: 118.1, Sum: 432.6]
      [Update RS (ms): Min: 0.0, Avg: 47.3, Max: 60.5, Diff: 60.5, Sum: 473.2]
         [Processed Buffers: Min: 0, Avg: 8.1, Max: 31, Diff: 31, Sum: 81]
      [Scan RS (ms): Min: 0.1, Avg: 4.0, Max: 7.8, Diff: 7.7, Sum: 40.0]
      [Code Root Scanning (ms): Min: 0.0, Avg: 9.1, Max: 17.9, Diff: 17.9, Sum: 91.2]
      [Object Copy (ms): Min: 219.8, Avg: 259.6, Max: 273.0, Diff: 53.2, Sum: 2596.2]
      [Termination (ms): Min: 0.0, Avg: 0.4, Max: 0.7, Diff: 0.7, Sum: 4.2]
         [Termination Attempts: Min: 1, Avg: 2.2, Max: 4, Diff: 3, Sum: 22]
      [GC Worker Other (ms): Min: 0.4, Avg: 1.8, Max: 4.8, Diff: 4.4, Sum: 18.2]
      [GC Worker Total (ms): Min: 362.8, Avg: 365.6, Max: 368.8, Diff: 6.0, Sum: 3655.7]
      [GC Worker End (ms): Min: 3203393.4, Avg: 3203393.4, Max: 3203393.4, Diff: 0.1]
   [Code Root Fixup: 0.1 ms]
   [Code Root Purge: 0.4 ms]
   [Clear CT: 1.5 ms]
   [Other: 49.9 ms]
      [Choose CSet: 0.0 ms]
      [Ref Proc: 10.7 ms]
      [Ref Enq: 0.3 ms]
      [Redirty Cards: 0.2 ms]
      [Humongous Register: 6.3 ms]
      [Humongous Reclaim: 0.0 ms]
      [Free CSet: 2.7 ms]
   [Eden: 289.0M(289.0M)->0.0B(286.0M) Survivors: 18.0M->21.0M Heap: 364.0M(512.0M)->78.0M(512.0M)]
Heap after GC invocations=16 (full 0):
 garbage-first heap   total 524288K, used 79891K [0x00000000e0000000, 0x00000000e0101000, 0x0000000100000000)
  region size 1024K, 21 young (21504K), 21 survivors (21504K)
 Metaspace       used 62464K, capacity 65940K, committed 66176K, reserved 1107968K
  class space    used 7407K, capacity 8028K, committed 8064K, reserved 1048576K
}
 [Times: user=0.38 sys=1.55, real=0.42 secs] 
2021-04-20T15:37:40.051-0700: 3203.411: Total time for which application threads were stopped: 0.4279601 seconds, Stopping threads took: 0.0001470 seconds
2021-04-20T15:37:40.055-0700: 3203.414: Total time for which application threads were stopped: 0.0023504 seconds, Stopping threads took: 0.0003423 seconds
2021-04-20T15:37:40.057-0700: 3203.416: Total time for which application threads were stopped: 0.0001693 seconds, Stopping threads took: 0.0000322 seconds
2021-04-20T15:37:40.058-0700: 3203.418: Total time for which application threads were stopped: 0.0001610 seconds, Stopping threads took: 0.0000262 seconds
2021-04-20T15:37:40.058-0700: 3203.418: Total time for which application threads were stopped: 0.0001061 seconds, Stopping threads took: 0.0000185 seconds
2021-04-20T15:38:37.633-0700: 3260.992: Total time for which application threads were stopped: 0.0004814 seconds, Stopping threads took: 0.0001118 seconds
2021-04-20T15:38:37.633-0700: 3260.993: Total time for which application threads were stopped: 0.0003733 seconds, Stopping threads took: 0.0000497 seconds
2021-04-20T15:38:42.648-0700: 3266.007: Total time for which application threads were stopped: 0.0011023 seconds, Stopping threads took: 0.0002628 seconds
2021-04-20T15:39:39.748-0700: 3323.108: Total time for which application threads were stopped: 0.0009294 seconds, Stopping threads took: 0.0001539 seconds
2021-04-20T15:41:39.950-0700: 3443.310: Total time for which application threads were stopped: 0.0008450 seconds, Stopping threads took: 0.0001586 seconds
2021-04-20T15:42:40.089-0700: 3503.449: Total time for which application threads were stopped: 0.0004056 seconds, Stopping threads took: 0.0000682 seconds
2021-04-20T15:43:37.664-0700: 3561.024: Total time for which application threads were stopped: 0.0086576 seconds, Stopping threads took: 0.0002192 seconds
2021-04-20T15:43:37.665-0700: 3561.025: Total time for which application threads were stopped: 0.0004306 seconds, Stopping threads took: 0.0000827 seconds
2021-04-20T15:43:40.681-0700: 3564.040: Total time for which application threads were stopped: 0.0007531 seconds, Stopping threads took: 0.0001128 seconds
2021-04-20T15:44:29.785-0700: 3613.145: Total time for which application threads were stopped: 0.0006403 seconds, Stopping threads took: 0.0001366 seconds
2021-04-20T15:44:31.786-0700: 3615.145: Total time for which application threads were stopped: 0.0001745 seconds, Stopping threads took: 0.0000354 seconds
2021-04-20T15:44:32.786-0700: 3616.145: Total time for which application threads were stopped: 0.0004394 seconds, Stopping threads took: 0.0001086 seconds
2021-04-20T15:44:33.801-0700: 3617.160: Total time for which application threads were stopped: 0.0004681 seconds, Stopping threads took: 0.0001382 seconds
2021-04-20T15:44:40.824-0700: 3624.183: Total time for which application threads were stopped: 0.0005845 seconds, Stopping threads took: 0.0001087 seconds
2021-04-20T15:45:08.846-0700: 3652.206: Total time for which application threads were stopped: 0.0006336 seconds, Stopping threads took: 0.0001170 seconds
2021-04-20T15:45:09.848-0700: 3653.207: Total time for which application threads were stopped: 0.0006877 seconds, Stopping threads took: 0.0001368 seconds
2021-04-20T15:45:40.909-0700: 3684.268: Total time for which application threads were stopped: 0.0049707 seconds, Stopping threads took: 0.0002601 seconds
2021-04-20T15:45:41.909-0700: 3685.269: Total time for which application threads were stopped: 0.0004235 seconds, Stopping threads took: 0.0000860 seconds
2021-04-20T15:48:37.673-0700: 3861.033: Total time for which application threads were stopped: 0.0005517 seconds, Stopping threads took: 0.0001028 seconds
2021-04-20T15:48:37.674-0700: 3861.033: Total time for which application threads were stopped: 0.0003564 seconds, Stopping threads took: 0.0000739 seconds
2021-04-20T15:48:41.676-0700: 3865.036: Total time for which application threads were stopped: 0.0022132 seconds, Stopping threads took: 0.0001053 seconds
2021-04-20T15:52:42.220-0700: 4105.579: Total time for which application threads were stopped: 0.0032885 seconds, Stopping threads took: 0.0002452 seconds
2021-04-20T15:52:58.230-0700: 4121.589: Total time for which application threads were stopped: 0.0003215 seconds, Stopping threads took: 0.0000754 seconds
2021-04-20T15:53:37.678-0700: 4161.038: Total time for which application threads were stopped: 0.0011415 seconds, Stopping threads took: 0.0002163 seconds
2021-04-20T15:53:37.679-0700: 4161.039: Total time for which application threads were stopped: 0.0004435 seconds, Stopping threads took: 0.0001319 seconds
2021-04-20T15:53:42.682-0700: 4166.041: Total time for which application threads were stopped: 0.0006586 seconds, Stopping threads took: 0.0001161 seconds
2021-04-20T15:54:42.805-0700: 4226.165: Total time for which application threads were stopped: 0.0008934 seconds, Stopping threads took: 0.0001883 seconds
2021-04-20T15:58:37.695-0700: 4461.055: Total time for which application threads were stopped: 0.0011332 seconds, Stopping threads took: 0.0003109 seconds
2021-04-20T15:58:37.701-0700: 4461.060: Total time for which application threads were stopped: 0.0050680 seconds, Stopping threads took: 0.0010142 seconds
2021-04-20T15:58:43.728-0700: 4467.087: Total time for which application threads were stopped: 0.0005131 seconds, Stopping threads took: 0.0001275 seconds
2021-04-20T15:59:47.820-0700: 4531.180: Total time for which application threads were stopped: 0.0008242 seconds, Stopping threads took: 0.0001655 seconds
2021-04-20T16:00:12.886-0700: 4556.246: Total time for which application threads were stopped: 0.0007401 seconds, Stopping threads took: 0.0001678 seconds
2021-04-20T16:00:43.922-0700: 4587.281: Total time for which application threads were stopped: 0.0007489 seconds, Stopping threads took: 0.0001528 seconds
2021-04-20T16:01:44.087-0700: 4647.446: Total time for which application threads were stopped: 0.0004263 seconds, Stopping threads took: 0.0000821 seconds
2021-04-20T16:02:45.263-0700: 4708.623: Total time for which application threads were stopped: 0.0004259 seconds, Stopping threads took: 0.0000870 seconds
2021-04-20T16:03:22.367-0700: 4745.726: Total time for which application threads were stopped: 0.0008204 seconds, Stopping threads took: 0.0001715 seconds
2021-04-20T16:03:37.732-0700: 4761.092: Total time for which application threads were stopped: 0.0007705 seconds, Stopping threads took: 0.0001145 seconds
2021-04-20T16:03:37.733-0700: 4761.093: Total time for which application threads were stopped: 0.0005615 seconds, Stopping threads took: 0.0001041 seconds
2021-04-20T16:03:44.737-0700: 4768.097: Total time for which application threads were stopped: 0.0003832 seconds, Stopping threads took: 0.0000778 seconds
2021-04-20T16:04:44.862-0700: 4828.221: Total time for which application threads were stopped: 0.0009316 seconds, Stopping threads took: 0.0001340 seconds
2021-04-20T16:04:58.874-0700: 4842.234: Total time for which application threads were stopped: 0.0009608 seconds, Stopping threads took: 0.0002204 seconds
2021-04-20T16:05:17.898-0700: 4861.257: Total time for which application threads were stopped: 0.0005496 seconds, Stopping threads took: 0.0001189 seconds
2021-04-20T16:05:44.948-0700: 4888.308: Total time for which application threads were stopped: 0.0008576 seconds, Stopping threads took: 0.0001592 seconds
2021-04-20T16:06:45.022-0700: 4948.382: Total time for which application threads were stopped: 0.0024884 seconds, Stopping threads took: 0.0002933 seconds
2021-04-20T16:08:37.746-0700: 5061.106: Total time for which application threads were stopped: 0.0015369 seconds, Stopping threads took: 0.0003886 seconds
2021-04-20T16:08:37.748-0700: 5061.108: Total time for which application threads were stopped: 0.0007099 seconds, Stopping threads took: 0.0001239 seconds
2021-04-20T16:09:33.837-0700: 5117.197: Total time for which application threads were stopped: 0.0004991 seconds, Stopping threads took: 0.0000977 seconds
2021-04-20T16:09:45.852-0700: 5129.212: Total time for which application threads were stopped: 0.0006550 seconds, Stopping threads took: 0.0000794 seconds
2021-04-20T16:10:45.899-0700: 5189.258: Total time for which application threads were stopped: 0.0013070 seconds, Stopping threads took: 0.0002774 seconds
2021-04-20T16:12:43.094-0700: 5306.454: Total time for which application threads were stopped: 0.0007571 seconds, Stopping threads took: 0.0001520 seconds
2021-04-20T16:13:37.762-0700: 5361.122: Total time for which application threads were stopped: 0.0005244 seconds, Stopping threads took: 0.0001329 seconds
2021-04-20T16:13:37.764-0700: 5361.124: Total time for which application threads were stopped: 0.0011027 seconds, Stopping threads took: 0.0002262 seconds
2021-04-20T16:13:46.776-0700: 5370.136: Total time for which application threads were stopped: 0.0006644 seconds, Stopping threads took: 0.0001268 seconds
2021-04-20T16:14:46.875-0700: 5430.235: Total time for which application threads were stopped: 0.0005851 seconds, Stopping threads took: 0.0001197 seconds
2021-04-20T16:15:46.988-0700: 5490.347: Total time for which application threads were stopped: 0.0005849 seconds, Stopping threads took: 0.0001219 seconds
2021-04-20T16:16:48.062-0700: 5551.421: Total time for which application threads were stopped: 0.0005170 seconds, Stopping threads took: 0.0001090 seconds
2021-04-20T16:17:12.098-0700: 5575.458: Total time for which application threads were stopped: 0.0008921 seconds, Stopping threads took: 0.0001687 seconds
2021-04-20T16:18:37.785-0700: 5661.144: Total time for which application threads were stopped: 0.0005978 seconds, Stopping threads took: 0.0001397 seconds
2021-04-20T16:18:37.790-0700: 5661.149: Total time for which application threads were stopped: 0.0053589 seconds, Stopping threads took: 0.0000443 seconds
2021-04-20T16:18:47.796-0700: 5671.156: Total time for which application threads were stopped: 0.0007295 seconds, Stopping threads took: 0.0001272 seconds
2021-04-20T16:20:47.928-0700: 5791.287: Total time for which application threads were stopped: 0.0004428 seconds, Stopping threads took: 0.0001550 seconds
2021-04-20T16:21:48.057-0700: 5851.416: Total time for which application threads were stopped: 0.0006978 seconds, Stopping threads took: 0.0001532 seconds
2021-04-20T16:22:47.794-0700: 5911.153: Total time for which application threads were stopped: 0.0010993 seconds, Stopping threads took: 0.0002130 seconds
2021-04-20T16:22:47.798-0700: 5911.157: Total time for which application threads were stopped: 0.0034221 seconds, Stopping threads took: 0.0001097 seconds
2021-04-20T16:25:49.105-0700: 6092.464: Total time for which application threads were stopped: 0.0009334 seconds, Stopping threads took: 0.0001765 seconds
2021-04-20T16:27:47.805-0700: 6211.164: Total time for which application threads were stopped: 0.0014901 seconds, Stopping threads took: 0.0003143 seconds
2021-04-20T16:27:47.806-0700: 6211.166: Total time for which application threads were stopped: 0.0006017 seconds, Stopping threads took: 0.0001117 seconds
2021-04-20T16:30:32.080-0700: 6375.439: Total time for which application threads were stopped: 0.0024018 seconds, Stopping threads took: 0.0002448 seconds
2021-04-20T16:32:47.826-0700: 6511.186: Total time for which application threads were stopped: 0.0026969 seconds, Stopping threads took: 0.0018536 seconds
2021-04-20T16:32:47.826-0700: 6511.186: Total time for which application threads were stopped: 0.0001669 seconds, Stopping threads took: 0.0000220 seconds
2021-04-20T16:33:49.950-0700: 6573.309: Total time for which application threads were stopped: 0.0002019 seconds, Stopping threads took: 0.0000434 seconds
2021-04-20T16:34:41.018-0700: 6624.378: Total time for which application threads were stopped: 0.0006149 seconds, Stopping threads took: 0.0001261 seconds
2021-04-20T16:34:50.048-0700: 6633.407: Total time for which application threads were stopped: 0.0007849 seconds, Stopping threads took: 0.0001685 seconds
2021-04-20T16:37:47.848-0700: 6811.208: Total time for which application threads were stopped: 0.0063999 seconds, Stopping threads took: 0.0001105 seconds
2021-04-20T16:37:47.864-0700: 6811.223: Total time for which application threads were stopped: 0.0150289 seconds, Stopping threads took: 0.0118388 seconds
2021-04-20T16:37:50.866-0700: 6814.226: Total time for which application threads were stopped: 0.0002691 seconds, Stopping threads took: 0.0000642 seconds
2021-04-20T16:42:47.880-0700: 7111.240: Total time for which application threads were stopped: 0.0003000 seconds, Stopping threads took: 0.0000691 seconds
2021-04-20T16:42:47.884-0700: 7111.243: Total time for which application threads were stopped: 0.0034996 seconds, Stopping threads took: 0.0003995 seconds
2021-04-20T16:42:50.887-0700: 7114.246: Total time for which application threads were stopped: 0.0002806 seconds, Stopping threads took: 0.0000604 seconds
2021-04-20T16:44:45.124-0700: 7228.483: Total time for which application threads were stopped: 0.0002081 seconds, Stopping threads took: 0.0000512 seconds
2021-04-20T16:44:51.127-0700: 7234.486: Total time for which application threads were stopped: 0.0001605 seconds, Stopping threads took: 0.0000388 seconds
2021-04-20T16:45:51.287-0700: 7294.646: Total time for which application threads were stopped: 0.0001957 seconds, Stopping threads took: 0.0000435 seconds
2021-04-20T16:47:47.898-0700: 7411.258: Total time for which application threads were stopped: 0.0003063 seconds, Stopping threads took: 0.0000673 seconds
2021-04-20T16:47:47.899-0700: 7411.259: Total time for which application threads were stopped: 0.0001873 seconds, Stopping threads took: 0.0000338 seconds
2021-04-20T16:47:51.901-0700: 7415.261: Total time for which application threads were stopped: 0.0001722 seconds, Stopping threads took: 0.0000366 seconds
2021-04-20T16:48:09.953-0700: 7433.312: Total time for which application threads were stopped: 0.0003124 seconds, Stopping threads took: 0.0000638 seconds
2021-04-20T16:48:14.972-0700: 7438.332: Total time for which application threads were stopped: 0.0003988 seconds, Stopping threads took: 0.0001094 seconds
2021-04-20T16:48:52.090-0700: 7475.450: Total time for which application threads were stopped: 0.0018879 seconds, Stopping threads took: 0.0000803 seconds
2021-04-20T16:49:03.095-0700: 7486.455: Total time for which application threads were stopped: 0.0001714 seconds, Stopping threads took: 0.0000358 seconds
2021-04-20T16:49:20.164-0700: 7503.524: Total time for which application threads were stopped: 0.0003415 seconds, Stopping threads took: 0.0000898 seconds
2021-04-20T16:51:51.554-0700: 7654.913: Total time for which application threads were stopped: 0.0003276 seconds, Stopping threads took: 0.0000778 seconds
2021-04-20T16:52:47.902-0700: 7711.261: Total time for which application threads were stopped: 0.0002089 seconds, Stopping threads took: 0.0000482 seconds
2021-04-20T16:52:47.902-0700: 7711.262: Total time for which application threads were stopped: 0.0000810 seconds, Stopping threads took: 0.0000153 seconds
2021-04-20T16:53:52.037-0700: 7775.397: Total time for which application threads were stopped: 0.0001889 seconds, Stopping threads took: 0.0000425 seconds
2021-04-20T16:57:47.905-0700: 8011.264: Total time for which application threads were stopped: 0.0002603 seconds, Stopping threads took: 0.0000574 seconds
2021-04-20T16:57:47.907-0700: 8011.266: Total time for which application threads were stopped: 0.0020517 seconds, Stopping threads took: 0.0015715 seconds
2021-04-20T17:00:28.406-0700: 8171.766: Total time for which application threads were stopped: 0.0046644 seconds, Stopping threads took: 0.0000339 seconds
2021-04-20T17:02:29.638-0700: 8292.997: Total time for which application threads were stopped: 0.0002833 seconds, Stopping threads took: 0.0000675 seconds
2021-04-20T17:02:47.920-0700: 8311.280: Total time for which application threads were stopped: 0.0001877 seconds, Stopping threads took: 0.0000450 seconds
2021-04-20T17:02:47.921-0700: 8311.280: Total time for which application threads were stopped: 0.0001749 seconds, Stopping threads took: 0.0000319 seconds
2021-04-20T17:03:53.023-0700: 8376.383: Total time for which application threads were stopped: 0.0005486 seconds, Stopping threads took: 0.0001824 seconds
2021-04-20T17:07:47.930-0700: 8611.290: Total time for which application threads were stopped: 0.0003030 seconds, Stopping threads took: 0.0000702 seconds
2021-04-20T17:07:47.941-0700: 8611.301: Total time for which application threads were stopped: 0.0106850 seconds, Stopping threads took: 0.0000273 seconds
2021-04-20T17:09:53.228-0700: 8736.587: Total time for which application threads were stopped: 0.0003269 seconds, Stopping threads took: 0.0001568 seconds
2021-04-20T17:12:47.956-0700: 8911.315: Total time for which application threads were stopped: 0.0001956 seconds, Stopping threads took: 0.0000428 seconds
2021-04-20T17:12:47.956-0700: 8911.316: Total time for which application threads were stopped: 0.0002729 seconds, Stopping threads took: 0.0001357 seconds
2021-04-20T17:12:52.980-0700: 8916.339: Total time for which application threads were stopped: 0.0002145 seconds, Stopping threads took: 0.0000457 seconds
2021-04-20T17:17:47.961-0700: 9211.320: Total time for which application threads were stopped: 0.0002861 seconds, Stopping threads took: 0.0000564 seconds
2021-04-20T17:17:47.961-0700: 9211.321: Total time for which application threads were stopped: 0.0001180 seconds, Stopping threads took: 0.0000185 seconds
2021-04-20T17:19:54.242-0700: 9337.601: Total time for which application threads were stopped: 0.0002041 seconds, Stopping threads took: 0.0000669 seconds
2021-04-20T17:20:54.368-0700: 9397.727: Total time for which application threads were stopped: 0.0003067 seconds, Stopping threads took: 0.0000691 seconds
2021-04-20T17:22:47.968-0700: 9511.328: Total time for which application threads were stopped: 0.0002041 seconds, Stopping threads took: 0.0000460 seconds
2021-04-20T17:22:47.968-0700: 9511.328: Total time for which application threads were stopped: 0.0001421 seconds, Stopping threads took: 0.0000248 seconds
2021-04-20T17:24:54.235-0700: 9637.594: Total time for which application threads were stopped: 0.0001713 seconds, Stopping threads took: 0.0000351 seconds
2021-04-20T17:27:47.985-0700: 9811.345: Total time for which application threads were stopped: 0.0003369 seconds, Stopping threads took: 0.0000779 seconds
2021-04-20T17:27:47.986-0700: 9811.346: Total time for which application threads were stopped: 0.0003299 seconds, Stopping threads took: 0.0000477 seconds
2021-04-20T17:27:54.001-0700: 9817.360: Total time for which application threads were stopped: 0.0001595 seconds, Stopping threads took: 0.0000371 seconds
2021-04-20T17:30:29.337-0700: 9972.696: Total time for which application threads were stopped: 0.0006521 seconds, Stopping threads took: 0.0001300 seconds
2021-04-20T17:31:02.367-0700: 10005.726: Total time for which application threads were stopped: 0.0003086 seconds, Stopping threads took: 0.0000706 seconds
2021-04-20T17:31:03.367-0700: 10006.726: Total time for which application threads were stopped: 0.0001616 seconds, Stopping threads took: 0.0000339 seconds
2021-04-20T17:32:48.007-0700: 10111.367: Total time for which application threads were stopped: 0.0029119 seconds, Stopping threads took: 0.0000739 seconds
2021-04-20T17:32:48.009-0700: 10111.368: Total time for which application threads were stopped: 0.0012257 seconds, Stopping threads took: 0.0008547 seconds
2021-04-20T17:33:55.153-0700: 10178.513: Total time for which application threads were stopped: 0.0002196 seconds, Stopping threads took: 0.0000462 seconds
2021-04-20T17:37:48.012-0700: 10411.372: Total time for which application threads were stopped: 0.0003373 seconds, Stopping threads took: 0.0000630 seconds
2021-04-20T17:37:48.013-0700: 10411.372: Total time for which application threads were stopped: 0.0002890 seconds, Stopping threads took: 0.0000838 seconds
2021-04-20T17:42:48.044-0700: 10711.403: Total time for which application threads were stopped: 0.0004863 seconds, Stopping threads took: 0.0001080 seconds
2021-04-20T17:42:48.045-0700: 10711.404: Total time for which application threads were stopped: 0.0002078 seconds, Stopping threads took: 0.0000385 seconds
2021-04-20T17:44:08.075-0700: 10791.436: Total time for which application threads were stopped: 0.0012802 seconds, Stopping threads took: 0.0000461 seconds
2021-04-20T17:44:08.096-0700: 10791.456: Total time for which application threads were stopped: 0.0012325 seconds, Stopping threads took: 0.0001621 seconds
2021-04-20T17:44:08.936-0700: 10792.296: Total time for which application threads were stopped: 0.0008968 seconds, Stopping threads took: 0.0000364 seconds
2021-04-20T17:44:08.990-0700: 10792.350: Total time for which application threads were stopped: 0.0002276 seconds, Stopping threads took: 0.0000418 seconds
2021-04-20T17:44:08.992-0700: 10792.352: Total time for which application threads were stopped: 0.0001374 seconds, Stopping threads took: 0.0000234 seconds
2021-04-20T17:44:09.042-0700: 10792.402: Total time for which application threads were stopped: 0.0003630 seconds, Stopping threads took: 0.0000304 seconds
2021-04-20T17:44:09.042-0700: 10792.402: Total time for which application threads were stopped: 0.0001022 seconds, Stopping threads took: 0.0000255 seconds
2021-04-20T17:44:09.045-0700: 10792.405: Total time for which application threads were stopped: 0.0001286 seconds, Stopping threads took: 0.0000251 seconds
2021-04-20T17:44:09.102-0700: 10792.462: Total time for which application threads were stopped: 0.0008744 seconds, Stopping threads took: 0.0001920 seconds
2021-04-20T17:44:09.107-0700: 10792.467: Total time for which application threads were stopped: 0.0008742 seconds, Stopping threads took: 0.0001357 seconds
2021-04-20T17:44:09.109-0700: 10792.469: Total time for which application threads were stopped: 0.0022350 seconds, Stopping threads took: 0.0001129 seconds
2021-04-20T17:44:09.110-0700: 10792.470: Total time for which application threads were stopped: 0.0003637 seconds, Stopping threads took: 0.0002401 seconds
2021-04-20T17:44:09.111-0700: 10792.471: Total time for which application threads were stopped: 0.0003062 seconds, Stopping threads took: 0.0001703 seconds
2021-04-20T17:44:09.111-0700: 10792.471: Total time for which application threads were stopped: 0.0006196 seconds, Stopping threads took: 0.0003292 seconds
2021-04-20T17:44:09.113-0700: 10792.473: Total time for which application threads were stopped: 0.0004226 seconds, Stopping threads took: 0.0000736 seconds
2021-04-20T17:44:09.114-0700: 10792.474: Total time for which application threads were stopped: 0.0007007 seconds, Stopping threads took: 0.0005358 seconds
2021-04-20T17:44:09.115-0700: 10792.475: Total time for which application threads were stopped: 0.0002187 seconds, Stopping threads took: 0.0001106 seconds
2021-04-20T17:44:09.117-0700: 10792.477: Total time for which application threads were stopped: 0.0002077 seconds, Stopping threads took: 0.0000980 seconds
2021-04-20T17:44:09.123-0700: 10792.483: Total time for which application threads were stopped: 0.0002488 seconds, Stopping threads took: 0.0000593 seconds
2021-04-20T17:44:09.124-0700: 10792.484: Total time for which application threads were stopped: 0.0004345 seconds, Stopping threads took: 0.0003131 seconds
2021-04-20T17:44:09.135-0700: 10792.495: Total time for which application threads were stopped: 0.0007805 seconds, Stopping threads took: 0.0000975 seconds
2021-04-20T17:44:09.135-0700: 10792.495: Total time for which application threads were stopped: 0.0001614 seconds, Stopping threads took: 0.0000587 seconds
2021-04-20T17:44:09.139-0700: 10792.499: Total time for which application threads were stopped: 0.0014339 seconds, Stopping threads took: 0.0007329 seconds
2021-04-20T17:44:09.142-0700: 10792.502: Total time for which application threads were stopped: 0.0020512 seconds, Stopping threads took: 0.0016421 seconds
2021-04-20T17:44:09.142-0700: 10792.502: Total time for which application threads were stopped: 0.0002112 seconds, Stopping threads took: 0.0000911 seconds
2021-04-20T17:44:09.143-0700: 10792.503: Total time for which application threads were stopped: 0.0004158 seconds, Stopping threads took: 0.0000413 seconds
2021-04-20T17:44:09.143-0700: 10792.503: Total time for which application threads were stopped: 0.0004083 seconds, Stopping threads took: 0.0000521 seconds
2021-04-20T17:44:09.144-0700: 10792.504: Total time for which application threads were stopped: 0.0004208 seconds, Stopping threads took: 0.0000424 seconds
2021-04-20T17:44:09.144-0700: 10792.504: Total time for which application threads were stopped: 0.0003090 seconds, Stopping threads took: 0.0002262 seconds
2021-04-20T17:44:09.144-0700: 10792.504: Total time for which application threads were stopped: 0.0001115 seconds, Stopping threads took: 0.0000359 seconds
2021-04-20T17:44:09.145-0700: 10792.505: Total time for which application threads were stopped: 0.0002731 seconds, Stopping threads took: 0.0001291 seconds
2021-04-20T17:44:09.146-0700: 10792.506: Total time for which application threads were stopped: 0.0002519 seconds, Stopping threads took: 0.0001114 seconds
2021-04-20T17:44:09.146-0700: 10792.506: Total time for which application threads were stopped: 0.0004527 seconds, Stopping threads took: 0.0000960 seconds
2021-04-20T17:44:09.147-0700: 10792.507: Total time for which application threads were stopped: 0.0002073 seconds, Stopping threads took: 0.0000843 seconds
2021-04-20T17:44:09.147-0700: 10792.507: Total time for which application threads were stopped: 0.0001660 seconds, Stopping threads took: 0.0000778 seconds
2021-04-20T17:44:09.148-0700: 10792.508: Total time for which application threads were stopped: 0.0001063 seconds, Stopping threads took: 0.0000377 seconds
2021-04-20T17:44:09.148-0700: 10792.508: Total time for which application threads were stopped: 0.0003681 seconds, Stopping threads took: 0.0002943 seconds
2021-04-20T17:44:09.150-0700: 10792.510: Total time for which application threads were stopped: 0.0012779 seconds, Stopping threads took: 0.0003040 seconds
2021-04-20T17:44:09.152-0700: 10792.512: Total time for which application threads were stopped: 0.0007748 seconds, Stopping threads took: 0.0002754 seconds
2021-04-20T17:44:09.171-0700: 10792.530: Total time for which application threads were stopped: 0.0009288 seconds, Stopping threads took: 0.0002017 seconds
2021-04-20T17:44:09.171-0700: 10792.531: Total time for which application threads were stopped: 0.0005727 seconds, Stopping threads took: 0.0004545 seconds
2021-04-20T17:44:09.172-0700: 10792.532: Total time for which application threads were stopped: 0.0001671 seconds, Stopping threads took: 0.0000702 seconds
2021-04-20T17:44:09.179-0700: 10792.539: Total time for which application threads were stopped: 0.0006605 seconds, Stopping threads took: 0.0001746 seconds
2021-04-20T17:44:09.195-0700: 10792.555: Total time for which application threads were stopped: 0.0005998 seconds, Stopping threads took: 0.0004733 seconds
2021-04-20T17:44:09.204-0700: 10792.564: Total time for which application threads were stopped: 0.0007578 seconds, Stopping threads took: 0.0002460 seconds
2021-04-20T17:44:09.208-0700: 10792.568: Total time for which application threads were stopped: 0.0025580 seconds, Stopping threads took: 0.0002797 seconds
2021-04-20T17:44:09.208-0700: 10792.568: Total time for which application threads were stopped: 0.0005533 seconds, Stopping threads took: 0.0004185 seconds
2021-04-20T17:44:09.210-0700: 10792.569: Total time for which application threads were stopped: 0.0004639 seconds, Stopping threads took: 0.0003314 seconds
2021-04-20T17:44:09.211-0700: 10792.570: Total time for which application threads were stopped: 0.0005199 seconds, Stopping threads took: 0.0003612 seconds
2021-04-20T17:44:09.211-0700: 10792.571: Total time for which application threads were stopped: 0.0007117 seconds, Stopping threads took: 0.0001185 seconds
2021-04-20T17:44:09.213-0700: 10792.573: Total time for which application threads were stopped: 0.0008289 seconds, Stopping threads took: 0.0002081 seconds
2021-04-20T17:44:09.214-0700: 10792.574: Total time for which application threads were stopped: 0.0006315 seconds, Stopping threads took: 0.0005399 seconds
2021-04-20T17:44:09.219-0700: 10792.579: Total time for which application threads were stopped: 0.0009596 seconds, Stopping threads took: 0.0005740 seconds
2021-04-20T17:44:09.233-0700: 10792.593: Total time for which application threads were stopped: 0.0001282 seconds, Stopping threads took: 0.0000252 seconds
2021-04-20T17:44:09.233-0700: 10792.593: Total time for which application threads were stopped: 0.0000996 seconds, Stopping threads took: 0.0000165 seconds
2021-04-20T17:44:09.330-0700: 10792.690: Total time for which application threads were stopped: 0.0008661 seconds, Stopping threads took: 0.0007705 seconds
2021-04-20T17:44:09.334-0700: 10792.693: Total time for which application threads were stopped: 0.0009704 seconds, Stopping threads took: 0.0001741 seconds
2021-04-20T17:44:09.334-0700: 10792.694: Total time for which application threads were stopped: 0.0007480 seconds, Stopping threads took: 0.0004028 seconds
2021-04-20T17:44:09.335-0700: 10792.695: Total time for which application threads were stopped: 0.0003717 seconds, Stopping threads took: 0.0002855 seconds
2021-04-20T17:44:09.336-0700: 10792.696: Total time for which application threads were stopped: 0.0006444 seconds, Stopping threads took: 0.0005836 seconds
2021-04-20T17:44:09.336-0700: 10792.696: Total time for which application threads were stopped: 0.0002204 seconds, Stopping threads took: 0.0001389 seconds
2021-04-20T17:44:09.337-0700: 10792.697: Total time for which application threads were stopped: 0.0003066 seconds, Stopping threads took: 0.0002502 seconds
2021-04-20T17:44:09.337-0700: 10792.697: Total time for which application threads were stopped: 0.0003320 seconds, Stopping threads took: 0.0002782 seconds
2021-04-20T17:44:09.339-0700: 10792.699: Total time for which application threads were stopped: 0.0004003 seconds, Stopping threads took: 0.0001634 seconds
2021-04-20T17:44:09.363-0700: 10792.723: Total time for which application threads were stopped: 0.0002111 seconds, Stopping threads took: 0.0000312 seconds
2021-04-20T17:44:09.383-0700: 10792.743: Total time for which application threads were stopped: 0.0009578 seconds, Stopping threads took: 0.0008694 seconds
2021-04-20T17:44:09.385-0700: 10792.745: Total time for which application threads were stopped: 0.0000899 seconds, Stopping threads took: 0.0000198 seconds
2021-04-20T17:44:09.386-0700: 10792.746: Total time for which application threads were stopped: 0.0000733 seconds, Stopping threads took: 0.0000142 seconds
2021-04-20T17:44:09.386-0700: 10792.746: Total time for which application threads were stopped: 0.0000672 seconds, Stopping threads took: 0.0000103 seconds
Heap
 garbage-first heap   total 524288K, used 300051K [0x00000000e0000000, 0x00000000e0101000, 0x0000000100000000)
  region size 1024K, 237 young (242688K), 21 survivors (21504K)
 Metaspace       used 63074K, capacity 66686K, committed 66816K, reserved 1107968K
  class space    used 7452K, capacity 8125K, committed 8192K, reserved 1048576K
