[2021-04-15T14:43:58.374+0600][0.014s] Heap region size: 1M
[2021-04-15T14:43:58.866+0600][0.506s] Using G1
[2021-04-15T14:43:58.866+0600][0.506s] Heap address: 0x00000007e0000000, size: 512 MB, Compressed Oops mode: Zero based, Oop shift amount: 3
[2021-04-15T14:43:59.810+0600][1.450s] GC(0) Pause Young (Normal) (G1 Evacuation Pause)
[2021-04-15T14:43:59.810+0600][1.450s] GC(0) Using 4 workers of 4 for evacuation
[2021-04-15T14:43:59.835+0600][1.474s] GC(0)   Pre Evacuate Collection Set: 0.0ms
[2021-04-15T14:43:59.835+0600][1.474s] GC(0)   Evacuate Collection Set: 13.7ms
[2021-04-15T14:43:59.835+0600][1.474s] GC(0)   Post Evacuate Collection Set: 10.5ms
[2021-04-15T14:43:59.835+0600][1.474s] GC(0)   Other: 0.5ms
[2021-04-15T14:43:59.835+0600][1.474s] GC(0) Eden regions: 25->0(304)
[2021-04-15T14:43:59.835+0600][1.474s] GC(0) Survivor regions: 0->3(4)
[2021-04-15T14:43:59.835+0600][1.475s] GC(0) Old regions: 0->0
[2021-04-15T14:43:59.835+0600][1.475s] GC(0) Humongous regions: 0->0
[2021-04-15T14:43:59.835+0600][1.475s] GC(0) Metaspace: 11965K->11965K(1060864K)
[2021-04-15T14:43:59.835+0600][1.475s] GC(0) Pause Young (Normal) (G1 Evacuation Pause) 25M->2M(512M) 24.961ms
[2021-04-15T14:43:59.835+0600][1.475s] GC(0) User=0.01s Sys=0.00s Real=0.02s
[2021-04-15T14:44:00.744+0600][2.384s] GC(1) Pause Young (Concurrent Start) (Metadata GC Threshold)
[2021-04-15T14:44:00.744+0600][2.384s] GC(1) Using 4 workers of 4 for evacuation
[2021-04-15T14:44:00.761+0600][2.400s] GC(1)   Pre Evacuate Collection Set: 0.0ms
[2021-04-15T14:44:00.761+0600][2.400s] GC(1)   Evacuate Collection Set: 15.7ms
[2021-04-15T14:44:00.761+0600][2.400s] GC(1)   Post Evacuate Collection Set: 0.6ms
[2021-04-15T14:44:00.761+0600][2.400s] GC(1)   Other: 0.2ms
[2021-04-15T14:44:00.761+0600][2.400s] GC(1) Eden regions: 45->0(50)
[2021-04-15T14:44:00.761+0600][2.400s] GC(1) Survivor regions: 3->12(31)
[2021-04-15T14:44:00.761+0600][2.401s] GC(1) Old regions: 0->0
[2021-04-15T14:44:00.761+0600][2.401s] GC(1) Humongous regions: 4->4
[2021-04-15T14:44:00.761+0600][2.401s] GC(1) Metaspace: 20581K->20581K(1069056K)
[2021-04-15T14:44:00.761+0600][2.401s] GC(1) Pause Young (Concurrent Start) (Metadata GC Threshold) 51M->15M(512M) 16.618ms
[2021-04-15T14:44:00.761+0600][2.401s] GC(1) User=0.05s Sys=0.00s Real=0.02s
[2021-04-15T14:44:00.761+0600][2.401s] GC(2) Concurrent Cycle
[2021-04-15T14:44:00.761+0600][2.401s] GC(2) Concurrent Clear Claimed Marks
[2021-04-15T14:44:00.761+0600][2.401s] GC(2) Concurrent Clear Claimed Marks 0.035ms
[2021-04-15T14:44:00.761+0600][2.401s] GC(2) Concurrent Scan Root Regions
[2021-04-15T14:44:00.772+0600][2.411s] GC(2) Concurrent Scan Root Regions 10.724ms
[2021-04-15T14:44:00.772+0600][2.412s] GC(2) Concurrent Mark (2.412s)
[2021-04-15T14:44:00.772+0600][2.412s] GC(2) Concurrent Mark From Roots
[2021-04-15T14:44:00.772+0600][2.412s] GC(2) Using 1 workers of 1 for marking
[2021-04-15T14:44:00.775+0600][2.415s] GC(2) Concurrent Mark From Roots 3.016ms
[2021-04-15T14:44:00.775+0600][2.415s] GC(2) Concurrent Preclean
[2021-04-15T14:44:00.775+0600][2.415s] GC(2) Concurrent Preclean 0.042ms
[2021-04-15T14:44:00.775+0600][2.415s] GC(2) Concurrent Mark (2.412s, 2.415s) 3.191ms
[2021-04-15T14:44:00.775+0600][2.415s] GC(2) Pause Remark
[2021-04-15T14:44:00.777+0600][2.417s] GC(2) Cleaned string and symbol table, strings: 9616 processed, 0 removed, symbols: 67201 processed, 18 removed
[2021-04-15T14:44:00.778+0600][2.417s] GC(2) Pause Remark 16M->16M(512M) 2.338ms
[2021-04-15T14:44:00.778+0600][2.417s] GC(2) User=0.01s Sys=0.00s Real=0.00s
[2021-04-15T14:44:00.778+0600][2.417s] GC(2) Concurrent Rebuild Remembered Sets
[2021-04-15T14:44:00.780+0600][2.419s] GC(2) Concurrent Rebuild Remembered Sets 1.968ms
[2021-04-15T14:44:00.780+0600][2.419s] GC(2) Pause Cleanup
[2021-04-15T14:44:00.780+0600][2.420s] GC(2) Pause Cleanup 16M->16M(512M) 0.129ms
[2021-04-15T14:44:00.780+0600][2.420s] GC(2) User=0.00s Sys=0.00s Real=0.00s
[2021-04-15T14:44:00.780+0600][2.420s] GC(2) Concurrent Cleanup for Next Mark
[2021-04-15T14:44:00.782+0600][2.421s] GC(2) Concurrent Cleanup for Next Mark 1.795ms
[2021-04-15T14:44:00.782+0600][2.422s] GC(2) Concurrent Cycle 20.889ms
[2021-04-15T14:44:01.716+0600][3.355s] GC(3) Pause Young (Normal) (G1 Evacuation Pause)
[2021-04-15T14:44:01.716+0600][3.355s] GC(3) Using 4 workers of 4 for evacuation
[2021-04-15T14:44:01.739+0600][3.378s] GC(3)   Pre Evacuate Collection Set: 0.0ms
[2021-04-15T14:44:01.739+0600][3.378s] GC(3)   Evacuate Collection Set: 22.0ms
[2021-04-15T14:44:01.739+0600][3.378s] GC(3)   Post Evacuate Collection Set: 0.9ms
[2021-04-15T14:44:01.739+0600][3.378s] GC(3)   Other: 0.1ms
[2021-04-15T14:44:01.739+0600][3.378s] GC(3) Eden regions: 46->0(53)
[2021-04-15T14:44:01.739+0600][3.378s] GC(3) Survivor regions: 12->8(8)
[2021-04-15T14:44:01.739+0600][3.378s] GC(3) Old regions: 0->12
[2021-04-15T14:44:01.739+0600][3.378s] GC(3) Humongous regions: 4->4
[2021-04-15T14:44:01.739+0600][3.378s] GC(3) Metaspace: 26141K->26141K(1073152K)
[2021-04-15T14:44:01.739+0600][3.378s] GC(3) Pause Young (Normal) (G1 Evacuation Pause) 61M->23M(512M) 23.213ms
[2021-04-15T14:44:01.739+0600][3.378s] GC(3) User=0.06s Sys=0.00s Real=0.02s
[2021-04-15T14:44:02.989+0600][4.628s] GC(4) Pause Young (Normal) (G1 Evacuation Pause)
[2021-04-15T14:44:02.989+0600][4.628s] GC(4) Using 4 workers of 4 for evacuation
[2021-04-15T14:44:02.993+0600][4.632s] GC(4)   Pre Evacuate Collection Set: 0.0ms
[2021-04-15T14:44:02.993+0600][4.632s] GC(4)   Evacuate Collection Set: 3.9ms
[2021-04-15T14:44:02.993+0600][4.632s] GC(4)   Post Evacuate Collection Set: 0.2ms
[2021-04-15T14:44:02.993+0600][4.632s] GC(4)   Other: 0.2ms
[2021-04-15T14:44:02.993+0600][4.632s] GC(4) Eden regions: 53->0(76)
[2021-04-15T14:44:02.993+0600][4.632s] GC(4) Survivor regions: 8->2(8)
[2021-04-15T14:44:02.993+0600][4.632s] GC(4) Old regions: 12->20
[2021-04-15T14:44:02.993+0600][4.632s] GC(4) Humongous regions: 4->4
[2021-04-15T14:44:02.993+0600][4.633s] GC(4) Metaspace: 32373K->32373K(1079296K)
[2021-04-15T14:44:02.993+0600][4.633s] GC(4) Pause Young (Normal) (G1 Evacuation Pause) 76M->24M(512M) 4.472ms
[2021-04-15T14:44:02.993+0600][4.633s] GC(4) User=0.02s Sys=0.01s Real=0.01s
[2021-04-15T14:44:03.339+0600][4.979s] GC(5) Pause Young (Concurrent Start) (Metadata GC Threshold)
[2021-04-15T14:44:03.339+0600][4.979s] GC(5) Using 4 workers of 4 for evacuation
[2021-04-15T14:44:03.343+0600][4.983s] GC(5)   Pre Evacuate Collection Set: 0.1ms
[2021-04-15T14:44:03.343+0600][4.983s] GC(5)   Evacuate Collection Set: 3.6ms
[2021-04-15T14:44:03.343+0600][4.983s] GC(5)   Post Evacuate Collection Set: 0.3ms
[2021-04-15T14:44:03.343+0600][4.983s] GC(5)   Other: 0.2ms
[2021-04-15T14:44:03.343+0600][4.983s] GC(5) Eden regions: 22->0(94)
[2021-04-15T14:44:03.343+0600][4.983s] GC(5) Survivor regions: 2->2(10)
[2021-04-15T14:44:03.343+0600][4.983s] GC(5) Old regions: 20->20
[2021-04-15T14:44:03.343+0600][4.983s] GC(5) Humongous regions: 4->4
[2021-04-15T14:44:03.343+0600][4.983s] GC(5) Metaspace: 34739K->34739K(1081344K)
[2021-04-15T14:44:03.343+0600][4.983s] GC(5) Pause Young (Concurrent Start) (Metadata GC Threshold) 46M->24M(512M) 4.273ms
[2021-04-15T14:44:03.343+0600][4.983s] GC(5) User=0.01s Sys=0.00s Real=0.01s
[2021-04-15T14:44:03.343+0600][4.983s] GC(6) Concurrent Cycle
[2021-04-15T14:44:03.343+0600][4.983s] GC(6) Concurrent Clear Claimed Marks
[2021-04-15T14:44:03.344+0600][4.983s] GC(6) Concurrent Clear Claimed Marks 0.049ms
[2021-04-15T14:44:03.344+0600][4.983s] GC(6) Concurrent Scan Root Regions
[2021-04-15T14:44:03.345+0600][4.985s] GC(6) Concurrent Scan Root Regions 1.928ms
[2021-04-15T14:44:03.346+0600][4.985s] GC(6) Concurrent Mark (4.985s)
[2021-04-15T14:44:03.346+0600][4.985s] GC(6) Concurrent Mark From Roots
[2021-04-15T14:44:03.346+0600][4.985s] GC(6) Using 1 workers of 1 for marking
[2021-04-15T14:44:03.392+0600][5.031s] GC(6) Concurrent Mark From Roots 46.206ms
[2021-04-15T14:44:03.392+0600][5.031s] GC(6) Concurrent Preclean
[2021-04-15T14:44:03.392+0600][5.031s] GC(6) Concurrent Preclean 0.110ms
[2021-04-15T14:44:03.392+0600][5.031s] GC(6) Concurrent Mark (4.985s, 5.031s) 46.411ms
[2021-04-15T14:44:03.392+0600][5.032s] GC(6) Pause Remark
[2021-04-15T14:44:03.396+0600][5.036s] GC(6) Cleaned string and symbol table, strings: 15739 processed, 25 removed, symbols: 114673 processed, 42 removed
[2021-04-15T14:44:03.396+0600][5.036s] GC(6) Pause Remark 27M->27M(512M) 4.203ms
[2021-04-15T14:44:03.396+0600][5.036s] GC(6) User=0.01s Sys=0.00s Real=0.00s
[2021-04-15T14:44:03.396+0600][5.036s] GC(6) Concurrent Rebuild Remembered Sets
[2021-04-15T14:44:03.422+0600][5.062s] GC(6) Concurrent Rebuild Remembered Sets 26.063ms
[2021-04-15T14:44:03.423+0600][5.062s] GC(6) Pause Cleanup
[2021-04-15T14:44:03.423+0600][5.062s] GC(6) Pause Cleanup 28M->28M(512M) 0.108ms
[2021-04-15T14:44:03.423+0600][5.062s] GC(6) User=0.00s Sys=0.00s Real=0.00s
[2021-04-15T14:44:03.423+0600][5.062s] GC(6) Concurrent Cleanup for Next Mark
[2021-04-15T14:44:03.424+0600][5.064s] GC(6) Concurrent Cleanup for Next Mark 1.672ms
[2021-04-15T14:44:03.425+0600][5.064s] GC(6) Concurrent Cycle 81.090ms
[2021-04-15T14:44:24.898+0600][26.537s] GC(7) Pause Young (Concurrent Start) (G1 Evacuation Pause)
[2021-04-15T14:44:24.898+0600][26.537s] GC(7) Using 4 workers of 4 for evacuation
[2021-04-15T14:44:24.906+0600][26.545s] GC(7)   Pre Evacuate Collection Set: 0.1ms
[2021-04-15T14:44:24.906+0600][26.545s] GC(7)   Evacuate Collection Set: 7.1ms
[2021-04-15T14:44:24.906+0600][26.545s] GC(7)   Post Evacuate Collection Set: 0.3ms
[2021-04-15T14:44:24.906+0600][26.545s] GC(7)   Other: 0.3ms
[2021-04-15T14:44:24.906+0600][26.545s] GC(7) Eden regions: 94->0(137)
[2021-04-15T14:44:24.906+0600][26.545s] GC(7) Survivor regions: 2->6(12)
[2021-04-15T14:44:24.906+0600][26.545s] GC(7) Old regions: 20->20
[2021-04-15T14:44:24.906+0600][26.545s] GC(7) Humongous regions: 4->4
[2021-04-15T14:44:24.906+0600][26.545s] GC(7) Metaspace: 42729K->42729K(1087488K)
[2021-04-15T14:44:24.906+0600][26.545s] GC(7) Pause Young (Concurrent Start) (G1 Evacuation Pause) 118M->28M(512M) 7.915ms
[2021-04-15T14:44:24.906+0600][26.545s] GC(7) User=0.03s Sys=0.00s Real=0.01s
[2021-04-15T14:44:24.906+0600][26.545s] GC(8) Concurrent Cycle
[2021-04-15T14:44:24.906+0600][26.545s] GC(8) Concurrent Clear Claimed Marks
[2021-04-15T14:44:24.906+0600][26.545s] GC(8) Concurrent Clear Claimed Marks 0.079ms
[2021-04-15T14:44:24.906+0600][26.545s] GC(8) Concurrent Scan Root Regions
[2021-04-15T14:44:24.913+0600][26.552s] GC(8) Concurrent Scan Root Regions 6.528ms
[2021-04-15T14:44:24.913+0600][26.552s] GC(8) Concurrent Mark (26.552s)
[2021-04-15T14:44:24.913+0600][26.552s] GC(8) Concurrent Mark From Roots
[2021-04-15T14:44:24.913+0600][26.552s] GC(8) Using 1 workers of 1 for marking
[2021-04-15T14:44:24.960+0600][26.599s] GC(8) Concurrent Mark From Roots 47.304ms
[2021-04-15T14:44:24.960+0600][26.599s] GC(8) Concurrent Preclean
[2021-04-15T14:44:24.960+0600][26.599s] GC(8) Concurrent Preclean 0.138ms
[2021-04-15T14:44:24.960+0600][26.599s] GC(8) Concurrent Mark (26.552s, 26.599s) 47.618ms
[2021-04-15T14:44:24.961+0600][26.600s] GC(8) Pause Remark
[2021-04-15T14:44:24.969+0600][26.608s] GC(8) Cleaned string and symbol table, strings: 18836 processed, 0 removed, symbols: 137372 processed, 47 removed
[2021-04-15T14:44:24.969+0600][26.608s] GC(8) Pause Remark 36M->36M(512M) 8.602ms
[2021-04-15T14:44:24.969+0600][26.608s] GC(8) User=0.03s Sys=0.01s Real=0.00s
[2021-04-15T14:44:24.969+0600][26.608s] GC(8) Concurrent Rebuild Remembered Sets
[2021-04-15T14:44:24.996+0600][26.635s] GC(8) Concurrent Rebuild Remembered Sets 26.503ms
[2021-04-15T14:44:24.996+0600][26.635s] GC(8) Pause Cleanup
[2021-04-15T14:44:24.996+0600][26.635s] GC(8) Pause Cleanup 49M->49M(512M) 0.130ms
[2021-04-15T14:44:24.996+0600][26.635s] GC(8) User=0.00s Sys=0.00s Real=0.00s
[2021-04-15T14:44:24.996+0600][26.635s] GC(8) Concurrent Cleanup for Next Mark
[2021-04-15T14:44:24.998+0600][26.637s] GC(8) Concurrent Cleanup for Next Mark 1.756ms
[2021-04-15T14:44:24.998+0600][26.637s] GC(8) Concurrent Cycle 92.177ms
[2021-04-15T14:44:26.064+0600][27.703s] GC(9) Pause Young (Normal) (G1 Evacuation Pause)
[2021-04-15T14:44:26.064+0600][27.703s] GC(9) Using 4 workers of 4 for evacuation
[2021-04-15T14:44:26.073+0600][27.712s] GC(9)   Pre Evacuate Collection Set: 0.0ms
[2021-04-15T14:44:26.073+0600][27.712s] GC(9)   Evacuate Collection Set: 8.3ms
[2021-04-15T14:44:26.073+0600][27.712s] GC(9)   Post Evacuate Collection Set: 0.5ms
[2021-04-15T14:44:26.073+0600][27.712s] GC(9)   Other: 0.3ms
[2021-04-15T14:44:26.073+0600][27.712s] GC(9) Eden regions: 141->0(237)
[2021-04-15T14:44:26.073+0600][27.712s] GC(9) Survivor regions: 6->9(19)
[2021-04-15T14:44:26.073+0600][27.712s] GC(9) Old regions: 20->20
[2021-04-15T14:44:26.073+0600][27.712s] GC(9) Humongous regions: 5->4
[2021-04-15T14:44:26.073+0600][27.712s] GC(9) Metaspace: 48590K->48590K(1093632K)
[2021-04-15T14:44:26.073+0600][27.712s] GC(9) Pause Young (Normal) (G1 Evacuation Pause) 170M->31M(512M) 9.365ms
[2021-04-15T14:44:26.073+0600][27.712s] GC(9) User=0.03s Sys=0.00s Real=0.01s
[2021-04-15T14:44:27.653+0600][29.291s] GC(10) Pause Young (Normal) (G1 Evacuation Pause)
[2021-04-15T14:44:27.653+0600][29.291s] GC(10) Using 4 workers of 4 for evacuation
[2021-04-15T14:44:27.670+0600][29.308s] GC(10)   Pre Evacuate Collection Set: 0.0ms
[2021-04-15T14:44:27.670+0600][29.309s] GC(10)   Evacuate Collection Set: 16.5ms
[2021-04-15T14:44:27.670+0600][29.309s] GC(10)   Post Evacuate Collection Set: 0.4ms
[2021-04-15T14:44:27.670+0600][29.309s] GC(10)   Other: 0.2ms
[2021-04-15T14:44:27.670+0600][29.309s] GC(10) Eden regions: 237->0(287)
[2021-04-15T14:44:27.670+0600][29.309s] GC(10) Survivor regions: 9->20(31)
[2021-04-15T14:44:27.670+0600][29.309s] GC(10) Old regions: 20->20
[2021-04-15T14:44:27.670+0600][29.309s] GC(10) Humongous regions: 4->4
[2021-04-15T14:44:27.670+0600][29.309s] GC(10) Metaspace: 57122K->57122K(1101824K)
[2021-04-15T14:44:27.670+0600][29.309s] GC(10) Pause Young (Normal) (G1 Evacuation Pause) 268M->42M(512M) 17.238ms
[2021-04-15T14:44:27.670+0600][29.309s] GC(10) User=0.07s Sys=0.00s Real=0.02s
[2021-04-15T14:45:30.275+0600][91.912s] GC(11) Pause Young (Normal) (G1 Evacuation Pause)
[2021-04-15T14:45:30.276+0600][91.913s] GC(11) Using 4 workers of 4 for evacuation
[2021-04-15T14:45:30.309+0600][91.946s] GC(11)   Pre Evacuate Collection Set: 0.0ms
[2021-04-15T14:45:30.309+0600][91.946s] GC(11)   Evacuate Collection Set: 29.6ms
[2021-04-15T14:45:30.309+0600][91.946s] GC(11)   Post Evacuate Collection Set: 2.4ms
[2021-04-15T14:45:30.309+0600][91.946s] GC(11)   Other: 1.4ms
[2021-04-15T14:45:30.309+0600][91.946s] GC(11) Eden regions: 287->0(274)
[2021-04-15T14:45:30.309+0600][91.946s] GC(11) Survivor regions: 20->33(39)
[2021-04-15T14:45:30.309+0600][91.946s] GC(11) Old regions: 20->20
[2021-04-15T14:45:30.309+0600][91.946s] GC(11) Humongous regions: 4->4
[2021-04-15T14:45:30.309+0600][91.946s] GC(11) Metaspace: 61253K->61253K(1103872K)
[2021-04-15T14:45:30.309+0600][91.946s] GC(11) Pause Young (Normal) (G1 Evacuation Pause) 329M->56M(512M) 33.680ms
[2021-04-15T14:45:30.309+0600][91.946s] GC(11) User=0.11s Sys=0.00s Real=0.03s
[2021-04-15T14:46:42.258+0600][163.893s] GC(12) Pause Young (Normal) (G1 Evacuation Pause)
[2021-04-15T14:46:42.258+0600][163.893s] GC(12) Using 4 workers of 4 for evacuation
[2021-04-15T14:46:42.309+0600][163.944s] GC(12)   Pre Evacuate Collection Set: 0.0ms
[2021-04-15T14:46:42.310+0600][163.944s] GC(12)   Evacuate Collection Set: 39.2ms
[2021-04-15T14:46:42.310+0600][163.944s] GC(12)   Post Evacuate Collection Set: 11.9ms
[2021-04-15T14:46:42.310+0600][163.944s] GC(12)   Other: 0.3ms
[2021-04-15T14:46:42.310+0600][163.944s] GC(12) Eden regions: 274->0(274)
[2021-04-15T14:46:42.310+0600][163.944s] GC(12) Survivor regions: 33->33(39)
[2021-04-15T14:46:42.310+0600][163.944s] GC(12) Old regions: 20->35
[2021-04-15T14:46:42.310+0600][163.944s] GC(12) Humongous regions: 7->7
[2021-04-15T14:46:42.310+0600][163.945s] GC(12) Metaspace: 63435K->63435K(1105920K)
[2021-04-15T14:46:42.310+0600][163.945s] GC(12) Pause Young (Normal) (G1 Evacuation Pause) 333M->74M(512M) 51.725ms
[2021-04-15T14:46:42.310+0600][163.945s] GC(12) User=0.15s Sys=0.00s Real=0.06s
[2021-04-15T14:46:51.124+0600][172.759s] GC(13) Pause Young (Normal) (G1 Evacuation Pause)
[2021-04-15T14:46:51.125+0600][172.760s] GC(13) Using 4 workers of 4 for evacuation
[2021-04-15T14:46:51.167+0600][172.802s] GC(13)   Pre Evacuate Collection Set: 0.0ms
[2021-04-15T14:46:51.167+0600][172.802s] GC(13)   Evacuate Collection Set: 30.6ms
[2021-04-15T14:46:51.167+0600][172.802s] GC(13)   Post Evacuate Collection Set: 11.0ms
[2021-04-15T14:46:51.167+0600][172.802s] GC(13)   Other: 1.5ms
[2021-04-15T14:46:51.167+0600][172.802s] GC(13) Eden regions: 274->0(268)
[2021-04-15T14:46:51.168+0600][172.802s] GC(13) Survivor regions: 33->39(39)
[2021-04-15T14:46:51.168+0600][172.802s] GC(13) Old regions: 35->51
[2021-04-15T14:46:51.168+0600][172.802s] GC(13) Humongous regions: 9->9
[2021-04-15T14:46:51.168+0600][172.802s] GC(13) Metaspace: 64104K->64104K(1107968K)
[2021-04-15T14:46:51.168+0600][172.802s] GC(13) Pause Young (Normal) (G1 Evacuation Pause) 350M->98M(512M) 43.336ms
[2021-04-15T14:46:51.168+0600][172.802s] GC(13) User=0.13s Sys=0.00s Real=0.04s
[2021-04-15T16:31:25.650+0600][6008.152s] GC(14) Pause Young (Normal) (G1 Evacuation Pause)
[2021-04-15T16:31:25.652+0600][6008.153s] GC(14) Using 4 workers of 4 for evacuation
[2021-04-15T16:31:25.834+0600][6008.335s] GC(14)   Pre Evacuate Collection Set: 0.4ms
[2021-04-15T16:31:25.834+0600][6008.335s] GC(14)   Evacuate Collection Set: 180.1ms
[2021-04-15T16:31:25.834+0600][6008.335s] GC(14)   Post Evacuate Collection Set: 1.2ms
[2021-04-15T16:31:25.834+0600][6008.335s] GC(14)   Other: 1.9ms
[2021-04-15T16:31:25.834+0600][6008.335s] GC(14) Eden regions: 268->0(301)
[2021-04-15T16:31:25.834+0600][6008.335s] GC(14) Survivor regions: 39->4(39)
[2021-04-15T16:31:25.834+0600][6008.335s] GC(14) Old regions: 51->73
[2021-04-15T16:31:25.834+0600][6008.335s] GC(14) Humongous regions: 9->7
[2021-04-15T16:31:25.834+0600][6008.335s] GC(14) Metaspace: 66609K->66609K(1110016K)
[2021-04-15T16:31:25.834+0600][6008.335s] GC(14) Pause Young (Normal) (G1 Evacuation Pause) 366M->83M(512M) 183.668ms
[2021-04-15T16:31:25.834+0600][6008.335s] GC(14) User=0.11s Sys=0.46s Real=0.18s
[2021-04-15T18:12:20.083+0600][12062.329s] Heap
[2021-04-15T18:12:20.084+0600][12062.329s]  garbage-first heap   total 524288K, used 168448K [0x00000007e0000000, 0x0000000800000000)
[2021-04-15T18:12:20.084+0600][12062.329s]   region size 1024K, 86 young (88064K), 4 survivors (4096K)
[2021-04-15T18:12:20.084+0600][12062.329s]  Metaspace       used 68689K, capacity 70333K, committed 70528K, reserved 1112064K
[2021-04-15T18:12:20.084+0600][12062.329s]   class space    used 7593K, capacity 8237K, committed 8320K, reserved 1048576K
